RSSI: -90 [da:13:80:fa:0d:bc]
RSSI: -92 [da:13:81:0a:0d:ec]
RSSI: -89 [da:13:81:51:0e:cc]
RSSI: -94 [da:13:81:6e:0f:1c]
RSSI: -92 [da:13:81:6e:0f:1c]
RSSI: -95 [da:13:81:99:0f:ac]
RSSI: -95 [da:13:81:a9:0f:dc]
RSSI: -96 [da:13:81:a9:0f:dc]
RSSI: -92 [da:13:81:b8:10:0c]
RSSI: -94 [da:13:81:c5:10:2c]
RSSI: -90 [da:13:81:d4:10:5c]
RSSI: -89 [da:13:81:d4:10:5c]
RSSI: -97 [da:13:81:e4:10:8c]
RSSI: -93 [da:13:81:e4:10:8c]
RSSI: -94 [da:13:81:e4:10:8c]
RSSI: -93 [da:13:82:00:10:dc]
RSSI: -94 [da:13:82:00:10:dc]
RSSI: -95 [da:13:82:0f:11:0c]
RSSI: -90 [da:13:82:2c:11:6c]
RSSI: -88 [da:13:82:3b:11:9c]
RSSI: -94 [da:13:82:48:11:bc]
RSSI: -91 [da:13:82:48:11:bc]
RSSI: -93 [da:13:82:67:12:1c]
RSSI: -89 [da:13:82:83:12:7c]
RSSI: -93 [da:13:82:93:12:9c]
RSSI: -92 [da:13:82:93:12:9c]
RSSI: -92 [da:13:82:9f:12:cc]
RSSI: -92 [da:13:82:9f:12:cc]
RSSI: -91 [da:13:82:af:12:fc]
RSSI: -91 [da:13:82:af:12:fc]
RSSI: -90 [da:13:82:be:13:2c]
RSSI: -87 [da:13:82:be:13:2c]
RSSI: -88 [da:13:82:cb:13:4c]
RSSI: -88 [da:13:82:db:13:7c]
RSSI: -88 [da:13:82:db:13:7c]
RSSI: -85 [da:13:82:ea:13:ac]
RSSI: -88 [da:13:82:f7:13:dc]
RSSI: -88 [da:13:83:16:14:3c]
RSSI: -88 [da:13:83:22:14:5c]
RSSI: -78 [da:13:83:32:14:8c]
RSSI: -79 [da:13:83:32:14:8c]
RSSI: -86 [da:13:83:42:14:bc]
RSSI: -85 [da:13:83:4e:14:dc]
RSSI: -88 [da:13:83:5e:15:0c]
RSSI: -89 [da:13:83:6d:15:3c]
RSSI: -90 [da:13:83:7a:15:6c]
RSSI: -84 [da:13:83:7a:15:6c]
RSSI: -79 [da:13:83:8a:15:9c]
RSSI: -84 [da:13:83:8a:15:9c]
RSSI: -77 [da:13:83:99:15:cc]
RSSI: -74 [da:13:83:a6:15:ec]
RSSI: -78 [da:13:83:b5:16:1c]
RSSI: -71 [da:13:83:b5:16:1c]
RSSI: -74 [da:13:83:c5:16:4c]
RSSI: -76 [da:13:83:c5:16:4c]
RSSI: -73 [da:13:83:d2:16:6c]
RSSI: -75 [da:13:83:d2:16:6c]
RSSI: -69 [da:13:83:e1:00:2c]
RSSI: -74 [da:13:83:f1:00:5c]
RSSI: -69 [da:13:83:f1:00:5c]
RSSI: -74 [da:13:83:fd:00:8c]
RSSI: -73 [da:13:84:0d:00:bc]
RSSI: -74 [da:13:84:0d:00:bc]
RSSI: -70 [da:13:84:1d:00:ec]
RSSI: -74 [da:13:84:1d:00:ec]
RSSI: -71 [da:13:84:29:01:0c]
RSSI: -75 [da:13:84:39:01:3c]
RSSI: -77 [da:13:84:48:01:6c]
RSSI: -76 [da:13:84:48:01:6c]
RSSI: -79 [da:13:84:55:01:9c]
RSSI: -78 [da:13:84:65:01:cc]
RSSI: -82 [da:13:84:74:01:fc]
RSSI: -89 [da:13:84:81:02:1c]
RSSI: -89 [da:13:84:91:02:4c]
RSSI: -83 [da:13:84:a0:02:7c]
RSSI: -84 [da:13:84:ad:02:ac]
RSSI: -79 [da:13:84:ad:02:ac]
RSSI: -95 [da:5a:b9:5a:02:ba]
RSSI: -86 [da:13:84:bd:02:dc]
RSSI: -83 [da:13:84:bd:02:dc]
RSSI: -86 [da:13:84:cc:03:0c]
RSSI: -84 [da:13:84:d9:03:2c]
RSSI: -88 [da:13:84:d9:03:2c]
RSSI: -88 [da:13:84:e9:03:5c]
RSSI: -90 [da:13:84:f8:03:8c]
RSSI: -91 [da:13:84:f8:03:8c]
RSSI: -91 [da:13:85:05:03:ac]
RSSI: -91 [da:13:85:05:03:ac]
RSSI: -91 [da:13:85:14:03:dc]
RSSI: -87 [da:13:85:24:04:0c]
RSSI: -88 [da:13:85:24:04:0c]
RSSI: -85 [da:13:85:31:04:3c]
RSSI: -93 [da:5a:b9:e0:04:2a]
RSSI: -89 [da:13:85:40:04:6c]
RSSI: -86 [da:13:85:40:04:6c]
RSSI: -88 [da:13:85:50:04:9c]
RSSI: -90 [da:13:85:50:04:9c]
RSSI: -89 [da:13:85:5d:04:bc]
RSSI: -90 [da:13:85:7c:05:1c]
RSSI: -88 [da:13:85:7c:05:1c]
RSSI: -87 [da:13:85:98:05:7c]
RSSI: -87 [da:13:85:98:05:7c]
RSSI: -88 [da:13:85:a8:05:ac]
RSSI: -94 [da:13:85:b5:05:cc]
RSSI: -89 [da:13:85:b5:05:cc]
RSSI: -82 [da:13:85:d4:06:3c]
RSSI: -84 [da:13:85:e1:06:5c]
RSSI: -90 [da:13:86:2c:07:4c]
RSSI: -87 [da:13:86:91:08:7c]
RSSI: -91 [da:13:86:a1:08:ac]
RSSI: -84 [da:13:86:a1:08:ac]
RSSI: -89 [da:13:86:b0:08:ec]
RSSI: -86 [da:13:86:cd:09:3c]
RSSI: -89 [da:13:86:dc:09:6c]
RSSI: -89 [da:13:86:dc:09:6c]
RSSI: -88 [da:13:86:dc:09:6c]
RSSI: -86 [da:13:87:09:09:fc]
RSSI: -85 [da:13:87:15:0a:1c]
RSSI: -94 [da:13:87:35:0a:7c]
RSSI: -88 [da:13:87:41:0a:ac]
RSSI: -86 [da:13:87:51:0a:dc]
RSSI: -88 [da:13:87:61:0b:0c]
RSSI: -99 [da:58:d7:fb:00:eb]
RSSI: -88 [da:13:87:7d:0b:5c]
RSSI: -84 [da:13:87:8d:0b:8c]
RSSI: -87 [da:13:87:9a:0b:bc]
RSSI: -86 [da:13:87:9a:0b:bc]
RSSI: -88 [da:13:87:aa:0b:ec]
RSSI: -89 [da:13:87:aa:0b:ec]
RSSI: -98 [da:58:d8:49:01:db]
RSSI: -93 [da:13:87:b9:0c:1c]
RSSI: -88 [da:13:87:c6:0c:4c]
RSSI: -85 [da:13:87:d6:0c:7c]
RSSI: -85 [da:13:87:d6:0c:7c]
RSSI: -88 [da:13:87:e6:0c:ac]
RSSI: -98 [da:58:d8:7e:02:7b]
RSSI: -89 [da:13:87:f2:0c:cc]
RSSI: -91 [da:13:88:12:0d:2c]
RSSI: -85 [da:13:88:12:0d:2c]
RSSI: -92 [da:13:88:1e:0d:5c]
RSSI: -89 [da:13:88:2e:0d:8c]
RSSI: -92 [da:13:88:3e:0d:bc]
RSSI: -89 [da:13:88:4b:0d:dc]
RSSI: -87 [da:13:88:5b:0e:1c]
RSSI: -87 [da:13:88:5b:0e:1c]
RSSI: -92 [da:13:88:6a:0e:4c]
RSSI: -89 [da:13:88:6a:0e:4c]
RSSI: -90 [da:13:88:6a:0e:4c]
RSSI: -89 [da:13:88:87:0e:9c]
RSSI: -87 [da:13:88:97:0e:cc]
RSSI: -96 [da:13:88:a3:0e:fc]
RSSI: -92 [da:13:88:b3:0f:2c]
RSSI: -90 [da:13:88:b3:0f:2c]
RSSI: -89 [da:13:88:c3:0f:5c]
RSSI: -92 [da:13:88:c3:0f:5c]
RSSI: -85 [da:13:88:d0:0f:7c]
RSSI: -92 [da:13:88:df:0f:bc]
RSSI: -95 [da:13:88:ef:0f:ec]
RSSI: -96 [da:13:88:ef:0f:ec]
RSSI: -93 [da:13:88:fc:10:0c]
RSSI: -92 [da:13:89:0c:10:3c]
RSSI: -90 [da:13:89:0c:10:3c]
RSSI: -89 [da:13:89:1c:10:6c]
RSSI: -90 [da:13:89:28:10:9c]
RSSI: -95 [da:13:89:38:10:cc]
RSSI: -90 [da:13:89:74:11:7c]
RSSI: -89 [da:13:89:91:11:dc]
RSSI: -92 [da:13:89:a1:11:fc]
RSSI: -88 [da:13:89:ad:12:2c]
RSSI: -87 [da:13:89:cd:12:8c]
RSSI: -89 [da:13:89:da:12:ac]
RSSI: -92 [da:13:89:ea:12:dc]
RSSI: -91 [da:13:89:ea:12:dc]
RSSI: -87 [da:13:8a:06:13:2c]
RSSI: -85 [da:13:8a:06:13:2c]
RSSI: -84 [da:13:8a:16:13:5c]
RSSI: -87 [da:13:8a:26:13:8c]
RSSI: -87 [da:13:8a:26:13:8c]
RSSI: -88 [da:13:8a:33:13:bc]
RSSI: -85 [da:13:8a:42:13:ec]
RSSI: -91 [da:13:8a:52:14:1c]
RSSI: -85 [da:13:8a:52:14:1c]
RSSI: -84 [da:13:8a:52:14:1c]
RSSI: -86 [da:13:8a:5f:14:3c]
RSSI: -82 [da:13:8a:6f:14:7c]
RSSI: -84 [da:13:8a:7f:14:ac]
RSSI: -77 [da:13:8a:8b:14:cc]
RSSI: -77 [da:13:8a:8b:14:cc]
RSSI: -85 [da:13:8a:9b:14:fc]
RSSI: -80 [da:13:8a:9b:14:fc]
RSSI: -91 [da:13:8a:ab:15:2c]
RSSI: -88 [da:13:8a:ab:15:2c]
RSSI: -81 [da:13:8a:b8:15:4c]
RSSI: -82 [da:13:8a:b8:15:4c]
RSSI: -77 [da:13:8a:c8:15:7c]
RSSI: -76 [da:13:8a:c8:15:7c]
RSSI: -77 [da:13:8a:d8:15:ac]
RSSI: -74 [da:13:8a:d8:15:ac]
RSSI: -74 [da:13:8a:e4:15:dc]
RSSI: -71 [da:13:8a:f4:16:0c]
RSSI: -71 [da:13:8a:f4:16:0c]
RSSI: -68 [da:13:8b:04:16:3c]
RSSI: -69 [da:13:8b:04:16:3c]
RSSI: -67 [da:13:8b:11:16:5c]
RSSI: -69 [da:13:8b:21:00:0c]
RSSI: -66 [da:13:8b:21:00:0c]
RSSI: -68 [da:13:8b:31:00:2c]
RSSI: -68 [da:13:8b:31:00:2c]
RSSI: -68 [da:13:8b:31:00:2c]
RSSI: -67 [da:13:8b:3d:00:5c]
RSSI: -66 [da:13:8b:4d:00:8c]
RSSI: -68 [da:13:8b:4d:00:8c]
RSSI: -68 [da:13:8b:5d:00:bc]
RSSI: -66 [da:13:8b:5d:00:bc]
RSSI: -68 [da:13:8b:6a:00:ec]
RSSI: -69 [da:13:8b:7a:01:1c]
RSSI: -69 [da:13:8b:7a:01:1c]
RSSI: -69 [da:13:8b:7a:01:1c]
RSSI: -68 [da:13:8b:8a:01:4c]
RSSI: -71 [da:13:8b:8a:01:4c]
RSSI: -70 [da:13:8b:96:01:6c]
RSSI: -72 [da:13:8b:a6:01:9c]
RSSI: -74 [da:13:8b:a6:01:9c]
RSSI: -76 [da:13:8b:b6:01:cc]
RSSI: -76 [da:13:8b:b6:01:cc]
RSSI: -81 [da:13:8b:c3:01:fc]
RSSI: -90 [da:13:8b:d3:02:2c]
RSSI: -88 [da:13:8b:e3:02:5c]
RSSI: -87 [da:13:8b:e3:02:5c]
RSSI: -83 [da:13:8b:e3:02:5c]
RSSI: -84 [da:13:8b:f0:02:7c]
RSSI: -80 [da:13:8b:f0:02:7c]
RSSI: -80 [da:13:8c:00:02:ac]
RSSI: -77 [da:13:8c:00:02:ac]
RSSI: -76 [da:13:8c:10:02:dc]
RSSI: -80 [da:13:8c:10:02:dc]
RSSI: -77 [da:13:8c:1c:03:0c]
RSSI: -80 [da:13:8c:2c:03:3c]
RSSI: -80 [da:13:8c:2c:03:3c]
RSSI: -85 [da:13:8c:3c:03:6c]
RSSI: -85 [da:13:8c:3c:03:6c]
RSSI: -89 [da:13:8c:49:03:8c]
RSSI: -86 [da:13:8c:59:03:bc]
RSSI: -90 [da:13:8c:59:03:bc]
RSSI: -85 [da:13:8c:69:03:ec]
RSSI: -85 [da:13:8c:75:04:1c]
RSSI: -82 [da:13:8c:75:04:1c]
RSSI: -84 [da:13:8c:85:04:4c]
RSSI: -82 [da:13:8c:85:04:4c]
RSSI: -86 [da:13:8c:95:04:7c]
RSSI: -86 [da:13:8c:95:04:7c]
RSSI: -85 [da:13:8c:a2:04:9c]
RSSI: -88 [da:13:8c:a2:04:9c]
RSSI: -88 [da:13:8c:a2:04:9c]
RSSI: -85 [da:13:8c:b2:04:cc]
RSSI: -85 [da:13:8c:c2:04:fc]
RSSI: -87 [da:13:8c:cf:05:2c]
RSSI: -85 [da:13:8c:df:05:5c]
RSSI: -88 [da:13:8c:df:05:5c]
RSSI: -87 [da:13:8c:ef:05:8c]
RSSI: -90 [da:13:8c:fb:05:ac]
RSSI: -88 [da:13:8c:fb:05:ac]
RSSI: -90 [da:13:8d:0b:05:dc]
RSSI: -86 [da:13:8d:0b:05:dc]
RSSI: -81 [da:13:8d:1b:06:1c]
RSSI: -81 [da:13:8d:1b:06:1c]
RSSI: -84 [da:13:8d:28:06:3c]
RSSI: -82 [da:13:8d:28:06:3c]
RSSI: -85 [da:13:8d:38:06:6c]
RSSI: -91 [da:13:8d:48:06:9c]
RSSI: -90 [da:13:8d:48:06:9c]
RSSI: -86 [da:13:8d:65:06:fc]
RSSI: -86 [da:13:8d:65:06:fc]
RSSI: -86 [da:13:8d:75:07RSSI: -83 [da:13:ad:07:0e:3c]
RSSI: -84 [da:13:ad:16:0e:6c]
RSSI: -83 [da:13:ad:16:0e:6c]
RSSI: -82 [da:13:ad:24:0e:9c]
RSSI: -84 [da:13:ad:30:0e:bc]
RSSI: -83 [da:13:ad:30:0e:bc]
RSSI: -85 [da:13:ad:3f:0e:ec]
RSSI: -88 [da:13:ad:59:0f:3c]
RSSI: -84 [da:13:ad:68:0f:6c]
RSSI: -86 [da:13:ad:76:0f:9c]
RSSI: -93 [da:13:ad:ba:10:6c]
RSSI: -92 [da:13:ae:0c:11:5c]
RSSI: -90 [da:13:ae:1b:11:8c]
RSSI: -90 [da:13:ae:44:12:0c]
RSSI: -92 [da:13:ae:50:12:2c]
RSSI: -87 [da:13:ae:50:12:2c]
RSSI: -90 [da:13:ae:5f:12:5c]
RSSI: -90 [da:13:ae:7a:12:ac]
RSSI: -87 [da:13:ae:88:12:dc]
RSSI: -86 [da:13:ae:96:13:0c]
RSSI: -88 [da:13:ae:a3:13:2c]
RSSI: -89 [da:13:ae:bf:13:8c]
RSSI: -90 [da:13:ae:cc:13:ac]
RSSI: -90 [da:13:ae:cc:13:ac]
RSSI: -89 [da:13:ae:da:13:dc]
RSSI: -87 [da:13:ae:e9:14:0c]
RSSI: -85 [da:13:ae:f5:14:2c]
RSSI: -85 [da:13:ae:f5:14:2c]
RSSI: -85 [da:13:af:04:14:5c]
RSSI: -84 [da:13:af:12:14:7c]
RSSI: -81 [da:13:af:12:14:7c]
RSSI: -85 [da:13:af:1f:14:ac]
RSSI: -88 [da:13:af:2d:14:cc]
RSSI: -83 [da:13:af:3b:14:fc]
RSSI: -83 [da:13:af:3b:14:fc]
RSSI: -85 [da:13:af:56:15:4c]
RSSI: -83 [da:13:af:65:15:7c]
RSSI: -84 [da:13:af:65:15:7c]
RSSI: -84 [da:13:af:65:15:7c]
RSSI: -77 [da:13:af:71:15:9c]
RSSI: -74 [da:13:af:80:15:cc]
RSSI: -76 [da:13:af:8e:15:fc]
RSSI: -76 [da:13:af:8e:15:fc]
RSSI: -72 [da:13:af:8e:15:fc]
RSSI: -72 [da:13:af:9b:16:1c]
RSSI: -74 [da:13:af:9b:16:1c]
RSSI: -71 [da:13:af:a9:16:4c]
RSSI: -72 [da:13:af:b7:16:6c]
RSSI: -70 [da:13:af:b7:16:6c]
RSSI: -71 [da:13:af:c4:00:0c]
RSSI: -70 [da:13:af:d2:00:2c]
RSSI: -70 [da:13:af:e1:00:5c]
RSSI: -71 [da:13:af:ed:00:7c]
RSSI: -70 [da:13:af:ed:00:7c]
RSSI: -70 [da:13:af:fc:00:ac]
RSSI: -71 [da:13:af:fc:00:ac]
RSSI: -71 [da:13:b0:0a:00:dc]
RSSI: -71 [da:13:b0:0a:00:dc]
RSSI: -72 [da:13:b0:17:00:fc]
RSSI: -72 [da:13:b0:17:00:fc]
RSSI: -74 [da:13:b0:25:01:2c]
RSSI: -75 [da:13:b0:33:01:5c]
RSSI: -76 [da:13:b0:40:01:7c]
RSSI: -79 [da:13:b0:4f:01:ac]
RSSI: -81 [da:13:b0:4f:01:ac]
RSSI: -86 [da:13:b0:5d:01:dc]
RSSI: -84 [da:13:b0:5d:01:dc]
RSSI: -89 [da:13:b0:86:02:4c]
RSSI: -84 [da:13:b0:a1:02:ac]
RSSI: -84 [da:13:b0:b0:02:cc]
RSSI: -84 [da:13:b0:b0:02:cc]
RSSI: -86 [da:13:b0:bc:02:fc]
RSSI: -86 [da:13:b0:bc:02:fc]
RSSI: -95 [da:13:b0:d9:03:4c]
RSSI: -95 [da:13:b1:0f:03:fc]
RSSI: -90 [da:13:b1:1e:04:2c]
RSSI: -92 [da:13:b1:47:04:ac]
RSSI: -94 [da:13:b1:8c:05:7c]
RSSI: -92 [da:13:b1:d2:06:4c]
RSSI: -94 [da:13:b2:08:06:fc]
RSSI: -90 [da:13:b2:4f:07:dc]
RSSI: -88 [da:13:b2:85:08:7c]
RSSI: -90 [da:13:b2:94:08:ac]
RSSI: -90 [da:13:b2:a2:08:dc]
RSSI: -87 [da:13:b2:af:08:fc]
RSSI: -88 [da:13:b2:be:09:2c]
RSSI: -87 [da:13:b2:e7:09:ac]
RSSI: -89 [da:13:b3:1f:0a:5c]
RSSI: -89 [da:13:b3:1f:0a:5c]
RSSI: -90 [da:13:b3:2c:0a:8c]
RSSI: -88 [da:13:b3:3b:0a:bc]
RSSI: -88 [da:13:b3:49:0a:dc]
RSSI: -88 [da:13:b3:56:0b:0c]
RSSI: -86 [da:13:b3:64:0b:3c]
RSSI: -87 [da:13:b3:8e:0b:bc]
RSSI: -89 [da:13:b3:9c:0b:ec]
RSSI: -87 [da:13:b3:b8:0c:3c]
RSSI: -92 [da:13:b3:c6:0c:6c]
RSSI: -91 [da:13:b3:d3:0c:8c]
RSSI: -88 [da:13:b3:f0:0c:ec]
RSSI: -94 [da:13:b3:fd:0d:0c]
RSSI: -98 [da:5a:e8:a7:02:9a]
RSSI: -90 [da:13:b4:35:0d:bc]
RSSI: -94 [da:5a:e8:ed:03:6a]
RSSI: -88 [da:5a:e9:27:04:0a]
RSSI: -88 [da:5a:e9:36:04:2a]
RSSI: -98 [da:5a:e9:42:04:4a]
RSSI: -93 [da:13:b4:97:0e:fc]
RSSI: -90 [da:13:b4:ce:0f:9c]
RSSI: -93 [da:13:b4:f8:10:1c]
RSSI: -95 [da:13:b4:f8:10:1c]
RSSI: -92 [da:13:b5:21:10:9c]
RSSI: -93 [da:13:b5:30:10:cc]
RSSI: -96 [da:13:b5:bc:12:7c]
RSSI: -97 [da:13:b5:c9:12:9c]
RSSI: -96 [da:13:b6:1d:13:9c]
RSSI: -96 [da:13:b6:2c:13:bc]
RSSI: -93 [da:13:b6:56:14:3c]
RSSI: -97 [da:13:b6:65:14:6c]
RSSI: -92 [da:13:b6:9b:15:1c]
RSSI: -89 [da:13:b6:aa:15:3c]
RSSI: -86 [da:13:b6:c5:15:9c]
RSSI: -83 [da:13:b6:d4:15:bc]
RSSI: -83 [da:13:b6:d4:15:bc]
RSSI: -81 [da:13:b6:e3:15:ec]
RSSI: -81 [da:13:b6:fe:16:3c]
RSSI: -80 [da:13:b7:0d:16:6c]
RSSI: -79 [da:13:b7:1a:00:2c]
RSSI: -82 [da:13:b7:28:00:5c]
RSSI: -80 [da:13:b7:37:00:7c]
RSSI: -80 [da:13:b7:37:00:7c]
RSSI: -84 [da:13:b7:37:00:7c]
RSSI: -84 [da:13:b7:37:00:7c]
RSSI: -80 [da:13:b7:44:00:ac]
RSSI: -82 [da:13:b7:6e:01:2c]
RSSI: -89 [da:13:b7:6e:01:2c]
RSSI: -84 [da:13:b7:7d:01:5c]
RSSI: -87 [da:13:b7:8b:01:7c]
RSSI: -91 [da:13:b8:02:02:ec]
RSSI: -95 [da:13:b8:90:04:9c]
RSSI: -98 [da:13:b9:00:05:ec]
RSSI: -98 [da:5a:ef:e4:00:fa]
RSSI: -96 [da:5a:ef:f1:01:1a]
RSSI: -96 [da:13:bb:a6:0e:3c]
RSSI: -94 [da:13:bb:b5:0e:6c]
RSSI: -92 [da:5a:f0:65:02:6a]
RSSI: -97 [da:59:0c:6b:01:0b]
RSSI: -91 [da:5a:f0:90:02:ea]
RSSI: -95 [da:5a:f0:bc:03:5a]
RSSI: -90 [da:5a:f0:c8:03:7a]
RSSI: -90 [da:5a:f0:d8:03:aa]
RSSI: -93 [da:5a:f0:f3:03:fa]
RSSI: -88 [da:5a:f1:03:04:2a]
RSSI: -89 [da:5a:f1:12:04:4a]
RSSI: -90 [da:5a:f1:1f:04:7a]
RSSI: -93 [da:5a:f1:4a:04:ea]
RSSI: -96 [da:13:bd:7b:13:dc]
RSSI: -98 [da:13:bd:a6:14:5c]
RSSI: -94 [da:13:bd:fb:15:5c]
RSSI: -83 [da:13:be:26:15:dc]
RSSI: -87 [da:13:be:35:16:0c]
RSSI: -86 [da:13:be:42:16:2c]
RSSI: -79 [da:13:be:60:00:0c]
RSSI: -83 [da:13:be:6d:00:2c]
RSSI: -93 [da:13:be:7c:00:5c]
RSSI: -84 [da:13:be:7c:00:5c]
RSSI: -77 [da:13:be:8b:00:8c]
RSSI: -78 [da:13:be:97:00:ac]
RSSI: -85 [da:13:be:a7:00:dc]
RSSI: -85 [da:13:be:a7:00:dc]
RSSI: -88 [da:13:be:b6:01:0c]
RSSI: -84 [da:13:be:d1:01:5c]
RSSI: -92 [da:13:be:e1:01:8c]
RSSI: -93 [da:13:bf:27:02:6c]
RSSI: -86 [da:13:bf:36:02:9c]
RSSI: -87 [da:13:bf:43:02:bc]
RSSI: -96 [da:13:bf:a8:03:ec]
RSSI: -95 [da:13:bf:b7:04:1c]
RSSI: -97 [da:13:c0:1a:05:4c]
RSSI: -97 [da:13:c0:54:05:fc]
RSSI: -97 [da:13:c0:63:06:2c]
RSSI: -96 [da:13:c0:d5:07:8c]
RSSI: -98 [da:13:c1:56:09:2c]
RSSI: -98 [da:5a:f7:d5:01:2a]
RSSI: -97 [da:5a:f8:11:01:ca]
RSSI: -97 [da:59:14:0e:01:7b]
RSSI: -91 [da:5a:f8:59:02:8a]
RSSI: -93 [da:5a:f8:75:02:da]
RSSI: -93 [da:5a:f8:85:03:0a]
RSSI: -92 [da:5a:f8:c0:03:aa]
RSSI: -97 [da:13:c4:25:11:dc]
RSSI: -92 [da:5a:f8:dd:03:fa]
RSSI: -95 [da:13:c4:7c:12:ec]
RSSI: -96 [da:13:c4:c6:13:cc]
RSSI: -94 [da:13:c5:39:15:2c]
RSSI: -93 [da:13:c5:49:15:5c]
RSSI: -87 [da:13:c5:65:15:ac]
RSSI: -89 [da:13:c5:74:15:dc]
RSSI: -88 [da:13:c5:81:16:0c]
RSSI: -88 [da:13:c5:90:16:3c]
RSSI: -82 [da:13:c5:a0:16:5c]
RSSI: -86 [da:13:c5:ac:00:0c]
RSSI: -82 [da:13:c5:ac:00:0c]
RSSI: -85 [da:13:c5:bc:00:2c]
RSSI: -84 [da:13:c5:bc:00:2c]
RSSI: -85 [da:13:c5:cb:00:5c]
RSSI: -92 [da:13:c5:dd:00:9c]
RSSI: -81 [da:13:c5:ed:00:cc]
RSSI: -84 [da:13:c5:fd:00:fc]
RSSI: -82 [da:13:c5:fd:00:fc]
RSSI: -85 [da:13:c6:09:01:1c]
RSSI: -84 [da:13:c6:28:01:7c]
RSSI: -89 [da:13:c6:35:01:ac]
RSSI: -88 [da:13:c6:35:01:ac]
RSSI: -93 [da:13:c6:8c:02:ac]
RSSI: -97 [da:13:c6:d7:03:8c]
RSSI: -92 [da:13:c7:2e:04:9c]
RSSI: -91 [da:13:c7:2e:04:9c]
RSSI: -91 [da:13:c7:3b:04:cc]
RSSI: -91 [da:13:c7:5a:05:2c]
RSSI: -92 [da:13:c7:66:05:4c]
RSSI: -94 [da:13:c7:cd:06:8c]
RSSI: -95 [da:13:c9:2c:0a:dc]
RSSI: -95 [da:13:c9:67:0b:8c]
RSSI: -91 [da:13:c9:db:0c:fc]
RSSI: -94 [da:13:c9:eb:0d:2c]
RSSI: -92 [da:13:ca:5f:0e:9c]
RSSI: -92 [da:13:ca:5f:0e:9c]
RSSI: -92 [da:13:ca:9a:0f:5c]
RSSI: -90 [da:13:ca:a7:0f:7c]
RSSI: -98 [da:5a:ff:c8:01:4a]
RSSI: -95 [da:5b:00:11:02:1a]
RSSI: -92 [da:5b:00:21:02:4a]
RSSI: -91 [da:5b:00:5e:02:ea]
RSSI: -90 [da:5b:00:5e:02:ea]
RSSI: -91 [da:5b:00:97:03:8a]
RSSI: -93 [da:5b:00:a7:03:ba]
RSSI: -92 [da:5b:00:e4:04:6a]
RSSI: -92 [da:13:cc:7f:15:1c]
RSSI: -89 [da:13:cc:8c:15:4c]
RSSI: -85 [da:13:cc:ab:15:ac]
RSSI: -84 [da:13:cc:b8:15:cc]
RSSI: -87 [da:13:cc:c8:15:fc]
RSSI: -83 [da:13:cc:c8:15:fc]
RSSI: -83 [da:13:cc:c8:15:fc]
RSSI: -87 [da:13:cc:d8:16:2c]
RSSI: -86 [da:13:cc:d8:16:2c]
RSSI: -84 [da:13:cc:f4:00:0c]
RSSI: -86 [da:13:cd:04:00:2c]
RSSI: -85 [da:13:cd:04:00:2c]
RSSI: -86 [da:13:cd:11:00:5c]
RSSI: -86 [da:13:cd:20:00:8c]
RSSI: -86 [da:13:cd:30:00:bc]
RSSI: -88 [da:13:cd:3d:00:dc]
RSSI: -88 [da:13:cd:4d:01:0c]
RSSI: -92 [da:13:cd:69:01:6c]
RSSI: -94 [da:13:cd:d1:02:ac]
RSSI: -96 [da:13:cd:e1:02:dc]
RSSI: -96 [da:13:ce:73:04:9c]
RSSI: -95 [da:13:ce:af:05:5c]
RSSI: -97 [da:13:cf:24:06:cc]
RSSI: -96 [da:13:cf:ba:08:9c]
RSSI: -96 [da:13:d1:67:0d:dc]
RSSI: -94 [da:13:d1:77:0e:0c]
RSSI: -95 [da:13:d1:b4:0e:cc]
RSSI: -97 [da:5b:08:00:02:1a]
RSSI: -97 [da:13:d3:63:13:fc]
RSSI: -98 [da:5b:08:1a:02:5a]
RSSI: -94 [da:13:d3:80:14:4c]
RSSI: -92 [da:5b:08:40:02:ca]
RSSI: -96 [da:13:d3:ac:14:dc]
RSSI: -96 [da:13:d3:cd:15:3c]
RSSI: -88 [da:13:d3:d9:15:5c]
RSSI: -91 [da:13:d3:f9:15:cc]
RSSI: -87 [da:13:d4:06:15:ec]
RSSI: -89 [da:13:d4:16:16:1c]
RSSI: -89 [da:13:d4:16:16:1c]
RSSI: -86 [da:13:d4:26:16:4c]
RSSI: -86 [da:13:d4:33:16:7c]
RSSI: -88 [da:13:d4:43:00:3c]
RSSI: -87 [da:13:d4:53:00:6c]
RSSI: -88 [da:13:d4:60:00:8c]
RSSI: -92 [da:13:d4:80:00:ec]
RSSI: -92 [da:13:d4:95:01:2c]
RSSI: -91 [da:13:d4:a5:01:5c]
RSSI: -91 [da:13:d4:b5:01:8c]
RSSI: -95 [da:13:d5:15:02:bc]
RSSI: -93 [da:13:d5:94:04:3c]
RSSI: -93 [da:13:d5:94:04:3c]
RSSI: -95 [da:13:d5:ba:04:ac]
RSSI: -92 [da:13:d5:e0:05:1c]
RSSI: -96 [da:13:d6:d2:08:1c]
RSSI: -98 [da:13:d6:df:08:3c]
RSSI: -95 [da:13:d8:ab:0d:dc]
RSSI: -94 [da:13:d8:ea:0e:ac]
RSSI: -95 [da:13:d8:f7:0e:cc]
RSSI: -94 [da:13:d9:11:0f:1c]
RSSI: -94 [da:13:d9:37:0f:9c]
RSSI: -95 [da:13:d9:44:0f:bc]
RSSI: -97 [da:13:d9:91:10:ac]
RSSI: -97 [da:13:da:c6:14:5c]
RSSI: -97 [da:13:db:13:15:4c]
RSSI: -91 [da:13:db:20:15:7c]
RSSI: -95 [da:5b:0f:ff:02:7a]
RSSI: -85 [da:13:db:61:16:3c]
RSSI: -94 [da:13:db:7a:16:7c]
RSSI: -84 [da:13:db:87:00:0c]
RSSI: -93 [da:5b:10:33:03:0a]
RSSI: -84 [da:13:db:94:00:2c]
RSSI: -96 [da:5b:10:5b:03:7a]
RSSI: -85 [da:13:db:bb:00:9c]
RSSI: -93 [da:13:db:c8:00:cc]
RSSI: -87 [da:13:db:d5:00:ec]
RSSI: -90 [da:13:db:e2:01:1c]
RSSI: -88 [da:13:db:e2:01:1c]
RSSI: -89 [da:13:db:fc:01:6c]
RSSI: -91 [da:13:db:fc:01:6c]
RSSI: -96 [da:5b:10:aa:04:5a]
RSSI: -96 [da:13:dc:56:02:7c]
RSSI: -98 [da:13:dc:e5:04:2c]
RSSI: -95 [da:13:dd:0c:04:ac]
RSSI: -95 [da:13:dd:0c:04:ac]
RSSI: -94 [da:13:dd:32:05:1c]
RSSI: -100 [da:13:dd:67:05:cc]
RSSI: -97 [da:13:de:0f:07:cc]
RSSI: -97 [da:13:de:78:09:1c]
RSSI: -98 [da:13:df:21:0b:2c]
RSSI: -95 [da:13:df:2e:0b:4c]
RSSI: -94 [da:13:e0:33:0e:8c]
RSSI: -97 [da:13:e1:53:11:fc]
RSSI: -98 [da:13:e1:9c:12:dc]
RSSI: -97 [da:13:e1:eb:13:cc]
RSSI: -96 [da:13:e1:eb:13:cc]
RSSI: -89 [da:13:e2:13:14:4c]
RSSI: -95 [da:13:e2:2d:14:9c]
RSSI: -93 [da:13:e2:55:15:1c]
RSSI: -90 [da:13:e2:61:15:3c]
RSSI: -87 [da:13:e2:6f:15:5c]
RSSI: -87 [da:13:e2:7c:15:8c]
RSSI: -90 [da:13:e2:7c:15:8c]
RSSI: -82 [da:13:e2:89:15:ac]
RSSI: -85 [da:13:e2:89:15:ac]
RSSI: -79 [da:13:e2:96:15:dc]
RSSI: -84 [da:13:e2:a4:15:fc]
RSSI: -91 [da:13:e2:a4:15:fc]
RSSI: -90 [da:13:e2:a4:15:fc]
RSSI: -77 [da:13:e2:b0:16:2c]
RSSI: -90 [da:13:e2:be:16:4c]
RSSI: -76 [da:13:e2:be:16:4c]
RSSI: -82 [da:13:e2:cb:16:7c]
RSSI: -82 [da:13:e2:d8:00:2c]
RSSI: -75 [da:13:e2:e5:00:5c]
RSSI: -81 [da:13:e2:f3:00:7c]
RSSI: -82 [da:13:e2:ff:00:ac]
RSSI: -76 [da:13:e3:0d:00:cc]
RSSI: -88 [da:13:e3:1a:00:fc]
RSSI: -85 [da:13:e3:27:01:1c]
RSSI: -89 [da:13:e3:27:01:1c]
RSSI: -80 [da:13:e3:35:01:4c]
RSSI: -86 [da:13:e3:35:01:4c]
RSSI: -91 [da:5b:18:0d:02:ea]
RSSI: -91 [da:5b:18:27:03:3a]
RSSI: -91 [da:5b:18:35:03:5a]
RSSI: -91 [da:13:e3:91:02:6c]
RSSI: -91 [da:5b:18:50:03:aa]
RSSI: -90 [da:13:e3:b9:02:dc]
RSSI: -90 [da:13:e3:b9:02:dc]
RSSI: -93 [da:5b:18:86:04:4a]
RSSI: -93 [da:5b:18:93:04:6a]
RSSI: -95 [da:5b:18:ae:04:ba]
RSSI: -94 [da:13:e4:22:04:1c]
RSSI: -93 [da:13:e4:30:04:4c]
RSSI: -92 [da:13:e4:4a:04:9c]
RSSI: -98 [da:13:e4:64:04:ec]
RSSI: -97 [da:13:e5:10:07:0c]
RSSI: -95 [da:13:e6:69:0b:3c]
RSSI: -93 [da:13:e6:77:0b:6c]
RSSI: -96 [da:13:e6:c7:0c:6c]
RSSI: -91 [da:13:e6:e1:0c:bc]
RSSI: -95 [da:13:e7:3e:0d:dc]
RSSI: -92 [da:13:e7:4c:0e:0c]
RSSI: -89 [da:13:e7:66:0e:5c]
RSSI: -92 [da:13:e7:74:0e:8c]
RSSI: -92 [da:13:e7:81:0e:ac]
RSSI: -93 [da:13:e7:9c:0f:0c]
RSSI: -89 [da:13:e7:c4:0f:7c]
RSSI: -93 [da:13:e7:ec:0f:fc]
RSSI: -94 [da:13:e7:ec:0f:fc]
RSSI: -94 [da:13:e8:14:10:7c]
RSSI: -97 [da:13:e8:64:11:6c]
RSSI: -98 [da:13:e9:2d:13:dc]
RSSI: -93 [da:13:e9:48:14:2c]
RSSI: -89 [da:13:e9:70:14:9c]
RSSI: -91 [da:13:e9:98:15:1c]
RSSI: -97 [da:13:e9:c0:15:8c]
RSSI: -83 [da:13:e9:ce:15:bc]
RSSI: -87 [da:13:e9:e8:16:0c]
RSSI: -90 [da:13:e9:e8:16:0c]
RSSI: -80 [da:13:e9:f6:16:3c]
RSSI: -86 [da:13:e9:f6:16:3c]
RSSI: -86 [da:13:ea:03:16:5c]
RSSI: -87 [da:13:ea:11:00:0c]
RSSI: -84 [da:13:ea:11:00:0c]
RSSI: -87 [da:13:ea:1e:00:2c]
RSSI: -77 [da:13:ea:2b:00:5c]
RSSI: -78 [da:13:ea:2b:00:5c]
RSSI: -82 [da:13:ea:39:00:7c]
RSSI: -89 [da:13:ea:47:00:ac]
RSSI: -79 [da:13:ea:53:00:cc]
RSSI: -81 [da:13:ea:61:00:fc]
RSSI: -82 [da:13:ea:6f:01:2c]
RSSI: -81 [da:13:ea:7c:01:4c]
RSSI: -84 [da:13:ea:89:01:7c]
RSSI: -85 [da:13:ea:89:01:7c]
RSSI: -87 [da:13:ea:97:01:9c]
RSSI: -87 [da:13:ea:97:01:9c]
RSSI: -96 [da:5b:1f:5d:01:5a]
RSSI: -92 [da:13:ea:da:02:6c]
RSSI: -87 [da:13:ea:e8:02:9c]
RSSI: -87 [da:13:ea:f5:02:bc]
RSSI: -90 [da:13:eb:02:02:ec]
RSSI: -89 [da:13:eb:10:03:0c]
RSSI: -90 [da:5b:1f:ca:02:8a]
RSSI: -90 [da:5b:1f:e6:02:da]
RSSI: -95 [da:13:eb:45:03:bc]
RSSI: -90 [da:5b:1f:f3:02:fa]
RSSI: -90 [da:5b:20:45:03:da]
RSSI: -92 [da:13:eb:a4:04:dc]
RSSI: -90 [da:13:eb:b2:05:0c]
RSSI: -93 [da:5b:20:7c:04:7a]
RSSI: -94 [da:5b:20:8a:04:9a]
RSSI: -93 [da:13:ec:03:05:fc]
RSSI: -97 [da:13:ec:54:06:fc]
RSSI: -98 [da:13:ec:89:07:ac]
RSSI: -96 [da:13:ec:a5:07:fc]
RSSI: -94 [da:13:ec:da:08:ac]
RSSI: -92 [da:13:ec:e8:08:cc]
RSSI: -92 [da:13:ed:03:09:1c]
RSSI: -95 [da:13:ed:2b:09:9c]
RSSI: -94 [da:13:ed:70:0a:7c]
RSSI: -91 [da:13:ed:8a:0a:cc]
RSSI: -88 [da:13:ed:98:0a:fc]
RSSI: -87 [da:13:ed:c1:0b:7c]
RSSI: -89 [da:13:ed:ea:0b:fc]
RSSI: -94 [da:13:ee:12:0c:7c]
RSSI: -97 [da:13:ee:70:0d:9c]
RSSI: -92 [da:13:ee:7e:0d:cc]
RSSI: -91 [da:13:ee:99:0e:1c]
RSSI: -93 [da:13:ee:a7:0e:4c]
RSSI: -95 [da:13:ee:f2:0f:2c]
RSSI: -89 [da:13:ef:0e:0f:8c]
RSSI: -94 [da:13:ef:1b:0f:ac]
RSSI: -94 [da:13:ef:37:10:0c]
RSSI: -97 [da:13:ef:52:10:5c]
RSSI: -94 [da:13:f0:70:13:cc]
RSSI: -94 [da:13:f0:a7:14:6c]
RSSI: -90 [da:13:f0:b3:14:8c]
RSSI: -90 [da:13:f0:b3:14:8c]
RSSI: -96 [da:13:f0:d0:14:ec]
RSSI: -92 [da:13:f0:eb:15:3c]
RSSI: -93 [da:13:f0:f9:15:6c]
RSSI: -83 [da:13:f1:13:15:bc]
RSSI: -83 [da:13:f1:13:15:bc]
RSSI: -85 [da:13:f1:22:15:ec]
RSSI: -84 [da:13:f1:2e:16:0c]
RSSI: -80 [da:13:f1:3c:16:3c]
RSSI: -83 [da:13:f1:4b:16:6c]
RSSI: -79 [da:13:f1:4b:16:6c]
RSSI: -82 [da:13:f1:57:00:0c]
RSSI: -91 [da:13:f1:65:00:2c]
RSSI: -79 [da:13:f1:74:00:5c]
RSSI: -82 [da:13:f1:80:00:7c]
RSSI: -88 [da:13:f1:8f:00:ac]
RSSI: -82 [da:13:f1:8f:00:ac]
RSSI: -81 [da:13:f1:9d:00:dc]
RSSI: -87 [da:13:f1:9d:00:dc]
RSSI: -83 [da:13:f1:a9:00:fc]
RSSI: -81 [da:13:f1:a9:00:fc]
RSSI: -87 [da:13:f1:b8:01:2c]
RSSI: -84 [da:13:f1:b8:01:2c]
RSSI: -88 [da:13:f1:c6:01:4c]
RSSI: -84 [da:13:f1:d2:01:7c]
RSSI: -91 [da:13:f1:e1:01:ac]
RSSI: -95 [da:13:f2:0a:02:2c]
RSSI: -88 [da:13:f2:33:02:9c]
RSSI: -90 [da:13:f2:93:03:cc]
RSSI: -89 [da:13:f2:bc:04:4c]
RSSI: -91 [da:13:f2:c9:04:6c]
RSSI: -92 [da:5b:27:9a:02:1a]
RSSI: -90 [da:5b:27:c3:02:9a]
RSSI: -92 [da:13:f3:1b:05:6c]
RSSI: -88 [da:5b:27:fc:03:2a]
RSSI: -89 [da:5b:27:fc:03:2a]
RSSI: -95 [da:5b:28:17:03:7a]
RSSI: -90 [da:5b:28:25:03:aa]
RSSI: -92 [da:5b:28:5c:04:3a]
RSSI: -95 [da:13:f4:06:08:4c]
RSSI: -95 [da:13:f4:21:08:9c]
RSSI: -93 [da:13:f4:4b:09:1c]
RSSI: -95 [da:13:f4:4b:09:1c]
RSSI: -94 [da:13:f4:74:09:9c]
RSSI: -95 [da:13:f4:ac:0a:4c]
RSSI: -93 [da:13:f4:c7:0a:9c]
RSSI: -91 [da:13:f4:e1:0a:fc]
RSSI: -97 [da:13:f5:0b:0b:7c]
RSSI: -90 [da:13:f5:19:0b:9c]
RSSI: -91 [da:13:f5:28:0b:cc]
RSSI: -95 [da:13:f5:43:0c:2c]
RSSI: -90 [da:13:f5:96:0d:2c]
RSSI: -92 [da:13:f5:a4:0d:5c]
RSSI: -95 [da:13:f5:cd:0d:dc]
RSSI: -93 [da:13:f5:da:0d:fc]
RSSI: -94 [da:13:f5:e8:0e:2c]
RSSI: -94 [da:13:f6:03:0e:7c]
RSSI: -91 [da:13:f6:2d:0e:fc]
RSSI: -91 [da:13:f6:2d:0e:fc]
RSSI: -90 [da:13:f6:65:0f:ac]
RSSI: -97 [da:13:f6:9d:10:4c]
RSSI: -97 [da:13:f6:a9:10:7c]
RSSI: -96 [da:13:f7:35:12:2c]
RSSI: -93 [da:13:f7:ea:14:4c]
RSSI: -90 [da:13:f8:67:15:cc]
RSSI: -89 [da:13:f8:73:15:ec]
RSSI: -81 [da:13:f8:82:16:1c]
RSSI: -87 [da:13:f8:91:16:4c]
RSSI: -80 [da:13:f8:91:16:4c]
RSSI: -80 [da:13:f8:ba:00:5c]
RSSI: -84 [da:13:f8:c7:00:7c]
RSSI: -84 [da:13:f8:d6:00:ac]
RSSI: -81 [da:13:f8:e4:00:dc]
RSSI: -81 [da:13:f8:f1:00:fc]
RSSI: -87 [da:13:f8:ff:01:2c]
RSSI: -93 [da:13:f9:0e:01:5c]
RSSI: -90 [da:13:f9:0e:01:5c]
RSSI: -98 [da:13:f9:53:02:2c]
RSSI: -90 [da:13:f9:8b:02:dc]
RSSI: -91 [da:13:f9:ec:04:0c]
RSSI: -91 [da:13:f9:fa:04:3c]
RSSI: -93 [da:13:fa:4e:05:3c]
RSSI: -97 [da:5b:2f:42:01:9a]
RSSI: -93 [da:5b:2f:88:02:5a]
RSSI: -92 [da:5b:2f:dd:03:4a]
RSSI: -92 [da:5b:2f:ec:03:6a]
RSSI: -93 [da:5b:30:23:04:0a]
RSSI: -95 [da:5b:30:5d:04:aa]
RSSI: -96 [da:13:fc:b0:0c:ac]
RSSI: -96 [da:13:fd:11:0d:dc]
RSSI: -96 [da:13:fd:4b:0e:8c]
RSSI: -96 [da:13:fd:75:0f:0c]
RSSI: -100 [da:13:fe:1e:11:1c]
RSSI: -94 [da:13:ff:2b:14:4c]
RSSI: -94 [da:13:ff:55:14:dc]
RSSI: -95 [da:13:ff:55:14:dc]
RSSI: -95 [da:13:ff:8c:15:7c]
RSSI: -93 [da:13:ff:8c:15:7c]
RSSI: -88 [da:13:ff:9b:15:ac]
RSSI: -90 [da:13:ff:aa:15:dc]
RSSI: -89 [da:13:ff:b7:15:fc]
RSSI: -82 [da:13:ff:c6:16:2c]
RSSI: -86 [da:13:ff:d4:16:5c]
RSSI: -91 [da:13:ff:e1:16:7c]
RSSI: -84 [da:13:ff:e1:16:7c]
RSSI: -84 [da:13:ff:ff:00:5c]
RSSI: -80 [da:13:ff:ff:00:5c]
RSSI: -83 [da:14:00:0c:00:8c]
RSSI: -91 [da:14:00:1b:00:bc]
RSSI: -84 [da:14:00:1b:00:bc]
RSSI: -81 [da:14:00:29:00:dc]
RSSI: -84 [da:14:00:36:01:0c]
RSSI: -83 [da:14:00:36:01:0c]
RSSI: -85 [da:14:00:45:01:3c]
RSSI: -87 [da:14:00:61:01:8c]
RSSI: -91 [da:14:00:70:01:bc]
RSSI: -98 [da:14:00:b6:02:9c]
RSSI: -91 [da:14:01:35:04:1c]
RSSI: -96 [da:14:01:60:04:9c]
RSSI: -92 [da:14:01:7e:04:fc]
RSSI: -96 [da:14:01:9a:05:4c]
RSSI: -97 [da:5b:36:d8:00:ca]
RSSI: -94 [da:5b:37:22:01:9a]
RSSI: -94 [da:5b:37:2f:01:ba]
RSSI: -94 [da:5b:37:4e:02:1a]
RSSI: -92 [da:5b:37:5a:02:3a]
RSSI: -91 [da:5b:37:6a:02:5a]
RSSI: -96 [da:5b:37:79:02:8a]
RSSI: -89 [da:5b:37:a4:03:0a]
RSSI: -90 [da:5b:37:d0:03:7a]
RSSI: -90 [da:5b:37:d0:03:7a]
RSSI: -88 [da:5b:37:dc:03:9a]
RSSI: -97 [da:14:03:45:0a:8c]
RSSI: -90 [da:5b:37:fb:03:fa]
RSSI: -92 [da:14:03:7f:0b:3c]
RSSI: -90 [da:14:04:0c:0c:fc]
RSSI: -91 [da:14:04:0c:0c:fc]
RSSI: -91 [da:14:04:80:0e:6c]
RSSI: -90 [da:14:04:ab:0e:ec]
RSSI: -92 [da:14:04:b8:0f:1c]
RSSI: -92 [da:14:04:f2:0f:cc]
RSSI: -97 [da:14:06:59:14:1c]
RSSI: -94 [da:14:06:75:14:6c]
RSSI: -91 [da:14:06:84:14:9c]
RSSI: -95 [da:14:06:af:15:1c]
RSSI: -94 [da:14:06:cb:15:7c]
RSSI: -87 [da:14:06:da:15:9c]
RSSI: -85 [da:14:06:e7:15:cc]
RSSI: -86 [da:14:06:e7:15:cc]
RSSI: -83 [da:14:06:f6:15:fc]
RSSI: -82 [da:14:06:f6:15:fc]
RSSI: -84 [da:14:07:06:16:2c]
RSSI: -84 [da:14:07:12:16:4c]
RSSI: -87 [da:14:07:12:16:4c]
RSSI: -81 [da:14:07:22:16:7c]
RSSI: -84 [da:14:07:22:16:7c]
RSSI: -88 [da:14:07:31:00:0c]
RSSI: -80 [da:14:07:31:00:0c]
RSSI: -86 [da:14:07:3d:00:2c]
RSSI: -86 [da:14:07:3d:00:2c]
RSSI: -85 [da:14:07:4d:00:5c]
RSSI: -85 [da:14:07:4d:00:5c]
RSSI: -80 [da:14:07:5c:00:8c]
RSSI: -85 [da:14:07:5c:00:8c]
RSSI: -85 [da:14:07:69:00:ac]
RSSI: -86 [da:14:07:78:00:dc]
RSSI: -90 [da:14:07:87:01:0c]
RSSI: -83 [da:14:07:94:01:2c]
RSSI: -85 [da:14:07:a3:01:5c]
RSSI: -86 [da:14:07:a3:01:5c]
RSSI: -96 [da:14:07:ce:01:ec]
RSSI: -91 [da:14:08:15:02:bc]
RSSI: -92 [da:14:08:8b:04:2c]
RSSI: -92 [da:14:08:b6:04:ac]
RSSI: -95 [da:14:08:e1:05:3c]
RSSI: -94 [da:14:08:ee:05:5c]
RSSI: -98 [da:14:08:fd:05:8c]
RSSI: -95 [da:14:09:e6:08:6c]
RSSI: -95 [da:14:09:e6:08:6c]
RSSI: -97 [da:14:0a:02:08:bc]
RSSI: -97 [da:5b:3e:f2:01:9a]
RSSI: -95 [da:14:0a:59:09:cc]
RSSI: -92 [da:5b:3f:2e:02:4a]
RSSI: -95 [da:14:0a:a0:0a:ac]
RSSI: -89 [da:5b:3f:77:03:1a]
RSSI: -89 [da:5b:3f:86:03:4a]
RSSI: -92 [da:5b:3f:93:03:6a]
RSSI: -90 [da:5b:3f:a3:03:9a]
RSSI: -89 [da:5b:3f:b2:03:ba]
RSSI: -89 [da:5b:3f:b2:03:ba]
RSSI: -90 [da:5b:3f:cf:04:0a]
RSSI: -93 [da:14:0b:29:0c:5c]
RSSI: -91 [da:5b:3f:eb:04:5a]
RSSI: -92 [da:5b:3f:fb:04:8a]
RSSI: -92 [da:14:0b:64:0d:0c]
RSSI: -89 [da:14:0b:cb:0e:5c]
RSSI: -90 [da:14:0b:d7:0e:7c]
RSSI: -91 [da:14:0b:e7:0e:ac]
RSSI: -93 [da:14:0c:12:0f:3c]
RSSI: -95 [da:14:0c:22:0f:6c]
RSSI: -95 [da:14:0c:2f:0f:8c]
RSSI: -95 [da:14:0c:5a:10:1c]
RSSI: -94 [da:14:0c:95:10:cc]
RSSI: -95 [da:14:0d:09:12:2c]
RSSI: -97 [da:14:0d:44:12:dc]
RSSI: -97 [da:14:0d:9c:13:ec]
RSSI: -89 [da:14:0d:c8:14:6c]
RSSI: -91 [da:14:0e:10:15:4c]
RSSI: -90 [da:14:0e:1f:15:7c]
RSSI: -84 [da:14:0e:2f:15:ac]
RSSI: -89 [da:14:0e:2f:15:ac]
RSSI: -81 [da:14:0e:3c:15:dc]
RSSI: -79 [da:14:0e:68:16:5c]
RSSI: -79 [da:14:0e:77:00:2c]
RSSI: -90 [da:14:0e:a3:00:bc]
RSSI: -81 [da:14:0e:b3:00:ec]
RSSI: -91 [da:14:0e:cf:01:3c]
RSSI: -91 [da:14:0e:df:01:6c]
RSSI: -93 [da:14:0f:27:02:4c]
RSSI: -96 [da:14:0f:53:02:dc]
RSSI: -91 [da:14:0f:62:03:0c]
RSSI: -95 [da:14:0f:8e:03:8c]
RSSI: -92 [da:14:0f:e6:04:9c]
RSSI: -96 [da:14:10:03:04:ec]
RSSI: -96 [da:14:10:2f:05:7c]
RSSI: -94 [da:14:11:54:09:1c]
RSSI: -96 [da:14:11:9f:0a:0c]
RSSI: -98 [da:14:11:9f:0a:0c]
RSSI: -95 [da:14:11:e8:0a:ec]
RSSI: -91 [da:14:12:04:0b:3c]
RSSI: -90 [da:14:12:24:0b:ac]
RSSI: -91 [da:5b:47:1b:02:6a]
RSSI: -95 [da:5b:47:47:02:ea]
RSSI: -90 [da:5b:47:64:03:3a]
RSSI: -93 [da:5b:47:74:03:6a]
RSSI: -90 [da:5b:47:74:03:6a]
RSSI: -90 [da:5b:47:91:03:ba]
RSSI: -92 [da:5b:47:b1:04:1a]
RSSI: -95 [da:5b:47:ce:04:6a]
RSSI: -93 [da:5b:47:de:04:9a]
RSSI: -93 [da:14:13:67:0f:9c]
RSSI: -95 [da:14:13:77:0f:cc]
RSSI: -95 [da:14:13:b3:10:7c]
RSSI: -96 [da:14:14:ad:13:8c]
RSSI: -94 [da:14:15:06:14:9c]
RSSI: -95 [da:14:15:16:14:cc]
RSSI: -94 [da:14:15:43:15:5c]
RSSI: -90 [da:14:15:5f:15:ac]
RSSI: -90 [da:14:15:7c:16:0c]
RSSI: -83 [da:14:15:9c:16:6c]
RSSI: -89 [da:14:15:a8:00:0c]
RSSI: -81 [da:14:15:a8:00:0c]
RSSI: -81 [da:14:15:a8:00:0c]
RSSI: -88 [da:14:15:b9:00:3c]
RSSI: -86 [da:14:15:c8:00:6c]
RSSI: -84 [da:14:15:e5:00:bc]
RSSI: -83 [da:14:15:e5:00:bc]
RSSI: -82 [da:14:15:f5:00:ec]
RSSI: -85 [da:14:16:02:01:1c]
RSSI: -81 [da:14:16:02:01:1c]
RSSI: -84 [da:14:16:12:01:4c]
RSSI: -82 [da:14:16:12:01:4c]
RSSI: -84 [da:14:16:2e:01:9c]
RSSI: -88 [da:14:16:3e:01:cc]
RSSI: -94 [da:14:16:7b:02:8c]
RSSI: -93 [da:14:16:b4:03:3c]
RSSI: -96 [da:14:16:f1:03:fc]
RSSI: -94 [da:14:17:01:04:2c]
RSSI: -99 [da:14:17:87:05:cc]
RSSI: -95 [da:14:18:1a:07:9c]
RSSI: -94 [da:14:18:84:08:ec]
RSSI: -94 [da:14:18:c1:09:ac]
RSSI: -94 [da:14:18:fa:0a:5c]
RSSI: -94 [da:14:19:0a:0a:8c]
RSSI: -93 [da:14:19:47:0b:4c]
RSSI: -94 [da:14:19:aa:0c:8c]
RSSI: -92 [da:14:19:b6:0c:ac]
RSSI: -93 [da:14:19:c6:0c:dc]
RSSI: -93 [da:5b:4e:ec:02:4a]
RSSI: -91 [da:5b:4f:13:02:ba]
RSSI: -90 [da:5b:4f:13:02:ba]
RSSI: -89 [da:5b:4f:20:02:da]
RSSI: -90 [da:5b:4f:46:03:4a]
RSSI: -94 [da:5b:4f:7a:03:da]
RSSI: -90 [da:5b:4f:87:03:fa]
RSSI: -91 [da:5b:4f:ae:04:6a]
RSSI: -92 [da:5b:4f:ba:04:8a]
RSSI: -93 [da:5b:4f:d4:04:da]
RSSI: -95 [da:14:1b:d6:13:3c]
RSSI: -92 [da:14:1c:22:14:2c]
RSSI: -89 [da:14:1c:49:14:ac]
RSSI: -98 [da:14:1c:7c:15:4c]
RSSI: -93 [da:14:1c:95:15:8c]
RSSI: -92 [da:14:1c:af:15:dc]
RSSI: -83 [da:14:1c:bc:16:0c]
RSSI: -90 [da:14:1c:c8:16:2c]
RSSI: -92 [da:14:1c:d5:16:5c]
RSSI: -79 [da:14:1c:e2:16:7c]
RSSI: -90 [da:14:1c:fb:00:4c]
RSSI: -90 [da:14:1c:fb:00:4c]
RSSI: -79 [da:14:1d:08:00:7c]
RSSI: -78 [da:14:1d:08:00:7c]
RSSI: -86 [da:14:1d:15:00:9c]
RSSI: -91 [da:14:1d:22:00:cc]
RSSI: -84 [da:14:1d:22:00:cc]
RSSI: -79 [da:14:1d:2f:00:ec]
RSSI: -83 [da:14:1d:3b:01:1c]
RSSI: -83 [da:14:1d:48:01:3c]
RSSI: -81 [da:14:1d:55:01:6c]
RSSI: -83 [da:14:1d:55:01:6c]
RSSI: -84 [da:14:1d:62:01:9c]
RSSI: -87 [da:14:1d:6e:01:bc]
RSSI: -89 [da:14:1d:7b:01:ec]
RSSI: -96 [da:14:1d:af:02:7c]
RSSI: -93 [da:14:1d:c8:02:cc]
RSSI: -91 [da:14:1d:e2:03:1c]
RSSI: -94 [da:14:1d:ef:03:4c]
RSSI: -93 [da:14:1e:22:03:ec]
RSSI: -92 [da:14:1e:2e:04:0c]
RSSI: -93 [da:14:1e:7b:04:fc]
RSSI: -95 [da:14:1e:c9:05:ec]
RSSI: -95 [da:14:1f:8a:08:4c]
RSSI: -94 [da:14:1f:97:08:7c]
RSSI: -94 [da:14:20:18:0a:0c]
RSSI: -94 [da:14:20:65:0a:fc]
RSSI: -93 [da:14:20:71:0b:2c]
RSSI: -91 [da:14:20:8c:0b:7c]
RSSI: -92 [da:14:20:98:0b:9c]
RSSI: -91 [da:14:21:5a:0d:fc]
RSSI: -95 [da:14:21:67:0e:2c]
RSSI: -95 [da:14:21:8e:0e:ac]
RSSI: -93 [da:14:21:ce:0f:6c]
RSSI: -92 [da:14:21:dc:0f:9c]
RSSI: -95 [da:14:22:1c:10:5c]
RSSI: -94 [da:5b:56:c9:02:4a]
RSSI: -94 [da:14:22:29:10:7c]
RSSI: -95 [da:14:22:43:10:cc]
RSSI: -91 [da:5b:56:f0:02:ba]
RSSI: -91 [da:5b:57:18:03:2a]
RSSI: -91 [da:5b:57:25:03:4a]
RSSI: -94 [da:5b:57:4c:03:ba]
RSSI: -92 [da:5b:57:74:04:2a]
RSSI: -91 [da:5b:57:74:04:2a]
RSSI: -92 [da:5b:57:8f:04:6a]
RSSI: -95 [da:5b:57:9b:04:8a]
RSSI: -96 [da:5b:57:b6:04:da]
RSSI: -94 [da:14:23:61:14:4c]
RSSI: -92 [da:14:23:6e:14:6c]
RSSI: -91 [da:14:23:88:14:bc]
RSSI: -92 [da:14:23:95:14:dc]
RSSI: -86 [da:14:23:d6:15:ac]
RSSI: -82 [da:14:23:e3:15:cc]
RSSI: -86 [da:14:23:f0:15:fc]
RSSI: -81 [da:14:23:fd:16:1c]
RSSI: -84 [da:14:23:fd:16:1c]
RSSI: -80 [da:14:24:0a:16:4c]
RSSI: -80 [da:14:24:0a:16:4c]
RSSI: -82 [da:14:24:17:16:6c]
RSSI: -85 [da:14:24:17:16:6c]
RSSI: -79 [da:14:24:24:00:0c]
RSSI: -81 [da:14:24:24:00:0c]
RSSI: -84 [da:14:24:31:00:2c]
RSSI: -82 [da:14:24:3e:00:4c]
RSSI: -77 [da:14:24:4b:00:7c]
RSSI: -81 [da:14:24:4b:00:7c]
RSSI: -81 [da:14:24:4b:00:7c]
RSSI: -81 [da:14:24:59:00:ac]
RSSI: -77 [da:14:24:59:00:ac]
RSSI: -81 [da:14:24:65:00:cc]
RSSI: -83 [da:14:24:72:00:fc]
RSSI: -82 [da:14:24:80:01:1c]
RSSI: -79 [da:14:24:80:01:1c]
RSSI: -83 [da:14:24:8c:01:4c]
RSSI: -86 [da:14:24:9a:01:6c]
RSSI: -83 [da:14:24:a7:01:9c]
RSSI: -91 [da:14:24:f5:02:8c]
RSSI: -92 [da:14:25:02:02:ac]
RSSI: -89 [da:14:25:02:02:ac]
RSSI: -91 [da:14:25:0f:02:dc]
RSSI: -94 [da:14:25:5d:03:cc]
RSSI: -94 [da:14:25:6b:03:ec]
RSSI: -93 [da:14:25:77:04:1c]
RSSI: -93 [da:14:25:ac:04:bc]
RSSI: -96 [da:14:27:9a:0a:cc]
RSSI: -98 [da:14:28:94:0d:dc]
RSSI: -97 [da:14:28:c9:0e:7c]
RSSI: -96 [da:14:28:d6:0e:ac]
RSSI: -94 [da:14:28:fe:0f:2c]
RSSI: -98 [da:14:29:c4:11:8c]
RSSI: -97 [da:5b:5e:93:02:1a]
RSSI: -93 [da:5b:5e:e4:02:fa]
RSSI: -96 [da:5b:5f:19:03:8a]
RSSI: -94 [da:5b:5f:27:03:ba]
RSSI: -94 [da:14:2a:98:14:0c]
RSSI: -94 [da:5b:5f:5d:04:4a]
RSSI: -94 [da:5b:5f:78:04:9a]
RSSI: -95 [da:14:2a:cd:14:ac]
RSSI: -89 [da:14:2b:03:15:5c]
RSSI: -89 [da:14:2b:0f:15:7c]
RSSI: -84 [da:14:2b:1d:15:ac]
RSSI: -87 [da:14:2b:2a:15:cc]
RSSI: -86 [da:14:2b:37:15:fc]
RSSI: -79 [da:14:2b:45:16:1c]
RSSI: -79 [da:14:2b:45:16:1c]
RSSI: -85 [da:14:2b:52:16:4c]
RSSI: -86 [da:14:2b:5f:16:7c]
RSSI: -78 [da:14:2b:6d:00:0c]
RSSI: -79 [da:14:2b:95:00:7c]
RSSI: -92 [da:14:2b:a2:00:ac]
RSSI: -90 [da:14:2b:af:00:cc]
RSSI: -91 [da:14:2b:af:00:cc]
RSSI: -79 [da:14:2b:bc:00:fc]
RSSI: -81 [da:14:2b:ca:01:1c]
RSSI: -92 [da:14:2b:d7:01:4c]
RSSI: -94 [da:14:2b:f2:01:9c]
RSSI: -87 [da:14:2b:f2:01:9c]
RSSI: -94 [da:14:2c:34:02:6c]
RSSI: -86 [da:14:2c:42:02:9c]
RSSI: -88 [da:14:2c:4e:02:bc]
RSSI: -92 [da:14:2c:6a:03:0c]
RSSI: -96 [da:14:2c:ba:04:0c]
RSSI: -90 [da:14:2c:c7:04:2c]
RSSI: -93 [da:14:2c:e2:04:7c]
RSSI: -94 [da:14:2d:32:05:7c]
RSSI: -93 [da:14:2d:3f:05:9c]
RSSI: -96 [da:14:2d:ab:06:ec]
RSSI: -95 [da:14:2d:fb:07:ec]
RSSI: -95 [da:14:2e:15:08:3c]
RSSI: -96 [da:14:2e:30:08:8c]
RSSI: -93 [da:14:2e:3d:08:bc]
RSSI: -94 [da:14:2e:80:09:8c]
RSSI: -94 [da:14:2e:de:0a:bc]
RSSI: -91 [da:14:2e:ec:0a:dc]
RSSI: -89 [da:14:2f:14:0b:5c]
RSSI: -90 [da:14:2f:21:0b:8c]
RSSI: -89 [da:14:2f:3c:0b:dc]
RSSI: -96 [da:14:2f:71:0c:8c]
RSSI: -93 [da:14:2f:d0:0d:ac]
RSSI: -88 [da:14:2f:f8:0e:2c]
RSSI: -92 [da:14:30:21:0e:ac]
RSSI: -92 [da:14:30:2e:0e:cc]
RSSI: -92 [da:14:30:49:0f:1c]
RSSI: -90 [da:14:30:57:0f:4c]
RSSI: -94 [da:14:30:7f:0f:cc]
RSSI: -94 [da:14:30:a8:10:4c]
RSSI: -94 [da:14:30:b4:10:6c]
RSSI: -98 [da:14:31:56:12:5c]
RSSI: -96 [da:14:31:a7:13:5c]
RSSI: -95 [da:14:31:a7:13:5c]
RSSI: -95 [da:14:31:f8:14:4c]
RSSI: -98 [da:5b:66:aa:02:8a]
RSSI: -88 [da:14:32:06:14:7c]
RSSI: -90 [da:14:32:49:15:4c]
RSSI: -95 [da:5b:66:fc:03:6a]
RSSI: -85 [da:14:32:65:15:9c]
RSSI: -82 [da:14:32:72:15:cc]
RSSI: -95 [da:5b:67:25:03:da]
RSSI: -82 [da:14:32:72:15:cc]
RSSI: -88 [da:14:32:80:15:ec]
RSSI: -81 [da:14:32:80:15:ec]
RSSI: -82 [da:14:32:a9:16:6c]
RSSI: -82 [da:14:32:a9:16:6c]
RSSI: -78 [da:14:32:a9:16:6c]
RSSI: -86 [da:14:32:b7:00:2c]
RSSI: -80 [da:14:32:b7:00:2c]
RSSI: -76 [da:14:32:c3:00:5c]
RSSI: -86 [da:14:32:c3:00:5c]
RSSI: -79 [da:14:32:d1:00:7c]
RSSI: -76 [da:14:32:d1:00:7c]
RSSI: -78 [da:14:32:df:00:ac]
RSSI: -86 [da:14:32:ec:00:cc]
RSSI: -76 [da:14:32:fa:00:fc]
RSSI: -79 [da:14:33:08:01:2c]
RSSI: -77 [da:14:33:08:01:2c]
RSSI: -85 [da:14:33:14:01:4c]
RSSI: -80 [da:14:33:14:01:4c]
RSSI: -78 [da:14:33:23:01:7c]
RSSI: -82 [da:14:33:30:01:ac]
RSSI: -83 [da:14:33:30:01:ac]
RSSI: -82 [da:14:33:30:01:ac]
RSSI: -82 [da:14:33:30:01:ac]
RSSI: -87 [da:14:33:3d:01:cc]
RSSI: -90 [da:14:33:74:02:7c]
RSSI: -89 [da:14:33:82:02:9c]
RSSI: -90 [da:14:33:8f:02:cc]
RSSI: -88 [da:14:33:8f:02:cc]
RSSI: -89 [da:14:33:9d:02:fc]
RSSI: -92 [da:14:33:b7:03:4c]
RSSI: -92 [da:14:33:e5:03:dc]
RSSI: -90 [da:14:33:f6:04:0c]
RSSI: -92 [da:14:34:04:04:2c]
RSSI: -91 [da:14:34:10:04:5c]
RSSI: -91 [da:14:34:39:04:dc]
RSSI: -92 [da:14:34:62:05:5c]
RSSI: -92 [da:14:34:70:05:7c]
RSSI: -92 [da:14:34:70:05:7c]
RSSI: -92 [da:14:34:8b:05:dc]
RSSI: -96 [da:14:34:dc:06:dc]
RSSI: -92 [da:14:35:3c:07:fc]
RSSI: -97 [da:14:35:65:08:7c]
RSSI: -96 [da:14:36:17:0a:ac]
RSSI: -94 [da:14:36:32:0a:fc]
RSSI: -93 [da:14:36:69:0b:ac]
RSSI: -94 [da:14:36:92:0c:2c]
RSSI: -92 [da:14:36:ad:0c:7c]
RSSI: -89 [da:14:36:d6:0c:fc]
RSSI: -91 [da:14:36:e4:0d:2c]
RSSI: -93 [da:14:37:28:0d:fc]
RSSI: -94 [da:14:37:43:0e:5c]
RSSI: -96 [da:14:37:51:0e:8c]
RSSI: -91 [da:14:37:a4:0f:8c]
RSSI: -96 [da:14:38:04:10:ac]
RSSI: -93 [da:14:39:25:14:1c]
RSSI: -99 [da:5b:6d:e7:00:ca]
RSSI: -92 [da:14:39:31:14:4c]
RSSI: -92 [da:14:39:40:14:7c]
RSSI: -91 [da:14:39:77:15:1c]
RSSI: -90 [da:14:39:a1:15:9c]
RSSI: -82 [da:14:39:ad:15:bc]
RSSI: -88 [da:14:39:ad:15:bc]
RSSI: -93 [da:5b:6e:64:02:2a]
RSSI: -83 [da:14:39:bc:15:ec]
RSSI: -79 [da:14:39:bc:15:ec]
RSSI: -87 [da:14:39:ca:16:1c]
RSSI: -87 [da:14:39:ca:16:1c]
RSSI: -82 [da:14:39:ca:16:1c]
RSSI: -86 [da:14:39:d7:16:3c]
RSSI: -76 [da:14:39:e5:16:6c]
RSSI: -80 [da:14:39:f3:00:0c]
RSSI: -80 [da:14:39:f3:00:0c]
RSSI: -85 [da:14:3a:00:00:2c]
RSSI: -80 [da:14:3a:00:00:2c]
RSSI: -90 [da:5b:6e:b8:03:1a]
RSSI: -75 [da:14:3a:0e:00:5c]
RSSI: -85 [da:14:3a:0e:00:5c]
RSSI: -90 [da:5b:6e:c7:03:3a]
RSSI: -90 [da:5b:6e:c7:03:3a]
RSSI: -75 [da:14:3a:1d:00:7c]
RSSI: -80 [da:14:3a:29:00:ac]
RSSI: -84 [da:14:3a:38:00:dc]
RSSI: -77 [da:14:3a:46:01:0c]
RSSI: -83 [da:14:3a:53:01:2c]
RSSI: -84 [da:14:3a:61:01:5c]
RSSI: -82 [da:14:3a:70:01:8c]
RSSI: -93 [da:5b:6f:29:04:4a]
RSSI: -88 [da:14:3a:7c:01:ac]
RSSI: -87 [da:14:3a:7c:01:ac]
RSSI: -91 [da:14:3a:c2:02:8c]
RSSI: -86 [da:14:3a:cf:02:ac]
RSSI: -96 [da:14:3a:ec:03:0c]
RSSI: -88 [da:14:3b:3f:03:fc]
RSSI: -96 [da:14:3b:4c:04:2c]
RSSI: -89 [da:14:3b:68:04:8c]
RSSI: -88 [da:14:3b:68:04:8c]
RSSI: -90 [da:14:3b:75:04:ac]
RSSI: -96 [da:14:3b:d7:05:dc]
RSSI: -95 [da:14:3c:00:06:5c]
RSSI: -98 [da:14:3c:0f:06:8c]
RSSI: -95 [da:14:3c:38:07:0c]
RSSI: -95 [da:14:3c:98:08:3c]
RSSI: -95 [da:14:3d:4d:0a:7c]
RSSI: -94 [da:14:3d:68:0a:cc]
RSSI: -93 [da:14:3d:77:0a:fc]
RSSI: -91 [da:14:3d:a1:0b:7c]
RSSI: -94 [da:14:3d:d9:0c:2c]
RSSI: -96 [da:14:3d:e6:0c:5c]
RSSI: -93 [da:14:3e:2d:0d:2c]
RSSI: -97 [da:14:3e:9b:0e:8c]
RSSI: -93 [da:14:3e:c5:0f:0c]
RSSI: -93 [da:14:3e:e0:0f:6c]
RSSI: -91 [da:14:3e:fe:0f:bc]
RSSI: -98 [da:14:40:78:14:4c]
RSSI: -97 [da:14:40:ae:14:ec]
RSSI: -98 [da:14:40:cc:15:4c]
RSSI: -92 [da:14:40:e7:15:9c]
RSSI: -86 [da:14:40:f6:15:cc]
RSSI: -82 [da:14:41:02:15:ec]
RSSI: -93 [da:14:41:11:16:1c]
RSSI: -89 [da:14:41:20:16:4c]
RSSI: -78 [da:14:41:2c:16:7c]
RSSI: -77 [da:14:41:2c:16:7c]
RSSI: -84 [da:14:41:3b:00:2c]
RSSI: -76 [da:14:41:3b:00:2c]
RSSI: -88 [da:14:41:4a:00:5c]
RSSI: -81 [da:14:41:4a:00:5c]
RSSI: -75 [da:14:41:65:00:ac]
RSSI: -79 [da:14:41:74:00:dc]
RSSI: -84 [da:14:41:81:01:0c]
RSSI: -79 [da:14:41:81:01:0c]
RSSI: -85 [da:14:41:8f:01:3c]
RSSI: -84 [da:14:41:8f:01:3c]
RSSI: -78 [da:14:41:9e:01:5c]
RSSI: -84 [da:14:41:9e:01:5c]
RSSI: -82 [da:14:41:b0:01:9c]
RSSI: -86 [da:14:41:c0:01:cc]
RSSI: -93 [da:5b:76:94:02:fa]
RSSI: -92 [da:14:41:eb:02:4c]
RSSI: -88 [da:14:41:f9:02:7c]
RSSI: -86 [da:14:42:06:02:9c]
RSSI: -91 [da:14:42:15:02:cc]
RSSI: -85 [da:14:42:23:02:fc]
RSSI: -88 [da:14:42:30:03:2c]
RSSI: -93 [da:5b:77:05:04:3a]
RSSI: -93 [da:14:42:5a:03:ac]
RSSI: -91 [da:14:42:69:03:dc]
RSSI: -93 [da:14:42:78:03:fc]
RSSI: -89 [da:14:42:84:04:2c]
RSSI: -89 [da:14:42:a2:04:8c]
RSSI: -87 [da:14:42:cc:05:0c]
RSSI: -88 [da:14:42:d9:05:2c]
RSSI: -90 [da:14:42:e8:05:5c]
RSSI: -92 [da:14:43:03:05:bc]
RSSI: -92 [da:14:43:03:05:bc]
RSSI: -90 [da:14:43:12:05:ec]
RSSI: -90 [da:14:43:12:05:ec]
RSSI: -90 [da:14:43:2e:06:3c]
RSSI: -93 [da:14:43:3c:06:6c]
RSSI: -94 [da:14:43:67:06:ec]
RSSI: -97 [da:14:43:ca:08:2c]
RSSI: -95 [da:14:44:01:08:cc]
RSSI: -96 [da:14:44:10:08:fc]
RSSI: -92 [da:14:44:10:08:fc]
RSSI: -92 [da:14:44:3b:09:7c]
RSSI: -92 [da:14:44:65:0a:0c]
RSSI: -92 [da:14:44:9e:0a:bc]
RSSI: -90 [da:14:44:ab:0a:dc]
RSSI: -88 [da:14:44:ba:0b:0c]
RSSI: -86 [da:14:44:d5:0b:6c]
RSSI: -86 [da:14:44:e4:0b:9c]
RSSI: -86 [da:14:44:e4:0b:9c]
RSSI: -88 [da:14:45:0f:0c:1c]
RSSI: -90 [da:14:45:1e:0c:4c]
RSSI: -91 [da:14:45:1e:0c:4c]
RSSI: -95 [da:14:45:48:0c:cc]
RSSI: -96 [da:14:45:9d:0d:dc]
RSSI: -87 [da:14:45:b9:0e:2c]
RSSI: -87 [da:14:45:c8:0e:5c]
RSSI: -94 [da:14:45:ff:0f:0c]
RSSI: -90 [da:14:45:ff:0f:0c]
RSSI: -87 [da:14:46:29:0f:9c]
RSSI: -95 [da:14:46:47:0f:ec]
RSSI: -93 [da:14:46:54:10:1c]
RSSI: -92 [da:14:46:63:10:4c]
RSSI: -96 [da:14:46:c7:11:7c]
RSSI: -95 [da:14:47:29:12:ac]
RSSI: -93 [da:14:47:9d:14:0c]
RSSI: -92 [da:14:47:a9:14:2c]
RSSI: -91 [da:14:47:b8:14:5c]
RSSI: -90 [da:14:47:d4:14:ac]
RSSI: -83 [da:14:48:0e:15:6c]
RSSI: -80 [da:14:48:1d:15:9c]
RSSI: -88 [da:14:48:2a:15:bc]
RSSI: -81 [da:14:48:39:15:ec]
RSSI: -76 [da:14:48:48:16:1c]
RSSI: -83 [da:14:48:54:16:3c]
RSSI: -83 [da:14:48:54:16:3c]
RSSI: -75 [da:14:48:54:16:3c]
RSSI: -82 [da:14:48:63:16:6c]
RSSI: -76 [da:14:48:72:00:0c]
RSSI: -76 [da:14:48:72:00:0c]
RSSI: -74 [da:14:48:7f:00:2c]
RSSI: -80 [da:14:48:8e:00:5c]
RSSI: -74 [da:14:48:8e:00:5c]
RSSI: -74 [da:14:48:8e:00:5c]
RSSI: -76 [da:14:48:9d:00:8c]
RSSI: -80 [da:14:48:9d:00:8c]
RSSI: -76 [da:14:48:aa:00:ac]
RSSI: -76 [da:14:48:b9:00:dc]
RSSI: -82 [da:14:48:c8:01:0c]
RSSI: -76 [da:14:48:c8:01:0c]
RSSI: -83 [da:14:48:d5:01:2c]
RSSI: -79 [da:14:48:e4:01:5c]
RSSI: -85 [da:14:48:f3:01:8c]
RSSI: -81 [da:14:48:f3:01:8c]
RSSI: -87 [da:14:49:00:01:bc]
RSSI: -87 [da:14:49:00:01:bc]
RSSI: -92 [da:14:49:0f:01:ec]
RSSI: -88 [da:14:49:3a:02:6c]
RSSI: -86 [da:14:49:49:02:9c]
RSSI: -85 [da:14:49:55:02:bc]
RSSI: -86 [da:14:49:65:02:ec]
RSSI: -95 [da:5b:7e:18:01:ea]
RSSI: -93 [da:5b:7e:27:02:1a]
RSSI: -91 [da:5b:7e:62:02:ba]
RSSI: -88 [da:14:49:c9:04:2c]
RSSI: -94 [da:14:49:e5:04:7c]
RSSI: -91 [da:5b:7e:9a:03:5a]
RSSI: -90 [da:14:4a:10:04:fc]
RSSI: -90 [da:14:4a:1f:05:2c]
RSSI: -95 [da:5b:7e:f1:04:4a]
RSSI: -94 [da:14:4a:75:06:3c]
RSSI: -96 [da:14:4a:ad:06:ec]
RSSI: -95 [da:14:4b:4c:08:dc]
RSSI: -94 [da:14:4b:84:09:8c]
RSSI: -92 [da:14:4b:94:09:bc]
RSSI: -95 [da:14:4b:f9:0a:fc]
RSSI: -94 [da:14:4b:f9:0a:fc]
RSSI: -98 [da:14:4c:31:0b:ac]
RSSI: -92 [da:14:4c:40:0b:dc]
RSSI: -94 [da:14:4c:4f:0c:0c]
RSSI: -91 [da:14:4c:a6:0d:1c]
RSSI: -92 [da:14:4c:a6:0d:1c]
RSSI: -94 [da:14:4c:ed:0d:fc]
RSSI: -94 [da:14:4c:ed:0d:fc]
RSSI: -93 [da:14:4c:fc:0e:2c]
RSSI: -92 [da:14:4d:5f:0f:5c]
RSSI: -94 [da:14:4d:6f:0f:8c]
RSSI: -97 [da:14:4d:a9:10:3c]
RSSI: -94 [da:14:4e:47:12:2c]
RSSI: -96 [da:14:4e:ba:13:8c]
RSSI: -91 [da:14:4e:f5:14:3c]
RSSI: -89 [da:14:4e:f5:14:3c]
RSSI: -91 [da:14:4f:04:14:6c]
RSSI: -87 [da:14:4f:20:14:cc]
RSSI: -90 [da:14:4f:30:14:fc]
RSSI: -89 [da:14:4f:3c:15:1c]
RSSI: -86 [da:14:4f:4c:15:4c]
RSSI: -82 [da:14:4f:68:15:ac]
RSSI: -84 [da:14:4f:68:15:ac]
RSSI: -80 [da:14:4f:77:15:cc]
RSSI: -87 [da:14:4f:87:15:fc]
RSSI: -80 [da:14:4f:93:16:2c]
RSSI: -85 [da:14:4f:93:16:2c]
RSSI: -78 [da:14:4f:a3:16:5c]
RSSI: -78 [da:14:4f:a3:16:5c]
RSSI: -84 [da:14:4f:b2:00:0c]
RSSI: -75 [da:14:4f:b2:00:0c]
RSSI: -82 [da:14:4f:bf:00:2c]
RSSI: -75 [da:14:4f:bf:00:2c]
RSSI: -78 [da:14:4f:ce:00:5c]
RSSI: -79 [da:14:4f:de:00:8c]
RSSI: -80 [da:14:4f:de:00:8c]
RSSI: -80 [da:14:4f:f0:00:bc]
RSSI: -76 [da:14:50:00:00:ec]
RSSI: -76 [da:14:50:00:00:ec]
RSSI: -82 [da:14:50:0f:01:1c]
RSSI: -78 [da:14:50:0f:01:1c]
RSSI: -83 [da:14:50:1c:01:4c]
RSSI: -85 [da:14:50:2c:01:7c]
RSSI: -83 [da:14:50:3b:01:ac]
RSSI: -88 [da:14:50:73:02:5c]
RSSI: -88 [da:14:50:73:02:5c]
RSSI: -86 [da:14:50:83:02:8c]
RSSI: -89 [da:14:50:ae:03:0c]
RSSI: -91 [da:14:50:ae:03:0c]
RSSI: -91 [da:14:50:e9:03:cc]
RSSI: -89 [da:14:50:f6:03:ec]
RSSI: -89 [da:14:51:06:04:1c]
RSSI: -91 [da:14:51:22:04:6c]
RSSI: -92 [da:14:51:31:04:9c]
RSSI: -89 [da:14:51:41:04:cc]
RSSI: -89 [da:14:51:4d:04:fc]
RSSI: -90 [da:14:51:6c:05:5c]
RSSI: -90 [da:14:51:a5:06:0c]
RSSI: -92 [da:5b:86:57:02:da]
RSSI: -93 [da:5b:86:67:03:0a]
RSSI: -92 [da:5b:86:67:03:0a]
RSSI: -92 [da:5b:86:77:03:3a]
RSSI: -93 [da:5b:86:93:03:8a]
RSSI: -92 [da:5b:86:a3:03:aa]
RSSI: -93 [da:5b:86:a3:03:aa]
RSSI: -93 [da:5b:86:b0:03:da]
RSSI: -94 [da:5b:86:dc:04:5a]
RSSI: -94 [da:5b:86:dc:04:5a]
RSSI: -97 [da:14:52:54:08:2c]
RSSI: -92 [da:14:52:8f:08:ec]
RSSI: -93 [da:14:52:ca:09:ac]
RSSI: -97 [da:14:53:03:0a:5c]
RSSI: -94 [da:14:53:12:0a:8c]
RSSI: -89 [da:14:53:4e:0b:4c]
RSSI: -87 [da:14:53:5a:0b:6c]
RSSI: -88 [da:14:53:5a:0b:6c]
RSSI: -89 [da:14:53:86:0b:fc]
RSSI: -90 [da:14:53:96:0c:2c]
RSSI: -95 [da:14:53:ee:0d:3c]
RSSI: -94 [da:14:54:0a:0d:9c]
RSSI: -93 [da:14:54:0a:0d:9c]
RSSI: -88 [da:14:54:1a:0d:cc]
RSSI: -88 [da:14:54:46:0e:4c]
RSSI: -91 [da:14:54:81:0f:0c]
RSSI: -89 [da:14:54:ba:0f:bc]
RSSI: -94 [da:14:54:c9:0f:ec]
RSSI: -92 [da:14:55:05:10:ac]
RSSI: -95 [da:14:55:7a:12:0c]
RSSI: -94 [da:14:56:1a:13:fc]
RSSI: -90 [da:14:56:46:14:7c]
RSSI: -90 [da:14:56:72:15:0c]
RSSI: -86 [da:14:56:82:15:3c]
RSSI: -79 [da:14:56:ae:15:bc]
RSSI: -85 [da:14:56:be:15:ec]
RSSI: -78 [da:14:56:be:15:ec]
RSSI: -82 [da:14:56:cb:16:1c]
RSSI: -82 [da:14:56:cb:16:1c]
RSSI: -77 [da:14:56:cb:16:1c]
RSSI: -92 [da:14:56:db:16:4c]
RSSI: -81 [da:14:56:db:16:4c]
RSSI: -76 [da:14:56:ea:16:7c]
RSSI: -75 [da:14:56:f7:00:2c]
RSSI: -78 [da:14:57:07:00:5c]
RSSI: -79 [da:14:57:07:00:5c]
RSSI: -75 [da:14:57:07:00:5c]
RSSI: -78 [da:14:57:16:00:8c]
RSSI: -76 [da:14:57:33:00:ec]
RSSI: -76 [da:14:57:33:00:ec]
RSSI: -79 [da:14:57:43:01:1c]
RSSI: -77 [da:14:57:43:01:1c]
RSSI: -80 [da:14:57:4f:01:3c]
RSSI: -82 [da:14:57:5f:01:6c]
RSSI: -81 [da:14:57:6f:01:9c]
RSSI: -85 [da:14:57:7c:01:cc]
RSSI: -85 [da:14:57:7c:01:cc]
RSSI: -94 [da:14:57:a8:02:4c]
RSSI: -89 [da:14:57:b8:02:7c]
RSSI: -91 [da:14:57:c7:02:ac]
RSSI: -92 [da:14:57:c7:02:ac]
RSSI: -87 [da:14:57:c7:02:ac]
RSSI: -88 [da:14:57:f4:03:3c]
RSSI: -90 [da:14:58:00:03:5c]
RSSI: -91 [da:14:58:00:03:5c]
RSSI: -94 [da:14:58:10:03:8c]
RSSI: -93 [da:14:58:2d:03:ec]
RSSI: -89 [da:14:58:3d:04:1c]
RSSI: -89 [da:14:58:4c:04:4c]
RSSI: -89 [da:14:58:59:04:6c]
RSSI: -89 [da:14:58:79:04:cc]
RSSI: -87 [da:14:58:85:04:fc]
RSSI: -88 [da:14:58:95:05:2c]
RSSI: -90 [da:14:58:d1:05:ec]
RSSI: -90 [da:14:58:d1:05:ec]
RSSI: -92 [da:14:58:ee:06:3c]
RSSI: -97 [da:14:58:fe:06:6c]
RSSI: -95 [da:14:59:37:07:1c]
RSSI: -95 [da:5b:8d:e5:01:fa]
RSSI: -93 [da:5b:8e:12:02:7a]
RSSI: -93 [da:5b:8e:23:02:aa]
RSSI: -94 [da:5b:8e:2f:02:ca]
RSSI: -93 [da:5b:8e:48:03:1a]
RSSI: -92 [da:5b:8e:65:03:6a]
RSSI: -94 [da:14:59:bc:08:cc]
RSSI: -92 [da:5b:8e:75:03:8a]
RSSI: -95 [da:5b:8e:92:03:ea]
RSSI: -96 [da:5b:8e:c8:04:7a]
RSSI: -97 [da:14:5a:42:0a:6c]
RSSI: -90 [da:14:5a:7e:0b:2c]
RSSI: -89 [da:14:5a:bb:0b:ec]
RSSI: -91 [da:14:5a:c7:0c:0c]
RSSI: -92 [da:14:5b:20:0d:2c]
RSSI: -92 [da:14:5b:7a:0e:3c]
RSSI: -95 [da:14:5b:c6:0f:2c]
RSSI: -93 [da:14:5b:d3:0f:5c]
RSSI: -95 [da:14:5c:3d:10:9c]
RSSI: -94 [da:14:5d:76:14:6c]
RSSI: -88 [da:14:5d:86:14:9c]
RSSI: -88 [da:14:5d:93:14:bc]
RSSI: -90 [da:14:5d:a3:14:ec]
RSSI: -91 [da:14:5d:b3:15:1c]
RSSI: -85 [da:14:5d:e0:15:ac]
RSSI: -83 [da:14:5d:ec:15:cc]
RSSI: -96 [da:14:5d:fc:15:fc]
RSSI: -82 [da:14:5e:0c:16:2c]
RSSI: -82 [da:14:5e:19:16:5c]
RSSI: -80 [da:14:5e:19:16:5c]
RSSI: -81 [da:14:5e:29:00:0c]
RSSI: -82 [da:14:5e:29:00:0c]
RSSI: -89 [da:14:5e:39:00:3c]
RSSI: -80 [da:14:5e:46:00:5c]
RSSI: -79 [da:14:5e:56:00:8c]
RSSI: -87 [da:14:5e:66:00:bc]
RSSI: -82 [da:14:5e:66:00:bc]
RSSI: -88 [da:14:5e:73:00:ec]
RSSI: -83 [da:14:5e:73:00:ec]
RSSI: -88 [da:14:5e:83:01:1c]
RSSI: -88 [da:14:5e:93:01:4c]
RSSI: -86 [da:14:5e:93:01:4c]
RSSI: -89 [da:14:5e:a8:01:8c]
RSSI: -92 [da:14:5f:02:02:9c]
RSSI: -91 [da:14:5f:0f:02:bc]
RSSI: -94 [da:14:5f:4e:03:8c]
RSSI: -93 [da:14:5f:5b:03:ac]
RSSI: -91 [da:14:5f:74:03:fc]
RSSI: -92 [da:14:5f:9a:04:7c]
RSSI: -91 [da:14:5f:cd:05:0c]
RSSI: -97 [da:14:60:33:06:4c]
RSSI: -94 [da:5b:95:a3:01:8a]
RSSI: -93 [da:5b:95:e4:02:4a]
RSSI: -91 [da:5b:95:f1:02:6a]
RSSI: -91 [da:5b:96:0b:02:aa]
RSSI: -91 [da:5b:96:18:02:ca]
RSSI: -93 [da:5b:96:4c:03:5a]
RSSI: -91 [da:5b:96:66:03:aa]
RSSI: -91 [da:14:61:ca:0b:4c]
RSSI: -90 [da:14:61:f1:0b:cc]
RSSI: -92 [da:14:61:fe:0b:ec]
RSSI: -94 [da:14:62:17:0c:3c]
RSSI: -93 [da:14:62:b1:0e:2c]
RSSI: -94 [da:14:63:0a:0f:3c]
RSSI: -94 [da:14:63:24:0f:8c]
RSSI: -95 [da:14:63:31:0f:bc]
RSSI: -97 [da:14:63:f1:12:0c]
RSSI: -93 [da:14:64:a5:14:2c]
RSSI: -93 [da:14:64:a5:14:2c]
RSSI: -91 [da:14:64:cc:14:ac]
RSSI: -93 [da:14:64:d9:14:dc]
RSSI: -88 [da:14:65:00:15:4c]
RSSI: -88 [da:14:65:00:15:4c]
RSSI: -88 [da:14:65:19:15:9c]
RSSI: -82 [da:14:65:26:15:cc]
RSSI: -81 [da:14:65:26:15:cc]
RSSI: -84 [da:14:65:40:16:0c]
RSSI: -79 [da:14:65:4d:16:3c]
RSSI: -81 [da:14:65:67:00:0c]
RSSI: -78 [da:14:65:74:00:2c]
RSSI: -88 [da:14:65:81:00:5c]
RSSI: -83 [da:14:65:8d:00:7c]
RSSI: -78 [da:14:65:9a:00:9c]
RSSI: -85 [da:14:65:a7:00:cc]
RSSI: -86 [da:14:65:a7:00:cc]
RSSI: -78 [da:14:65:a7:00:cc]
RSSI: -85 [da:14:65:b4:00:ec]
RSSI: -79 [da:14:65:c1:01:1c]
RSSI: -85 [da:14:65:ce:01:3c]
RSSI: -81 [da:14:65:ce:01:3c]
RSSI: -87 [da:14:65:db:01:6c]
RSSI: -87 [da:14:65:db:01:6c]
RSSI: -84 [da:14:65:e8:01:8c]
RSSI: -89 [da:14:65:f5:01:bc]
RSSI: -95 [da:14:66:0f:02:0c]
RSSI: -90 [da:14:66:35:02:7c]
RSSI: -89 [da:14:66:35:02:7c]
RSSI: -88 [da:14:66:43:02:ac]
RSSI: -90 [da:14:66:69:03:1c]
RSSI: -95 [da:14:66:90:03:9c]
RSSI: -92 [da:14:66:aa:03:ec]
RSSI: -91 [da:14:66:b7:04:0c]
RSSI: -91 [da:14:66:b7:04:0c]
RSSI: -92 [da:14:66:d1:04:5c]
RSSI: -92 [da:14:66:ea:04:ac]
RSSI: -91 [da:14:67:11:05:1c]
RSSI: -93 [da:14:67:53:05:ec]
RSSI: -97 [da:14:68:3d:08:cc]
RSSI: -97 [da:14:68:64:09:4c]
RSSI: -97 [da:5b:9d:3a:00:ba]
RSSI: -97 [da:5b:9d:62:01:2a]
RSSI: -94 [da:5b:9d:96:01:ba]
RSSI: -96 [da:14:69:00:0b:3c]
RSSI: -97 [da:5b:9d:b1:02:0a]
RSSI: -92 [da:5b:9d:d9:02:7a]
RSSI: -93 [da:14:69:34:0b:dc]
RSSI: -93 [da:5b:9e:1b:03:2a]
RSSI: -93 [da:5b:9e:43:03:9a]
RSSI: -92 [da:5b:9e:50:03:ba]
RSSI: -93 [da:5b:9e:5d:03:ea]
RSSI: -94 [da:5b:9e:84:04:5a]
RSSI: -95 [da:5b:9e:92:04:7a]
RSSI: -95 [da:14:6b:3f:12:3c]
RSSI: -95 [da:14:6b:d7:14:0c]
RSSI: -90 [da:14:6b:fe:14:8c]
RSSI: -89 [da:14:6b:fe:14:8c]
RSSI: -91 [da:14:6c:33:15:2c]
RSSI: -83 [da:14:6c:5b:15:9c]
RSSI: -95 [da:14:6c:68:15:cc]
RSSI: -81 [da:14:6c:68:15:cc]
RSSI: -86 [da:14:6c:75:15:ec]
RSSI: -89 [da:14:6c:75:15:ec]
RSSI: -79 [da:14:6c:82:16:1c]
RSSI: -79 [da:14:6c:82:16:1c]
RSSI: -86 [da:14:6c:8f:16:3c]
RSSI: -78 [da:14:6c:8f:16:3c]
RSSI: -83 [da:14:6c:9c:16:6c]
RSSI: -84 [da:14:6c:9c:16:6c]
RSSI: -77 [da:14:6c:a9:00:0c]
RSSI: -83 [da:14:6c:a9:00:0c]
RSSI: -83 [da:14:6c:b7:00:2c]
RSSI: -82 [da:14:6c:b7:00:2c]
RSSI: -77 [da:14:6c:b7:00:2c]
RSSI: -77 [da:14:6c:b7:00:2c]
RSSI: -84 [da:14:6c:c3:00:4c]
RSSI: -82 [da:14:6c:c3:00:4c]
RSSI: -76 [da:14:6c:d1:00:7c]
RSSI: -85 [da:14:6c:d1:00:7c]
RSSI: -80 [da:14:6c:de:00:ac]
RSSI: -77 [da:14:6c:de:00:ac]
RSSI: -81 [da:14:6c:eb:00:cc]
RSSI: -81 [da:14:6d:06:01:1c]
RSSI: -79 [da:14:6d:06:01:1c]
RSSI: -82 [da:14:6d:12:01:4c]
RSSI: -88 [da:14:6d:20:01:6c]
RSSI: -85 [da:14:6d:2d:01:9c]
RSSI: -89 [da:14:6d:3a:01:bc]
RSSI: -95 [da:14:6d:55:02:1c]
RSSI: -89 [da:14:6d:62:02:3c]
RSSI: -87 [da:14:6d:7d:02:8c]
RSSI: -86 [da:14:6d:7d:02:8c]
RSSI: -91 [da:14:6d:89:02:bc]
RSSI: -86 [da:14:6d:89:02:bc]
RSSI: -87 [da:14:6d:a4:03:0c]
RSSI: -93 [da:14:6d:b1:03:2c]
RSSI: -91 [da:14:6d:cc:03:8c]
RSSI: -91 [da:14:6d:d8:03:ac]
RSSI: -90 [da:14:6e:00:04:1c]
RSSI: -91 [da:14:6e:0e:04:4c]
RSSI: -90 [da:14:6e:35:04:cc]
RSSI: -89 [da:14:6e:43:04:ec]
RSSI: -92 [da:14:6e:84:05:bc]
RSSI: -92 [da:14:6e:92:05:ec]
RSSI: -94 [da:14:6e:ac:06:3c]
RSSI: -97 [da:14:6e:fc:07:3c]
RSSI: -98 [da:14:6e:fc:07:3c]
RSSI: -97 [da:14:6f:4b:08:2c]
RSSI: -94 [da:14:6f:80:08:dc]
RSSI: -99 [da:14:70:04:0a:7c]
RSSI: -91 [da:14:70:2c:0a:fc]
RSSI: -91 [da:14:70:3a:0b:1c]
RSSI: -88 [da:14:70:54:0b:6c]
RSSI: -96 [da:5b:a5:19:00:ba]
RSSI: -88 [da:14:70:62:0b:9c]
RSSI: -90 [da:14:70:7c:0b:ec]
RSSI: -95 [da:14:70:a4:0c:6c]
RSSI: -95 [da:5b:a5:78:01:ba]
RSSI: -94 [da:5b:a5:c9:02:9a]
RSSI: -92 [da:5b:a5:f1:03:1a]
RSSI: -92 [da:5b:a5:ff:03:3a]
RSSI: -92 [da:14:71:51:0e:8c]
RSSI: -93 [da:5b:a6:50:04:1a]
RSSI: -94 [da:5b:a6:50:04:1a]
RSSI: -96 [da:5b:a6:85:04:ba]
RSSI: -96 [da:14:71:ff:10:bc]
RSSI: -98 [da:14:72:4f:11:ac]
RSSI: -96 [da:14:72:84:12:4c]
RSSI: -92 [da:14:73:18:14:0c]
RSSI: -91 [da:14:73:32:14:6c]
RSSI: -90 [da:14:73:40:14:8c]
RSSI: -90 [da:14:73:40:14:8c]
RSSI: -92 [da:14:73:68:15:0c]
RSSI: -87 [da:14:73:75:15:3c]
RSSI: -84 [da:14:73:90:15:8c]
RSSI: -95 [da:14:73:9d:15:ac]
RSSI: -81 [da:14:73:9d:15:ac]
RSSI: -89 [da:14:73:ab:15:dc]
RSSI: -79 [da:14:73:b8:15:fc]
RSSI: -82 [da:14:73:b8:15:fc]
RSSI: -78 [da:14:73:c5:16:2c]
RSSI: -78 [da:14:73:c5:16:2c]
RSSI: -85 [da:14:73:d3:16:5c]
RSSI: -86 [da:14:73:d3:16:5c]
RSSI: -80 [da:14:73:e1:16:7c]
RSSI: -77 [da:14:73:ed:00:2c]
RSSI: -83 [da:14:73:fb:00:5c]
RSSI: -77 [da:14:73:fb:00:5c]
RSSI: -81 [da:14:74:09:00:7c]
RSSI: -82 [da:14:74:09:00:7c]
RSSI: -77 [da:14:74:16:00:ac]
RSSI: -81 [da:14:74:16:00:ac]
RSSI: -82 [da:14:74:23:00:dc]
RSSI: -78 [da:14:74:23:00:dc]
RSSI: -82 [da:14:74:31:00:fc]
RSSI: -83 [da:14:74:31:00:fc]
RSSI: -79 [da:14:74:3e:01:2c]
RSSI: -84 [da:14:74:3e:01:2c]
RSSI: -83 [da:14:74:3e:01:2c]
RSSI: -81 [da:14:74:4c:01:4c]
RSSI: -81 [da:14:74:4c:01:4c]
RSSI: -86 [da:14:74:5a:01:7c]
RSSI: -88 [da:14:74:66:01:ac]
RSSI: -89 [da:14:74:74:01:cc]
RSSI: -94 [da:14:74:9c:02:4c]
RSSI: -88 [da:14:74:aa:02:7c]
RSSI: -87 [da:14:74:d2:02:ec]
RSSI: -96 [da:14:74:ed:03:3c]
RSSI: -93 [da:14:74:fb:03:6c]
RSSI: -92 [da:14:75:07:03:8c]
RSSI: -92 [da:14:75:30:04:0c]
RSSI: -92 [da:14:75:58:04:8c]
RSSI: -92 [da:14:75:66:04:bc]
RSSI: -91 [da:14:75:66:04:bc]
RSSI: -94 [da:14:75:b7:05:ac]
RSSI: -96 [da:14:76:3e:07:5c]
RSSI: -95 [da:14:77:09:09:dc]
RSSI: -94 [da:14:77:4c:0a:ac]
RSSI: -89 [da:14:77:75:0b:2c]
RSSI: -89 [da:14:77:75:0b:2c]
RSSI: -88 [da:14:77:9d:0b:ac]
RSSI: -90 [da:14:77:ab:0b:dc]
RSSI: -96 [da:14:77:fc:0c:dc]
RSSI: -96 [da:14:78:40:0d:ac]
RSSI: -91 [da:14:78:69:0e:2c]
RSSI: -92 [da:14:78:c8:0f:5c]
RSSI: -91 [da:14:78:d5:0f:8c]
RSSI: -93 [da:5b:ad:97:02:8a]
RSSI: -93 [da:5b:ad:b4:02:da]
RSSI: -93 [da:5b:ad:dd:03:5a]
RSSI: -93 [da:5b:ae:06:03:ca]
RSSI: -92 [da:5b:ae:13:03:ea]
RSSI: -93 [da:5b:ae:13:03:ea]
RSSI: -93 [da:5b:ae:4b:04:8a]
RSSI: -96 [da:14:7a:3f:13:ec]
RSSI: -91 [da:14:7a:5a:14:3c]
RSSI: -93 [da:14:7a:68:14:6c]
RSSI: -91 [da:14:7a:74:14:8c]
RSSI: -92 [da:14:7a:83:14:bc]
RSSI: -93 [da:14:7a:9d:15:0c]
RSSI: -89 [da:14:7a:ac:15:3c]
RSSI: -81 [da:14:7a:d5:15:bc]
RSSI: -81 [da:14:7a:d5:15:bc]
RSSI: -79 [da:14:7a:e3:15:dc]
RSSI: -84 [da:14:7a:ef:16:0c]
RSSI: -79 [da:14:7a:fe:16:2c]
RSSI: -82 [da:14:7a:fe:16:2c]
RSSI: -83 [da:14:7a:fe:16:2c]
RSSI: -85 [da:14:7b:0c:16:5c]
RSSI: -77 [da:14:7b:0c:16:5c]
RSSI: -85 [da:14:7b:18:00:0c]
RSSI: -82 [da:14:7b:27:00:2c]
RSSI: -77 [da:14:7b:35:00:5c]
RSSI: -83 [da:14:7b:41:00:7c]
RSSI: -77 [da:14:7b:41:00:7c]
RSSI: -84 [da:14:7b:50:00:ac]
RSSI: -82 [da:14:7b:50:00:ac]
RSSI: -77 [da:14:7b:5e:00:dc]
RSSI: -85 [da:14:7b:5e:00:dc]
RSSI: -82 [da:14:7b:6a:00:fc]
RSSI: -78 [da:14:7b:6a:00:fc]
RSSI: -83 [da:14:7b:79:01:2c]
RSSI: -86 [da:14:7b:87:01:5c]
RSSI: -82 [da:14:7b:93:01:7c]
RSSI: -87 [da:14:7b:a2:01:ac]
RSSI: -86 [da:14:7b:a2:01:ac]
RSSI: -88 [da:14:7b:f4:02:ac]
RSSI: -93 [da:14:7c:02:02:dc]
RSSI: -94 [da:14:7c:0e:02:fc]
RSSI: -91 [da:14:7c:1d:03:2c]
RSSI: -90 [da:14:7c:61:03:fc]
RSSI: -91 [da:14:7c:6f:04:2c]
RSSI: -92 [da:14:7c:8a:04:7c]
RSSI: -93 [da:14:7c:98:04:ac]
RSSI: -93 [da:14:7c:cf:05:5c]
RSSI: -93 [da:14:7c:f9:05:dc]
RSSI: -93 [da:14:7d:14:06:2c]
RSSI: -94 [da:14:7d:4b:06:dc]
RSSI: -94 [da:14:7d:fd:09:0c]
RSSI: -91 [da:14:7e:95:0a:ec]
RSSI: -89 [da:14:7e:a2:0b:0c]
RSSI: -88 [da:14:7e:bf:0b:6c]
RSSI: -87 [da:14:7e:cb:0b:8c]
RSSI: -89 [da:14:7e:cb:0b:8c]
RSSI: -89 [da:14:7e:da:0b:bc]
RSSI: -90 [da:14:7f:9a:0e:1c]
RSSI: -92 [da:14:7f:ed:0f:2c]
RSSI: -90 [da:14:7f:fc:0f:5c]
RSSI: -90 [da:14:7f:fc:0f:5c]
RSSI: -95 [da:14:80:4f:10:5c]
RSSI: -95 [da:5b:b5:5d:02:4a]
RSSI: -93 [da:5b:b5:93:02:ea]
RSSI: -94 [da:5b:b5:93:02:ea]
RSSI: -92 [da:5b:b5:b1:03:3a]
RSSI: -92 [da:5b:b5:e8:03:da]
RSSI: -93 [da:5b:b5:f7:03:fa]
RSSI: -91 [da:14:81:8d:14:2c]
RSSI: -90 [da:14:81:9b:14:5c]
RSSI: -89 [da:14:81:aa:14:8c]
RSSI: -90 [da:14:81:b6:14:ac]
RSSI: -89 [da:14:81:e0:15:2c]
RSSI: -85 [da:14:81:ef:15:5c]
RSSI: -84 [da:14:81:ef:15:5c]
RSSI: -81 [da:14:82:0a:15:ac]
RSSI: -85 [da:14:82:0a:15:ac]
RSSI: -79 [da:14:82:18:15:dc]
RSSI: -81 [da:14:82:34:16:2c]
RSSI: -84 [da:14:82:34:16:2c]
RSSI: -76 [da:14:82:42:16:5c]
RSSI: -80 [da:14:82:42:16:5c]
RSSI: -83 [da:14:82:51:00:0c]
RSSI: -84 [da:14:82:51:00:0c]
RSSI: -76 [da:14:82:51:00:0c]
RSSI: -82 [da:14:82:5d:00:2c]
RSSI: -80 [da:14:82:6c:00:5c]
RSSI: -76 [da:14:82:7a:00:8c]
RSSI: -81 [da:14:82:87:00:ac]
RSSI: -76 [da:14:82:87:00:ac]
RSSI: -82 [da:14:82:96:00:dc]
RSSI: -81 [da:14:82:96:00:dc]
RSSI: -77 [da:14:82:a4:01:0c]
RSSI: -83 [da:14:82:a4:01:0c]
RSSI: -82 [da:14:82:b1:01:2c]
RSSI: -79 [da:14:82:b1:01:2c]
RSSI: -84 [da:14:82:bf:01:5c]
RSSI: -81 [da:14:82:bf:01:5c]
RSSI: -88 [da:14:82:ce:01:8c]
RSSI: -84 [da:14:82:da:01:ac]
RSSI: -85 [da:14:82:da:01:ac]
RSSI: -92 [da:14:82:e9:01:dc]
RSSI: -91 [da:14:83:13:02:5c]
RSSI: -88 [da:14:83:21:02:8c]
RSSI: -93 [da:14:83:2e:02:ac]
RSSI: -94 [da:14:83:4b:03:0c]
RSSI: -92 [da:14:83:4b:03:0c]
RSSI: -95 [da:14:83:82:03:ac]
RSSI: -92 [da:14:83:9f:04:0c]
RSSI: -91 [da:14:83:ab:04:2c]
RSSI: -91 [da:14:83:ba:04:5c]
RSSI: -93 [da:14:83:c9:04:8c]
RSSI: -94 [da:14:84:1c:05:8c]
RSSI: -93 [da:14:84:29:05:ac]
RSSI: -92 [da:14:84:29:05:ac]
RSSI: -94 [da:14:84:46:06:0c]
RSSI: -96 [da:14:85:33:08:fc]
RSSI: -99 [da:14:85:42:09:2c]
RSSI: -96 [da:14:85:b1:0a:8c]
RSSI: -95 [da:14:85:b1:0a:8c]
RSSI: -91 [da:14:85:ea:0b:3c]
RSSI: -91 [da:14:85:ea:0b:3c]
RSSI: -91 [da:14:86:14:0b:bc]
RSSI: -93 [da:14:86:3e:0c:4c]
RSSI: -91 [da:14:86:d0:0e:0c]
RSSI: -94 [da:14:86:fa:0e:8c]
RSSI: -92 [da:14:87:42:0f:6c]
RSSI: -94 [da:14:87:96:10:6c]
RSSI: -94 [da:5b:bd:31:02:3a]
RSSI: -94 [da:5b:bd:31:02:3a]
RSSI: -92 [da:5b:bd:69:02:da]
RSSI: -93 [da:14:88:cb:14:2c]
RSSI: -92 [da:14:88:da:14:5c]
RSSI: -92 [da:14:88:da:14:5c]
RSSI: -92 [da:5b:bd:a3:03:7a]
RSSI: -91 [da:14:88:e9:14:8c]
RSSI: -92 [da:14:88:f5:14:ac]
RSSI: -94 [da:14:89:13:15:0c]
RSSI: -88 [da:14:89:20:15:3c]
RSSI: -85 [da:14:89:3e:15:8c]
RSSI: -89 [da:14:89:3e:15:8c]
RSSI: -83 [da:14:89:4a:15:bc]
RSSI: -82 [da:14:89:4a:15:bc]
RSSI: -80 [da:14:89:59:15:dc]
RSSI: -83 [da:14:89:68:16:0c]
RSSI: -83 [da:14:89:68:16:0c]
RSSI: -80 [da:14:89:75:16:3c]
RSSI: -83 [da:14:89:75:16:3c]
RSSI: -88 [da:14:89:84:16:5c]
RSSI: -79 [da:14:89:84:16:5c]
RSSI: -86 [da:14:89:93:00:0c]
RSSI: -82 [da:14:89:9f:00:2c]
RSSI: -78 [da:14:89:ae:00:5c]
RSSI: -84 [da:14:89:bd:00:8c]
RSSI: -83 [da:14:89:bd:00:8c]
RSSI: -79 [da:14:89:bd:00:8c]
RSSI: -83 [da:14:89:ca:00:ac]
RSSI: -85 [da:14:89:d9:00:dc]
RSSI: -81 [da:14:89:e7:01:0c]
RSSI: -84 [da:14:89:f4:01:2c]
RSSI: -82 [da:14:89:f4:01:2c]
RSSI: -85 [da:14:8a:03:01:5c]
RSSI: -85 [da:14:8a:12:01:8c]
RSSI: -91 [da:14:8a:1f:01:ac]
RSSI: -92 [da:14:8a:58:02:6c]
RSSI: -92 [da:14:8a:67:02:9c]
RSSI: -93 [da:14:8a:74:02:bc]
RSSI: -94 [da:14:8a:c9:03:bc]
RSSI: -92 [da:14:8b:02:04:6c]
RSSI: -92 [da:14:8b:66:05:ac]
RSSI: -92 [da:14:8b:73:05:cc]
RSSI: -97 [da:14:8b:9e:06:5c]
RSSI: -97 [da:14:8b:d7:07:0c]
RSSI: -96 [da:14:8c:91:09:4c]
RSSI: -97 [da:14:8c:e7:0a:5c]
RSSI: -91 [da:14:8d:1e:0b:0c]
RSSI: -91 [da:14:8d:2d:0b:3c]
RSSI: -91 [da:14:8d:49:0b:8c]
RSSI: -93 [da:14:8d:83:0c:4c]
RSSI: -98 [da:14:8d:92:0c:7c]
RSSI: -94 [da:14:8d:f4:0d:ac]
RSSI: -93 [da:14:8e:68:0f:1c]
RSSI: -91 [da:14:8e:75:0f:3c]
RSSI: -94 [da:14:8e:da:10:7c]
RSSI: -94 [da:14:8e:da:10:7c]
RSSI: -94 [da:14:8f:f8:13:ec]
RSSI: -92 [da:14:90:07:14:1c]
RSSI: -89 [da:14:90:16:14:4c]
RSSI: -92 [da:14:90:32:14:9c]
RSSI: -92 [da:14:90:41:14:cc]
RSSI: -86 [da:14:90:6c:15:5c]
RSSI: -86 [da:14:90:88:15:ac]
RSSI: -81 [da:14:90:98:15:dc]
RSSI: -92 [da:5b:c5:45:02:ca]
RSSI: -83 [da:14:90:98:15:dc]
RSSI: -79 [da:14:90:a4:15:fc]
RSSI: -78 [da:14:90:b3:16:2c]
RSSI: -92 [da:5b:c5:71:03:3a]
RSSI: -92 [da:5b:c5:80:03:6a]
RSSI: -78 [da:14:90:cf:00:2c]
RSSI: -80 [da:14:90:cf:00:2c]
RSSI: -78 [da:14:90:df:00:5c]
RSSI: -85 [da:14:90:ee:00:8c]
RSSI: -84 [da:14:90:ee:00:8c]
RSSI: -82 [da:14:90:fa:00:ac]
RSSI: -84 [da:14:90:fa:00:ac]
RSSI: -93 [da:5b:c5:b9:04:0a]
RSSI: -84 [da:14:91:0a:00:dc]
RSSI: -85 [da:14:91:19:01:0c]
RSSI: -85 [da:14:91:26:01:3c]
RSSI: -85 [da:14:91:35:01:6c]
RSSI: -86 [da:14:91:35:01:6c]
RSSI: -83 [da:14:91:44:01:9c]
RSSI: -86 [da:14:91:51:01:bc]
RSSI: -93 [da:14:91:c6:03:2c]
RSSI: -95 [da:14:92:0d:03:fc]
RSSI: -94 [da:14:92:47:04:ac]
RSSI: -95 [da:14:92:64:05:0c]
RSSI: -96 [da:14:92:ab:05:ec]
RSSI: -96 [da:14:93:84:08:8c]
RSSI: -95 [da:14:93:be:09:4c]
RSSI: -91 [da:14:94:41:0a:ec]
RSSI: -89 [da:14:94:50:0b:1c]
RSSI: -88 [da:14:94:7b:0b:9c]
RSSI: -89 [da:14:94:88:0b:cc]
RSSI: -91 [da:14:94:b4:0c:4c]
RSSI: -91 [da:14:95:3c:0d:fc]
RSSI: -90 [da:14:95:4c:0e:2c]
RSSI: -94 [da:14:95:87:0e:dc]
RSSI: -89 [da:14:95:bf:0f:8c]
RSSI: -93 [da:14:96:0a:10:7c]
RSSI: -92 [da:14:97:3c:14:2c]
RSSI: -94 [da:14:97:74:14:dc]
RSSI: -90 [da:14:97:74:14:dc]
RSSI: -87 [da:14:97:b0:15:8c]
RSSI: -88 [da:14:97:cc:15:dc]
RSSI: -89 [da:14:97:cc:15:dc]
RSSI: -81 [da:14:97:dc:16:0c]
RSSI: -86 [da:14:97:dc:16:0c]
RSSI: -85 [da:14:97:eb:16:3c]
RSSI: -80 [da:14:97:eb:16:3c]
RSSI: -83 [da:14:97:f8:16:6c]
RSSI: -83 [da:14:97:f8:16:6c]
RSSI: -78 [da:14:97:f8:16:6c]
RSSI: -84 [da:14:98:07:00:0c]
RSSI: -82 [da:14:98:07:00:0c]
RSSI: -78 [da:14:98:17:00:3c]
RSSI: -77 [da:14:98:24:00:5c]
RSSI: -77 [da:14:98:24:00:5c]
RSSI: -82 [da:14:98:33:00:8c]
RSSI: -78 [da:14:98:33:00:8c]
RSSI: -81 [da:14:98:43:00:bc]
RSSI: -91 [da:14:98:4f:00:dc]
RSSI: -79 [da:14:98:5f:01:0c]
RSSI: -84 [da:14:98:6f:01:3c]
RSSI: -81 [da:14:98:6f:01:3c]
RSSI: -85 [da:14:98:7b:01:6c]
RSSI: -85 [da:14:98:7b:01:6c]
RSSI: -94 [da:5b:cd:4c:03:3a]
RSSI: -87 [da:14:98:9b:01:cc]
RSSI: -90 [da:14:98:d3:02:7c]
RSSI: -90 [da:14:98:d3:02:7c]
RSSI: -96 [da:5b:cd:c5:04:9a]
RSSI: -96 [da:5b:cd:c5:04:9a]
RSSI: -93 [da:14:99:67:04:3c]
RSSI: -92 [da:14:99:76:04:6c]
RSSI: -91 [da:14:99:af:05:1c]
RSSI: -93 [da:14:99:eb:05:dc]
RSSI: -94 [da:14:9a:f3:09:1c]
RSSI: -93 [da:14:9b:2f:09:dc]
RSSI: -94 [da:14:9b:3c:09:fc]
RSSI: -90 [da:14:9b:94:0b:0c]
RSSI: -90 [da:14:9b:94:0b:0c]
RSSI: -89 [da:14:9b:c0:0b:9c]
RSSI: -89 [da:14:9b:d0:0b:cc]
RSSI: -93 [da:14:9c:91:0e:2c]
RSSI: -91 [da:14:9c:91:0e:2c]
RSSI: -92 [da:14:9c:91:0e:2c]
RSSI: -94 [da:14:9c:e9:0f:4c]
RSSI: -95 [da:14:9d:15:0f:dc]
RSSI: -95 [da:14:9d:4e:10:8c]
RSSI: -97 [da:14:9d:c7:11:fc]
RSSI: -95 [da:14:9d:d3:12:1c]
RSSI: -95 [da:14:9e:3c:13:6c]
RSSI: -94 [da:14:9e:78:14:1c]
RSSI: -91 [da:14:9e:85:14:4c]
RSSI: -91 [da:14:9e:95:14:7c]
RSSI: -88 [da:14:9e:d1:15:3c]
RSSI: -84 [da:14:9e:de:15:5c]
RSSI: -92 [da:14:9e:ee:15:8c]
RSSI: -81 [da:14:9e:fe:15:bc]
RSSI: -87 [da:14:9e:fe:15:bc]
RSSI: -79 [da:14:9f:0a:15:ec]
RSSI: -78 [da:14:9f:1a:16:1c]
RSSI: -78 [da:14:9f:1a:16:1c]
RSSI: -81 [da:14:9f:2a:16:4c]
RSSI: -81 [da:14:9f:37:16:6c]
RSSI: -76 [da:14:9f:47:00:3c]
RSSI: -80 [da:14:9f:47:00:3c]
RSSI: -86 [da:14:9f:57:00:6c]
RSSI: -85 [da:14:9f:57:00:6c]
RSSI: -76 [da:14:9f:57:00:6c]
RSSI: -83 [da:14:9f:63:00:8c]
RSSI: -79 [da:14:9f:73:00:bc]
RSSI: -83 [da:14:9f:73:00:bc]
RSSI: -76 [da:14:9f:83:00:ec]
RSSI: -79 [da:14:9f:83:00:ec]
RSSI: -77 [da:14:9f:90:01:1c]
RSSI: -77 [da:14:9f:90:01:1c]
RSSI: -85 [da:14:9f:a0:01:4c]
RSSI: -78 [da:14:9f:a0:01:4c]
RSSI: -81 [da:14:9f:b0:01:7c]
RSSI: -84 [da:14:9f:cd:01:cc]
RSSI: -91 [da:14:9f:dc:01:fc]
RSSI: -88 [da:14:a0:09:02:8c]
RSSI: -87 [da:14:a0:16:02:bc]
RSSI: -89 [da:14:a0:26:02:ec]
RSSI: -88 [da:14:a0:36:03:1c]
RSSI: -89 [da:14:a0:42:03:3c]
RSSI: -92 [da:5b:d5:0a:02:ea]
RSSI: -91 [da:5b:d5:30:03:5a]
RSSI: -92 [da:14:a0:7f:03:fc]
RSSI: -91 [da:14:a0:9b:04:4c]
RSSI: -93 [da:5b:d5:56:03:ba]
RSSI: -91 [da:14:a0:bb:04:ac]
RSSI: -90 [da:14:a0:bb:04:ac]
RSSI: -93 [da:5b:d5:7c:04:2a]
RSSI: -89 [da:14:a0:e8:05:3c]
RSSI: -95 [da:14:a1:21:05:ec]
RSSI: -94 [da:14:a1:4e:06:7c]
RSSI: -94 [da:14:a1:8b:07:3c]
RSSI: -95 [da:14:a1:9b:07:6c]
RSSI: -96 [da:14:a2:87:0a:5c]
RSSI: -97 [da:14:a2:98:0a:8c]
RSSI: -95 [da:14:a2:f1:0b:ac]
RSSI: -96 [da:14:a3:da:0e:8c]
RSSI: -96 [da:14:a4:3a:0f:ac]
RSSI: -96 [da:14:a4:3a:0f:ac]
RSSI: -93 [da:14:a5:aa:14:1c]
RSSI: -98 [da:14:a5:b7:14:4c]
RSSI: -94 [da:14:a5:d0:14:9c]
RSSI: -95 [da:14:a6:03:15:3c]
RSSI: -93 [da:14:a6:10:15:5c]
RSSI: -88 [da:14:a6:29:15:ac]
RSSI: -90 [da:14:a6:36:15:cc]
RSSI: -86 [da:14:a6:43:15:fc]
RSSI: -85 [da:14:a6:43:15:fc]
RSSI: -84 [da:14:a6:50:16:1c]
RSSI: -83 [da:14:a6:5d:16:3c]
RSSI: -82 [da:14:a6:69:16:6c]
RSSI: -82 [da:14:a6:69:16:6c]
RSSI: -80 [da:14:a6:69:16:6c]
RSSI: -81 [da:14:a6:76:00:0c]
RSSI: -80 [da:14:a6:83:00:2c]
RSSI: -81 [da:14:a6:90:00:4c]
RSSI: -81 [da:14:a6:90:00:4c]
RSSI: -81 [da:14:a6:9c:00:7c]
RSSI: -81 [da:14:a6:a9:00:9c]
RSSI: -82 [da:14:a6:b6:00:cc]
RSSI: -82 [da:14:a6:b6:00:cc]
RSSI: -83 [da:14:a6:c2:00:ec]
RSSI: -83 [da:14:a6:cf:01:1c]
RSSI: -84 [da:14:a6:dc:01:3c]
RSSI: -84 [da:14:a6:dc:01:3c]
RSSI: -86 [da:14:a6:e9:01:5c]
RSSI: -91 [da:14:a7:02:01:bc]
RSSI: -92 [da:14:a7:4f:02:9c]
RSSI: -94 [da:14:a7:cf:04:2c]
RSSI: -96 [da:14:a7:dc:04:4c]
RSSI: -95 [da:5b:dc:c7:02:9a]
RSSI: -95 [da:5b:dc:d4:02:ba]
RSSI: -95 [da:5b:dc:ee:03:0a]
RSSI: -95 [da:14:a8:69:06:0c]
RSSI: -96 [da:14:a8:a9:06:cc]
RSSI: -94 [da:14:a8:b6:06:fc]
RSSI: -95 [da:14:a8:d0:07:4c]
RSSI: -94 [da:14:a9:29:08:6c]
RSSI: -95 [da:14:a9:29:08:6c]
RSSI: -98 [da:14:a9:aa:09:fc]
RSSI: -96 [da:14:aa:05:0b:1c]
RSSI: -95 [da:14:aa:11:0b:3c]
RSSI: -98 [da:14:aa:5f:0c:2c]
RSSI: -95 [da:14:aa:f9:0e:1c]
RSSI: -96 [da:14:ab:20:0e:8c]
RSSI: -97 [da:14:ab:47:0f:0c]
RSSI: -93 [da:14:ac:f3:14:2c]
RSSI: -94 [da:14:ad:4e:15:4c]
RSSI: -94 [da:14:ad:68:15:9c]
RSSI: -93 [da:14:ad:68:15:9c]
RSSI: -85 [da:14:ad:75:15:bc]
RSSI: -83 [da:14:ad:82:15:ec]
RSSI: -85 [da:14:ad:8f:16:0c]
RSSI: -81 [da:14:ad:9c:16:3c]
RSSI: -81 [da:14:ad:9c:16:3c]
RSSI: -84 [da:14:ad:9c:16:3c]
RSSI: -80 [da:14:ad:a9:16:5c]
RSSI: -82 [da:14:ad:b6:00:0c]
RSSI: -87 [da:14:ad:b6:00:0c]
RSSI: -79 [da:14:ad:c3:00:2c]
RSSI: -82 [da:14:ad:c3:00:2c]
RSSI: -85 [da:14:ad:d0:00:5c]
RSSI: -79 [da:14:ad:d0:00:5c]
RSSI: -82 [da:14:ad:dd:00:7c]
RSSI: -82 [da:14:ad:dd:00:7c]
RSSI: -79 [da:14:ad:ea:00:ac]
RSSI: -82 [da:14:ad:ea:00:ac]
RSSI: -82 [da:14:ad:f7:00:cc]
RSSI: -79 [da:14:ad:f7:00:cc]
RSSI: -80 [da:14:ad:f7:00:cc]
RSSI: -84 [da:14:ae:04:00:fc]
RSSI: -82 [da:14:ae:04:00:fc]
RSSI: -83 [da:14:ae:04:00:fc]
RSSI: -80 [da:14:ae:11:01:1c]
RSSI: -85 [da:14:ae:11:01:1c]
RSSI: -83 [da:14:ae:1e:01:4c]
RSSI: -82 [da:14:ae:1e:01:4c]
RSSI: -84 [da:14:ae:2b:01:6c]
RSSI: -88 [da:14:ae:45:01:bc]
RSSI: -92 [da:14:ae:87:02:8c]
RSSI: -91 [da:14:ae:94:02:ac]
RSSI: -92 [da:14:ae:bb:03:2c]
RSSI: -94 [da:14:ae:c7:03:4c]
RSSI: -96 [da:14:ae:e2:03:9c]
RSSI: -92 [da:14:ae:fc:03:ec]
RSSI: -92 [da:14:af:30:04:8c]
RSSI: -94 [da:14:af:8b:05:ac]
RSSI: -92 [da:14:af:99:05:dc]
RSSI: -98 [da:14:af:e7:06:cc]
RSSI: -93 [da:5b:e4:b8:02:ca]
RSSI: -93 [da:5b:e4:c5:02:ea]
RSSI: -93 [da:5b:e5:15:03:ca]
RSSI: -100 [da:5b:e5:2f:04:1a]
RSSI: -94 [da:5b:e5:3d:04:3a]
RSSI: -94 [da:5b:e5:3d:04:3a]
RSSI: -94 [da:5b:e5:4a:04:5a]
RSSI: -97 [da:5b:e5:65:04:aa]
RSSI: -95 [da:14:b1:2a:0a:bc]
RSSI: -97 [da:14:b1:44:0b:0c]
RSSI: -94 [da:14:b1:6c:0b:8c]
RSSI: -95 [da:14:b1:e2:0c:fc]
RSSI: -96 [da:14:b2:3f:0e:2c]
RSSI: -95 [da:14:b2:b5:0f:9c]
RSSI: -94 [da:14:b2:b5:0f:9c]
RSSI: -94 [da:14:b4:1a:13:ec]
RSSI: -91 [da:14:b4:42:14:5c]
RSSI: -94 [da:14:b4:6a:14:dc]
RSSI: -91 [da:14:b4:77:15:0c]
RSSI: -90 [da:14:b4:ac:15:9c]
RSSI: -82 [da:14:b4:b9:15:cc]
RSSI: -83 [da:14:b4:d4:16:1c]
RSSI: -78 [da:14:b4:e1:16:4c]
RSSI: -88 [da:14:b4:ef:16:6c]
RSSI: -78 [da:14:b4:ef:16:6c]
RSSI: -79 [da:14:b4:fb:00:0c]
RSSI: -86 [da:14:b4:fb:00:0c]
RSSI: -77 [da:14:b5:09:00:2c]
RSSI: -79 [da:14:b5:09:00:2c]
RSSI: -86 [da:14:b5:17:00:5c]
RSSI: -77 [da:14:b5:17:00:5c]
RSSI: -79 [da:14:b5:23:00:7c]
RSSI: -84 [da:14:b5:23:00:7c]
RSSI: -77 [da:14:b5:31:00:ac]
RSSI: -80 [da:14:b5:31:00:ac]
RSSI: -78 [da:14:b5:3e:00:cc]
RSSI: -85 [da:14:b5:4b:00:fc]
RSSI: -82 [da:14:b5:59:01:1c]
RSSI: -81 [da:14:b5:66:01:4c]
RSSI: -81 [da:14:b5:66:01:4c]
RSSI: -88 [da:14:b5:73:01:6c]
RSSI: -89 [da:14:b5:81:01:9c]
RSSI: -93 [da:14:b5:b6:02:3c]
RSSI: -90 [da:14:b5:c3:02:6c]
RSSI: -90 [da:14:b5:c3:02:6c]
RSSI: -91 [da:14:b5:de:02:bc]
RSSI: -93 [da:14:b5:eb:02:dc]
RSSI: -91 [da:14:b6:56:04:2c]
RSSI: -97 [da:14:b6:8a:04:cc]
RSSI: -90 [da:14:b6:98:04:fc]
RSSI: -91 [da:14:b6:ce:05:ac]
RSSI: -91 [da:14:b6:ce:05:ac]
RSSI: -94 [da:14:b7:96:08:1c]
RSSI: -94 [da:14:b7:96:08:1c]
RSSI: -95 [da:5b:ec:6d:02:6a]
RSSI: -95 [da:14:b7:cb:08:bc]
RSSI: -95 [da:5b:ec:95:02:da]
RSSI: -94 [da:5b:ec:cc:03:7a]
RSSI: -96 [da:14:b8:36:0a:0c]
RSSI: -96 [da:5b:ed:2a:04:8a]
RSSI: -92 [da:14:b8:a1:0b:5c]
RSSI: -93 [da:14:b8:d7:0c:0c]
RSSI: -94 [da:14:b8:d7:0c:0c]
RSSI: -96 [da:14:b9:a1:0e:7c]
RSSI: -96 [da:14:b9:e3:0f:4c]
RSSI: -96 [da:14:ba:0c:0f:cc]
RSSI: -98 [da:14:ba:42:10:7c]
RSSI: -94 [da:5a:0b:15:01:6b]
RSSI: -93 [da:14:ba:d6:12:3c]
RSSI: -92 [da:14:ba:f0:12:8c]
RSSI: -91 [da:14:ba:fe:12:bc]
RSSI: -95 [da:14:bb:27:13:2c]
RSSI: -87 [da:14:bb:5d:13:dc]
RSSI: -92 [da:14:bb:6a:13:fc]
RSSI: -83 [da:14:bb:78:14:2c]
RSSI: -85 [da:14:bb:78:14:2c]
RSSI: -83 [da:14:bb:85:14:4c]
RSSI: -87 [da:14:bb:92:14:7c]
RSSI: -85 [da:14:bb:a0:14:ac]
RSSI: -91 [da:14:bb:ae:14:cc]
RSSI: -83 [da:14:bb:bb:14:fc]
RSSI: -87 [da:14:bb:c9:15:1c]
RSSI: -83 [da:14:bb:d7:15:4c]
RSSI: -81 [da:14:bb:d7:15:4c]
RSSI: -80 [da:14:bb:e3:15:7c]
RSSI: -78 [da:14:bb:e3:15:7c]
RSSI: -81 [da:14:bb:f1:15:9c]
RSSI: -81 [da:14:bb:f1:15:9c]
RSSI: -76 [da:14:bb:ff:15:cc]
RSSI: -75 [da:14:bb:ff:15:cc]
RSSI: -74 [da:14:bc:0c:15:ec]
RSSI: -74 [da:14:bc:1a:16:1c]
RSSI: -73 [da:14:bc:28:16:4c]
RSSI: -70 [da:14:bc:34:16:6c]
RSSI: -69 [da:14:bc:34:16:6c]
RSSI: -71 [da:14:bc:42:00:0c]
RSSI: -68 [da:14:bc:42:00:0c]
RSSI: -68 [da:14:bc:50:00:2c]
RSSI: -70 [da:14:bc:50:00:2c]
RSSI: -67 [da:14:bc:5d:00:5c]
RSSI: -67 [da:14:bc:5d:00:5c]
RSSI: -67 [da:14:bc:6b:00:7c]
RSSI: -69 [da:14:bc:79:00:ac]
RSSI: -69 [da:14:bc:79:00:ac]
RSSI: -67 [da:14:bc:86:00:cc]
RSSI: -68 [da:14:bc:94:00:fc]
RSSI: -68 [da:14:bc:94:00:fc]
RSSI: -69 [da:14:bc:a2:01:2c]
RSSI: -71 [da:14:bc:ae:01:4c]
RSSI: -71 [da:14:bc:ae:01:4c]
RSSI: -71 [da:14:bc:ae:01:4c]
RSSI: -73 [da:14:bc:bc:01:7c]
RSSI: -73 [da:14:bc:bc:01:7c]
RSSI: -74 [da:14:bc:bc:01:7c]
RSSI: -74 [da:14:bc:ca:01:9c]
RSSI: -76 [da:14:bc:ca:01:9c]
RSSI: -77 [da:14:bc:d7:01:cc]
RSSI: -79 [da:14:bc:d7:01:cc]
RSSI: -80 [da:14:bc:e5:01:fc]
RSSI: -82 [da:14:bc:e5:01:fc]
RSSI: -86 [da:14:bc:ff:02:4c]
RSSI: -84 [da:14:bd:0d:02:6c]
RSSI: -82 [da:14:bd:1b:02:9c]
RSSI: -80 [da:14:bd:1b:02:9c]
RSSI: -81 [da:14:bd:28:02:cc]
RSSI: -80 [da:14:bd:28:02:cc]
RSSI: -79 [da:14:bd:36:02:ec]
RSSI: -82 [da:14:bd:36:02:ec]
RSSI: -81 [da:14:bd:44:03:1c]
RSSI: -82 [da:14:bd:44:03:1c]
RSSI: -86 [da:14:bd:51:03:3c]
RSSI: -92 [da:14:bd:79:03:bc]
RSSI: -91 [da:14:bd:95:04:0c]
RSSI: -86 [da:14:bd:a2:04:3c]
RSSI: -87 [da:14:bd:a2:04:3c]
RSSI: -90 [da:14:bd:a2:04:3c]
RSSI: -88 [da:14:bd:b0:04:6c]
RSSI: -89 [da:14:bd:b0:04:6c]
RSSI: -92 [da:14:bd:be:04:8c]
RSSI: -92 [da:14:bd:d9:04:dc]
RSSI: -93 [da:14:bd:e7:05:0c]
RSSI: -89 [da:14:bd:f9:05:3c]
RSSI: -93 [da:14:be:09:05:7c]
RSSI: -96 [da:14:be:17:05:9c]
RSSI: -92 [da:14:be:32:05:ec]
RSSI: -92 [da:14:be:69:06:9c]
RSSI: -95 [da:14:be:75:06:cc]
RSSI: -92 [da:14:be:84:06:ec]
RSSI: -91 [da:14:be:84:06:ec]
RSSI: -89 [da:14:be:92:07:1c]
RSSI: -92 [da:14:be:9e:07:4c]
RSSI: -88 [da:14:be:9e:07:4c]
RSSI: -91 [da:14:be:ba:07:9c]
RSSI: -95 [da:14:be:c7:07:cc]
RSSI: -90 [da:14:be:e3:08:1c]
RSSI: -87 [da:14:be:f0:08:4c]
RSSI: -89 [da:14:be:fe:08:7c]
RSSI: -86 [da:14:bf:0c:08:9c]
RSSI: -82 [da:14:bf:19:08:cc]
RSSI: -84 [da:14:bf:35:09:1c]
RSSI: -82 [da:14:bf:35:09:1c]
RSSI: -85 [da:14:bf:42:09:4c]
RSSI: -88 [da:14:bf:42:09:4c]
RSSI: -87 [da:14:bf:50:09:7c]
RSSI: -87 [da:14:bf:93:0a:4c]
RSSI: -87 [da:14:bf:a2:0a:7c]
RSSI: -82 [da:14:bf:b0:0a:9c]
RSSI: -82 [da:14:bf:b0:0a:9c]
RSSI: -87 [da:14:bf:b0:0a:9c]
RSSI: -87 [da:14:bf:bc:0a:cc]
RSSI: -80 [da:14:bf:bc:0a:cc]
RSSI: -84 [da:14:bf:cb:0a:fc]
RSSI: -78 [da:14:bf:d9:0b:2c]
RSSI: -84 [da:14:bf:d9:0b:2c]
RSSI: -84 [da:14:bf:d9:0b:2c]
RSSI: -78 [da:14:bf:e5:0b:4c]
RSSI: -83 [da:14:bf:f3:0b:7c]
RSSI: -79 [da:14:bf:f3:0b:7c]
RSSI: -79 [da:14:c0:0e:0b:cc]
RSSI: -89 [da:14:c0:0e:0b:cc]
RSSI: -87 [da:14:c0:1c:0b:fc]
RSSI: -81 [da:14:c0:1c:0b:fc]
RSSI: -96 [da:5b:f4:dc:03:ea]
RSSI: -90 [da:14:c0:2b:0c:2c]
RSSI: -87 [da:14:c0:37:0c:4c]
RSSI: -86 [da:14:c0:45:0c:7c]
RSSI: -88 [da:14:c0:54:0c:ac]
RSSI: -83 [da:14:c0:60:0c:cc]
RSSI: -82 [da:14:c0:60:0c:cc]
RSSI: -83 [da:14:c0:6e:0c:fc]
RSSI: -85 [da:14:c0:89:0d:4c]
RSSI: -88 [da:14:c0:97:0d:7c]
RSSI: -88 [da:14:c0:97:0d:7c]
RSSI: -85 [da:14:c0:c0:0d:fc]
RSSI: -86 [da:14:c0:cf:0e:2c]
RSSI: -86 [da:14:c0:db:0e:4c]
RSSI: -84 [da:14:c0:e9:0e:7c]
RSSI: -89 [da:14:c0:e9:0e:7c]
RSSI: -86 [da:14:c0:f8:0e:ac]
RSSI: -83 [da:14:c0:f8:0e:ac]
RSSI: -88 [da:14:c1:21:0f:2c]
RSSI: -88 [da:14:c1:2d:0f:4c]
RSSI: -87 [da:14:c1:3c:0f:7c]
RSSI: -86 [da:14:c1:4a:0f:9c]
RSSI: -89 [da:14:c1:56:0f:cc]
RSSI: -91 [da:14:c1:8e:10:7c]
RSSI: -91 [da:14:c1:8e:10:7c]
RSSI: -90 [da:14:c1:c5:11:1c]
RSSI: -94 [da:14:c1:ee:11:9c]
RSSI: -91 [da:14:c1:fb:11:cc]
RSSI: -88 [da:14:c2:09:11:fc]
RSSI: -88 [da:14:c2:09:11:fc]
RSSI: -86 [da:14:c2:18:12:1c]
RSSI: -85 [da:14:c2:18:12:1c]
RSSI: -86 [da:14:c2:24:12:4c]
RSSI: -84 [da:14:c2:24:12:4c]
RSSI: -86 [da:14:c2:33:12:7c]
RSSI: -86 [da:14:c2:33:12:7c]
RSSI: -87 [da:14:c2:41:12:9c]
RSSI: -85 [da:14:c2:4d:12:cc]
RSSI: -84 [da:14:c2:5c:12:ec]
RSSI: -84 [da:14:c2:5c:12:ec]
RSSI: -83 [da:14:c2:5c:12:ec]
RSSI: -83 [da:14:c2:5c:12:ec]
RSSI: -84 [da:14:c2:6a:13:1c]
RSSI: -83 [da:14:c2:6a:13:1c]
RSSI: -82 [da:14:c2:77:13:4c]
RSSI: -85 [da:14:c2:85:13:6c]
RSSI: -86 [da:14:c2:93:13:9c]
RSSI: -87 [da:14:c2:a0:13:bc]
RSSI: -83 [da:14:c2:ae:13:ec]
RSSI: -84 [da:14:c2:ae:13:ec]
RSSI: -81 [da:14:c2:bc:14:1c]
RSSI: -79 [da:14:c2:c9:14:3c]
RSSI: -79 [da:14:c2:c9:14:3c]
RSSI: -76 [da:14:c2:d7:14:6c]
RSSI: -80 [da:14:c2:e6:14:9c]
RSSI: -78 [da:14:c2:e6:14:9c]
RSSI: -85 [da:14:c2:f2:14:bc]
RSSI: -87 [da:14:c2:f2:14:bc]
RSSI: -79 [da:14:c3:01:14:ec]
RSSI: -82 [da:14:c3:1c:15:3c]
RSSI: -81 [da:14:c3:1c:15:3c]
RSSI: -80 [da:14:c3:1c:15:3c]
RSSI: -79 [da:14:c3:1c:15:3c]
RSSI: -76 [da:14:c3:2a:15:6c]
RSSI: -74 [da:14:c3:38:15:9c]
RSSI: -73 [da:14:c3:38:15:9c]
RSSI: -71 [da:14:c3:45:15:bc]
RSSI: -70 [da:14:c3:53:15:ec]
RSSI: -68 [da:14:c3:53:15:ec]
RSSI: -68 [da:14:c3:62:16:0c]
RSSI: -67 [da:14:c3:6e:16:3c]
RSSI: -67 [da:14:c3:6e:16:3c]
RSSI: -68 [da:14:c3:7d:16:5c]
RSSI: -66 [da:14:c3:7d:16:5c]
RSSI: -66 [da:14:c3:8b:00:0c]
RSSI: -67 [da:14:c3:8b:00:0c]
RSSI: -65 [da:14:c3:98:00:2c]
RSSI: -66 [da:14:c3:a6:00:5c]
RSSI: -68 [da:14:c3:b4:00:7c]
RSSI: -68 [da:14:c3:b4:00:7c]
RSSI: -66 [da:14:c3:b4:00:7c]
RSSI: -65 [da:14:c3:c1:00:ac]
RSSI: -69 [da:14:c3:c1:00:ac]
RSSI: -67 [da:14:c3:cf:00:cc]
RSSI: -66 [da:14:c3:cf:00:cc]
RSSI: -70 [da:14:c3:de:00:fc]
RSSI: -68 [da:14:c3:de:00:fc]
RSSI: -69 [da:14:c3:de:00:fc]
RSSI: -72 [da:14:c3:ea:01:2c]
RSSI: -70 [da:14:c3:f9:01:4c]
RSSI: -74 [da:14:c4:07:01:7c]
RSSI: -79 [da:14:c4:14:01:ac]
RSSI: -77 [da:14:c4:14:01:ac]
RSSI: -79 [da:14:c4:22:01:dc]
RSSI: -85 [da:14:c4:22:01:dc]
RSSI: -85 [da:14:c4:30:01:fc]
RSSI: -91 [da:14:c4:30:01:fc]
RSSI: -86 [da:14:c4:4b:02:5c]
RSSI: -77 [da:14:c4:5a:02:7c]
RSSI: -81 [da:14:c4:66:02:ac]
RSSI: -83 [da:14:c4:75:02:dc]
RSSI: -81 [da:14:c4:75:02:dc]
RSSI: -79 [da:14:c4:83:02:fc]
RSSI: -86 [da:14:c4:83:02:fc]
RSSI: -84 [da:14:c4:90:03:2c]
RSSI: -86 [da:14:c4:90:03:2c]
RSSI: -86 [da:14:c4:b9:03:ac]
RSSI: -88 [da:14:c4:c8:03:cc]
RSSI: -91 [da:14:c4:d6:03:fc]
RSSI: -90 [da:14:c4:e3:04:2c]
RSSI: -96 [da:14:c5:29:04:fc]
RSSI: -90 [da:14:c5:52:05:7c]
RSSI: -91 [da:14:c5:52:05:7c]
RSSI: -90 [da:14:c5:7c:05:fc]
RSSI: -92 [da:14:c5:89:06:2c]
RSSI: -89 [da:14:c5:97:06:5c]
RSSI: -93 [da:14:c5:cf:07:0c]
RSSI: -88 [da:14:c5:cf:07:0c]
RSSI: -92 [da:14:c5:dc:07:2c]
RSSI: -86 [da:14:c5:ea:07:5c]
RSSI: -91 [da:14:c5:f9:07:8c]
RSSI: -89 [da:14:c6:14:07:dc]
RSSI: -88 [da:14:c6:14:07:dc]
RSSI: -91 [da:14:c6:2f:08:2c]
RSSI: -93 [da:14:c6:3d:08:5c]
RSSI: -82 [da:14:c6:4c:08:8c]
RSSI: -87 [da:14:c6:58:08:bc]
RSSI: -85 [da:14:c6:67:08:dc]
RSSI: -85 [da:14:c6:67:08:dc]
RSSI: -82 [da:14:c6:75:09:0c]
RSSI: -85 [da:14:c6:75:09:0c]
RSSI: -85 [da:14:c6:82:09:3c]
RSSI: -84 [da:14:c6:82:09:3c]
RSSI: -89 [da:14:c6:91:09:6c]
RSSI: -87 [da:14:c6:ac:09:bc]
RSSI: -96 [da:14:c6:c9:0a:0c]
RSSI: -89 [da:14:c6:d5:0a:3c]
RSSI: -89 [da:14:c6:e4:0a:6c]
RSSI: -85 [da:14:c6:f2:0a:9c]
RSSI: -89 [da:14:c6:ff:0a:bc]
RSSI: -88 [da:14:c6:ff:0a:bc]
RSSI: -86 [da:14:c7:0e:0a:ec]
RSSI: -86 [da:14:c7:0e:0a:ec]
RSSI: -80 [da:14:c7:1c:0b:1c]
RSSI: -84 [da:14:c7:29:0b:3c]
RSSI: -79 [da:14:c7:29:0b:3c]
RSSI: -84 [da:14:c7:37:0b:6c]
RSSI: -87 [da:14:c7:46:0b:9c]
RSSI: -81 [da:14:c7:52:0b:bc]
RSSI: -88 [da:14:c7:61:0b:ec]
RSSI: -84 [da:14:c7:61:0b:ec]
RSSI: -87 [da:14:c7:7c:0c:3c]
RSSI: -87 [da:14:c7:7c:0c:3c]
RSSI: -89 [da:14:c7:99:0c:9c]
RSSI: -83 [da:14:c7:a6:0c:cc]
RSSI: -84 [da:14:c7:b4:0c:ec]
RSSI: -92 [da:5b:fc:95:03:7a]
RSSI: -86 [da:14:c7:f9:0d:cc]
RSSI: -89 [da:14:c8:08:0d:fc]
RSSI: -86 [da:14:c8:08:0d:fc]
RSSI: -87 [da:14:c8:16:0e:2c]
RSSI: -87 [da:14:c8:23:0e:4c]
RSSI: 