]
RSSI: -94 [da:17:2a:48:05:cc]
RSSI: -91 [da:17:2a:64:06:2c]
RSSI: -96 [da:17:2a:64:06:2c]
RSSI: -94 [da:17:2a:71:06:4c]
RSSI: -95 [da:17:2a:99:06:cc]
RSSI: -97 [da:17:2a:d0:07:7c]
RSSI: -96 [da:17:2c:10:0b:4c]
RSSI: -96 [da:17:2c:2c:0b:9c]
RSSI: -97 [da:17:2c:47:0b:fc]
RSSI: -98 [da:17:2c:7d:0c:9c]
RSSI: -95 [da:17:2c:b3:0d:4c]
RSSI: -95 [da:17:2d:13:0e:6c]
RSSI: -95 [da:17:2d:57:0f:3c]
RSSI: -95 [da:17:2d:73:0f:9c]
RSSI: -100 [da:17:2d:b7:10:6c]
RSSI: -94 [da:17:2f:00:14:4c]
RSSI: -93 [da:17:2f:0e:14:7c]
RSSI: -93 [da:17:2f:29:14:cc]
RSSI: -92 [da:17:2f:60:15:6c]
RSSI: -91 [da:17:2f:60:15:6c]
RSSI: -89 [da:17:2f:6d:15:9c]
RSSI: -96 [da:5e:64:3e:02:1a]
RSSI: -88 [da:17:2f:6d:15:9c]
RSSI: -86 [da:17:2f:7b:15:bc]
RSSI: -85 [da:17:2f:89:15:ec]
RSSI: -97 [da:5e:64:59:02:6a]
RSSI: -86 [da:17:2f:89:15:ec]
RSSI: -84 [da:17:2f:96:16:1c]
RSSI: -84 [da:17:2f:96:16:1c]
RSSI: -98 [da:5e:64:67:02:9a]
RSSI: -82 [da:17:2f:a4:16:3c]
RSSI: -83 [da:17:2f:b2:16:6c]
RSSI: -83 [da:17:2f:b2:16:6c]
RSSI: -94 [da:5e:64:91:03:0a]
RSSI: -81 [da:17:2f:bf:00:2c]
RSSI: -82 [da:17:2f:cd:00:5c]
RSSI: -81 [da:17:2f:cd:00:5c]
RSSI: -83 [da:17:2f:dc:00:7c]
RSSI: -80 [da:17:2f:e8:00:ac]
RSSI: -83 [da:17:2f:e8:00:ac]
RSSI: -82 [da:17:2f:f7:00:dc]
RSSI: -81 [da:17:2f:f7:00:dc]
RSSI: -82 [da:17:30:05:00:fc]
RSSI: -85 [da:17:30:12:01:2c]
RSSI: -83 [da:17:30:20:01:5c]
RSSI: -84 [da:17:30:2e:01:7c]
RSSI: -85 [da:17:30:2e:01:7c]
RSSI: -86 [da:17:30:3b:01:ac]
RSSI: -89 [da:17:30:49:01:cc]
RSSI: -96 [da:17:30:49:01:cc]
RSSI: -89 [da:17:30:58:01:fc]
RSSI: -95 [da:17:30:58:01:fc]
RSSI: -94 [da:17:30:8d:02:9c]
RSSI: -92 [da:17:30:9c:02:cc]
RSSI: -84 [da:17:30:9c:02:cc]
RSSI: -95 [da:17:30:aa:02:fc]
RSSI: -92 [da:17:30:aa:02:fc]
RSSI: -89 [da:17:30:b7:03:1c]
RSSI: -98 [da:17:30:d3:03:6c]
RSSI: -95 [da:17:33:94:0b:ec]
RSSI: -95 [da:17:33:a1:0c:1c]
RSSI: -97 [da:17:34:03:0d:4c]
RSSI: -95 [da:17:34:2c:0d:cc]
RSSI: -93 [da:17:34:56:0e:4c]
RSSI: -100 [da:17:34:56:0e:4c]
RSSI: -95 [da:17:34:65:0e:7c]
RSSI: -93 [da:17:34:65:0e:7c]
RSSI: -91 [da:17:34:8e:0e:fc]
RSSI: -94 [da:17:34:9b:0f:1c]
RSSI: -93 [da:17:34:9b:0f:1c]
RSSI: -91 [da:17:34:a9:0f:4c]
RSSI: -94 [da:17:34:b8:0f:7c]
RSSI: -96 [da:17:34:c5:0f:9c]
RSSI: -96 [da:17:34:c5:0f:9c]
RSSI: -98 [da:17:34:d3:0f:cc]
RSSI: -97 [da:17:34:e2:0f:fc]
RSSI: -97 [da:17:34:e2:0f:fc]
RSSI: -97 [da:17:34:ee:10:1c]
RSSI: -95 [da:17:34:ee:10:1c]
RSSI: -92 [da:17:34:fd:10:4c]
RSSI: -96 [da:17:34:fd:10:4c]
RSSI: -93 [da:17:35:0b:10:7c]
RSSI: -94 [da:17:35:35:10:fc]
RSSI: -94 [da:17:35:5f:11:7c]
RSSI: -97 [da:17:35:89:11:fc]
RSSI: -98 [da:17:35:ce:12:cc]
RSSI: -94 [da:17:35:e9:13:1c]
RSSI: -96 [da:17:35:e9:13:1c]
RSSI: -94 [da:17:35:f8:13:4c]
RSSI: -93 [da:17:35:f8:13:4c]
RSSI: -94 [da:17:36:13:13:9c]
RSSI: -93 [da:17:36:13:13:9c]
RSSI: -93 [da:17:36:21:13:cc]
RSSI: -95 [da:17:36:21:13:cc]
RSSI: -95 [da:17:36:30:13:fc]
RSSI: -98 [da:17:36:3d:14:1c]
RSSI: -94 [da:17:36:5a:14:6c]
RSSI: -92 [da:17:36:67:14:9c]
RSSI: -96 [da:17:36:75:14:cc]
RSSI: -93 [da:17:36:84:14:ec]
RSSI: -95 [da:17:36:84:14:ec]
RSSI: -100 [da:17:36:9f:15:3c]
RSSI: -99 [da:17:36:ae:15:6c]
RSSI: -90 [da:17:36:c9:15:bc]
RSSI: -92 [da:17:36:c9:15:bc]
RSSI: -88 [da:17:36:d8:15:ec]
RSSI: -87 [da:17:36:d8:15:ec]
RSSI: -86 [da:17:36:e4:16:0c]
RSSI: -85 [da:17:36:f3:16:3c]
RSSI: -84 [da:17:37:02:16:6c]
RSSI: -84 [da:17:37:02:16:6c]
RSSI: -84 [da:17:37:0e:00:0c]
RSSI: -84 [da:17:37:0e:00:0c]
RSSI: -83 [da:17:37:1d:00:2c]
RSSI: -84 [da:17:37:1d:00:2c]
RSSI: -83 [da:17:37:2b:00:5c]
RSSI: -82 [da:17:37:2b:00:5c]
RSSI: -82 [da:17:37:38:00:7c]
RSSI: -84 [da:17:37:47:00:ac]
RSSI: -83 [da:17:37:47:00:ac]
RSSI: -82 [da:17:37:55:00:dc]
RSSI: -83 [da:17:37:62:00:fc]
RSSI: -82 [da:17:37:62:00:fc]
RSSI: -83 [da:17:37:71:01:2c]
RSSI: -84 [da:17:37:8c:01:7c]
RSSI: -86 [da:17:37:9b:01:ac]
RSSI: -89 [da:17:37:9b:01:ac]
RSSI: -88 [da:17:37:a9:01:dc]
RSSI: -93 [da:17:37:b6:01:fc]
RSSI: -92 [da:17:37:e0:02:7c]
RSSI: -92 [da:17:37:ef:02:ac]
RSSI: -92 [da:17:37:fd:02:dc]
RSSI: -88 [da:17:38:0a:02:fc]
RSSI: -93 [da:17:38:34:03:7c]
RSSI: -96 [da:17:38:43:03:ac]
RSSI: -94 [da:17:38:52:03:dc]
RSSI: -94 [da:17:38:5e:03:fc]
RSSI: -95 [da:17:38:6d:04:2c]
RSSI: -91 [da:17:38:6d:04:2c]
RSSI: -94 [da:17:38:7c:04:5c]
RSSI: -93 [da:17:38:7c:04:5c]
RSSI: -96 [da:17:38:88:04:7c]
RSSI: -92 [da:17:38:c1:05:2c]
RSSI: -91 [da:17:38:d0:05:5c]
RSSI: -93 [da:17:38:dc:05:7c]
RSSI: -91 [da:17:38:eb:05:ac]
RSSI: -90 [da:17:39:07:05:fc]
RSSI: -93 [da:17:39:1b:06:3c]
RSSI: -93 [da:17:39:1b:06:3c]
RSSI: -89 [da:17:39:2b:06:6c]
RSSI: -93 [da:17:39:2b:06:6c]
RSSI: -93 [da:17:39:2b:06:6c]
RSSI: -90 [da:17:39:37:06:9c]
RSSI: -95 [da:17:39:55:06:ec]
RSSI: -94 [da:17:39:62:07:1c]
RSSI: -97 [da:17:39:7f:07:7c]
RSSI: -95 [da:17:39:8c:07:9c]
RSSI: -96 [da:17:39:a9:07:fc]
RSSI: -95 [da:17:39:e0:08:9c]
RSSI: -95 [da:17:39:e0:08:9c]
RSSI: -97 [da:17:39:fe:08:fc]
RSSI: -97 [da:17:3a:28:09:7c]
RSSI: -95 [da:17:3a:35:09:ac]
RSSI: -98 [da:17:3a:fc:0c:0c]
RSSI: -97 [da:17:3b:6c:0d:6c]
RSSI: -94 [da:17:3b:87:0d:bc]
RSSI: -92 [da:17:3b:96:0d:ec]
RSSI: -95 [da:17:3b:a5:0e:1c]
RSSI: -92 [da:17:3b:c1:0e:7c]
RSSI: -95 [da:17:3b:d0:0e:ac]
RSSI: -94 [da:17:3b:d0:0e:ac]
RSSI: -94 [da:17:3b:dc:0e:cc]
RSSI: -93 [da:17:3b:fa:0f:2c]
RSSI: -91 [da:17:3c:07:0f:4c]
RSSI: -93 [da:17:3c:16:0f:7c]
RSSI: -93 [da:17:3c:4f:10:2c]
RSSI: -97 [da:17:3c:5b:10:5c]
RSSI: -95 [da:17:3c:5b:10:5c]
RSSI: -95 [da:17:3c:6a:10:8c]
RSSI: -95 [da:17:3c:6a:10:8c]
RSSI: -96 [da:17:3c:95:11:0c]
RSSI: -94 [da:17:3c:a4:11:2c]
RSSI: -95 [da:17:3c:b1:11:5c]
RSSI: -94 [da:17:3c:ce:11:ac]
RSSI: -96 [da:17:3d:24:12:ac]
RSSI: -96 [da:17:3d:3f:13:0c]
RSSI: -93 [da:17:3d:4e:13:2c]
RSSI: -95 [da:17:3d:5b:13:5c]
RSSI: -93 [da:17:3d:79:13:bc]
RSSI: -96 [da:17:3d:85:13:dc]
RSSI: -96 [da:17:3d:a3:14:3c]
RSSI: -94 [da:17:3d:b0:14:5c]
RSSI: -93 [da:17:3d:bf:14:8c]
RSSI: -96 [da:17:3d:ce:14:bc]
RSSI: -94 [da:17:3d:db:14:dc]
RSSI: -99 [da:17:3d:ea:15:0c]
RSSI: -96 [da:17:3e:14:15:8c]
RSSI: -92 [da:17:3e:23:15:bc]
RSSI: -86 [da:17:3e:30:15:dc]
RSSI: -88 [da:17:3e:3f:16:0c]
RSSI: -86 [da:17:3e:4e:16:3c]
RSSI: -84 [da:17:3e:5a:16:5c]
RSSI: -84 [da:17:3e:5a:16:5c]
RSSI: -84 [da:17:3e:5a:16:5c]
RSSI: -83 [da:17:3e:6a:00:0c]
RSSI: -83 [da:17:3e:79:00:2c]
RSSI: -85 [da:17:3e:79:00:2c]
RSSI: -85 [da:17:3e:79:00:2c]
RSSI: -83 [da:17:3e:85:00:5c]
RSSI: -83 [da:17:3e:95:00:8c]
RSSI: -82 [da:17:3e:95:00:8c]
RSSI: -85 [da:17:3e:a4:00:ac]
RSSI: -83 [da:17:3e:a4:00:ac]
RSSI: -86 [da:17:3e:b0:00:dc]
RSSI: -82 [da:17:3e:bf:01:0c]
RSSI: -83 [da:17:3e:ce:01:2c]
RSSI: -83 [da:17:3e:ce:01:2c]
RSSI: -87 [da:17:3e:db:01:5c]
RSSI: -84 [da:17:3e:db:01:5c]
RSSI: -88 [da:17:3e:ea:01:8c]
RSSI: -86 [da:17:3e:f9:01:ac]
RSSI: -87 [da:17:3e:f9:01:ac]
RSSI: -87 [da:17:3f:06:01:dc]
RSSI: -91 [da:17:3f:06:01:dc]
RSSI: -90 [da:17:3f:15:02:0c]
RSSI: -92 [da:17:3f:30:02:5c]
RSSI: -93 [da:17:3f:30:02:5c]
RSSI: -90 [da:17:3f:3f:02:8c]
RSSI: -97 [da:5e:74:14:02:da]
RSSI: -91 [da:17:3f:4e:02:bc]
RSSI: -91 [da:17:3f:4e:02:bc]
RSSI: -91 [da:17:3f:5b:02:dc]
RSSI: -91 [da:17:3f:5b:02:dc]
RSSI: -88 [da:17:3f:6a:03:0c]
RSSI: -97 [da:17:3f:86:03:5c]
RSSI: -92 [da:17:3f:86:03:5c]
RSSI: -98 [da:17:3f:95:03:8c]
RSSI: -95 [da:17:3f:a4:03:bc]
RSSI: -94 [da:17:3f:c0:04:0c]
RSSI: -91 [da:17:3f:cf:04:3c]
RSSI: -94 [da:17:3f:db:04:5c]
RSSI: -92 [da:17:3f:db:04:5c]
RSSI: -96 [da:17:3f:fa:04:bc]
RSSI: -94 [da:17:40:15:05:0c]
RSSI: -90 [da:17:40:40:05:8c]
RSSI: -91 [da:17:40:40:05:8c]
RSSI: -93 [da:17:40:40:05:8c]
RSSI: -91 [da:17:40:4f:05:bc]
RSSI: -94 [da:17:40:5c:05:ec]
RSSI: -89 [da:17:40:6b:06:1c]
RSSI: -93 [da:17:40:7a:06:3c]
RSSI: -95 [da:17:40:87:06:6c]
RSSI: -92 [da:17:40:a5:06:cc]
RSSI: -97 [da:17:40:c1:07:1c]
RSSI: -98 [da:17:40:ec:07:ac]
RSSI: -97 [da:17:41:33:08:7c]
RSSI: -95 [da:17:42:44:0b:cc]
RSSI: -96 [da:17:42:44:0b:cc]
RSSI: -95 [da:17:42:e1:0d:bc]
RSSI: -93 [da:17:42:f0:0d:ec]
RSSI: -94 [da:17:43:1b:0e:6c]
RSSI: -97 [da:17:43:2a:0e:9c]
RSSI: -96 [da:17:43:2a:0e:9c]
RSSI: -95 [da:17:43:37:0e:cc]
RSSI: -94 [da:17:43:56:0f:1c]
RSSI: -94 [da:17:43:56:0f:1c]
RSSI: -93 [da:17:43:62:0f:4c]
RSSI: -95 [da:17:43:62:0f:4c]
RSSI: -94 [da:17:43:72:0f:7c]
RSSI: -94 [da:17:43:72:0f:7c]
RSSI: -97 [da:17:43:d7:10:ac]
RSSI: -94 [da:17:44:02:11:3c]
RSSI: -96 [da:17:44:1e:11:8c]
RSRSSI: -91 [da:17:51:db:0e:9c]
RSSI: -94 [da:17:53:c6:14:7c]
RSSI: -92 [da:17:53:d6:14:ac]
RSSI: -94 [da:17:54:02:15:2c]
RSSI: -97 [da:17:54:0f:15:5c]
RSSI: -87 [da:17:54:1f:15:8c]
RSSI: -85 [da:17:54:2f:15:bc]
RSSI: -82 [da:17:54:2f:15:bc]
RSSI: -81 [da:17:54:3c:15:dc]
RSSI: -79 [da:17:54:4c:16:0c]
RSSI: -78 [da:17:54:5c:16:3c]
RSSI: -78 [da:17:54:68:16:6c]
RSSI: -78 [da:17:54:68:16:6c]
RSSI: -78 [da:17:54:79:00:0c]
RSSI: -78 [da:17:54:79:00:0c]
RSSI: -82 [da:17:54:89:00:3c]
RSSI: -79 [da:17:54:89:00:3c]
RSSI: -80 [da:17:54:95:00:5c]
RSSI: -80 [da:17:54:95:00:5c]
RSSI: -78 [da:17:54:a5:00:8c]
RSSI: -80 [da:17:54:b5:00:bc]
RSSI: -79 [da:17:54:c2:00:dc]
RSSI: -80 [da:17:54:d2:01:1c]
RSSI: -80 [da:17:54:d2:01:1c]
RSSI: -79 [da:17:54:e2:01:4c]
RSSI: -81 [da:17:54:ef:01:6c]
RSSI: -81 [da:17:54:ef:01:6c]
RSSI: -84 [da:17:54:ff:01:9c]
RSSI: -85 [da:17:54:ff:01:9c]
RSSI: -87 [da:17:55:0f:01:cc]
RSSI: -94 [da:17:55:3c:02:4c]
RSSI: -91 [da:17:55:69:02:dc]
RSSI: -90 [da:17:55:75:02:fc]
RSSI: -95 [da:17:55:85:03:2c]
RSSI: -93 [da:17:55:cf:04:1c]
RSSI: -96 [da:17:55:ef:04:7c]
RSSI: -96 [da:17:55:ef:04:7c]
RSSI: -94 [da:5e:8a:d6:01:2a]
RSSI: -91 [da:5e:8a:f0:01:7a]
RSSI: -94 [da:5e:8a:fd:01:9a]
RSSI: -90 [da:5e:8b:23:02:0a]
RSSI: -94 [da:5e:8b:30:02:2a]
RSSI: -95 [da:5e:8b:3d:02:4a]
RSSI: -90 [da:5e:8b:57:02:9a]
RSSI: -91 [da:5e:8b:63:02:ba]
RSSI: -90 [da:5e:8b:70:02:da]
RSSI: -88 [da:5e:8b:70:02:da]
RSSI: -89 [da:5e:8b:7d:02:fa]
RSSI: -89 [da:5e:8b:8a:03:2a]
RSSI: -89 [da:5e:8b:97:03:4a]
RSSI: -90 [da:5e:8b:a4:03:6a]
RSSI: -92 [da:5e:8b:bd:03:ba]
RSSI: -93 [da:5e:8b:bd:03:ba]
RSSI: -96 [da:5e:8c:57:05:6a]
RSSI: -93 [da:17:5b:9e:15:fc]
RSSI: -93 [da:17:5b:b7:16:4c]
RSSI: -87 [da:17:5b:c4:16:7c]
RSSI: -89 [da:17:5b:d1:00:2c]
RSSI: -85 [da:17:5b:de:00:4c]
RSSI: -85 [da:17:5b:eb:00:7c]
RSSI: -86 [da:17:5c:05:00:cc]
RSSI: -88 [da:17:5c:12:00:ec]
RSSI: -90 [da:17:5c:1f:01:1c]
RSSI: -92 [da:17:5c:38:01:5c]
RSSI: -93 [da:5e:92:f0:01:da]
RSSI: -93 [da:5e:92:fd:01:fa]
RSSI: -93 [da:5e:93:25:02:6a]
RSSI: -93 [da:5e:93:4c:02:da]
RSSI: -95 [da:17:62:90:14:ec]
RSSI: -93 [da:17:62:ec:15:fc]
RSSI: -91 [da:17:62:f9:16:2c]
RSSI: -90 [da:17:63:28:00:2c]
RSSI: -92 [da:17:63:50:00:9c]
RSSI: -99 [da:5e:9a:c9:02:0a]
RSSI: -98 [da:17:6a:0a:15:5c]
RSSI: -94 [da:17:6a:17:15:7c]
RSSI: -90 [da:17:6a:40:15:fc]
RSSI: -89 [da:17:6a:4d:16:2c]
RSSI: -88 [da:17:6a:68:16:7c]
RSSI: -88 [da:17:6a:68:16:7c]
RSSI: -87 [da:17:6a:75:00:2c]
RSSI: -87 [da:17:6a:82:00:5c]
RSSI: -87 [da:17:6a:90:00:7c]
RSSI: -89 [da:17:6a:90:00:7c]
RSSI: -87 [da:17:6a:9e:00:ac]
RSSI: -88 [da:17:6a:aa:00:cc]
RSSI: -89 [da:17:6a:c6:01:2c]
RSSI: -87 [da:17:6a:c6:01:2c]
RSSI: -95 [da:17:6b:3e:02:9c]
RSSI: -98 [da:5e:a2:42:01:0a]
RSSI: -95 [da:5e:a2:6b:01:7a]
RSSI: -97 [da:5e:a2:94:01:ea]
RSSI: -96 [da:5e:a2:e6:02:da]
RSSI: -98 [da:17:71:73:15:ac]
RSSI: -95 [da:17:71:9c:16:2c]
RSSI: -94 [da:17:71:a8:16:4c]
RSSI: -92 [da:17:71:c5:00:0c]
RSSI: -95 [da:17:71:d1:00:2c]
RSSI: -91 [da:17:71:ee:00:7c]
RSSI: -96 [da:17:72:23:01:1c]
RSSI: -94 [da:5e:aa:47:01:da]
RSSI: -96 [da:5e:aa:7f:02:6a]
RSSI: -95 [da:17:78:ce:15:ac]
RSSI: -94 [da:17:78:f8:16:2c]
RSSI: -92 [da:17:79:06:16:4c]
RSSI: -91 [da:17:79:13:16:7c]
RSSI: -92 [da:17:79:30:00:5c]
RSSI: -92 [da:17:79:66:00:fc]
RSSI: -99 [da:5e:b2:0a:01:aa]
RSSI: -99 [da:5e:b2:6e:02:ca]
RSSI: -95 [da:17:7f:f0:15:1c]
RSSI: -93 [da:17:80:27:15:cc]
RSSI: -91 [da:17:80:51:16:4c]
RSSI: -89 [da:17:80:60:16:6c]
RSSI: -89 [da:17:80:99:00:7c]
RSSI: -94 [da:17:80:a6:00:ac]
RSSI: -94 [da:17:80:b5:00:dc]
RSSI: -97 [da:17:80:ee:01:8c]
RSSI: -99 [da:5e:b9:bf:01:9a]
RSSI: -95 [da:5e:ba:25:02:ba]
RSSI: -97 [da:5e:ba:32:02:ea]
RSSI: -98 [da:17:87:e3:00:8c]
RSSI: -95 [da:5e:c1:8e:01:ca]
RSSI: -94 [da:5e:c1:ca:02:6a]
RSSI: -93 [da:5e:c1:ca:02:6a]
RSSI: -96 [da:5e:c2:06:03:1a]
RSSI: -95 [da:17:8e:c1:15:ac]
RSSI: -95 [da:17:8f:35:00:8c]
RSSI: -95 [da:17:8f:61:01:0c]
RSSI: -98 [da:5e:c9:23:01:2a]
RSSI: -96 [da:5e:c9:5c:01:ca]
RSSI: -97 [da:5e:c9:7c:02:2a]
RSSI: -92 [da:17:95:ee:15:4c]
RSSI: -93 [da:17:96:0a:15:9c]
RSSI: -91 [da:17:96:1a:15:cc]
RSSI: -90 [da:17:96:2a:15:fc]
RSSI: -89 [da:17:96:57:00:0c]
RSSI: -89 [da:17:96:57:00:0c]
RSSI: -89 [da:17:96:83:00:8c]
RSSI: -88 [da:17:96:90:00:ac]
RSSI: -90 [da:17:96:90:00:ac]
RSSI: -89 [da:17:96:a0:00:dc]
RSSI: -92 [da:17:96:cc:01:6c]
RSSI: -92 [da:17:96:cc:01:6c]
RSSI: -97 [da:5e:d1:1a:01:ba]
RSSI: -97 [da:5e:d1:41:02:1a]
RSSI: -95 [da:5e:d1:67:02:8a]
RSSI: -96 [da:17:9d:52:15:7c]
RSSI: -90 [da:17:9d:79:15:ec]
RSSI: -90 [da:17:9d:85:16:0c]
RSSI: -89 [da:17:9d:9f:16:5c]
RSSI: -95 [da:17:9d:b8:00:2c]
RSSI: -90 [da:17:9d:c5:00:4c]
RSSI: -90 [da:17:9d:df:00:9c]
RSSI: -89 [da:17:9d:ec:00:cc]
RSSI: -91 [da:17:9e:05:01:0c]
RSSI: -96 [da:5e:d8:d2:01:9a]
RSSI: -95 [da:5e:d9:1b:02:6a]
RSSI: -95 [da:5e:d9:35:02:aa]
RSSI: -95 [da:5e:d9:43:02:da]
RSSI: -96 [da:5e:d9:5d:03:2a]
RSSI: -95 [da:5e:d9:5d:03:2a]
RSSI: -92 [da:17:a4:b7:15:ac]
RSSI: -91 [da:17:a4:d1:15:fc]
RSSI: -91 [da:17:a5:05:00:0c]
RSSI: -95 [da:17:a5:1f:00:4c]
RSSI: -96 [da:17:a5:46:00:cc]
RSSI: -96 [da:5e:e0:c9:02:0a]
RSSI: -96 [da:5e:e0:f2:02:8a]
RSSI: -94 [da:17:ac:2f:15:fc]
RSSI: -95 [da:17:ac:c2:01:4c]
RSSI: -98 [da:17:b3:5b:15:8c]
RSSI: -91 [da:17:b3:67:15:bc]
RSSI: -94 [da:17:b3:83:16:0c]
RSSI: -97 [da:5e:e8:70:01:da]
RSSI: -92 [da:17:b3:b8:00:2c]
RSSI: -95 [da:17:b3:ef:00:cc]
RSSI: -96 [da:17:b3:fd:00:fc]
RSSI: -98 [da:17:ba:5d:14:9c]
RSSI: -92 [da:17:ba:ca:15:dc]
RSSI: -91 [da:17:ba:d8:16:0c]
RSSI: -90 [da:17:ba:f3:16:5c]
RSSI: -89 [da:17:bb:02:00:0c]
RSSI: -90 [da:17:bb:02:00:0c]
RSSI: -93 [da:17:bb:1d:00:5c]
RSSI: -90 [da:17:bb:2b:00:7c]
RSSI: -90 [da:17:bb:2b:00:7c]
RSSI: -89 [da:17:bb:54:00:fc]
RSSI: -92 [da:17:bb:63:01:2c]
RSSI: -97 [da:17:bb:df:02:ac]
RSSI: -97 [da:17:bb:ec:02:cc]
RSSI: -96 [da:17:c2:02:15:8c]
RSSI: -93 [da:17:c2:1d:15:dc]
RSSI: -91 [da:17:c2:2c:16:0c]
RSSI: -89 [da:17:c2:64:00:2c]
RSSI: -89 [da:17:c2:71:00:5c]
RSSI: -89 [da:17:c2:71:00:5c]
RSSI: -89 [da:17:c2:80:00:8c]
RSSI: -91 [da:17:c2:9b:00:dc]
RSSI: -94 [da:17:c2:c5:01:5c]
RSSI: -97 [da:17:c9:0b:14:ac]
RSSI: -93 [da:17:c9:61:15:ac]
RSSI: -91 [da:17:c9:6d:15:dc]
RSSI: -87 [da:17:c9:98:16:5c]
RSSI: -86 [da:17:c9:a7:00:0c]
RSSI: -85 [da:17:c9:d2:00:8c]
RSSI: -89 [da:17:ca:0c:01:3c]
RSSI: -89 [da:17:ca:0c:01:3c]
RSSI: -97 [da:17:ca:6e:02:5c]
RSSI: -97 [da:5f:00:44:03:2a]
RSSI: -98 [da:17:cd:68:0b:9c]
RSSI: -94 [da:17:d0:9f:15:7c]
RSSI: -92 [da:17:d0:ca:15:fc]
RSSI: -91 [da:17:d0:d7:16:1c]
RSSI: -90 [da:17:d0:e6:16:4c]
RSSI: -90 [da:17:d1:02:00:2c]
RSSI: -93 [da:17:d1:21:00:8c]
RSSI: -92 [da:17:d1:2e:00:ac]
RSSI: -92 [da:17:d1:4d:01:0c]
RSSI: -95 [da:17:d1:59:01:2c]
RSSI: -94 [da:17:d1:6e:01:6c]
RSSI: -95 [da:5f:07:78:01:9a]
RSSI: -97 [da:5f:07:88:01:ca]
RSSI: -96 [da:5f:07:f0:02:ea]
RSSI: -99 [da:5f:07:fd:03:0a]
RSSI: -96 [da:17:d7:d5:15:2c]
RSSI: -93 [da:17:d7:f1:15:7c]
RSSI: -93 [da:17:d8:0e:15:cc]
RSSI: -93 [da:17:d8:1e:15:fc]
RSSI: -90 [da:17:d8:4a:00:0c]
RSSI: -90 [da:17:d8:59:00:2c]
RSSI: -90 [da:17:d8:66:00:5c]
RSSI: -89 [da:17:d8:86:00:bc]
RSSI: -91 [da:17:d8:92:00:dc]
RSSI: -91 [da:17:d8:a2:01:0c]
RSSI: -97 [da:5f:0f:4a:01:9a]
RSSI: -95 [da:5f:0f:5a:01:ca]
RSSI: -95 [da:17:df:3e:15:6c]
RSSI: -92 [da:17:df:4e:15:9c]
RSSI: -92 [da:17:df:88:16:4c]
RSSI: -87 [da:17:df:88:16:4c]
RSSI: -86 [da:17:df:98:16:7c]
RSSI: -93 [da:17:df:a8:00:3c]
RSSI: -87 [da:17:df:b5:00:5c]
RSSI: -88 [da:17:df:c5:00:8c]
RSSI: -88 [da:17:df:d5:00:bc]
RSSI: -91 [da:17:e0:02:01:4c]
RSSI: -97 [da:17:e0:71:02:9c]
RSSI: -98 [da:5f:17:2c:02:0a]
RSSI: -98 [da:17:e6:71:15:1c]
RSSI: -96 [da:17:e6:8b:15:5c]
RSSI: -93 [da:17:e6:98:15:8c]
RSSI: -94 [da:17:e6:e5:16:6c]
RSSI: -92 [da:17:e7:0c:00:4c]
RSSI: -93 [da:17:e7:0c:00:4c]
RSSI: -94 [da:17:e7:33:00:cc]
RSSI: -93 [da:17:e7:33:00:cc]
RSSI: -97 [da:5f:1e:e3:01:ba]
RSSI: -100 [da:5f:1f:3f:02:ca]
RSSI: -94 [da:17:ed:f3:15:8c]
RSSI: -91 [da:17:ee:1b:15:fc]
RSSI: -92 [da:17:ee:35:16:4c]
RSSI: -89 [da:17:ee:42:16:7c]
RSSI: -88 [da:17:ee:4f:00:2c]
RSSI: -88 [da:17:ee:6a:00:7c]
RSSI: -90 [da:17:ee:77:00:9c]
RSSI: -90 [da:17:ee:77:00:9c]
RSSI: -96 [da:17:ee:c6:01:8c]
RSSI: -97 [da:17:f4:f4:14:9c]
RSSI: -95 [da:17:f5:36:15:6c]
RSSI: -92 [da:17:f5:5f:15:dc]
RSSI: -92 [da:17:f5:5f:15:dc]
RSSI: -90 [da:17:f5:6d:16:0c]
RSSI: -90 [da:17:f5:87:16:4c]
RSSI: -89 [da:17:f5:95:16:7c]
RSSI: -93 [da:17:f5:bd:00:4c]
RSSI: -88 [da:17:f5:bd:00:4c]
RSSI: -93 [da:17:f5:d7:00:9c]
RSSI: -95 [da:17:f5:d7:00:9c]
RSSI: -97 [da:5f:2e:74:01:aa]
RSSI: -97 [da:5f:2e:8f:01:fa]
RSSI: -96 [da:5f:2e:b8:02:6a]
RSSI: -94 [da:17:fc:b2:15:bc]
RSSI: -95 [da:17:fc:c0:15:dc]
RSSI: -92 [da:17:fc:e9:16:5c]
RSSI: -92 [da:17:fd:04:00:5c]
RSSI: -91 [da:17:fd:12:00:7c]
RSSI: -92 [da:17:fd:2d:00:dc]
RSSI: -92 [da:17:fd:3b:00:fc]
RSSI: -95 [da:17:fd:56:01:5c]
RSSI: -96 [da:17:fd:64:01:7c]
RSSI: -96 [da:5f:36:ac:02:ea]
RSSI: -96 [da:18:04:3e:00:0c]
RSSI: -95 [da:18:04:59:00:5c]
RSSI: -91 [da:18:04:68:00:7c]
RSSI: -96 [da:18:04:83:00:dc]
RSSI: -97 [da:5f:3d:ea:01:3a]
RSSI: -95 [da:5f:3e:40:02:2a]
RSSI: -96 [da:5f:3e:89:02:fa]
RSSI: -95 [da:18:0b:73:16:2c]
RSSI: -96 [da:18:0b:73:16:2c]
RSSI: -92 [da:18:0b:ac:00:2c]
RSSI: -93 [da:18:0b:ac:00:2c]
RSSI: -92 [da:18:0b:d6:00:ac]
RSSI: -95 [da:5f:45:d2:01:ba]
RSSI: -94 [da:5f:45:e2:01:ea]
RSSI: -94 [da:5f:46:1c:02:8a]
RSSI: -94 [da:5f:46:1c:02:8a]
RSSI: -94 [da:5f:46:48:03:0a]
RSSI: -95 [da:18:12:cf:16:0c]
RSSI: -98 [da:18:12:fa:00:2c]
RSSI: -91 [da:18:13:09:00:5c]
RSSI: -89 [da:18:13:16:00:8c]
RSSI: -90 [da:18:13:41:01:0c]
RSSI: -92 [da:18:13:50:01:3c]
RSSI: -100 [da:5f:4d:60:00:fa]
RSSI: -97 [da:5f:4d:8c:01:7a]
RSSI: -96 [da:18:1a:15:15:fc]
RSSI: -92 [da:18:1a:60:00:2c]
RSSI: -91 [da:18:1a:6c:00:5c]
RSSI: -95 [da:5f:55:55:01:7a]
RSSI: -96 [da:5f:55:8e:02:1a]
RSSI: -94 [da:5f:55:9e:02:4a]
RSSI: -94 [da:18:21:66:15:bc]
RSSI: -93 [da:18:21:93:16:3c]
RSSI: -90 [da:18:21:a3:16:6c]
RSSI: -90 [da:18:21:bf:00:3c]
RSSI: -93 [da:18:21:cf:00:6c]
RSSI: -89 [da:18:21:ec:00:bc]
RSSI: -89 [da:18:21:ec:00:bc]
RSSI: -90 [da:18:21:fc:00:ec]
RSSI: -93 [da:18:22:29:01:6c]
RSSI: -96 [da:5f:5d:15:01:4a]
RSSI: -94 [da:5f:5d:3c:01:ba]
RSSI: -95 [da:5f:5d:49:01:da]
RSSI: -93 [da:5f:5d:63:02:2a]
RSSI: -96 [da:18:28:99:15:3c]
RSSI: -93 [da:5f:5d:89:02:8a]
RSSI: -94 [da:5f:5d:b0:02:fa]
RSSI: -92 [da:18:29:00:16:6c]
RSSI: -90 [da:18:29:0c:00:2c]
RSSI: -90 [da:18:29:33:00:9c]
RSSI: -93 [da:18:29:73:01:5c]
RSSI: -93 [da:18:30:1e:15:dc]
RSSI: -93 [da:18:30:1e:15:dc]
RSSI: -93 [da:5f:65:2d:02:3a]
RSSI: -93 [da:5f:65:3a:02:5a]
RSSI: -95 [da:5f:65:62:02:ca]
RSSI: -93 [da:18:30:94:00:9c]
RSSI: -96 [da:18:30:bb:01:1c]
RSSI: -96 [da:18:37:34:14:fc]
RSSI: -92 [da:18:37:5c:15:6c]
RSSI: -92 [da:18:37:77:15:bc]
RSSI: -91 [da:18:37:84:15:ec]
RSSI: -89 [da:18:37:9f:16:3c]
RSSI: -91 [da:18:37:ac:16:5c]
RSSI: -89 [da:18:37:c7:00:5c]
RSSI: -92 [da:18:37:e1:00:ac]
RSSI: -93 [da:18:38:09:01:2c]
RSSI: -93 [da:5f:6c:e4:01:ea]
RSSI: -95 [da:5f:6d:35:02:ca]
RSSI: -97 [da:18:38:f9:03:fc]
RSSI: -101 [da:18:3e:56:14:8c]
RSSI: -93 [da:18:3e:a7:15:7c]
RSSI: -92 [da:18:3e:b5:15:9c]
RSSI: -92 [da:18:3e:de:16:1c]
RSSI: -93 [da:18:3f:07:00:0c]
RSSI: -95 [da:18:3f:2f:00:7c]
RSSI: -95 [da:18:3f:2f:00:7c]
RSSI: -93 [da:18:3f:65:01:1c]
RSSI: -95 [da:5f:74:79:01:5a]
RSSI: -95 [da:5f:74:a2:01:ca]
RSSI: -94 [da:5f:74:ae:01:fa]
RSSI: -93 [da:5f:74:cb:02:4a]
RSSI: -93 [da:5f:74:d8:02:6a]
RSSI: -94 [da:18:46:54:16:6c]
RSSI: -94 [da:18:46:62:00:0c]
RSSI: -93 [da:18:46:b5:00:fc]
RSSI: -98 [da:5f:7c:29:01:0a]
RSSI: -97 [da:5f:7c:7d:01:fa]
RSSI: -99 [da:18:4b:61:0f:6c]
RSSI: -92 [da:18:4d:6f:15:ac]
RSSI: -94 [da:18:4d:7e:15:dc]
RSSI: -90 [da:18:4d:a8:16:5c]
RSSI: -90 [da:18:4d:b4:16:7c]
RSSI: -89 [da:18:4d:d2:00:5c]
RSSI: -90 [da:18:4e:09:00:fc]
RSSI: -98 [da:5f:84:41:01:ea]
RSSI: -98 [da:5f:84:97:02:ca]
RSSI: -94 [da:18:54:a2:15:4c]
RSSI: -93 [da:18:54:da:15:fc]
RSSI: -92 [da:18:54:e9:16:1c]
RSSI: -90 [da:18:55:14:00:2c]
RSSI: -92 [da:18:55:30:00:8c]
RSSI: -90 [da:18:55:3f:00:bc]
RSSI: -96 [da:18:55:79:01:6c]
RSSI: -96 [da:5f:8b:f4:01:9a]
RSSI: -96 [da:5f:8c:2f:02:3a]
RSSI: -95 [da:5f:8c:2f:02:3a]
RSSI: -98 [da:5f:8c:3b:02:5a]
RSSI: -99 [da:18:59:91:0e:1c]
RSSI: -97 [da:18:5b:f8:15:6c]
RSSI: -92 [da:18:5c:07:15:8c]
RSSI: -88 [da:18:5c:33:16:1c]
RSSI: -87 [da:18:5c:33:16:1c]
RSSI: -84 [da:18:5c:42:16:4c]
RSSI: -83 [da:18:5c:42:16:4c]
RSSI: -82 [da:18:5c:4f:16:6c]
RSSI: -80 [da:18:5c:6e:00:2c]
RSSI: -82 [da:18:5c:7b:00:5c]
RSSI: -79 [da:18:5c:7b:00:5c]
RSSI: -85 [da:18:5c:8a:00:8c]
RSSI: -81 [da:18:5c:9a:00:bc]
RSSI: -83 [da:18:5c:a6:00:dc]
RSSI: -84 [da:18:5c:a6:00:dc]
RSSI: -82 [da:18:5c:a6:00:dc]
RSSI: -88 [da:18:5c:b6:01:0c]
RSSI: -88 [da:18:5c:c5:01:3c]
RSSI: -87 [da:18:5c:e1:01:8c]
RSSI: -98 [da:18:5d:1d:02:4c]
RSSI: -90 [da:18:5d:39:02:9c]
RSSI: -91 [da:18:5d:48:02:cc]
RSSI: -91 [da:18:5d:55:02:ec]
RSSI: -94 [da:18:5d:64:03:1c]
RSSI: -96 [da:18:5d:90:03:ac]
RSSI: -97 [da:18:5e:13:05:3c]
RSSI: -90 [da:18:5e:5b:06:1c]
RSSI: -92 [da:18:5e:6b:06:4c]
RSSI: -98 [da:18:5e:87:06:ac]
RSSI: -95 [da:5f:93:a3:01:4a]
RSSI: -92 [da:5f:93:fb:02:4a]
RSSI: -92 [da:5f:93:fb:02:4a]
RSSI: -90 [da:5f:94:0b:02:6a]
RSSI: -94 [da:5f:94:64:03:6a]
RSSI: -92 [da:18:60:06:0b:4c]
RSSI: -97 [da:18:60:d2:0d:cc]
RSSI: -95 [da:18:61:0e:0e:8c]
RSSI: -96 [da:18:63:69:15:bc]
RSSI: -95 [da:18:63:69:15:bc]
RSSI: -93 [da:18:63:b1:00:0c]
RSSI: -96 [da:18:64:0a:01:0c]
RSSI: -95 [da:5f:9b:95:01:9a]
RSSI: -94 [da:5f:9b:a2:01:ba]
RSSI: -92 [da:5f:9c:0b:02:da]
RSSI: -92 [da:5f:9c:0b:02:da]
RSSI: -93 [da:5f:9c:31:03:4a]
