RSSI: -93 [da:19:30:c3:16:5c]
RSSI: -98 [da:19:38:3b:00:2c]
RSSI: -96 [da:60:6f:35:02:6a]
RSSI: -94 [da:19:3f:41:15:cc]
RSSI: -90 [da:19:3f:68:16:3c]
RSSI: -88 [da:19:3f:8e:00:2c]
RSSI: -89 [da:19:3f:8e:00:2c]
RSSI: -89 [da:19:3f:b5:00:9c]
RSSI: -92 [da:19:3f:dc:01:1c]
RSSI: -98 [da:60:76:b4:01:6a]
RSSI: -97 [da:60:76:dc:01:da]
RSSI: -96 [da:60:77:03:02:4a]
RSSI: -97 [da:60:77:0f:02:6a]
RSSI: -97 [da:19:46:99:15:cc]
RSSI: -98 [da:19:46:a7:15:fc]
RSSI: -91 [da:19:46:c1:16:4c]
RSSI: -92 [da:19:46:c1:16:4c]
RSSI: -90 [da:19:46:e8:00:2c]
RSSI: -90 [da:19:47:10:00:ac]
RSSI: -90 [da:19:47:1d:00:cc]
RSSI: -95 [da:60:7e:a7:01:ea]
RSSI: -96 [da:60:7e:b4:02:0a]
RSSI: -95 [da:60:7e:dc:02:7a]
RSSI: -97 [da:19:4d:f5:15:cc]
RSSI: -94 [da:19:4e:02:15:fc]
RSSI: -92 [da:19:4e:2a:16:6c]
RSSI: -90 [da:19:4e:52:00:7c]
RSSI: -92 [da:19:4e:7b:00:fc]
RSSI: -95 [da:19:4e:88:01:1c]
RSSI: -99 [da:19:4e:a3:01:6c]
RSSI: -98 [da:60:86:49:01:3a]
RSSI: -96 [da:60:86:72:01:aa]
RSSI: -97 [da:60:86:9a:02:1a]
RSSI: -96 [da:60:86:a7:02:3a]
RSSI: -97 [da:60:86:c3:02:8a]
RSSI: -93 [da:19:55:61:16:1c]
RSSI: -90 [da:19:55:98:00:2c]
RSSI: -91 [da:19:55:c1:00:ac]
RSSI: -96 [da:19:55:ea:01:2c]
RSSI: -96 [da:60:8e:3f:01:aa]
RSSI: -95 [da:60:8e:3f:01:aa]
RSSI: -96 [da:60:8e:4e:01:da]
RSSI: -96 [da:60:8e:78:02:4a]
RSSI: -92 [da:19:5c:a4:15:dc]
RSSI: -90 [da:19:5c:ce:16:5c]
RSSI: -90 [da:19:5c:dc:00:0c]
RSSI: -93 [da:19:5d:30:01:0c]
RSSI: -92 [da:19:64:0f:16:2c]
RSSI: -90 [da:19:64:39:00:2c]
RSSI: -90 [da:19:64:39:00:2c]
RSSI: -91 [da:19:64:72:00:dc]
RSSI: -92 [da:19:64:7f:01:0c]
RSSI: -95 [da:19:64:9d:01:5c]
RSSI: -98 [da:19:68:1c:0c:2c]
RSSI: -97 [da:19:68:1c:0c:2c]
RSSI: -94 [da:19:68:7f:0d:5c]
RSSI: -94 [da:19:68:c8:0e:4c]
RSSI: -95 [da:19:68:d4:0e:6c]
RSSI: -96 [da:60:9d:d7:01:6a]
RSSI: -93 [da:19:69:1d:0f:4c]
RSSI: -97 [da:60:9e:02:01:ea]
RSSI: -96 [da:19:6a:2c:12:8c]
RSSI: -93 [da:19:6a:ad:14:1c]
RSSI: -96 [da:19:6a:f6:14:fc]
RSSI: -87 [da:19:6b:22:15:7c]
RSSI: -86 [da:19:6b:22:15:7c]
RSSI: -88 [da:19:6b:2e:15:9c]
RSSI: -84 [da:19:6b:2e:15:9c]
RSSI: -87 [da:19:6b:3d:15:cc]
RSSI: -86 [da:19:6b:3d:15:cc]
RSSI: -87 [da:19:6b:4d:15:fc]
RSSI: -82 [da:19:6b:59:16:2c]
RSSI: -85 [da:19:6b:69:16:5c]
RSSI: -82 [da:19:6b:69:16:5c]
RSSI: -85 [da:19:6b:78:16:7c]
RSSI: -85 [da:19:6b:78:16:7c]
RSSI: -84 [da:19:6b:84:00:2c]
RSSI: -83 [da:19:6b:84:00:2c]
RSSI: -82 [da:19:6b:94:00:5c]
RSSI: -84 [da:19:6b:94:00:5c]
RSSI: -83 [da:19:6b:a3:00:8c]
RSSI: -83 [da:19:6b:a3:00:8c]
RSSI: -84 [da:19:6b:b0:00:ac]
RSSI: -82 [da:19:6b:b0:00:ac]
RSSI: -85 [da:19:6b:bf:00:dc]
RSSI: -83 [da:19:6b:bf:00:dc]
RSSI: -86 [da:19:6b:ce:01:0c]
RSSI: -85 [da:19:6b:db:01:2c]
RSSI: -90 [da:19:6b:ea:01:5c]
RSSI: -88 [da:19:6b:ea:01:5c]
RSSI: -88 [da:19:6b:ea:01:5c]
RSSI: -93 [da:19:6c:40:02:6c]
RSSI: -94 [da:19:6c:50:02:9c]
RSSI: -95 [da:19:6d:6f:05:fc]
RSSI: -92 [da:19:6d:8b:06:5c]
RSSI: -97 [da:19:6e:57:08:dc]
RSSI: -98 [da:19:6f:12:0b:1c]
RSSI: -98 [da:19:6f:4d:0b:dc]
RSSI: -98 [da:19:6f:78:0c:5c]
RSSI: -95 [da:19:70:10:0e:3c]
RSSI: -95 [da:19:70:1d:0e:5c]
RSSI: -95 [da:19:70:1d:0e:5c]
RSSI: -96 [da:19:70:93:0f:cc]
RSSI: -97 [da:60:a5:c2:01:ba]
RSSI: -97 [da:60:a5:fe:02:6a]
RSSI: -95 [da:60:a6:0e:02:9a]
RSSI: -97 [da:19:71:5e:12:3c]
RSSI: -95 [da:19:71:8a:12:bc]
RSSI: -98 [da:19:71:f1:13:fc]
RSSI: -93 [da:19:71:fd:14:1c]
RSSI: -92 [da:19:72:1d:14:7c]
RSSI: -94 [da:19:72:48:15:0c]
RSSI: -94 [da:19:72:65:15:5c]
RSSI: -88 [da:19:72:74:15:8c]
RSSI: -87 [da:19:72:81:15:ac]
RSSI: -86 [da:19:72:81:15:ac]
RSSI: -86 [da:19:72:81:15:ac]
RSSI: -86 [da:19:72:90:15:dc]
RSSI: -85 [da:19:72:ad:16:3c]
RSSI: -87 [da:19:72:ad:16:3c]
RSSI: -86 [da:19:72:bc:16:6c]
RSSI: -85 [da:19:72:bc:16:6c]
RSSI: -85 [da:19:72:cc:00:0c]
RSSI: -85 [da:19:72:d8:00:2c]
RSSI: -87 [da:19:72:e8:00:5c]
RSSI: -86 [da:19:72:e8:00:5c]
RSSI: -88 [da:19:73:04:00:ac]
RSSI: -87 [da:19:73:14:00:dc]
RSSI: -93 [da:19:73:6c:01:ec]
RSSI: -91 [da:19:74:9f:05:9c]
RSSI: -92 [da:19:74:9f:05:9c]
RSSI: -91 [da:19:74:af:05:cc]
RSSI: -91 [da:19:74:db:06:5c]
RSSI: -93 [da:19:74:e8:06:7c]
RSSI: -97 [da:19:75:c4:09:2c]
RSSI: -97 [da:19:76:85:0b:7c]
RSSI: -95 [da:19:76:f9:0c:ec]
RSSI: -94 [da:19:77:09:0d:1c]
RSSI: -97 [da:19:77:45:0d:dc]
RSSI: -94 [da:19:77:52:0d:fc]
RSSI: -97 [da:19:77:7e:0e:8c]
RSSI: -94 [da:19:77:7e:0e:8c]
RSSI: -96 [da:19:77:bb:0f:4c]
RSSI: -95 [da:19:77:ca:0f:7c]
RSSI: -97 [da:60:ad:48:00:fa]
RSSI: -97 [da:60:ad:65:01:4a]
RSSI: -95 [da:19:78:e1:12:cc]
RSSI: -95 [da:19:78:f1:12:fc]
RSSI: -96 [da:19:79:4a:14:0c]
RSSI: -91 [da:19:79:a3:15:1c]
RSSI: -91 [da:19:79:a3:15:1c]
RSSI: -89 [da:19:79:c0:15:7c]
RSSI: -87 [da:19:79:d0:15:ac]
RSSI: -85 [da:19:79:df:15:dc]
RSSI: -86 [da:19:79:ec:15:fc]
RSSI: -84 [da:19:79:ec:15:fc]
RSSI: -85 [da:19:79:fc:16:2c]
RSSI: -83 [da:19:7a:0c:16:5c]
RSSI: -83 [da:19:7a:0c:16:5c]
RSSI: -83 [da:19:7a:19:16:7c]
RSSI: -82 [da:19:7a:19:16:7c]
RSSI: -84 [da:19:7a:29:00:3c]
RSSI: -82 [da:19:7a:29:00:3c]
RSSI: -83 [da:19:7a:38:00:6c]
RSSI: -84 [da:19:7a:45:00:8c]
RSSI: -84 [da:19:7a:45:00:8c]
RSSI: -83 [da:19:7a:55:00:bc]
RSSI: -85 [da:19:7a:55:00:bc]
RSSI: -85 [da:19:7a:65:00:ec]
RSSI: -84 [da:19:7a:65:00:ec]
RSSI: -87 [da:19:7a:72:01:1c]
RSSI: -89 [da:19:7a:82:01:4c]
RSSI: -93 [da:19:7a:db:02:5c]
RSSI: -95 [da:19:7b:07:02:dc]
RSSI: -97 [da:19:7b:61:03:ec]
RSSI: -94 [da:19:7b:e7:05:8c]
RSSI: -96 [da:19:7b:f7:05:bc]
RSSI: -99 [da:19:7c:c6:08:3c]
RSSI: -97 [da:19:7d:b6:0b:2c]
RSSI: -93 [da:19:7d:e3:0b:bc]
RSSI: -94 [da:19:7e:2d:0c:9c]
RSSI: -93 [da:19:7e:4a:0c:fc]
RSSI: -94 [da:19:7e:bc:0e:5c]
RSSI: -94 [da:19:7e:ef:0e:fc]
RSSI: -94 [da:19:7f:6e:10:7c]
RSSI: -98 [da:19:7f:fa:12:2c]
RSSI: -95 [da:19:80:06:12:5c]
RSSI: -95 [da:19:80:2d:12:cc]
RSSI: -97 [da:60:b5:2c:01:2a]
RSSI: -94 [da:19:80:53:13:3c]
RSSI: -95 [da:19:80:79:13:bc]
RSSI: -95 [da:60:b5:87:02:1a]
RSSI: -94 [da:19:80:9f:14:2c]
RSSI: -98 [da:60:b5:d4:02:fa]
RSSI: -94 [da:19:80:f9:15:3c]
RSSI: -90 [da:19:81:12:15:7c]
RSSI: -88 [da:19:81:1f:15:ac]
RSSI: -86 [da:19:81:2c:15:cc]
RSSI: -86 [da:19:81:2c:15:cc]
RSSI: -86 [da:19:81:39:15:fc]
RSSI: -85 [da:19:81:39:15:fc]
RSSI: -84 [da:19:81:45:16:1c]
RSSI: -83 [da:19:81:52:16:4c]
RSSI: -82 [da:19:81:52:16:4c]
RSSI: -83 [da:19:81:5f:16:6c]
RSSI: -82 [da:19:81:5f:16:6c]
RSSI: -83 [da:19:81:6c:00:0c]
RSSI: -81 [da:19:81:78:00:2c]
RSSI: -81 [da:19:81:78:00:2c]
RSSI: -83 [da:19:81:78:00:2c]
RSSI: -83 [da:19:81:85:00:4c]
RSSI: -82 [da:19:81:85:00:4c]
RSSI: -83 [da:19:81:92:00:7c]
RSSI: -82 [da:19:81:9f:00:9c]
RSSI: -85 [da:19:81:ab:00:cc]
RSSI: -83 [da:19:81:ab:00:cc]
RSSI: -86 [da:19:81:b8:00:ec]
RSSI: -86 [da:19:81:c5:01:1c]
RSSI: -87 [da:19:81:c5:01:1c]
RSSI: -88 [da:19:81:d2:01:3c]
RSSI: -88 [da:19:81:d2:01:3c]
RSSI: -96 [da:19:81:eb:01:8c]
RSSI: -92 [da:19:82:38:02:6c]
RSSI: -95 [da:19:82:ab:03:dc]
RSSI: -95 [da:19:83:1f:05:3c]
RSSI: -93 [da:19:83:2c:05:5c]
RSSI: -94 [da:19:83:52:05:dc]
RSSI: -94 [da:19:83:79:06:4c]
RSSI: -94 [da:19:85:3b:0b:bc]
RSSI: -94 [da:19:85:3b:0b:bc]
RSSI: -96 [da:19:85:88:0c:bc]
RSSI: -96 [da:19:85:bc:0d:5c]
RSSI: -97 [da:19:85:fd:0e:1c]
RSSI: -95 [da:19:86:0a:0e:4c]
RSSI: -96 [da:19:86:23:0e:9c]
RSSI: -95 [da:19:86:31:0e:bc]
RSSI: -95 [da:19:86:64:0f:6c]
RSSI: -95 [da:19:86:7e:0f:bc]
RSSI: -98 [da:19:87:81:12:cc]
RSSI: -95 [da:19:87:9c:13:1c]
RSSI: -96 [da:19:87:b6:13:6c]
RSSI: -96 [da:60:bd:07:01:3a]
RSSI: -94 [da:60:bd:14:01:6a]
RSSI: -96 [da:60:bd:3b:01:da]
RSSI: -87 [da:19:88:5f:15:6c]
RSSI: -89 [da:19:88:6b:15:8c]
RSSI: -84 [da:19:88:86:15:dc]
RSSI: -87 [da:19:88:93:16:0c]
RSSI: -86 [da:19:88:93:16:0c]
RSSI: -87 [da:19:88:a0:16:2c]
RSSI: -84 [da:19:88:ad:16:5c]
RSSI: -85 [da:19:88:c7:00:2c]
RSSI: -84 [da:19:88:c7:00:2c]
RSSI: -84 [da:19:88:d4:00:5c]
RSSI: -83 [da:19:88:e1:00:7c]
RSSI: -86 [da:19:88:ee:00:9c]
RSSI: -83 [da:19:88:ee:00:9c]
RSSI: -86 [da:19:88:fb:00:cc]
RSSI: -85 [da:19:88:fb:00:cc]
RSSI: -84 [da:19:89:08:00:ec]
RSSI: -89 [da:19:89:22:01:3c]
RSSI: -92 [da:19:89:2f:01:6c]
RSSI: -94 [da:19:89:7d:02:5c]
RSSI: -96 [da:19:89:a5:02:cc]
RSSI: -98 [da:19:89:d9:03:6c]
RSSI: -96 [da:19:8c:57:0b:1c]
RSSI: -95 [da:19:8c:cd:0c:8c]
RSSI: -96 [da:19:8d:51:0e:2c]
RSSI: -96 [da:19:8d:5e:0e:4c]
RSSI: -95 [da:19:8d:a0:0f:1c]
RSSI: -96 [da:19:8e:24:10:ac]
RSSI: -97 [da:19:8e:b6:12:7c]
RSSI: -91 [da:19:8f:3a:13:fc]
RSSI: -92 [da:19:8f:a5:15:4c]
RSSI: -88 [da:19:8f:cc:15:bc]
RSSI: -87 [da:19:8f:d9:15:ec]
RSSI: -86 [da:19:8f:e7:16:0c]
RSSI: -93 [da:60:c4:ea:01:7a]
RSSI: -84 [da:19:90:01:16:5c]
RSSI: -85 [da:19:90:0f:00:0c]
RSSI: -82 [da:19:90:0f:00:0c]
RSSI: -83 [da:19:90:1c:00:2c]
RSSI: -83 [da:19:90:1c:00:2c]
RSSI: -83 [da:19:90:29:00:4c]
RSSI: -83 [da:19:90:29:00:4c]
RSSI: -84 [da:19:90:36:00:7c]
RSSI: -83 [da:19:90:36:00:7c]
RSSI: -84 [da:19:90:44:00:ac]
RSSI: -84 [da:19:90:44:00:ac]
RSSI: -84 [da:19:90:51:00:cc]
RSSI: -85 [da:19:90:51:00:cc]
RSSI: -87 [da:19:90:5e:00:fc]
RSSI: -96 [da:60:c5:55:02:aa]
RSSI: -97 [da:60:c5:70:02:ea]
RSSI: -97 [da:19:91:ee:05:bc]
RSSI: -98 [da:19:92:f9:08:ec]
RSSI: -97 [da:19:94:13:0c:5c]
RSSI: -97 [da:19:94:21:0c:8c]
RSSI: -95 [da:19:94:a7:0e:2c]
RSSI: -95 [da:19:94:b4:0e:4c]
RSSI: -100 [da:19:95:eb:12:0c]
RSSI: -95 [da:19:96:20:12:ac]
RSSI: -95 [da:19:96:48:13:1c]
RSSI: -97 [da:19:96:64:13:7c]
RSSI: -95 [da:19:96:71:13:9c]
RSSI: -95 [da:19:96:b5:14:6c]
RSSI: -98 [da:19:96:c2:14:9c]
RSSI: -94 [da:19:96:ea:15:0c]
RSSI: -91 [da:19:96:f8:15:3c]
RSSI: -90 [da:19:96:f8:15:3c]
RSSI: -87 [da:19:97:21:15:bc]
RSSI: -88 [da:19:97:2f:15:dc]
RSSI: -86 [da:19:97:2f:15:dc]
RSSI: -86 [da:19:97:3c:16:0c]
RSSI: -85 [da:19:97:4a:16:2c]
RSSI: -84 [da:19:97:4a:16:2c]
RSSI: -86 [da:19:97:58:16:5c]
RSSI: -84 [da:19:97:72:00:2c]
RSSI: -84 [da:19:97:80:00:5c]
RSSI: -84 [da:19:97:8d:00:7c]
RSSI: -85 [da:19:97:9b:00:ac]
RSSI: -84 [da:19:97:a9:00:dc]
RSSI: -86 [da:19:97:b5:00:fc]
RSSI: -86 [da:19:97:b5:00:fc]
RSSI: -95 [da:60:cc:f1:02:2a]
RSSI: -94 [da:19:98:23:02:4c]
RSSI: -94 [da:19:98:2f:02:6c]
RSSI: -96 [da:19:98:cd:04:4c]
RSSI: -97 [da:19:99:39:05:9c]
RSSI: -96 [da:19:9b:68:0c:5c]
RSSI: -97 [da:19:9c:00:0e:2c]
RSSI: -96 [da:19:9c:7b:0f:ac]
RSSI: -99 [da:19:9c:da:10:cc]
RSSI: -95 [da:19:9d:56:12:4c]
RSSI: -93 [da:19:9d:8e:12:fc]
RSSI: -94 [da:19:9d:a9:13:4c]
RSSI: -98 [da:19:9e:09:14:6c]
RSSI: -94 [da:19:9e:41:15:0c]
RSSI: -88 [da:19:9e:6a:15:8c]
RSSI: -87 [da:19:9e:85:15:dc]
RSSI: -87 [da:19:9e:85:15:dc]
RSSI: -85 [da:19:9e:94:16:0c]
RSSI: -85 [da:19:9e:a0:16:2c]
RSSI: -84 [da:19:9e:af:16:5c]
RSSI: -85 [da:19:9e:af:16:5c]
RSSI: -83 [da:19:9e:bd:00:0c]
RSSI: -84 [da:19:9e:ca:00:2c]
RSSI: -83 [da:19:9e:ca:00:2c]
RSSI: -83 [da:19:9e:ca:00:2c]
RSSI: -84 [da:19:9e:d8:00:5c]
RSSI: -84 [da:19:9e:f3:00:ac]
RSSI: -86 [da:19:9e:f3:00:ac]
RSSI: -85 [da:19:9f:02:00:dc]
RSSI: -86 [da:19:9f:02:00:dc]
RSSI: -87 [da:19:9f:10:00:fc]
RSSI: -86 [da:19:9f:10:00:fc]
RSSI: -88 [da:19:9f:1d:01:2c]
RSSI: -93 [da:19:9f:46:01:9c]
RSSI: -93 [da:19:9f:99:02:9c]
RSSI: -96 [da:19:a0:92:05:9c]
RSSI: -96 [da:19:a1:a9:08:fc]
RSSI: -97 [da:19:a1:b5:09:1c]
RSSI: -99 [da:19:a2:5c:0b:1c]
RSSI: -94 [da:19:a2:a3:0b:fc]
RSSI: -95 [da:19:a2:d9:0c:ac]
RSSI: -97 [da:19:a3:3c:0d:dc]
RSSI: -96 [da:19:a3:57:0e:2c]
RSSI: -95 [da:19:a3:81:0e:ac]
RSSI: -96 [da:19:a3:b9:0f:5c]
RSSI: -94 [da:19:a3:c8:0f:8c]
RSSI: -95 [da:19:a4:1c:10:8c]
RSSI: -95 [da:19:a4:28:10:bc]
RSSI: -95 [da:19:a4:a6:12:2c]
RSSI: -95 [da:19:a4:a6:12:2c]
RSSI: -93 [da:19:a4:b5:12:5c]
RSSI: -95 [da:19:a4:ed:13:0c]
RSSI: -94 [da:19:a5:33:13:dc]
RSSI: -92 [da:19:a5:a2:15:2c]
RSSI: -91 [da:19:a5:b1:15:5c]
RSSI: -88 [da:19:a5:c0:15:8c]
RSSI: -86 [da:19:a5:cc:15:ac]
RSSI: -83 [da:19:a5:db:15:dc]
RSSI: -85 [da:19:a5:db:15:dc]
RSSI: -83 [da:19:a5:ea:16:0c]
RSSI: -83 [da:19:a5:ea:16:0c]
RSSI: -84 [da:19:a5:f6:16:2c]
RSSI: -81 [da:19:a5:f6:16:2c]
RSSI: -83 [da:19:a6:05:16:5c]
RSSI: -82 [da:19:a6:05:16:5c]
RSSI: -82 [da:19:a6:14:00:0c]
RSSI: -80 [da:19:a6:20:00:2c]
RSSI: -80 [da:19:a6:20:00:2c]
RSSI: -82 [da:19:a6:2f:00:5c]
RSSI: -80 [da:19:a6:2f:00:5c]
RSSI: -82 [da:19:a6:3e:00:7c]
RSSI: -82 [da:19:a6:3e:00:7c]
RSSI: -83 [da:19:a6:4a:00:ac]
RSSI: -81 [da:19:a6:59:00:dc]
RSSI: -84 [da:19:a6:68:00:fc]
RSSI: -86 [da:19:a6:7a:01:3c]
RSSI: -95 [da:19:a6:99:01:9c]
RSSI: -92 [da:19:a6:d0:02:3c]
RSSI: -94 [da:19:a6:fa:02:bc]
RSSI: -93 [da:19:a7:09:02:ec]
RSSI: -98 [da:60:dc:3a:00:ea]
RSSI: -94 [da:19:a7:a3:04:bc]
RSSI: -95 [da:19:a7:b2:04:ec]
RSSI: -96 [da:60:dc:9e:02:0a]
RSSI: -95 [da:19:a7:cd:05:3c]
RSSI: -97 [da:60:dc:d8:02:aa]
RSSI: -95 [da:19:a9:13:09:2c]
RSSI: -97 [da:19:a9:9f:0a:dc]
RSSI: -96 [da:19:a9:bd:0b:3c]
RSSI: -94 [da:19:a9:e7:0b:bc]
RSSI: -95 [da:19:aa:2e:0c:9c]
RSSI: -94 [da:19:aa:9e:0d:fc]
RSSI: -93 [da:19:aa:ad:0e:2c]
RSSI: -96 [da:19:ab:02:0f:2c]
RSSI: -95 [da:19:ab:73:10:8c]
RSSI: -95 [da:19:ab:73:10:8c]
RSSI: -97 [da:19:ab:f3:12:0c]
RSSI: -94 [da:19:ac:11:12:6c]
RSSI: -96 [da:19:ac:2d:12:bc]
RSSI: -92 [da:19:ac:9e:14:1c]
RSSI: -95 [da:19:ac:bc:14:7c]
RSSI: -95 [da:19:ac:bc:14:7c]
RSSI: -91 [da:19:ad:03:15:4c]
RSSI: -84 [da:19:ad:2e:15:cc]
RSSI: -86 [da:19:ad:2e:15:cc]
RSSI: -84 [da:19:ad:3d:15:fc]
RSSI: -82 [da:19:ad:3d:15:fc]
RSSI: -83 [da:19:ad:49:16:1c]
RSSI: -83 [da:19:ad:58:16:4c]
RSSI: -80 [da:19:ad:67:16:7c]
RSSI: -82 [da:19:ad:74:00:2c]
RSSI: -82 [da:19:ad:74:00:2c]
RSSI: -80 [da:19:ad:74:00:2c]
RSSI: -83 [da:19:ad:92:00:8c]
RSSI: -82 [da:19:ad:92:00:8c]
RSSI: -80 [da:19:ad:9f:00:ac]
RSSI: -84 [da:19:ad:ae:00:dc]
RSSI: -82 [da:19:ad:ae:00:dc]
RSSI: -85 [da:19:ad:bd:01:0c]
RSSI: -84 [da:19:ad:bd:01:0c]
RSSI: -87 [da:19:ad:ca:01:2c]
RSSI: -88 [da:19:ad:d9:01:5c]
RSSI: -93 [da:19:ad:e8:01:8c]
RSSI: -95 [da:19:ae:2f:02:6c]
RSSI: -92 [da:19:ae:3e:02:9c]
RSSI: -96 [da:19:ae:85:03:6c]
RSSI: -96 [da:19:ae:f6:04:cc]
RSSI: -95 [da:19:af:21:05:4c]
RSSI: -98 [da:60:e4:03:00:fa]
RSSI: -95 [da:19:af:30:05:7c]
RSSI: -97 [da:60:e4:69:02:1a]
RSSI: -95 [da:60:e4:69:02:1a]
RSSI: -96 [da:19:b0:ef:0a:dc]
RSSI: -97 [da:19:b0:fb:0b:0c]
RSSI: -94 [da:19:b1:61:0c:3c]
RSSI: -96 [da:19:b1:70:0c:6c]
RSSI: -96 [da:19:b1:c7:0d:7c]
RSSI: -95 [da:19:b1:d3:0d:ac]
RSSI: -93 [da:19:b2:0e:0e:5c]
RSSI: -94 [da:19:b2:1d:0e:8c]
RSSI: -96 [da:19:b2:74:0f:9c]
RSSI: -95 [da:19:b2:ca:10:ac]
RSSI: -95 [da:19:b3:59:12:4c]
RSSI: -94 [da:19:b3:84:12:cc]
RSSI: -96 [da:19:b3:b0:13:5c]
RSSI: -94 [da:19:b3:db:13:dc]
RSSI: -94 [da:19:b3:eb:14:0c]
RSSI: -95 [da:19:b4:51:15:4c]
RSSI: -93 [da:19:b4:5e:15:6c]
RSSI: -88 [da:19:b4:6d:15:9c]
RSSI: -89 [da:19:b4:6d:15:9c]
RSSI: -83 [da:19:b4:99:16:1c]
RSSI: -82 [da:19:b4:a8:16:4c]
RSSI: -83 [da:19:b4:ba:16:7c]
RSSI: -81 [da:19:b4:ba:16:7c]
RSSI: -82 [da:19:b4:da:00:5c]
RSSI: -82 [da:19:b4:e6:00:8c]
RSSI: -83 [da:19:b4:e6:00:8c]
RSSI: -83 [da:19:b4:f6:00:bc]
RSSI: -85 [da:19:b5:05:00:ec]
RSSI: -86 [da:19:b5:12:01:0c]
RSSI: -85 [da:19:b5:12:01:0c]
RSSI: -87 [da:19:b5:21:01:3c]
RSSI: -87 [da:19:b5:21:01:3c]
RSSI: -91 [da:19:b5:31:01:6c]
RSSI: -93 [da:19:b5:79:02:4c]
RSSI: -93 [da:19:b5:95:02:9c]
RSSI: -96 [da:19:b5:ec:03:ac]
RSSI: -98 [da:19:b6:7f:05:6c]
RSSI: -99 [da:19:b6:f2:06:cc]
RSSI: -98 [da:60:ec:22:01:da]
RSSI: -96 [da:60:ec:6b:02:9a]
RSSI: -94 [da:60:ec:7b:02:ca]
RSSI: -95 [da:19:b8:70:0b:7c]
RSSI: -99 [da:19:b8:7d:0b:9c]
RSSI: -96 [da:19:b8:d4:0c:ac]
RSSI: -96 [da:19:b9:20:0d:9c]
RSSI: -96 [da:19:b9:2c:0d:bc]
RSSI: -100 [da:19:b9:84:0e:cc]
RSSI: -94 [da:19:b9:c0:0f:7c]
RSSI: -95 [da:19:ba:28:10:cc]
RSSI: -96 [da:19:ba:d8:12:dc]
RSSI: -96 [da:19:ba:e5:13:0c]
RSSI: -91 [da:19:bb:4d:14:4c]
RSSI: -95 [da:19:bb:96:15:1c]
RSSI: -92 [da:19:bb:a5:15:4c]
RSSI: -91 [da:19:bb:b5:15:7c]
RSSI: -87 [da:19:bb:d2:15:dc]
RSSI: -87 [da:19:bb:d2:15:dc]
RSSI: -89 [da:19:bb:e1:15:fc]
RSSI: -86 [da:19:bb:ee:16:2c]
RSSI: -85 [da:19:bb:ee:16:2c]
RSSI: -85 [da:19:bb:fe:16:5c]
RSSI: -85 [da:19:bb:fe:16:5c]
RSSI: -84 [da:19:bc:1a:00:2c]
RSSI: -83 [da:19:bc:1a:00:2c]
RSSI: -83 [da:19:bc:2a:00:5c]
RSSI: -84 [da:19:bc:46:00:ac]
RSSI: -84 [da:19:bc:56:00:dc]
RSSI: -85 [da:19:bc:66:01:0c]
RSSI: -88 [da:19:bc:73:01:3c]
RSSI: -92 [da:19:bc:92:01:9c]
RSSI: -92 [da:19:bc:db:02:7c]
RSSI: -96 [da:19:bd:e5:05:ac]
RSSI: -97 [da:60:f3:ca:01:5a]
RSSI: -95 [da:60:f4:24:02:4a]
RSSI: -99 [da:19:bf:92:0a:dc]
RSSI: -97 [da:19:bf:a2:0b:0c]
RSSI: -97 [da:19:bf:bf:0b:6c]
RSSI: -96 [da:19:c0:18:0c:7c]
RSSI: -95 [da:19:c0:28:0c:ac]
RSSI: -95 [da:19:c0:64:0d:6c]
RSSI: -94 [da:19:c0:be:0e:7c]
RSSI: -94 [da:19:c1:24:0f:bc]
RSSI: -97 [da:19:c2:14:12:9c]
RSSI: -96 [da:19:c2:30:12:ec]
RSSI: -95 [da:19:c2:7d:13:dc]
RSSI: -95 [da:19:c2:aa:14:6c]
RSSI: -95 [da:19:c2:d7:14:ec]
RSSI: -96 [da:19:c2:d7:14:ec]
RSSI: -90 [da:19:c3:04:15:7c]
RSSI: -88 [da:19:c3:10:15:9c]
RSSI: -87 [da:19:c3:21:15:cc]
RSSI: -85 [da:19:c3:31:15:fc]
RSSI: -82 [da:19:c3:3d:16:2c]
RSSI: -85 [da:19:c3:4e:16:5c]
RSSI: -82 [da:19:c3:4e:16:5c]
RSSI: -83 [da:19:c3:5e:00:0c]
RSSI: -82 [da:19:c3:73:00:4c]
RSSI: -82 [da:19:c3:83:00:7c]
RSSI: -82 [da:19:c3:83:00:7c]
RSSI: -84 [da:19:c3:93:00:ac]
RSSI: -83 [da:19:c3:a0:00:cc]
RSSI: -86 [da:19:c3:a0:00:cc]
RSSI: -83 [da:19:c3:b0:00:fc]
RSSI: -85 [da:19:c3:bc:01:2c]
RSSI: -89 [da:19:c3:cd:01:5c]
RSSI: -94 [da:19:c4:25:02:6c]
RSSI: -97 [da:19:c4:98:03:bc]
RSSI: -97 [da:19:c5:17:05:3c]
RSSI: -97 [da:19:c5:17:05:3c]
RSSI: -97 [da:19:c6:48:08:fc]
RSSI: -96 [da:60:fb:7d:00:da]
RSSI: -93 [da:60:fb:a3:01:4a]
RSSI: -94 [da:60:fb:f1:02:1a]
RSSI: -97 [da:19:c7:22:0b:9c]
RSSI: -94 [da:60:fc:3e:02:fa]
RSSI: -96 [da:19:c7:d5:0d:cc]
RSSI: -97 [da:19:c8:15:0e:8c]
RSSI: -96 [da:19:c8:62:0f:7c]
RSSI: -95 [da:19:c8:af:10:5c]
RSSI: -96 [da:19:c8:c9:10:bc]
RSSI: -95 [da:19:c8:c9:10:bc]
RSSI: -96 [da:19:c9:70:12:bc]
RSSI: -96 [da:19:c9:ca:13:cc]
RSSI: -94 [da:19:ca:4b:15:5c]
RSSI: -93 [da:19:ca:65:15:9c]
RSSI: -87 [da:19:ca:72:15:cc]
RSSI: -86 [da:19:ca:72:15:cc]
RSSI: -89 [da:19:ca:7f:15:ec]
RSSI: -85 [da:19:ca:99:16:3c]
RSSI: -86 [da:19:ca:a6:16:6c]
RSSI: -84 [da:19:ca:a6:16:6c]
RSSI: -86 [da:19:ca:b3:00:0c]
RSSI: -84 [da:19:ca:c0:00:2c]
RSSI: -83 [da:19:ca:cc:00:4c]
RSSI: -83 [da:19:ca:cc:00:4c]
RSSI: -85 [da:19:ca:d9:00:7c]
RSSI: -85 [da:19:ca:e6:00:9c]
RSSI: -84 [da:19:ca:f3:00:cc]
RSSI: -87 [da:19:cb:00:00:ec]
RSSI: -88 [da:19:cb:0d:01:1c]
RSSI: -89 [da:19:cb:1a:01:3c]
RSSI: -95 [da:19:cb:4e:01:dc]
RSSI: -95 [da:19:cc:85:05:9c]
RSSI: -97 [da:19:cd:a3:09:0c]
RSSI: -96 [da:61:03:51:00:da]
RSSI: -98 [da:19:ce:67:0b:6c]
RSSI: -94 [da:61:03:85:01:6a]
RSSI: -96 [da:19:ce:cf:0c:ac]
RSSI: -95 [da:61:03:d4:02:4a]
RSSI: -93 [da:61:04:09:02:da]
RSSI: -96 [da:19:cf:c8:0f:bc]
RSSI: -97 [da:19:d0:23:10:dc]
RSSI: -94 [da:19:d1:25:13:dc]
RSSI: -94 [da:19:d1:9c:15:4c]
RSSI: -87 [da:19:d1:b6:15:9c]
RSSI: -90 [da:19:d1:c3:15:bc]
RSSI: -86 [da:19:d1:d1:15:ec]
RSSI: -88 [da:19:d1:eb:16:3c]
RSSI: -88 [da:19:d1:eb:16:3c]
RSSI: -86 [da:19:d1:f8:16:5c]
RSSI: -86 [da:19:d2:05:00:0c]
RSSI: -88 [da:19:d2:47:00:cc]
RSSI: -93 [da:19:d2:54:00:fc]
RSSI: -89 [da:19:d2:61:01:1c]
RSSI: -92 [da:19:d2:6f:01:4c]
RSSI: -94 [da:19:d3:4f:03:fc]
RSSI: -99 [da:19:d5:bf:0b:7c]
RSSI: -96 [da:19:d6:2a:0c:cc]
RSSI: -96 [da:61:0b:8b:01:fa]
RSSI: -98 [da:19:d6:bc:0e:8c]
RSSI: -95 [da:19:d8:18:12:bc]
RSSI: -94 [da:19:d8:68:13:ac]
RSSI: -95 [da:19:d8:9e:14:4c]
RSSI: -98 [da:19:d8:e1:15:1c]
RSSI: -93 [da:19:d8:fc:15:6c]
RSSI: -94 [da:19:d8:fc:15:6c]
RSSI: -93 [da:19:d9:09:15:8c]
RSSI: -92 [da:19:d9:25:15:dc]
RSSI: -90 [da:19:d9:3f:16:2c]
RSSI: -87 [da:19:d9:4d:16:5c]
RSSI: -89 [da:19:d9:5a:16:7c]
RSSI: -88 [da:19:d9:67:00:2c]
RSSI: -88 [da:19:d9:67:00:2c]
RSSI: -87 [da:19:d9:75:00:5c]
RSSI: -87 [da:19:d9:82:00:7c]
RSSI: -87 [da:19:d9:82:00:7c]
RSSI: -87 [da:19:d9:90:00:ac]
RSSI: -90 [da:19:d9:9e:00:cc]
RSSI: -88 [da:19:d9:aa:00:fc]
RSSI: -90 [da:19:d9:b8:01:1c]
RSSI: -94 [da:19:da:17:02:3c]
RSSI: -98 [da:19:db:24:05:7c]
RSSI: -96 [da:19:dd:a0:0d:2c]
RSSI: -96 [da:19:dd:b3:0d:6c]
RSSI: -96 [da:61:12:e7:00:9a]
RSSI: -95 [da:61:13:39:01:8a]
RSSI: -95 [da:61:13:48:01:aa]
RSSI: -95 [da:61:13:71:02:1a]
RSSI: -96 [da:61:13:b5:02:da]
RSSI: -96 [da:19:df:85:12:fc]
RSSI: -94 [da:19:df:85:12:fc]
RSSI: -95 [da:19:df:d7:13:ec]
RSSI: -96 [da:19:df:e4:14:1c]
RSSI: -92 [da:19:e0:52:15:6c]
RSSI: -91 [da:19:e0:88:16:0c]
RSSI: -90 [da:19:e0:96:16:3c]
RSSI: -89 [da:19:e0:a4:16:5c]
RSSI: -86 [da:19:e0:a4:16:5c]
RSSI: -88 [da:19:e0:b1:00:0c]
RSSI: -86 [da:19:e0:cd:00:5c]
RSSI: -86 [da:19:e0:da:00:7c]
RSSI: -87 [da:19:e0:e8:00:ac]
RSSI: -86 [da:19:e0:e8:00:ac]
RSSI: -86 [da:19:e0:e8:00:ac]
RSSI: -88 [da:19:e0:f6:00:dc]
RSSI: -88 [da:19:e1:03:00:fc]
RSSI: -88 [da:19:e1:11:01:2c]
RSSI: -93 [da:19:e1:20:01:4c]
RSSI: -97 [da:19:e1:d1:03:6c]
RSSI: -99 [da:19:e3:7c:08:8c]
RSSI: -97 [da:19:e4:c7:0c:9c]
RSSI: -95 [da:19:e4:ff:0d:3c]
RSSI: -97 [da:19:e5:88:0e:ec]
RSSI: -94 [da:61:1a:ce:00:ea]
RSSI: -94 [da:61:1b:07:01:9a]
RSSI: -94 [da:61:1b:16:01:ba]
RSSI: -94 [da:61:1b:16:01:ba]
RSSI: -93 [da:61:1b:40:02:3a]
RSSI: -94 [da:61:1b:4c:02:5a]
RSSI: -95 [da:61:1b:76:02:ca]
RSSI: -90 [da:19:e7:b4:15:8c]
RSSI: -89 [da:19:e7:c3:15:bc]
RSSI: -87 [da:19:e7:ed:16:3c]
RSSI: -87 [da:19:e7:f9:16:5c]
RSSI: -87 [da:19:e8:08:00:0c]
RSSI: -86 [da:19:e8:08:00:0c]
RSSI: -86 [da:19:e8:16:00:2c]
RSSI: -85 [da:19:e8:23:00:5c]
RSSI: -86 [da:19:e8:32:00:7c]
RSSI: -89 [da:19:e8:40:00:ac]
RSSI: -88 [da:19:e8:4d:00:dc]
RSSI: -91 [da:19:e8:6a:01:2c]
RSSI: -95 [da:19:e9:2d:03:8c]
RSSI: -97 [da:19:ea:fb:09:0c]
RSSI: -97 [da:19:eb:b9:0b:5c]
RSSI: -97 [da:19:eb:c6:0b:8c]
RSSI: -96 [da:19:ec:6f:0d:9c]
RSSI: -97 [da:19:ec:e1:0e:fc]
RSSI: -97 [da:61:22:81:00:9a]
RSSI: -95 [da:61:22:bb:01:4a]
RSSI: -93 [da:61:22:e5:01:ba]
RSSI: -92 [da:61:22:e5:01:ba]
RSSI: -93 [da:61:22:f2:01:da]
RSSI: -92 [da:61:23:10:02:3a]
RSSI: -92 [da:61:23:1d:02:5a]
RSSI: -97 [da:19:ee:34:12:fc]
RSSI: -94 [da:61:23:66:03:2a]
RSSI: -96 [da:19:ee:95:14:2c]
RSSI: -90 [da:19:ee:f9:15:5c]
RSSI: -87 [da:19:ef:32:16:0c]
RSSI: -89 [da:19:ef:3f:16:2c]
RSSI: -88 [da:19:ef:4e:16:5c]
RSSI: -86 [da:19:ef:4e:16:5c]
RSSI: -86 [da:19:ef:4e:16:5c]
RSSI: -86 [da:19:ef:4e:16:5c]
RSSI: -86 [da:19:ef:5d:00:0c]
RSSI: -88 [da:19:ef:5d:00:0c]
RSSI: -86 [da:19:ef:6a:00:2c]
RSSI: -86 [da:19:ef:79:00:5c]
RSSI: -87 [da:19:ef:88:00:8c]
RSSI: -85 [da:19:ef:88:00:8c]
RSSI: -88 [da:19:ef:94:00:ac]
RSSI: -90 [da:19:ef:b2:01:0c]
RSSI: -94 [da:19:ef:f8:01:ec]
RSSI: -99 [da:19:f1:32:05:9c]
RSSI: -96 [da:19:f2:14:08:5c]
RSSI: -97 [da:19:f2:14:08:5c]
RSSI: -98 [da:19:f2:4e:09:0c]
RSSI: -96 [da:19:f3:15:0b:7c]
RSSI: -95 [da:19:f3:b4:0d:6c]
RSSI: -95 [da:19:f3:c1:0d:9c]
RSSI: -96 [da:19:f3:fb:0e:4c]
RSSI: -96 [da:19:f4:0a:0e:7c]
RSSI: -96 [da:19:f4:60:0f:7c]
RSSI: -98 [da:19:f4:b6:10:8c]
RSSI: -96 [da:19:f5:7f:12:fc]
RSSI: -95 [da:61:2a:c3:01:ea]
RSSI: -96 [da:61:2b:0b:02:ba]
RSSI: -93 [da:19:f6:47:15:5c]
RSSI: -94 [da:19:f6:66:15:bc]
RSSI: -92 [da:19:f6:72:15:dc]
RSSI: -91 [da:19:f6:82:16:0c]
RSSI: -89 [da:19:f6:ad:00:0c]
RSSI: -92 [da:19:f6:bc:00:2c]
RSSI: -89 [da:19:f6:bc:00:2c]
RSSI: -90 [da:19:f6:c9:00:5c]
RSSI: -90 [da:19:f6:e7:00:bc]
RSSI: -92 [da:19:f6:f4:00:dc]
RSSI: -98 [da:19:f8:8a:05:bc]
RSSI: -95 [da:19:fa:5f:0b:6c]
RSSI: -96 [da:19:fa:5f:0b:6c]
RSSI: -93 [da:19:fa:6e:0b:9c]
RSSI: -95 [da:19:fa:d5:0c:dc]
RSSI: -96 [da:19:fb:1d:0d:bc]
RSSI: -96 [da:19:fb:2c:0d:ec]
RSSI: -96 [da:19:fb:84:0e:fc]
RSSI: -96 [da:19:fb:cc:0f:dc]
RSSI: -97 [da:19:fb:cc:0f:dc]
RSSI: -98 [da:19:fb:e8:10:3c]
RSSI: -94 [da:19:fd:0e:13:ac]
RSSI: -92 [da:19:fd:1b:13:dc]
RSSI: -92 [da:19:fd:2a:14:0c]
RSSI: -92 [da:19:fd:92:15:4c]
RSSI: -88 [da:19:fd:9e:15:6c]
RSSI: -88 [da:19:fd:9e:15:6c]
RSSI: -86 [da:19:fd:be:15:cc]
RSSI: -84 [da:19:fd:ca:15:fc]
RSSI: -83 [da:19:fd:da:16:2c]
RSSI: -83 [da:19:fd:da:16:2c]
RSSI: -83 [da:19:fd:da:16:2c]
RSSI: -82 [da:19:fd:e9:16:5c]
RSSI: -82 [da:19:fd:e9:16:5c]
RSSI: -82 [da:19:fd:f6:16:7c]
RSSI: -81 [da:19:fe:06:00:2c]
RSSI: -80 [da:19:fe:06:00:2c]
RSSI: -82 [da:19:fe:15:00:5c]
RSSI: -81 [da:19:fe:15:00:5c]
RSSI: -84 [da:19:fe:22:00:8c]
RSSI: -82 [da:19:fe:32:00:bc]
RSSI: -84 [da:19:fe:32:00:bc]
RSSI: -82 [da:19:fe:41:00:ec]
RSSI: -85 [da:19:fe:4e:01:0c]
RSSI: -86 [da:19:fe:4e:01:0c]
RSSI: -88 [da:19:fe:5e:01:3c]
RSSI: -92 [da:19:fe:a6:02:1c]
RSSI: -91 [da:19:fe:b6:02:4c]
RSSI: -95 [da:19:fe:f1:02:fc]
RSSI: -93 [da:19:ff:2a:03:ac]
RSSI: -93 [da:19:ff:3a:03:dc]
RSSI: -97 [da:19:ff:76:04:8c]
RSSI: -96 [da:19:ff:ae:05:3c]
RSSI: -97 [da:1a:00:6f:07:9c]
RSSI: -96 [da:1a:00:b7:08:7c]
RSSI: -97 [da:1a:00:c7:08:ac]
RSSI: -97 [da:1a:01:88:0a:fc]
RSSI: -96 [da:1a:02:66:0d:bc]
RSSI: -96 [da:1a:02:82:0e:0c]
RSSI: -94 [da:1a:02:ae:0e:9c]
RSSI: -97 [da:1a:03:07:0f:ac]
RSSI: -95 [da:1a:03:44:10:5c]
RSSI: -97 [da:1a:03:e6:12:5c]
RSSI: -95 [da:1a:04:12:12:dc]
RSSI: -95 [da:1a:04:2f:13:3c]
RSSI: -95 [da:1a:04:3f:13:6c]
RSSI: -95 [da:1a:04:4f:13:9c]
RSSI: -97 [da:1a:04:88:14:4c]
RSSI: -93 [da:1a:04:d4:15:2c]
RSSI: -90 [da:1a:05:01:15:bc]
RSSI: -90 [da:1a:05:1e:16:0c]
RSSI: -90 [da:1a:05:1e:16:0c]
RSSI: -88 [da:1a:05:1e:16:0c]
RSSI: -86 [da:1a:05:2d:16:3c]
RSSI: -87 [da:1a:05:3a:16:6c]
RSSI: -86 [da:1a:05:3a:16:6c]
RSSI: -87 [da:1a:05:4a:00:0c]
RSSI: -97 [da:61:3a:48:01:7a]
RSSI: -88 [da:1a:05:87:00:bc]
RSSI: -97 [da:61:3a:72:01:ea]
RSSI: -90 [da:1a:05:93:00:dc]
RSSI: -96 [da:61:3a:82:02:1a]
RSSI: -95 [da:61:3a:a8:02:8a]
RSSI: -95 [da:1a:07:19:05:8c]
RSSI: -97 [da:1a:07:19:05:8c]
RSSI: -99 [da:1a:08:16:08:9c]
RSSI: -99 [da:1a:09:12:0b:ac]
RSSI: -94 [da:1a:09:51:0c:6c]
RSSI: -99 [da:1a:09:5e:0c:9c]
RSSI: -97 [da:1a:09:84:0d:0c]
RSSI: -98 [da:1a:09:e9:0e:4c]
RSSI: -98 [da:1a:0a:4f:0f:8c]
RSSI: -95 [da:1a:0b:74:13:0c]
RSSI: -96 [da:1a:0b:9b:13:8c]
RSSI: -96 [da:1a:0b:db:14:4c]
RSSI: -95 [da:1a:0c:1b:15:0c]
RSSI: -91 [da:1a:0c:5b:15:cc]
RSSI: -90 [da:1a:0c:74:16:1c]
RSSI: -88 [da:1a:0c:81:16:4c]
RSSI: -87 [da:1a:0c:8e:16:6c]
RSSI: -87 [da:1a:0c:b4:00:7c]
RSSI: -87 [da:1a:0c:ce:00:cc]
RSSI: -96 [da:61:42:1e:01:6a]
RSSI: -98 [da:61:42:79:02:6a]
RSSI: -96 [da:61:42:86:02:8a]
RSSI: -96 [da:1a:0e:4f:05:6c]
RSSI: -95 [da:1a:0e:5c:05:8c]
RSSI: -97 [da:1a:0f:5e:08:ac]
RSSI: -96 [da:1a:11:3c:0e:8c]
RSSI: -103 [da:1a:11:8a:0f:7c]
RSSI: -95 [da:1a:11:97:0f:9c]
RSSI: -97 [da:1a:11:e5:10:8c]
RSSI: -94 [da:1a:12:a8:12:ec]
RSSI: -94 [da:1a:12:b5:13:1c]
RSSI: -94 [da:1a:13:03:14:0c]
RSSI: -96 [da:1a:13:11:14:2c]
RSSI: -93 [da:1a:13:1d:14:5c]
RSSI: -91 [da:1a:13:79:15:6c]
RSSI: -89 [da:1a:13:86:15:8c]
RSSI: -88 [da:1a:13:93:15:bc]
RSSI: -85 [da:1a:13:a0:15:dc]
RSSI: -84 [da:1a:13:ad:16:0c]
RSSI: -84 [da:1a:13:ba:16:2c]
RSSI: -81 [da:1a:13:c7:16:5c]
RSSI: -81 [da:1a:13:d4:16:7c]
RSSI: -83 [da:1a:13:e1:00:2c]
RSSI: -83 [da:1a:13:e1:00:2c]
RSSI: -81 [da:1a:13:ee:00:4c]
RSSI: -83 [da:1a:13:fc:00:7c]
RSSI: -81 [da:1a:13:fc:00:7c]
RSSI: -84 [da:1a:14:08:00:9c]
RSSI: -84 [da:1a:14:08:00:9c]
RSSI: -82 [da:1a:14:16:00:cc]
RSSI: -85 [da:1a:14:16:00:cc]
RSSI: -86 [da:1a:14:23:00:fc]
RSSI: -83 [da:1a:14:23:00:fc]
RSSI: -86 [da:1a:14:2f:01:1c]
RSSI: -88 [da:1a:14:3d:01:3c]
RSSI: -91 [da:1a:14:4a:01:6c]
RSSI: -96 [da:1a:14:64:01:bc]
RSSI: -93 [da:1a:14:98:02:5c]
RSSI: -94 [da:1a:14:c0:02:cc]
RSSI: -95 [da:61:49:d3:01:0a]
RSSI: -95 [da:61:4a:08:01:9a]
RSSI: -93 [da:61:4a:4a:02:4a]
RSSI: -98 [da:1a:15:99:05:6c]
RSSI: -94 [da:1a:15:a7:05:9c]
RSSI: -97 [da:1a:16:bb:08:ec]
RSSI: -96 [da:1a:17:b5:0b:fc]
RSSI: -97 [da:1a:18:11:0d:1c]
RSSI: -96 [da:1a:18:88:0e:9c]
RSSI: -96 [da:1a:18:96:0e:bc]
RSSI: -97 [da:1a:19:42:10:dc]
RSSI: -97 [da:1a:19:ee:12:dc]
RSSI: -98 [da:1a:1a:3e:13:cc]
RSSI: -96 [da:1a:1a:74:14:7c]
RSSI: -94 [da:1a:1a:c3:15:6c]
RSSI: -91 [da:1a:1a:d1:15:9c]
RSSI: -88 [da:1a:1a:eb:15:ec]
RSSI: -86 [da:1a:1a:f9:16:0c]
RSSI: -86 [da:1a:1a:f9:16:0c]
RSSI: -86 [da:1a:1b:06:16:3c]
RSSI: -84 [da:1a:1b:21:00:0c]
RSSI: -83 [da:1a:1b:2e:00:2c]
RSSI: -83 [da:1a:1b:2e:00:2c]
RSSI: -86 [da:1a:1b:3b:00:4c]
RSSI: -84 [da:1a:1b:3b:00:4c]
RSSI: -84 [da:1a:1b:49:00:7c]
RSSI: -84 [da:1a:1b:55:00:9c]
RSSI: -83 [da:1a:1b:55:00:9c]
RSSI: -83 [da:1a:1b:55:00:9c]
RSSI: -87 [da:1a:1b:63:00:cc]
RSSI: -85 [da:1a:1b:71:00:fc]
RSSI: -87 [da:1a:1b:7d:01:1c]
RSSI: -95 [da:1a:1b:f6:02:8c]
RSSI: -99 [da:1a:1c:46:03:7c]
RSSI: -97 [da:61:51:b6:01:0a]
RSSI: -96 [da:61:51:c4:01:2a]
RSSI: -96 [da:61:51:de:01:7a]
RSSI: -96 [da:61:51:ec:01:aa]
RSSI: -93 [da:61:52:21:02:3a]
RSSI: -98 [da:1a:1d:ff:08:cc]
RSSI: -95 [da:1a:1e:e5:0b:9c]
RSSI: -97 [da:1a:1f:5e:0d:1c]
RSSI: -95 [da:1a:1f:af:0e:1c]
RSSI: -97 [da:1a:1f:c9:0e:6c]
RSSI: -95 [da:1a:20:28:0f:8c]
RSSI: -95 [da:1a:20:86:10:ac]
RSSI: -97 [da:1a:21:0d:12:4c]
RSSI: -96 [da:1a:21:1b:12:7c]
RSSI: -95 [da:1a:21:79:13:9c]
RSSI: -92 [da:1a:21:95:13:ec]
RSSI: -91 [da:1a:21:a2:14:1c]
RSSI: -93 [da:1a:21:be:14:6c]
RSSI: -95 [da:1a:21:ca:14:8c]
RSSI: -91 [da:1a:22:1c:15:8c]
RSSI: -90 [da:1a:22:2a:15:ac]
RSSI: -87 [da:1a:22:38:15:dc]
RSSI: -86 [da:1a:22:38:15:dc]
RSSI: -86 [da:1a:22:44:15:fc]
RSSI: -84 [da:1a:22:52:16:2c]
RSSI: -85 [da:1a:22:60:16:5c]
RSSI: -83 [da:1a:22:6d:16:7c]
RSSI: -84 [da:1a:22:6d:16:7c]
RSSI: -82 [da:1a:22:7b:00:2c]
RSSI: -82 [da:1a:22:7b:00:2c]
RSSI: -84 [da:1a:22:89:00:5c]
RSSI: -81 [da:1a:22:89:00:5c]
RSSI: -83 [da:1a:22:96:00:7c]
RSSI: -82 [da:1a:22:a4:00:ac]
RSSI: -83 [da:1a:22:a4:00:ac]
RSSI: -83 [da:1a:22:b2:00:dc]
RSSI: -85 [da:1a:22:b2:00:dc]
RSSI: -85 [da:1a:22:c4:01:0c]
RSSI: -88 [da:1a:22:d4:01:3c]
RSSI: -92 [da:1a:22:ef:01:8c]
RSSI: -95 [da:1a:23:26:02:3c]
RSSI: -92 [da:1a:23:40:02:8c]
RSSI: -93 [da:1a:23:4e:02:bc]
RSSI: -93 [da:1a:23:a0:03:ac]
RSSI: -95 [da:1a:23:e4:04:7c]
RSSI: -95 [da:1a:24:35:05:7c]
RSSI: -96 [da:61:5a:0f:02:9a]
RSSI: -98 [da:1a:25:a6:09:fc]
RSSI: -98 [da:1a:26:21:0b:7c]
RSSI: -94 [da:1a:26:74:0c:7c]
RSSI: -95 [da:1a:26:82:0c:9c]
RSSI: -94 [da:1a:26:82:0c:9c]
RSSI: -96 [da:1a:26:d4:0d:ac]
RSSI: -97 [da:1a:26:e2:0d:cc]
RSSI: -96 [da:1a:27:87:0f:dc]
RSSI: -95 [da:1a:27:cc:10:ac]
RSSI: -94 [da:1a:28:62:12:6c]
RSSI: -94 [da:1a:28:9a:13:1c]
RSSI: -91 [da:1a:28:ed:14:1c]
RSSI: -93 [da:1a:28:fb:14:4c]
RSSI: -93 [da:1a:29:5b:15:6c]
RSSI: -90 [da:1a:29:77:15:bc]
RSSI: -87 [da:1a:29:84:15:ec]
RSSI: -87 [da:1a:29:84:15:ec]
RSSI: -87 [da:1a:29:93:16:0c]
RSSI: -84 [da:1a:29:a1:16:3c]
RSSI: -83 [da:1a:29:ae:16:5c]
RSSI: -83 [da:1a:29:bc:00:0c]
RSSI: -82 [da:1a:29:bc:00:0c]
RSSI: -82 [da:1a:29:ca:00:2c]
RSSI: -83 [da:1a:29:ca:00:2c]
RSSI: -83 [da:1a:29:d7:00:5c]
RSSI: -82 [da:1a:29:e6:00:7c]
RSSI: -84 [da:1a:29:f4:00:ac]
RSSI: -85 [da:1a:29:f4:00:ac]
RSSI: -84 [da:1a:2a:01:00:dc]
RSSI: -85 [da:1a:2a:01:00:dc]
RSSI: -84 [da:1a:2a:0f:01:0c]
RSSI: -85 [da:1a:2a:0f:01:0c]
RSSI: -87 [da:1a:2a:1d:01:2c]
RSSI: -86 [da:1a:2a:1d:01:2c]
RSSI: -88 [da:1a:2a:1d:01:2c]
RSSI: -89 [da:1a:2a:2a:01:5c]
RSSI: -89 [da:1a:2a:39:01:8c]
RSSI: -93 [da:1a:2a:7d:02:5c]
RSSI: -96 [da:1a:2a:8c:02:8c]
RSSI: -93 [da:1a:2a:a7:02:dc]
RSSI: -96 [da:1a:2a:b5:02:fc]
RSSI: -97 [da:1a:2a:b5:02:fc]
RSSI: -94 [da:1a:2b:08:03:fc]
RSSI: -96 [da:1a:2b:4d:04:cc]
RSSI: -97 [da:1a:2b:6a:05:2c]
RSSI: -98 [da:1a:2c:64:08:2c]
RSSI: -97 [da:61:61:74:01:3a]
RSSI: -96 [da:61:61:81:01:5a]
RSSI: -94 [da:61:61:ba:01:fa]
RSSI: -93 [da:1a:2d:89:0b:cc]
RSSI: -93 [da:1a:2d:95:0b:ec]
RSSI: -95 [da:1a:2e:67:0e:7c]
RSSI: -95 [da:1a:2e:67:0e:7c]
RSSI: -96 [da:1a:2e:d8:0f:dc]
RSSI: -95 [da:1a:2f:0e:10:7c]
RSSI: -97 [da:1a:2f:9b:12:2c]
RSSI: -96 [da:1a:2f:fe:13:5c]
RSSI: -96 [da:1a:30:0b:13:8c]
RSSI: -93 [da:1a:30:44:14:3c]
RSSI: -96 [da:1a:30:9f:15:4c]
RSSI: -88 [da:1a:30:ba:15:9c]
RSSI: -89 [da:1a:30:ba:15:9c]
RSSI: -88 [da:1a:30:c9:15:cc]
RSSI: -87 [da:1a:30:c9:15:cc]
RSSI: -85 [da:1a:30:d7:15:ec]
RSSI: -87 [da:1a:30:d7:15:ec]
RSSI: -83 [da:1a:30:e4:16:1c]
RSSI: -83 [da:1a:30:f3:16:4c]
RSSI: -84 [da:1a:31:02:16:7c]
RSSI: -83 [da:1a:31:02:16:7c]
RSSI: -82 [da:1a:31:0e:00:0c]
RSSI: -85 [da:1a:31:0e:00:0c]
RSSI: -82 [da:1a:31:1d:00:2c]
RSSI: -85 [da:1a:31:2c:00:5c]
RSSI: -82 [da:1a:31:2c:00:5c]
RSSI: -82 [da:1a:31:39:00:8c]
RSSI: -84 [da:1a:31:47:00:ac]
RSSI: -84 [da:1a:31:56:00:dc]
RSSI: -85 [da:1a:31:56:00:dc]
RSSI: -87 [da:1a:31:63:01:0c]
RSSI: -91 [da:1a:31:80:01:5c]
RSSI: -94 [da:1a:31:c6:02:3c]
RSSI: -92 [da:1a:31:d5:02:5c]
RSSI: -97 [da:1a:32:29:03:6c]
RSSI: -98 [da:1a:32:a8:04:ec]
RSSI: -97 [da:1a:32:fd:05:ec]
RSSI: -96 [da:1a:33:fc:09:0c]
RSSI: -97 [da:61:69:56:01:6a]
RSSI: -94 [da:61:69:75:01:ba]
RSSI: -93 [da:61:69:81:01:da]
RSSI: -94 [da:1a:34:dd:0b:cc]
RSSI: -94 [da:1a:35:08:0c:4c]
RSSI: -97 [da:1a:35:b2:0e:5c]
RSSI: -96 [da:1a:35:b2:0e:5c]
RSSI: -97 [da:1a:36:08:0f:6c]
RSSI: -99 [da:1a:37:17:12:ac]
RSSI: -98 [da:1a:37:b3:14:7c]
RSSI: -94 [da:1a:37:ed:15:3c]
RSSI: -88 [da:1a:38:18:15:bc]
RSSI: -87 [da:1a:38:34:16:0c]
RSSI: -86 [da:1a:38:52:16:6c]
RSSI: -85 [da:1a:38:52:16:6c]
RSSI: -84 [da:1a:38:5f:00:2c]
RSSI: -87 [da:1a:38:6e:00:5c]
RSSI: -84 [da:1a:38:6e:00:5c]
RSSI: -84 [da:1a:38:6e:00:5c]
RSSI: -87 [da:1a:38:8a:00:ac]
RSSI: -85 [da:1a:38:99:00:dc]
RSSI: -87 [da:1a:38:a8:01:0c]
RSSI: -92 [da:1a:38:b4:01:2c]
RSSI: -95 [da:1a:39:45:02:ec]
RSSI: -96 [da:1a:39:9b:03:ec]
RSSI: -97 [da:1a:3a:1c:05:6c]
RSSI: -97 [da:1a:3b:2e:08:cc]
RSSI: -97 [da:1a:3b:3a:08:ec]
RSSI: -95 [da:61:70:f8:00:ca]
RSSI: -95 [da:1a:3c:4d:0c:4c]
RSSI: -93 [da:61:71:4f:01:ba]
RSSI: -95 [da:61:71:6e:02:1a]
RSSI: -97 [da:61:71:9a:02:8a]
RSSI: -97 [da:1a:3d:35:0f:1c]
RSSI: -98 [da:1a:3d:99:10:4c]
RSSI: -95 [da:1a:3e:46:12:5c]
RSSI: -97 [da:1a:3e:65:12:bc]
RSSI: -95 [da:1a:3e:72:12:ec]
RSSI: -94 [da:1a:3e:bc:13:cc]
RSSI: -92 [da:1a:3e:ee:14:5c]
RSSI: -93 [da:1a:3e:fa:14:8c]
RSSI: -91 [da:1a:3f:45:15:6c]
RSSI: -88 [da:1a:3f:61:15:bc]
RSSI: -85 [da:1a:3f:70:15:ec]
RSSI: -87 [da:1a:3f:70:15:ec]
RSSI: -83 [da:1a:3f:7d:16:0c]
RSSI: -83 [da:1a:3f:7d:16:0c]
RSSI: -84 [da:1a:3f:8d:16:3c]
RSSI: -82 [da:1a:3f:8d:16:3c]
RSSI: -84 [da:1a:3f:9c:16:6c]
RSSI: -82 [da:1a:3f:a9:00:0c]
RSSI: -84 [da:1a:3f:a9:00:0c]
RSSI: -84 [da:1a:3f:a9:00:0c]
RSSI: -84 [da:1a:3f:c8:00:5c]
RSSI: -83 [da:1a:3f:c8:00:5c]
RSSI: -83 [da:1a:3f:d4:00:8c]
RSSI: -83 [da:1a:3f:d4:00:8c]
RSSI: -84 [da:1a:3f:e4:00:bc]
RSSI: -88 [da:1a:40:00:01:0c]
RSSI: -89 [da:1a:40:1f:01:6c]
RSSI: -90 [da:1a:40:1f:01:6c]
RSSI: -92 [da:1a:40:57:02:1c]
RSSI: -92 [da:1a:40:67:02:4c]
RSSI: -91 [da:1a:40:93:02:cc]
RSSI: -93 [da:1a:40:da:03:ac]
RSSI: -95 [da:1a:41:25:04:8c]
RSSI: -95 [da:1a:41:51:05:1c]
RSSI: -94 [da:1a:41:6d:05:6c]
RSSI: -96 [da:1a:42:48:08:0c]
RSSI: -98 [da:1a:42:90:08:ec]
RSSI: -96 [da:1a:43:50:0b:4c]
RSSI: -96 [da:1a:43:50:0b:4c]
RSSI: -96 [da:1a:43:b7:0c:8c]
RSSI: -94 [da:1a:43:c4:0c:ac]
RSSI: -98 [da:61:79:01:01:7a]
RSSI: -96 [da:61:79:1d:01:ca]
RSSI: -97 [da:1a:44:74:0e:dc]
RSSI: -97 [da:1a:44:84:0f:0c]
RSSI: -95 [da:1a:45:08:10:ac]
RSSI: -98 [da:1a:45:7d:12:0c]
RSSI: -93 [da:1a:45:b9:12:bc]
RSSI: -94 [da:1a:45:b9:12:bc]
RSSI: -97 [da:1a:45:f5:13:7c]
RSSI: -93 [da:1a:46:21:13:fc]
RSSI: -91 [da:1a:46:2e:14:2c]
RSSI: -93 [da:1a:46:3e:14:5c]
RSSI: -93 [da:1a:46:86:15:3c]
RSSI: -89 [da:1a:46:96:15:6c]
RSSI: -90 [da:1a:46:a6:15:9c]
RSSI: -83 [da:1a:46:b3:15:bc]
RSSI: -84 [da:1a:46:c3:15:ec]
RSSI: -82 [da:1a:46:c3:15:ec]
RSSI: -84 [da:1a:46:d2:16:1c]
RSSI: -83 [da:1a:46:df:16:3c]
RSSI: -81 [da:1a:46:ef:16:7c]
RSSI: -84 [da:1a:46:ef:16:7c]
RSSI: -84 [da:1a:46:ef:16:7c]
RSSI: -80 [da:1a:46:ff:00:2c]
RSSI: -81 [da:1a:47:0b:00:5c]
RSSI: -84 [da:1a:47:1b:00:8c]
RSSI: -81 [da:1a:47:2b:00:bc]
RSSI: -85 [da:1a:47:2b:00:bc]
RSSI: -83 [da:1a:47:38:00:ec]
RSSI: -85 [da:1a:47:48:01:1c]
RSSI: -87 [da:1a:47:57:01:4c]
RSSI: -90 [da:1a:47:57:01:4c]
RSSI: -94 [da:1a:47:74:01:9c]
RSSI: -94 [da:1a:47:b0:02:5c]
RSSI: -93 [da:1a:48:25:03:bc]
RSSI: -96 [da:1a:48:8e:04:fc]
RSSI: -94 [da:1a:48:bb:05:8c]
RSSI: -97 [da:1a:49:c6:08:bc]
RSSI: -95 [da:1a:4a:b1:0b:ac]
RSSI: -96 [da:1a:4a:fe:0c:9c]
RSSI: -95 [da:1a:4b:0b:0c:bc]
RSSI: -96 [da:1a:4b:1b:0c:ec]
RSSI: -95 [da:1a:4b:74:0d:fc]
RSSI: -92 [da:1a:4b:84:0e:2c]
RSSI: -93 [da:1a:4b:91:0e:5c]
RSSI: -94 [da:1a:4b:a1:0e:8c]
RSSI: -98 [da:61:80:da:01:8a]
RSSI: -97 [da:61:80:f4:01:ca]
RSSI: -95 [da:1a:4c:54:10:bc]
RSSI: -94 [da:1a:4c:eb:12:8c]
RSSI: -94 [da:1a:4c:f8:12:ac]
RSSI: -96 [da:1a:4d:51:13:bc]
RSSI: -95 [da:1a:4d:51:13:bc]
RSSI: -92 [da:1a:4d:87:14:6c]
RSSI: -92 [da:1a:4d:97:14:9c]
RSSI: -93 [da:1a:4d:d0:15:3c]
RSSI: -90 [da:1a:4d:ed:15:9c]
RSSI: -84 [da:1a:4d:fa:15:bc]
RSSI: -83 [da:1a:4e:07:15:ec]
RSSI: -80 [da:1a:4e:20:16:2c]
RSSI: -81 [da:1a:4e:20:16:2c]
RSSI: -82 [da:1a:4e:2d:16:5c]
RSSI: -83 [da:1a:4e:39:16:7c]
RSSI: -82 [da:1a:4e:46:00:0c]
RSSI: -80 [da:1a:4e:46:00:0c]
RSSI: -79 [da:1a:4e:46:00:0c]
RSSI: -81 [da:1a:4e:53:00:2c]
RSSI: -83 [da:1a:4e:5f:00:4c]
RSSI: -82 [da:1a:4e:6c:00:7c]
RSSI: -80 [da:1a:4e:6c:00:7c]
RSSI: -82 [da:1a:4e:79:00:9c]
RSSI: -84 [da:1a:4e:85:00:cc]
RSSI: -85 [da:1a:4e:85:00:cc]
RSSI: -83 [da:1a:4e:92:00:ec]
RSSI: -82 [da:1a:4e:92:00:ec]
RSSI: -86 [da:1a:4e:ac:01:3c]
RSSI: -89 [da:1a:4e:b8:01:5c]
RSSI: -92 [da:1a:4f:04:02:4c]
RSSI: -93 [da:1a:4f:1e:02:9c]
RSSI: -93 [da:1a:4f:2b:02:bc]
RSSI: -93 [da:1a:4f:6a:03:7c]
RSSI: -92 [da:1a:4f:84:03:cc]
RSSI: -97 [da:1a:4f:c3:04:8c]
RSSI: -99 [da:1a:50:03:05:5c]
RSSI: -98 [da:1a:50:c3:07:ac]
RSSI: -98 [da:1a:50:c3:07:ac]
RSSI: -96 [da:1a:51:0f:08:8c]
RSSI: -96 [da:1a:51:1c:08:bc]
RSSI: -96 [da:1a:51:36:09:0c]
RSSI: -97 [da:1a:51:cf:0a:ec]
RSSI: -95 [da:1a:51:f6:0b:5c]
RSSI: -94 [da:1a:52:1c:0b:dc]
RSSI: -94 [da:1a:52:36:0c:2c]
RSSI: -95 [da:1a:52:4f:0c:7c]
RSSI: -96 [da:1a:52:69:0c:cc]
RSSI: -95 [da:1a:52:b6:0d:bc]
RSSI: -93 [da:1a:52:c3:0d:dc]
RSSI: -91 [da:1a:52:dd:0e:2c]
RSSI: -92 [da:1a:52:ea:0e:5c]
RSSI: -93 [da:1a:52:ea:0e:5c]
RSSI: -95 [da:1a:53:03:0e:ac]
RSSI: -96 [da:1a:53:44:0f:7c]
RSSI: -95 [da:61:88:98:01:4a]
RSSI: -95 [da:61:88:f3:02:4a]
RSSI: -97 [da:61:89:0d:02:9a]
RSSI: -95 [da:1a:54:1f:12:0c]
RSSI: -97 [da:1a:54:6c:12:fc]
RSSI: -96 [da:1a:54:93:13:6c]
RSSI: -94 [da:1a:54:93:13:6c]
RSSI: -92 [da:1a:54:c7:14:0c]
RSSI: -93 [da:1a:55:07:14:cc]
RSSI: -89 [da:1a:55:14:14:fc]
RSSI: -85 [da:1a:55:2e:15:4c]
RSSI: -83 [da:1a:55:3b:15:6c]
RSSI: -81 [da:1a:55:55:15:bc]
RSSI: -81 [da:1a:55:62:15:ec]
RSSI: -85 [da:1a:55:6f:16:0c]
RSSI: -82 [da:1a:55:6f:16:0c]
RSSI: -80 [da:1a:55:7b:16:3c]
RSSI: -80 [da:1a:55:7b:16:3c]
RSSI: -82 [da:1a:55:89:16:5c]
RSSI: -79 [da:1a:55:89:16:5c]
RSSI: -83 [da:1a:55:96:00:0c]
RSSI: -82 [da:1a:55:96:00:0c]
RSSI: -80 [da:1a:55:a2:00:2c]
RSSI: -84 [da:1a:55:a2:00:2c]
RSSI: -80 [da:1a:55:af:00:4c]
RSSI: -83 [da:1a:55:bd:00:7c]
RSSI: -82 [da:1a:55:bd:00:7c]
RSSI: -80 [da:1a:55:c9:00:9c]
RSSI: -85 [da:1a:55:c9:00:9c]
RSSI: -83 [da:1a:55:d6:00:cc]
RSSI: -81 [da:1a:55:d6:00:cc]
RSSI: -81 [da:1a:55:d6:00:cc]
RSSI: -86 [da:1a:55:e3:00:ec]
RSSI: -84 [da:1a:55:e3:00:ec]
RSSI: -83 [da:1a:55:f0:01:1c]
RSSI: -86 [da:1a:55:fd:01:3c]
RSSI: -89 [da:1a:56:0a:01:6c]
RSSI: -93 [da:1a:56:58:02:5c]
RSSI: -93 [da:1a:56:72:02:ac]
RSSI: -95 [da:1a:57:4f:05:3c]
RSSI: -95 [da:1a:58:6e:08:bc]
RSSI: -95 [da:1a:58:6e:08:bc]
RSSI: -96 [da:1a:59:25:0a:fc]
RSSI: -95 [da:1a:59:80:0c:1c]
RSSI: -95 [da:1a:59:9a:0c:6c]
RSSI: -92 [da:1a:5a:1e:0e:0c]
RSSI: -94 [da:1a:5a:82:0f:3c]
RSSI: -94 [da:1a:5a:8e:0f:5c]
RSSI: -96 [da:1a:5a:a9:0f:ac]
RSSI: -96 [da:1a:5b:7b:12:3c]
RSSI: -92 [da:1a:5b:b0:12:dc]
RSSI: -92 [da:1a:5b:ca:13:2c]
RSSI: -93 [da:1a:5b:d8:13:5c]
RSSI: -91 [da:1a:5c:27:14:4c]
RSSI: -93 [da:1a:5c:5c:14:ec]
RSSI: -90 [da:1a:5c:76:15:3c]
RSSI: -87 [da:1a:5c:83:15:5c]
RSSI: -88 [da:1a:5c:ab:15:dc]
RSSI: -85 [da:1a:5c:ab:15:dc]
RSSI: -87 [da:1a:5c:b8:15:fc]
RSSI: -84 [da:1a:5c:d3:16:4c]
RSSI: -87 [da:1a:5c:df:16:7c]
RSSI: -85 [da:1a:5c:fa:00:5c]
RSSI: -87 [da:1a:5d:07:00:7c]
RSSI: -88 [da:1a:5d:14:00:ac]
RSSI: -86 [da:1a:5d:22:00:cc]
RSSI: -88 [da:1a:5d:2e:00:fc]
RSSI: -88 [da:1a:5d:2e:00:fc]
RSSI: -94 [da:1a:5d:a5:02:6c]
RSSI: -94 [da:1a:5d:a5:02:6c]
RSSI: -94 [da:1a:5e:1d:03:cc]
RSSI: -95 [da:1a:5e:94:05:3c]
RSSI: -97 [da:1a:5f:83:08:1c]
RSSI: -97 [da:1a:60:8e:0b:5c]
RSSI: -94 [da:1a:60:d1:0c:2c]
RSSI: -94 [da:1a:61:63:0d:fc]
RSSI: -94 [da:1a:61:8b:0e:7c]
RSSI: -96 [da:1a:61:e9:0f:9c]
RSSI: -96 [da:1a:62:3a:10:9c]
RSSI: -96 [da:1a:62:47:10:bc]
RSSI: -96 [da:1a:62:c0:12:2c]
RSSI: -98 [da:1a:63:11:13:1c]
RSSI: -95 [da:1a:63:45:13:bc]
RSSI: -93 [da:1a:63:61:14:1c]
RSSI: -95 [da:1a:63:6e:14:3c]
RSSI: -92 [da:1a:63:89:14:8c]
RSSI: -90 [da:1a:63:cc:15:5c]
RSSI: -91 [da:1a:63:da:15:8c]
RSSI: -87 [da:1a:63:e7:15:ac]
RSSI: -87 [da:1a:63:e7:15:ac]
RSSI: -83 [da:1a:63:f5:15:dc]
RSSI: -84 [da:1a:63:f5:15:dc]
RSSI: -82 [da:1a:64:03:15:fc]
RSSI: -83 [da:1a:64:0f:16:2c]
RSSI: -83 [da:1a:64:0f:16:2c]
RSSI: -81 [da:1a:64:1d:16:4c]
RSSI: -84 [da:1a:64:1d:16:4c]
RSSI: -83 [da:1a:64:2b:16:7c]
RSSI: -81 [da:1a:64:2b:16:7c]
RSSI: -83 [da:1a:64:38:00:2c]
RSSI: -82 [da:1a:64:45:00:5c]
RSSI: -82 [da:1a:64:53:00:7c]
RSSI: -85 [da:1a:64:60:00:ac]
RSSI: -83 [da:1a:64:60:00:ac]
RSSI: -84 [da:1a:64:6e:00:cc]
RSSI: -86 [da:1a:64:6e:00:cc]
RSSI: -85 [da:1a:64:7c:00:fc]
RSSI: -88 [da:1a:64:88:01:2c]
RSSI: -87 [da:1a:64:88:01:2c]
RSSI: -87 [da:1a:64:96:01:4c]
RSSI: -94 [da:1a:64:e7:02:4c]
RSSI: -91 [da:1a:65:02:02:9c]
RSSI: -94 [da:1a:65:2a:03:1c]
RSSI: -95 [da:1a:66:03:05:ac]
RSSI: -99 [da:1a:67:c7:0b:2c]
RSSI: -97 [da:1a:68:b0:0d:fc]
RSSI: -97 [da:1a:69:39:0f:9c]
RSSI: -96 [da:1a:69:7d:10:6c]
RSSI: -95 [da:1a:6a:20:12:6c]
RSSI: -96 [da:1a:6a:2f:12:9c]
RSSI: -94 [da:1a:6a:3d:12:bc]
RSSI: -94 [da:1a:6a:8f:13:bc]
RSSI: -92 [da:1a:6a:b8:14:3c]
RSSI: -93 [da:1a:6a:c4:14:5c]
RSSI: -94 [da:1a:6a:c4:14:5c]
RSSI: -95 [da:1a:6a:d3:14:8c]
RSSI: -93 [da:1a:6b:17:15:5c]
RSSI: -90 [da:1a:6b:25:15:7c]
RSSI: -87 [da:1a:6b:40:15:cc]
RSSI: -83 [da:1a:6b:4e:15:fc]
RSSI: -86 [da:1a:6b:4e:15:fc]
RSSI: -84 [da:1a:6b:5c:16:2c]
RSSI: -81 [da:1a:6b:5c:16:2c]
RSSI: -83 [da:1a:6b:69:16:4c]
RSSI: -83 [da:1a:6b:69:16:4c]
RSSI: -83 [da:1a:6b:77:16:7c]
RSSI: -83 [da:1a:6b:77:16:7c]
RSSI: -83 [da:1a:6b:85:00:2c]
RSSI: -80 [da:1a:6b:85:00:2c]
RSSI: -82 [da:1a:6b:92:00:5c]
RSSI: -82 [da:1a:6b:a0:00:7c]
RSSI: -83 [da:1a:6b:a0:00:7c]
RSSI: -81 [da:1a:6b:af:00:ac]
RSSI: -84 [da:1a:6b:bb:00:cc]
RSSI: -83 [da:1a:6b:bb:00:cc]
RSSI: -82 [da:1a:6b:bb:00:cc]
RSSI: -84 [da:1a:6b:d8:01:2c]
RSSI: -87 [da:1a:6b:e4:01:4c]
RSSI: -95 [da:1a:6c:37:02:4c]
RSSI: -91 [da:1a:6c:60:02:cc]
RSSI: -91 [da:1a:6c:60:02:cc]
RSSI: -93 [da:1a:6c:c1:03:fc]
RSSI: -94 [da:1a:6d:05:04:cc]
RSSI: -94 [da:1a:6d:58:05:cc]
RSSI: -95 [da:1a:6d:66:05:ec]
RSSI: -96 [da:1a:6e:50:08:cc]
RSSI: -95 [da:1a:6f:49:0b:cc]
RSSI: -94 [da:1a:6f:81:0c:7c]
RSSI: -96 [da:1a:6f:d4:0d:7c]
RSSI: -97 [da:1a:6f:fd:0e:0c]
RSSI: -94 [da:1a:70:27:0e:8c]
RSSI: -96 [da:1a:70:89:0f:bc]
RSSI: -95 [da:1a:70:dc:10:bc]
RSSI: -95 [da:1a:70:e9:10:dc]
RSSI: -96 [da:1a:71:66:12:5c]
RSSI: -96 [da:1a:71:83:12:bc]
RSSI: -97 [da:1a:71:b9:13:5c]
RSSI: -93 [da:1a:71:e3:13:dc]
RSSI: -93 [da:1a:72:00:14:2c]
RSSI: -95 [da:1a:72:0d:14:5c]
RSSI: -91 [da:1a:72:61:15:5c]
RSSI: -91 [da:1a:72:6f:15:8c]
RSSI: -88 [da:1a:72:6f:15:8c]
RSSI: -89 [da:1a:72:7e:15:bc]
RSSI: -84 [da:1a:72:99:16:0c]
RSSI: -84 [da:1a:72:a8:16:3c]
RSSI: -84 [da:1a:72:b4:16:5c]
RSSI: -82 [da:1a:72:b4:16:5c]
RSSI: -83 [da:1a:72:c3:00:0c]
RSSI: -81 [da:1a:72:d2:00:2c]
RSSI: -82 [da:1a:72:d2:00:2c]
RSSI: -81 [da:1a:72:de:00:5c]
RSSI: -83 [da:1a:72:ed:00:8c]
RSSI: -81 [da:1a:72:ed:00:8c]
RSSI: -83 [da:1a:72:fb:00:ac]
RSSI: -84 [da:1a:72:fb:00:ac]
RSSI: -84 [da:1a:72:fb:00:ac]
RSSI: -82 [da:1a:73:08:00:dc]
RSSI: -84 [da:1a:73:08:00:dc]
RSSI: -84 [da:1a:73:17:01:0c]
RSSI: -83 [da:1a:73:17:01:0c]
RSSI: -87 [da:1a:73:32:01:5c]
RSSI: -89 [da:1a:73:41:01:8c]
RSSI: -90 [da:1a:73:41:01:8c]
RSSI: -94 [da:1a:73:86:02:5c]
RSSI: -93 [da:1a:73:a3:02:bc]
RSSI: -96 [da:1a:73:b0:02:dc]
RSSI: -98 [da:1a:73:e8:03:8c]
RSSI: -99 [da:1a:74:4b:04:ac]
RSSI: -99 [da:1a:74:d6:06:5c]
RSSI: -96 [da:1a:75:af:09:0c]
RSSI: -96 [da:1a:76:67:0b:4c]
RSSI: -95 [da:1a:76:91:0b:cc]
RSSI: -94 [da:1a:76:ca:0c:7c]
RSSI: -96 [da:1a:77:49:0e:0c]
RSSI: -98 [da:1a:77:64:0e:5c]
RSSI: -96 [da:1a:77:b9:0f:6c]
RSSI: -96 [da:1a:78:0e:10:6c]
RSSI: -95 [da:1a:78:1d:10:9c]
RSSI: -96 [da:1a:78:a9:12:4c]
RSSI: -96 [da:1a:78:f1:13:2c]
RSSI: -95 [da:1a:79:28:13:dc]
RSSI: -93 [da:1a:79:62:14:8c]
RSSI: -94 [da:1a:79:9b:15:3c]
RSSI: -92 [da:1a:79:b7:15:8c]
RSSI: -84 [da:1a:79:c6:15:bc]
RSSI: -82 [da:1a:79:d2:15:dc]
RSSI: -85 [da:1a:79:e1:16:0c]
RSSI: -81 [da:1a:79:f0:16:3c]
RSSI: -82 [da:1a:79:fd:16:5c]
RSSI: -80 [da:1a:79:fd:16:5c]
RSSI: -82 [da:1a:7a:0c:00:0c]
RSSI: -81 [da:1a:7a:0c:00:0c]
RSSI: -83 [da:1a:7a:1b:00:2c]
RSSI: -80 [da:1a:7a:27:00:5c]
RSSI: -82 [da:1a:7a:27:00:5c]
RSSI: -83 [da:1a:7a:36:00:8c]
RSSI: -80 [da:1a:7a:36:00:8c]
RSSI: -83 [da:1a:7a:45:00:ac]
RSSI: -83 [da:1a:7a:61:01:0c]
RSSI: -85 [da:1a:7a:61:01:0c]
RSSI: -86 [da:1a:7a:70:01:3c]
RSSI: -95 [da:1a:7a:c5:02:3c]
RSSI: -97 [da:61:af:db:01:4a]
RSSI: -92 [da:1a:7a:e1:02:9c]
RSSI: -93 [da:1a:7a:fd:02:ec]
RSSI: -95 [da:1a:7b:36:03:9c]
RSSI: -96 [da:1a:7b:8c:04:9c]
RSSI: -95 [da:1a:7b:e1:05:ac]
RSSI: -98 [da:1a:7c:c6:08:6c]
RSSI: -99 [da:1a:7c:c6:08:6c]
RSSI: -98 [da:1a:7d:9d:0b:0c]
RSSI: -96 [da:1a:7d:ff:0c:3c]
RSSI: -96 [da:1a:7e:0f:0c:6c]
RSSI: -95 [da:1a:7e:1e:0c:9c]
RSSI: -96 [da:1a:7e:80:0d:dc]
RSSI: -92 [da:1a:7e:90:0e:0c]
RSSI: -92 [da:1a:7e:bb:0e:8c]
RSSI: -93 [da:1a:7f:67:10:ac]
RSSI: -96 [da:1a:7f:e8:12:2c]
RSSI: -97 [da:1a:80:3f:13:3c]
RSSI: -97 [da:1a:80:4e:13:6c]
RSSI: -92 [da:1a:80:86:14:0c]
RSSI: -91 [da:1a:80:95:14:3c]
RSSI: -97 [da:1a:80:d0:14:fc]
RSSI: -86 [da:1a:80:fb:15:7c]
RSSI: -86 [da:1a:81:07:15:9c]
RSSI: -83 [da:1a:81:07:15:9c]
RSSI: -83 [da:1a:81:07:15:9c]
RSSI: -84 [da:1a:81:17:15:cc]
RSSI: -87 [da:1a:81:26:15:fc]
RSSI: -81 [da:1a:81:33:16:1c]
RSSI: -82 [da:1a:81:42:16:4c]
RSSI: -80 [da:1a:81:42:16:4c]
RSSI: -82 [da:1a:81:51:16:7c]
RSSI: -82 [da:1a:81:51:16:7c]
RSSI: -83 [da:1a:81:5e:00:2c]
RSSI: -80 [da:1a:81:6d:00:5c]
RSSI: -83 [da:1a:81:6d:00:5c]
RSSI: -82 [da:1a:81:7d:00:8c]
RSSI: -80 [da:1a:81:7d:00:8c]
RSSI: -83 [da:1a:81:89:00:ac]
RSSI: -85 [da:1a:81:99:00:dc]
RSSI: -85 [da:1a:81:99:00:dc]
RSSI: -84 [da:1a:81:99:00:dc]
RSSI: -83 [da:1a:81:a8:01:0c]
RSSI: -86 [da:1a:81:b5:01:3c]
RSSI: -85 [da:1a:81:b5:01:3c]
RSSI: -89 [da:1a:81:c4:01:6c]
RSSI: -94 [da:1a:82:1b:02:7c]
RSSI: -91 [da:1a:82:2a:02:9c]
RSSI: -94 [da:1a:82:55:03:2c]
RSSI: -97 [da:1a:82:f4:05:0c]
RSSI: -96 [da:1a:84:3a:08:fc]
RSSI: -94 [da:1a:85:30:0c:0c]
RSSI: -99 [da:1a:85:4c:0c:5c]
RSSI: -93 [da:1a:85:ee:0e:5c]
RSSI: -94 [da:1a:85:fb:0e:7c]
RSSI: -97 [da:1a:86:27:0f:0c]
RSSI: -98 [da:1a:86:53:0f:8c]
RSSI: -94 [da:1a:86:62:0f:bc]
RSSI: -93 [da:1a:86:aa:10:9c]
RSSI: -95 [da:1a:87:5a:12:bc]
RSSI: -95 [da:1a:87:95:13:7c]
RSSI: -95 [da:1a:87:a5:13:ac]
RSSI: -92 [da:1a:87:b1:13:cc]
RSSI: -91 [da:1a:87:d1:14:2c]
RSSI: -94 [da:1a:87:ed:14:8c]
RSSI: -93 [da:1a:88:29:15:3c]
RSSI: -86 [da:1a:88:54:15:bc]
RSSI: -87 [da:1a:88:61:15:ec]
RSSI: -85 [da:1a:88:71:16:1c]
RSSI: -86 [da:1a:88:71:16:1c]
RSSI: -85 [da:1a:88:80:16:4c]
RSSI: -82 [da:1a:88:8d:16:6c]
RSSI: -84 [da:1a:88:8d:16:6c]
RSSI: -82 [da:1a:88:9d:00:0c]
RSSI: -82 [da:1a:88:9d:00:0c]
RSSI: -84 [da:1a:88:ac:00:3c]
RSSI: -83 [da:1a:88:b9:00:5c]
RSSI: -84 [da:1a:88:b9:00:5c]
RSSI: -85 [da:1a:88:c9:00:8c]
RSSI: -83 [da:1a:88:c9:00:8c]
RSSI: -84 [da:1a:88:d8:00:bc]
RSSI: -84 [da:1a:88:d8:00:bc]
RSSI: -85 [da:1a:88:e5:00:dc]
RSSI: -90 [da:1a:89:05:01:3c]
RSSI: -92 [da:1a:89:4d:02:1c]
RSSI: -94 [da:1a:89:5d:02:4c]
RSSI: -95 [da:1a:89:89:02:dc]
RSSI: -93 [da:1a:8a:72:05:ac]
RSSI: -97 [da:1a:8b:5f:08:8c]
RSSI: -96 [da:1a:8c:3d:0b:3c]
RSSI: -98 [da:1a:8c:95:0c:5c]
RSSI: -90 [da:1a:8f:8a:15:7c]
RSSI: -85 [da:1a:8f:9a:15:ac]
RSSI: -86 [da:1a:8f:a7:15:cc]
RSSI: -83 [da:1a:8f:a7:15:cc]
RSSI: -83 [da:1a:8f:a7:15:cc]
RSSI: -84 [da:1a:8f:b7:15:fc]
RSSI: -82 [da:1a:8f:c7:16:2c]
RSSI: -80 [da:1a:8f:d3:16:5c]
RSSI: -82 [da:1a:8f:d3:16:5c]
RSSI: -80 [da:1a:8f:e3:00:0c]
RSSI: -82 [da:1a:8f:f3:00:3c]
RSSI: -82 [da:1a:90:00:00:5c]
RSSI: -82 [da:1a:90:00:00:5c]
RSSI: -82 [da:1a:90:10:00:8c]
RSSI: -81 [da:1a:90:20:00:bc]
RSSI: -81 [da:1a:90:20:00:bc]
RSSI: -83 [da:1a:90:2d:00:dc]
RSSI: -84 [da:1a:90:2d:00:dc]
RSSI: -82 [da:1a:90:2d:00:dc]
RSSI: -86 [da:1a:90:3d:01:1c]
RSSI: -87 [da:1a:90:59:01:6c]
RSSI: -87 [da:1a:90:59:01:6c]
RSSI: -95 [da:1a:90:a6:02:5c]
RSSI: -94 [da:1a:90:a6:02:5c]
RSSI: -93 [da:1a:90:b3:02:7c]
RSSI: -91 [da:1a:90:d3:02:dc]
RSSI: -93 [da:1a:91:1c:03:bc]
RSSI: -97 [da:1a:91:76:04:cc]
RSSI: -95 [da:1a:91:b3:05:8c]
RSSI: -97 [da:1a:91:bf:05:ac]
RSSI: -97 [da:61:c7:9e:01:fa]
RSSI: -96 [da:61:c7:c4:02:6a]
RSSI: -97 [da:1a:93:71:0a:fc]
RSSI: -96 [da:1a:93:b0:0b:bc]
RSSI: -96 [da:1a:93:f0:0c:7c]
RSSI: -93 [da:1a:94:63:0d:ec]
RSSI: -98 [da:1a:94:e2:0f:6c]
RSSI: -94 [da:1a:94:ef:0f:9c]
RSSI: -97 [da:1a:94:fb:0f:bc]
RSSI: -96 [da:1a:95:d4:12:5c]
RSSI: -96 [da:1a:96:07:12:fc]
RSSI: -95 [da:1a:96:47:13:bc]
RSSI: -94 [da:1a:96:54:13:dc]
RSSI: -94 [da:1a:96:7b:14:5c]
RSSI: -91 [da:1a:96:87:14:7c]
RSSI: -95 [da:1a:96:bb:15:1c]
RSSI: -90 [da:1a:96:c7:15:3c]
RSSI: -89 [da:1a:96:c7:15:3c]
RSSI: -85 [da:1a:96:e1:15:8c]
RSSI: -85 [da:1a:96:ee:15:bc]
RSSI: -82 [da:1a:96:ee:15:bc]
RSSI: -86 [da:1a:96:fa:15:dc]
RSSI: -81 [da:1a:97:07:15:fc]
RSSI: -82 [da:1a:97:14:16:2c]
RSSI: -81 [da:1a:97:14:16:2c]
RSSI: -84 [da:1a:97:21:16:4c]
RSSI: -80 [da:1a:97:2e:16:7c]
RSSI: -82 [da:1a:97:3b:00:2c]
RSSI: -80 [da:1a:97:3b:00:2c]
RSSI: -84 [da:1a:97:47:00:4c]
RSSI: -80 [da:1a:97:54:00:7c]
RSSI: -82 [da:1a:97:61:00:9c]
RSSI: -81 [da:1a:97:61:00:9c]
RSSI: -84 [da:1a:97:6e:00:cc]
RSSI: -84 [da:1a:97:6e:00:cc]
RSSI: -81 [da:1a:97:7b:00:ec]
RSSI: -83 [da:1a:97:88:01:1c]
RSSI: -87 [da:1a:97:94:01:3c]
RSSI: -87 [da:1a:97:94:01:3c]
RSSI: -87 [da:1a:97:a1:01:5c]
RSSI: -91 [da:1a:97:ae:01:8c]
RSSI: -95 [da:1a:97:ee:02:4c]
RSSI: -92 [da:1a:97:fb:02:7c]
RSSI: -97 [da:1a:98:62:03:ac]
RSSI: -97 [da:1a:98:62:03:ac]
RSSI: -95 [da:1a:98:bc:04:cc]
RSSI: -96 [da:1a:98:f0:05:6c]
RSSI: -95 [da:1a:99:0a:05:bc]
RSSI: -98 [da:1a:99:3d:06:5c]
RSSI: -95 [da:1a:9e:50:15:fc]
RSSI: -96 [da:1a:a5:d4:00:0c]
