RSSI: -95 [da:1a:e7:5c:15:bc]
RSSI: -94 [da:1a:e7:69:15:dc]
RSSI: -94 [da:1a:e7:90:16:5c]
RSSI: -93 [da:1a:e7:ab:00:2c]
RSSI: -94 [da:1a:e7:ed:00:fc]
RSSI: -95 [da:1a:ee:b7:15:dc]
RSSI: -94 [da:1a:ee:c3:16:0c]
RSSI: -93 [da:1a:ee:ec:16:7c]
RSSI: -93 [da:1a:ee:fa:00:2c]
RSSI: -93 [da:1a:ef:14:00:7c]
RSSI: -92 [da:1a:ef:14:00:7c]
RSSI: -93 [da:1a:ef:22:00:ac]
RSSI: -94 [da:1a:ef:4b:01:1c]
RSSI: -97 [da:62:25:bd:02:1a]
RSSI: -98 [da:62:25:d8:02:6a]
RSSI: -94 [da:1a:f6:20:16:2c]
RSSI: -94 [da:1a:f6:2f:16:5c]
RSSI: -95 [da:1a:f6:49:00:2c]
RSSI: -94 [da:1a:f6:58:00:5c]
RSSI: -93 [da:1a:f6:8f:00:fc]
RSSI: -95 [da:1a:fd:53:15:dc]
RSSI: -95 [da:1a:fd:62:16:0c]
RSSI: -93 [da:1a:fd:7d:16:5c]
RSSI: -93 [da:1a:fd:8c:00:0c]
RSSI: -92 [da:1a:fd:b5:00:8c]
RSSI: -93 [da:1a:fd:c2:00:ac]
RSSI: -95 [da:1a:fd:ec:01:2c]
RSSI: -97 [da:1a:fe:4f:02:5c]
RSSI: -95 [da:1b:04:ad:15:fc]
RSSI: -94 [da:1b:04:d8:00:0c]
RSSI: -94 [da:1b:04:e5:00:2c]
RSSI: -93 [da:1b:04:f4:00:5c]
RSSI: -94 [da:1b:05:0f:00:ac]
RSSI: -95 [da:1b:0b:f3:15:ec]
RSSI: -93 [da:1b:0c:2d:00:0c]
RSSI: -94 [da:1b:0c:3d:00:2c]
RSSI: -98 [da:1b:8f:cd:16:5c]
RSSI: -99 [da:1b:bb:b4:16:2c]
RSSI: -99 [da:1b:e0:47:15:dc]
RSSI: -96 [da:63:48:b1:01:ba]
RSSI: -96 [da:63:48:cf:02:0a]
RSSI: -96 [da:63:48:dc:02:2a]
RSSI: -95 [da:63:48:eb:02:5a]
RSSI: -94 [da:1c:22:bb:00:bc]
RSSI: -95 [da:1c:22:ca:00:ec]
