RSSI: -98 [da:1c:fe:c2:00:5c]
RSSI: -96 [da:64:3b:e4:01:ba]
RSSI: -98 [da:1d:14:bf:00:5c]
RSSI: -94 [da:64:4b:7d:01:aa]
RSSI: -95 [da:64:4b:99:01:fa]
RSSI: -95 [da:64:4b:99:01:fa]
RSSI: -96 [da:64:4b:a6:02:1a]
RSSI: -96 [da:64:4b:ce:02:8a]
RSSI: -98 [da:64:4b:ea:02:da]
RSSI: -98 [da:1d:1b:da:16:1c]
RSSI: -97 [da:1d:1c:03:00:0c]
RSSI: -95 [da:64:53:61:01:aa]
RSSI: -98 [da:64:53:8b:02:2a]
RSSI: -96 [da:64:53:8b:02:2a]
RSSI: -98 [da:64:53:c3:02:ba]
RSSI: -97 [da:1d:23:39:16:2c]
RSSI: -98 [da:1d:23:46:16:4c]
RSSI: -97 [da:1d:23:6f:00:5c]
RSSI: -97 [da:64:5a:e0:00:da]
RSSI: -96 [da:64:5b:0b:01:5a]
RSSI: -95 [da:64:5b:26:01:aa]
RSSI: -95 [da:64:5b:7b:02:9a]
RSSI: -95 [da:64:62:df:01:4a]
RSSI: -98 [da:64:63:16:01:ea]
RSSI: -95 [da:1d:31:b5:15:bc]
RSSI: -97 [da:1d:32:62:01:2c]
RSSI: -96 [da:1d:32:71:01:5c]
RSSI: -96 [da:64:72:55:00:ca]
RSSI: -92 [da:64:72:a1:01:aa]
RSSI: -93 [da:64:72:ae:01:ca]
RSSI: -94 [da:64:72:ea:02:7a]
RSSI: -97 [da:64:72:fa:02:9a]
RSSI: -99 [da:1d:41:18:01:7c]
RSSI: -96 [da:64:7a:20:00:da]
RSSI: -96 [da:64:7a:2c:00:fa]
RSSI: -95 [da:64:7a:92:02:2a]
RSSI: -97 [da:64:7a:c5:02:ba]
RSSI: -96 [da:1d:48:4b:00:ec]
RSSI: -98 [da:1d:48:71:01:5c]
RSSI: -96 [da:1d:56:86:16:3c]
RSSI: -95 [da:1d:57:26:01:9c]
RSSI: -98 [da:64:99:79:01:1a]
RSSI: -98 [da:64:99:da:02:2a]
RSSI: -94 [da:64:a1:24:00:9a]
RSSI: -92 [da:64:a1:5d:01:3a]
RSSI: -92 [da:64:a1:6c:01:6a]
RSSI: -92 [da:64:a1:97:01:da]
RSSI: -92 [da:64:a1:a3:02:0a]
RSSI: -94 [da:64:a1:ce:02:7a]
RSSI: -99 [da:64:a2:31:03:9a]
RSSI: -96 [da:64:a9:1b:01:2a]
RSSI: -95 [da:1d:7b:0e:15:ec]
RSSI: -98 [da:1d:7b:1e:16:1c]
RSSI: -95 [da:1d:82:73:16:2c]
RSSI: -92 [da:1d:89:f8:00:3c]
RSSI: -97 [da:1d:91:2a:16:4c]
RSSI: -97 [da:1d:98:62:15:dc]
RSSI: -96 [da:1d:98:62:15:dc]
RSSI: -95 [da:1d:98:89:16:5c]
RSSI: -97 [da:1d:98:be:00:7c]
RSSI: -94 [da:1d:99:0e:01:6c]
RSSI: -96 [da:1d:9f:d1:16:2c]
RSSI: -94 [da:1d:a0:06:00:5c]
RSSI: -93 [da:1d:a0:14:00:7c]
RSSI: -95 [da:1d:a0:2f:00:cc]
RSSI: -99 [da:1d:a7:35:16:5c]
RSSI: -95 [da:1d:ae:53:15:bc]
RSSI: -96 [da:1d:ae:a7:00:2c]
RSSI: -96 [da:1d:ae:a7:00:2c]
RSSI: -93 [da:1d:af:09:01:4c]
RSSI: -98 [da:64:e8:5a:02:5a]
RSSI: -98 [da:1d:b5:98:15:7c]
RSSI: -96 [da:1d:b5:b6:15:dc]
RSSI: -95 [da:1d:bd:31:16:5c]
RSSI: -93 [da:1d:bd:5c:00:2c]
RSSI: -95 [da:1d:c4:fe:01:2c]
RSSI: -95 [da:1d:c5:3a:01:ec]
RSSI: -93 [da:1d:cc:53:01:3c]
RSSI: -93 [da:1d:cc:53:01:3c]
RSSI: -96 [da:1d:d3:c5:01:8c]
RSSI: -95 [da:1d:d3:de:01:dc]
RSSI: -97 [da:1d:da:72:16:1c]
RSSI: -97 [da:1d:da:e8:00:ec]
RSSI: -93 [da:1d:da:f5:01:1c]
RSSI: -95 [da:1d:db:1c:01:8c]
RSSI: -97 [da:1d:e1:a5:15:bc]
RSSI: -97 [da:1d:e2:45:01:1c]
RSSI: -99 [da:1d:e2:79:01:bc]
RSSI: -96 [da:1d:e9:28:16:4c]
RSSI: -97 [da:1d:e9:47:00:3c]
RSSI: -99 [da:65:1f:10:01:aa]
RSSI: -97 [da:65:1f:1e:01:ca]
RSSI: -96 [da:1d:ef:fb:14:dc]
RSSI: -96 [da:1d:f0:08:15:0c]
RSSI: -94 [da:1d:f0:5b:15:fc]
RSSI: -91 [da:1d:f0:78:16:5c]
RSSI: -91 [da:1d:f0:84:16:7c]
RSSI: -91 [da:1d:f0:bc:00:ac]
RSSI: -94 [da:1d:f0:e6:01:2c]
RSSI: -95 [da:65:26:84:00:7a]
RSSI: -94 [da:65:26:ad:00:ea]
RSSI: -93 [da:65:26:c9:01:3a]
RSSI: -91 [da:65:26:d7:01:6a]
RSSI: -91 [da:65:27:01:01:da]
RSSI: -98 [da:65:27:3a:02:7a]
RSSI: -95 [da:65:27:64:02:ea]
RSSI: -94 [da:65:27:70:03:1a]
RSSI: -96 [da:65:27:70:03:1a]
RSSI: -99 [da:1d:f7:31:14:9c]
RSSI: -94 [da:1d:f7:a1:15:ec]
RSSI: -89 [da:1d:f7:f5:00:5c]
RSSI: -89 [da:1d:f8:04:00:8c]
RSSI: -90 [da:1d:f8:2e:01:0c]
RSSI: -97 [da:1d:f8:ad:02:8c]
RSSI: -93 [da:1d:ff:00:16:0c]
RSSI: -91 [da:1d:ff:38:00:2c]
RSSI: -91 [da:1d:ff:47:00:5c]
RSSI: -93 [da:1d:ff:72:00:dc]
RSSI: -98 [da:65:36:40:00:aa]
RSSI: -97 [da:65:36:87:01:6a]
RSSI: -95 [da:1e:06:58:16:0c]
RSSI: -95 [da:1e:06:be:00:bc]
RSSI: -94 [da:1e:0d:e7:00:5c]
RSSI: -96 [da:1e:14:d6:15:ac]
RSSI: -92 [da:1e:14:e3:15:dc]
RSSI: -91 [da:1e:14:fc:16:2c]
RSSI: -90 [da:1e:15:22:00:0c]
RSSI: -93 [da:1e:15:3b:00:4c]
RSSI: -94 [da:1e:15:6e:00:ec]
RSSI: -93 [da:1e:1c:40:15:ec]
RSSI: -92 [da:1e:1c:8d:00:4c]
RSSI: -96 [da:1e:23:bf:16:6c]
RSSI: -96 [da:1e:23:e7:00:7c]
RSSI: -97 [da:65:5d:fc:01:ea]
RSSI: -97 [da:1e:2a:ba:15:8c]
RSSI: -90 [da:1e:2a:f1:16:2c]
RSSI: -89 [da:1e:2b:19:00:0c]
RSSI: -89 [da:1e:2b:42:00:7c]
RSSI: -93 [da:1e:2b:4f:00:ac]
RSSI: -93 [da:1e:2b:5c:00:cc]
RSSI: -102 [da:65:65:59:00:9a]
RSSI: -95 [da:1e:32:24:15:bc]
RSSI: -92 [da:1e:32:4d:16:2c]
RSSI: -90 [da:1e:32:4d:16:2c]
RSSI: -90 [da:1e:32:76:00:2c]
RSSI: -90 [da:1e:32:84:00:5c]
RSSI: -97 [da:1e:32:d7:01:5c]
RSSI: -100 [da:65:6d:27:00:7a]
RSSI: -95 [da:65:6d:5f:01:1a]
RSSI: -96 [da:65:6d:a5:01:da]
RSSI: -95 [da:65:6d:c2:02:2a]
RSSI: -97 [da:65:74:93:15:7a]
RSSI: -94 [da:65:75:69:01:9a]
RSSI: -94 [da:65:75:76:01:ba]
RSSI: -95 [da:65:75:db:02:da]
RSSI: -96 [da:65:75:ea:03:0a]
RSSI: -97 [da:65:7c:8b:15:da]
RSSI: -96 [da:65:7c:b7:00:2a]
RSSI: -96 [da:65:7c:d6:00:7a]
RSSI: -94 [da:65:7d:1e:01:4a]
RSSI: -94 [da:65:7d:65:02:0a]
