RSSI: -99 [da:65:d3:6e:01:fa]
RSSI: -99 [da:65:d3:88:02:3a]
RSSI: -100 [da:65:d3:ae:02:aa]
RSSI: -97 [da:65:e3:3b:02:8a]
RSSI: -96 [da:1e:af:02:00:4c]
RSSI: -95 [da:1e:af:1d:00:ac]
RSSI: -95 [da:1e:b6:62:00:7c]
RSSI: -97 [da:1e:b6:70:00:ac]
RSSI: -96 [da:1e:cb:e7:15:ec]
RSSI: -92 [da:1e:cc:30:00:5c]
RSSI: -94 [da:1e:cc:5b:00:dc]
RSSI: -95 [da:1e:d3:42:16:3c]
RSSI: -93 [da:1e:d3:89:00:8c]
RSSI: -94 [da:1e:da:77:15:fc]
RSSI: -93 [da:1e:da:83:16:2c]
RSSI: -94 [da:1e:da:fb:01:1c]
RSSI: -97 [da:1e:e1:a1:15:ac]
RSSI: -92 [da:1e:e1:de:16:6c]
RSSI: -92 [da:1e:e2:1b:00:bc]
RSSI: -93 [da:1e:e2:28:00:ec]
RSSI: -97 [da:66:19:3f:00:4a]
RSSI: -94 [da:66:19:8b:01:1a]
RSSI: -95 [da:66:19:d8:01:fa]
RSSI: -99 [da:66:19:e5:02:1a]
RSSI: -97 [da:66:1a:31:02:ea]
RSSI: -94 [da:1e:e9:2b:00:0c]
RSSI: -97 [da:66:21:77:01:6a]
RSSI: -97 [da:66:21:c5:02:4a]
RSSI: -99 [da:66:21:d3:02:7a]
RSSI: -94 [da:1e:f0:69:16:6c]
RSSI: -95 [da:1e:f0:84:00:5c]
RSSI: -97 [da:66:29:13:00:ba]
RSSI: -97 [da:66:29:13:00:ba]
RSSI: -97 [da:66:29:63:01:9a]
RSSI: -96 [da:66:29:7e:01:ea]
RSSI: -96 [da:66:29:cf:02:ca]
RSSI: -97 [da:66:29:f7:03:3a]
RSSI: -97 [da:1e:f7:66:15:bc]
RSSI: -95 [da:1e:f7:8e:16:3c]
RSSI: -99 [da:1e:f7:aa:00:0c]
RSSI: -91 [da:1e:f7:c4:00:5c]
RSSI: -91 [da:1e:f7:c4:00:5c]
RSSI: -96 [da:66:30:f2:00:fa]
RSSI: -100 [da:66:30:ff:01:1a]
RSSI: -95 [da:66:31:1b:01:6a]
RSSI: -94 [da:66:31:1b:01:6a]
RSSI: -96 [da:66:31:5f:02:3a]
RSSI: -93 [da:66:31:96:02:ca]
RSSI: -94 [da:66:31:be:03:3a]
RSSI: -94 [da:1e:fe:c3:16:0c]
RSSI: -91 [da:1e:ff:23:00:ac]
RSSI: -98 [da:66:38:d6:01:0a]
RSSI: -98 [da:66:38:e3:01:2a]
RSSI: -96 [da:66:39:0c:01:aa]
RSSI: -96 [da:66:39:29:01:fa]
RSSI: -97 [da:66:39:60:02:8a]
RSSI: -94 [da:1f:05:f5:15:dc]
RSSI: -92 [da:1f:06:2d:00:0c]
RSSI: -96 [da:1f:06:8f:01:2c]
RSSI: -95 [da:66:40:af:01:1a]
RSSI: -95 [da:66:40:d9:01:9a]
RSSI: -96 [da:66:40:f5:01:ea]
RSSI: -97 [da:1f:0d:26:15:ac]
RSSI: -94 [da:1f:0d:50:16:2c]
RSSI: -92 [da:1f:0d:5d:16:4c]
RSSI: -94 [da:1f:0d:5d:16:4c]
RSSI: -92 [da:1f:0d:87:00:5c]
RSSI: -97 [da:66:48:7b:00:fa]
RSSI: -96 [da:66:48:b5:01:9a]
RSSI: -96 [da:66:48:fc:02:5a]
RSSI: -95 [da:1f:14:7c:15:ec]
RSSI: -93 [da:1f:14:df:00:8c]
RSSI: -96 [da:66:50:28:00:aa]
RSSI: -96 [da:66:50:73:01:7a]
RSSI: -97 [da:66:50:bb:02:4a]
RSSI: -97 [da:66:50:cb:02:6a]
RSSI: -92 [da:1f:1b:da:16:2c]
RSSI: -91 [da:1f:1b:e9:16:5c]
RSSI: -94 [da:1f:1c:50:01:0c]
RSSI: -95 [da:1f:22:fa:15:bc]
RSSI: -95 [da:1f:23:09:15:ec]
RSSI: -95 [da:66:58:2e:01:2a]
RSSI: -100 [da:66:58:5a:01:aa]
RSSI: -93 [da:1f:23:7f:00:dc]
RSSI: -96 [da:66:58:b4:02:9a]
RSSI: -91 [da:1f:2a:78:16:7c]
RSSI: -91 [da:1f:2a:9e:00:7c]
RSSI: -93 [da:1f:2a:c4:00:ec]
RSSI: -97 [da:66:60:0d:01:6a]
RSSI: -94 [da:1f:31:74:15:bc]
RSSI: -91 [da:1f:31:c2:00:2c]
RSSI: -92 [da:1f:31:e9:00:ac]
RSSI: -96 [da:1f:32:10:01:1c]
RSSI: -98 [da:66:68:1c:02:1a]
RSSI: -96 [da:1f:38:a9:15:ac]
RSSI: -95 [da:1f:38:b7:15:cc]
RSSI: -91 [da:1f:39:06:00:2c]
RSSI: -93 [da:1f:39:2e:00:ac]
RSSI: -98 [da:66:6f:e8:02:0a]
RSSI: -97 [da:1f:3f:ed:15:9c]
RSSI: -92 [da:1f:40:3e:00:2c]
RSSI: -92 [da:1f:40:4a:00:5c]
RSSI: -91 [da:1f:40:4a:00:5c]
RSSI: -97 [da:66:77:a6:01:da]
RSSI: -94 [da:1f:47:30:15:ac]
RSSI: -92 [da:1f:47:68:16:5c]
RSSI: -91 [da:1f:47:91:00:2c]
RSSI: -93 [da:1f:47:ba:00:ac]
RSSI: -97 [da:1f:4e:65:15:5c]
RSSI: -91 [da:1f:4e:9e:16:0c]
RSSI: -91 [da:1f:4e:c8:00:2c]
RSSI: -90 [da:1f:4e:d5:00:5c]
RSSI: -94 [da:1f:4f:0e:01:0c]
RSSI: -96 [da:1f:55:c2:15:bc]
RSSI: -92 [da:1f:55:f9:16:6c]
RSSI: -91 [da:1f:56:08:00:0c]
RSSI: -93 [da:1f:5d:19:15:ec]
RSSI: -91 [da:1f:5d:53:00:0c]
RSSI: -92 [da:1f:5d:8c:00:ac]
RSSI: -93 [da:1f:5d:8c:00:ac]
RSSI: -91 [da:1f:64:88:16:4c]
RSSI: -91 [da:1f:64:88:16:4c]
RSSI: -92 [da:1f:64:c1:00:8c]
RSSI: -92 [da:1f:64:d1:00:bc]
RSSI: -93 [da:1f:6b:a6:15:dc]
RSSI: -92 [da:1f:6b:b3:16:0c]
RSSI: -91 [da:1f:6b:f0:00:3c]
RSSI: -97 [da:1f:6c:3a:01:1c]
RSSI: -98 [da:1f:72:c9:15:5c]
RSSI: -93 [da:1f:72:ef:15:dc]
RSSI: -90 [da:1f:73:22:16:6c]
RSSI: -91 [da:1f:73:3c:00:2c]
RSSI: -91 [da:1f:73:49:00:4c]
RSSI: -94 [da:1f:73:70:00:cc]
RSSI: -92 [da:1f:7a:46:15:fc]
RSSI: -98 [da:1f:7a:88:00:4c]
RSSI: -91 [da:1f:7a:95:00:7c]
RSSI: -93 [da:1f:7a:bd:00:fc]
RSSI: -91 [da:1f:81:a0:16:4c]
RSSI: -90 [da:1f:81:c8:00:4c]
RSSI: -94 [da:1f:88:ab:15:ac]
RSSI: -92 [da:1f:88:d4:16:2c]
RSSI: -91 [da:1f:89:0b:00:5c]
RSSI: -92 [da:66:c5:65:01:1a]
RSSI: -92 [da:66:c5:65:01:1a]
RSSI: -91 [da:66:c5:8e:01:8a]
RSSI: -97 [da:66:c5:9b:01:aa]
RSSI: -93 [da:66:c5:b8:01:fa]
RSSI: -96 [da:66:c6:27:03:3a]
RSSI: -100 [da:1f:96:aa:13:dc]
RSSI: -97 [da:1f:97:44:15:bc]
RSSI: -95 [da:66:cc:f3:00:4a]
RSSI: -92 [da:66:cd:1e:00:ca]
RSSI: -97 [da:66:cd:64:01:8a]
RSSI: -91 [da:66:cd:8f:02:0a]
RSSI: -93 [da:66:cd:b9:02:7a]
RSSI: -93 [da:66:cd:c8:02:aa]
RSSI: -93 [da:66:cd:d7:02:da]
RSSI: -91 [da:66:cd:e4:02:fa]
RSSI: -94 [da:66:cd:f3:03:2a]
