RSSI: -98 [da:20:74:72:08:9c]
RSSI: -96 [da:20:78:2b:14:2c]
RSSI: -90 [da:20:78:9f:15:8c]
RSSI: -91 [da:20:78:af:15:ac]
RSSI: -88 [da:20:78:af:15:ac]
RSSI: -93 [da:20:78:bb:15:dc]
RSSI: -90 [da:20:78:bb:15:dc]
RSSI: -87 [da:20:78:db:16:3c]
RSSI: -89 [da:20:78:db:16:3c]
RSSI: -91 [da:20:78:e8:16:5c]
RSSI: -87 [da:20:78:e8:16:5c]
RSSI: -87 [da:20:78:e8:16:5c]
RSSI: -92 [da:20:78:f7:00:3c]
RSSI: -86 [da:20:79:07:00:6c]
RSSI: -87 [da:20:79:14:00:8c]
RSSI: -87 [da:20:79:14:00:8c]
RSSI: -86 [da:20:79:14:00:8c]
RSSI: -87 [da:20:79:24:00:bc]
RSSI: -96 [da:20:79:33:00:ec]
RSSI: -88 [da:20:79:40:01:0c]
RSSI: -89 [da:20:79:50:01:3c]
RSSI: -94 [da:20:79:6c:01:9c]
RSSI: -96 [da:20:79:7c:01:cc]
RSSI: -96 [da:20:79:c4:02:ac]
RSSI: -97 [da:20:79:d4:02:dc]
RSSI: -99 [da:67:af:b2:00:2a]
RSSI: -94 [da:67:af:cf:00:7a]
RSSI: -92 [da:67:af:df:00:aa]
RSSI: -96 [da:67:af:ef:00:da]
RSSI: -94 [da:67:b0:1b:01:5a]
RSSI: -95 [da:67:b0:28:01:7a]
RSSI: -96 [da:20:7f:80:14:5c]
RSSI: -95 [da:20:7f:ad:14:ec]
RSSI: -96 [da:20:7f:ad:14:ec]
RSSI: -93 [da:20:7f:da:15:6c]
RSSI: -97 [da:20:7f:ea:15:9c]
RSSI: -88 [da:20:7f:fa:15:cc]
RSSI: -88 [da:20:80:07:15:fc]
RSSI: -86 [da:20:80:07:15:fc]
RSSI: -87 [da:20:80:27:16:5c]
RSSI: -85 [da:20:80:33:16:7c]
RSSI: -86 [da:20:80:33:16:7c]
RSSI: -85 [da:20:80:33:16:7c]
RSSI: -85 [da:20:80:44:00:3c]
RSSI: -87 [da:20:80:54:00:6c]
RSSI: -84 [da:20:80:60:00:8c]
RSSI: -87 [da:20:80:60:00:8c]
RSSI: -85 [da:20:80:70:00:bc]
RSSI: -85 [da:20:80:80:00:ec]
RSSI: -89 [da:20:80:8d:01:1c]
RSSI: -91 [da:20:80:9d:01:4c]
RSSI: -89 [da:20:80:ad:01:7c]
RSSI: -89 [da:20:80:ba:01:9c]
RSSI: -91 [da:20:80:ba:01:9c]
RSSI: -92 [da:20:80:ba:01:9c]
RSSI: -92 [da:20:80:ca:01:cc]
RSSI: -94 [da:20:80:ca:01:cc]
RSSI: -95 [da:20:81:14:02:ac]
RSSI: -96 [da:67:b7:ad:00:da]
RSSI: -96 [da:67:b7:c6:01:2a]
RSSI: -94 [da:20:86:c9:14:4c]
RSSI: -96 [da:20:86:c9:14:4c]
RSSI: -94 [da:20:86:d5:14:7c]
RSSI: -93 [da:20:86:fc:14:ec]
RSSI: -97 [da:20:87:09:15:1c]
RSSI: -92 [da:20:87:3c:15:bc]
RSSI: -89 [da:20:87:3c:15:bc]
RSSI: -93 [da:20:87:49:15:dc]
RSSI: -88 [da:20:87:56:15:fc]
RSSI: -87 [da:20:87:63:16:2c]
RSSI: -86 [da:20:87:63:16:2c]
RSSI: -86 [da:20:87:70:16:4c]
RSSI: -87 [da:20:87:70:16:4c]
RSSI: -85 [da:20:87:7d:16:7c]
RSSI: -85 [da:20:87:7d:16:7c]
RSSI: -86 [da:20:87:7d:16:7c]
RSSI: -86 [da:20:87:8a:00:0c]
RSSI: -84 [da:20:87:8a:00:0c]
RSSI: -85 [da:20:87:96:00:2c]
RSSI: -84 [da:20:87:a3:00:4c]
RSSI: -85 [da:20:87:a3:00:4c]
RSSI: -85 [da:20:87:a3:00:4c]
RSSI: -86 [da:20:87:b0:00:7c]
RSSI: -84 [da:20:87:b0:00:7c]
RSSI: -85 [da:20:87:bd:00:9c]
RSSI: -87 [da:20:87:bd:00:9c]
RSSI: -85 [da:20:87:ca:00:cc]
RSSI: -86 [da:20:87:ca:00:cc]
RSSI: -89 [da:20:87:d7:00:ec]
RSSI: -87 [da:20:87:d7:00:ec]
RSSI: -87 [da:20:87:e4:01:1c]
RSSI: -91 [da:20:87:e4:01:1c]
RSSI: -88 [da:20:87:f1:01:3c]
RSSI: -89 [da:20:87:f1:01:3c]
RSSI: -91 [da:20:87:fe:01:6c]
RSSI: -91 [da:20:88:0a:01:8c]
RSSI: -95 [da:20:88:65:02:ac]
RSSI: -96 [da:20:88:72:02:cc]
RSSI: -95 [da:67:bf:61:00:6a]
RSSI: -99 [da:20:8a:44:08:6c]
RSSI: -95 [da:67:bf:88:00:da]
RSSI: -97 [da:20:8a:5e:08:bc]
RSSI: -95 [da:67:bf:88:00:da]
RSSI: -97 [da:20:8a:6b:08:ec]
RSSI: -98 [da:20:8e:09:14:0c]
RSSI: -96 [da:20:8e:23:14:5c]
RSSI: -96 [da:20:8e:30:14:8c]
RSSI: -95 [da:20:8e:3e:14:bc]
RSSI: -96 [da:20:8e:4f:14:ec]
RSSI: -97 [da:20:8e:4f:14:ec]
RSSI: -97 [da:20:8e:6d:15:4c]
RSSI: -90 [da:20:8e:87:15:8c]
RSSI: -95 [da:20:8e:87:15:8c]
RSSI: -89 [da:20:8e:94:15:bc]
RSSI: -91 [da:20:8e:a1:15:dc]
RSSI: -86 [da:20:8e:af:16:0c]
RSSI: -88 [da:20:8e:af:16:0c]
RSSI: -87 [da:20:8e:bc:16:2c]
RSSI: -84 [da:20:8e:bc:16:2c]
RSSI: -87 [da:20:8e:c9:16:5c]
RSSI: -87 [da:20:8e:c9:16:5c]
RSSI: -84 [da:20:8e:d6:16:7c]
RSSI: -83 [da:20:8e:d6:16:7c]
RSSI: -86 [da:20:8e:d6:16:7c]
RSSI: -85 [da:20:8e:d6:16:7c]
RSSI: -87 [da:20:8e:e3:00:2c]
RSSI: -84 [da:20:8e:e3:00:2c]
RSSI: -85 [da:20:8e:f0:00:4c]
RSSI: -87 [da:20:8e:f0:00:4c]
RSSI: -84 [da:20:8e:fd:00:7c]
RSSI: -85 [da:20:8e:fd:00:7c]
RSSI: -87 [da:20:8f:0b:00:ac]
RSSI: -84 [da:20:8f:0b:00:ac]
RSSI: -84 [da:20:8f:17:00:cc]
RSSI: -90 [da:20:8f:17:00:cc]
RSSI: -85 [da:20:8f:25:00:fc]
RSSI: -85 [da:20:8f:25:00:fc]
RSSI: -86 [da:20:8f:32:01:1c]
RSSI: -94 [da:20:8f:3f:01:4c]
RSSI: -88 [da:20:8f:4c:01:6c]
RSSI: -91 [da:20:8f:5a:01:9c]
RSSI: -97 [da:20:8f:74:01:ec]
RSSI: -97 [da:20:8f:a9:02:8c]
RSSI: -98 [da:20:8f:d0:03:0c]
RSSI: -97 [da:20:90:6e:04:ec]
RSSI: -96 [da:20:90:96:05:5c]
RSSI: -97 [da:20:91:9e:08:9c]
RSSI: -98 [da:67:c7:13:00:2a]
RSSI: -96 [da:67:c7:20:00:4a]
RSSI: -95 [da:67:c7:56:00:ea]
RSSI: -98 [da:20:95:6a:14:4c]
RSSI: -97 [da:20:95:ad:15:1c]
RSSI: -96 [da:20:95:ba:15:3c]
RSSI: -94 [da:20:95:c7:15:6c]
RSSI: -93 [da:20:95:c7:15:6c]
RSSI: -92 [da:20:95:d5:15:8c]
RSSI: -89 [da:20:95:e2:15:bc]
RSSI: -89 [da:20:95:ef:15:dc]
RSSI: -87 [da:20:95:ef:15:dc]
RSSI: -94 [da:20:95:fd:16:0c]
RSSI: -88 [da:20:95:fd:16:0c]
RSSI: -86 [da:20:96:0b:16:3c]
RSSI: -90 [da:20:96:0b:16:3c]
RSSI: -85 [da:20:96:17:16:5c]
RSSI: -88 [da:20:96:25:00:0c]
RSSI: -84 [da:20:96:33:00:2c]
RSSI: -88 [da:20:96:33:00:2c]
RSSI: -85 [da:20:96:3f:00:5c]
RSSI: -85 [da:20:96:3f:00:5c]
RSSI: -88 [da:20:96:4d:00:7c]
RSSI: -89 [da:20:96:4d:00:7c]
RSSI: -87 [da:20:96:5b:00:ac]
RSSI: -86 [da:20:96:68:00:cc]
RSSI: -87 [da:20:96:68:00:cc]
RSSI: -91 [da:20:96:75:00:fc]
RSSI: -87 [da:20:96:75:00:fc]
RSSI: -88 [da:20:96:83:01:1c]
RSSI: -89 [da:20:96:90:01:4c]
RSSI: -89 [da:20:96:90:01:4c]
RSSI: -91 [da:20:96:9e:01:6c]
RSSI: -98 [da:20:97:09:02:bc]
RSSI: -96 [da:20:97:16:02:dc]
RSSI: -96 [da:20:98:fb:08:bc]
RSSI: -97 [da:20:98:fb:08:bc]
RSSI: -97 [da:20:99:09:08:ec]
RSSI: -98 [da:67:ce:bd:15:fa]
RSSI: -96 [da:67:ce:d8:16:4a]
RSSI: -97 [da:67:ce:d8:16:4a]
RSSI: -96 [da:67:ce:e6:00:2a]
RSSI: -96 [da:67:ce:e6:00:2a]
RSSI: -95 [da:67:cf:00:00:7a]
RSSI: -98 [da:20:99:e0:0b:8c]
RSSI: -98 [da:67:cf:29:00:ea]
RSSI: -96 [da:67:cf:37:01:1a]
RSSI: -94 [da:20:9d:0a:15:4c]
RSSI: -95 [da:20:9d:16:15:6c]
RSSI: -90 [da:20:9d:24:15:9c]
RSSI: -88 [da:20:9d:33:15:cc]
RSSI: -90 [da:20:9d:3f:15:ec]
RSSI: -89 [da:20:9d:4d:16:1c]
RSSI: -85 [da:20:9d:5b:16:3c]
RSSI: -87 [da:20:9d:5b:16:3c]
RSSI: -87 [da:20:9d:68:16:6c]
RSSI: -85 [da:20:9d:68:16:6c]
RSSI: -87 [da:20:9d:76:00:0c]
RSSI: -86 [da:20:9d:76:00:0c]
RSSI: -88 [da:20:9d:84:00:2c]
RSSI: -88 [da:20:9d:84:00:2c]
RSSI: -85 [da:20:9d:91:00:5c]
RSSI: -88 [da:20:9d:9f:00:7c]
RSSI: -88 [da:20:9d:ad:00:ac]
RSSI: -88 [da:20:9d:ba:00:cc]
RSSI: -90 [da:20:9d:ba:00:cc]
RSSI: -88 [da:20:9d:c8:00:fc]
RSSI: -91 [da:20:9d:c8:00:fc]
RSSI: -91 [da:20:9d:d6:01:2c]
RSSI: -90 [da:20:9d:d6:01:2c]
RSSI: -93 [da:20:9d:e3:01:4c]
RSSI: -93 [da:20:9d:e3:01:4c]
RSSI: -97 [da:20:9d:ff:01:ac]
RSSI: -96 [da:67:d6:a3:00:2a]
RSSI: -97 [da:67:d6:be:00:7a]
RSSI: -95 [da:67:d6:cc:00:aa]
RSSI: -95 [da:67:d6:db:00:ca]
RSSI: -95 [da:67:d6:db:00:ca]
RSSI: -96 [da:67:d6:f6:01:1a]
RSSI: -97 [da:20:a4:21:14:9c]
RSSI: -99 [da:20:a4:3c:14:ec]
RSSI: -93 [da:20:a4:81:15:bc]
RSSI: -90 [da:20:a4:8f:15:ec]
RSSI: -90 [da:20:a4:8f:15:ec]
RSSI: -86 [da:20:a4:9e:16:0c]
RSSI: -90 [da:20:a4:b9:16:5c]
RSSI: -96 [da:20:a4:b9:16:5c]
RSSI: -95 [da:20:a4:d4:00:2c]
RSSI: -87 [da:20:a4:d4:00:2c]
RSSI: -89 [da:20:a4:e3:00:5c]
RSSI: -95 [da:20:a4:e3:00:5c]
RSSI: -87 [da:20:a4:f1:00:7c]
RSSI: -89 [da:20:a4:f1:00:7c]
RSSI: -90 [da:20:a4:f1:00:7c]
RSSI: -89 [da:20:a4:fe:00:ac]
RSSI: -93 [da:20:a5:0c:00:dc]
RSSI: -91 [da:20:a5:1b:00:fc]
RSSI: -94 [da:20:a5:1b:00:fc]
RSSI: -92 [da:20:a5:28:01:2c]
RSSI: -93 [da:20:a5:28:01:2c]
RSSI: -95 [da:20:a5:36:01:5c]
RSSI: -94 [da:20:a5:45:01:7c]
RSSI: -97 [da:67:de:5b:16:4a]
RSSI: -95 [da:67:de:85:00:7a]
RSSI: -96 [da:20:ab:5f:14:6c]
RSSI: -97 [da:20:ab:a5:15:3c]
RSSI: -93 [da:20:ab:b3:15:6c]
RSSI: -90 [da:20:ab:c0:15:8c]
RSSI: -88 [da:20:ab:cf:15:bc]
RSSI: -87 [da:20:ab:de:15:ec]
RSSI: -87 [da:20:ab:de:15:ec]
RSSI: -85 [da:20:ab:ea:16:0c]
RSSI: -85 [da:20:ab:f9:16:3c]
RSSI: -83 [da:20:ab:f9:16:3c]
RSSI: -87 [da:20:ac:08:16:6c]
RSSI: -83 [da:20:ac:15:00:2c]
RSSI: -86 [da:20:ac:15:00:2c]
RSSI: -84 [da:20:ac:24:00:5c]
RSSI: -88 [da:20:ac:33:00:8c]
RSSI: -86 [da:20:ac:3f:00:ac]
RSSI: -86 [da:20:ac:4e:00:dc]
RSSI: -87 [da:20:ac:4e:00:dc]
RSSI: -87 [da:20:ac:4e:00:dc]
RSSI: -89 [da:20:ac:5d:01:0c]
RSSI: -87 [da:20:ac:5d:01:0c]
RSSI: -88 [da:20:ac:6a:01:2c]
RSSI: -90 [da:20:ac:79:01:5c]
RSSI: -92 [da:20:ac:88:01:8c]
RSSI: -92 [da:20:ac:88:01:8c]
RSSI: -91 [da:20:ac:94:01:bc]
RSSI: -96 [da:20:ac:a3:01:dc]
RSSI: -93 [da:20:ac:dc:02:8c]
RSSI: -95 [da:20:ae:a2:08:0c]
RSSI: -98 [da:20:af:06:09:3c]
RSSI: -94 [da:20:af:a2:0b:2c]
RSSI: -94 [da:20:af:b1:0b:5c]
RSSI: -94 [da:20:af:dc:0b:dc]
RSSI: -98 [da:20:b0:13:0c:8c]
RSSI: -94 [da:20:b0:3e:0d:0c]
RSSI: -90 [da:20:b0:b2:0e:7c]
RSSI: -90 [da:20:b0:dd:0e:fc]
RSSI: -94 [da:20:b0:f9:0f:4c]
RSSI: -92 [da:20:b1:08:0f:7c]
RSSI: -92 [da:67:e6:6b:00:da]
RSSI: -95 [da:67:e6:78:00:fa]
RSSI: -91 [da:67:e6:a3:01:6a]
RSSI: -96 [da:67:e6:c2:01:ca]
RSSI: -97 [da:67:e6:c2:01:ca]
RSSI: -95 [da:20:b2:25:12:ec]
RSSI: -97 [da:20:b2:7c:13:fc]
RSSI: -94 [da:20:b2:ee:15:4c]
RSSI: -91 [da:20:b3:0c:15:ac]
RSSI: -88 [da:20:b3:19:15:cc]
RSSI: -88 [da:20:b3:19:15:cc]
RSSI: -86 [da:20:b3:28:15:fc]
RSSI: -86 [da:20:b3:37:16:2c]
RSSI: -82 [da:20:b3:37:16:2c]
RSSI: -82 [da:20:b3:37:16:2c]
RSSI: -84 [da:20:b3:44:16:4c]
RSSI: -83 [da:20:b3:53:16:7c]
RSSI: -84 [da:20:b3:53:16:7c]
RSSI: -81 [da:20:b3:62:00:0c]
RSSI: -83 [da:20:b3:6f:00:2c]
RSSI: -82 [da:20:b3:6f:00:2c]
RSSI: -83 [da:20:b3:7e:00:5c]
RSSI: -83 [da:20:b3:7e:00:5c]
RSSI: -83 [da:20:b3:8d:00:8c]
RSSI: -82 [da:20:b3:9a:00:ac]
RSSI: -85 [da:20:b3:a9:00:dc]
RSSI: -84 [da:20:b3:a9:00:dc]
RSSI: -90 [da:20:b3:c5:01:2c]
RSSI: -89 [da:20:b3:d4:01:5c]
RSSI: -99 [da:20:b4:81:03:6c]
RSSI: -97 [da:20:b6:fc:0b:1c]
RSSI: -96 [da:20:b7:0b:0b:4c]
RSSI: -95 [da:20:b8:07:0e:5c]
RSSI: -97 [da:20:b8:16:0e:8c]
RSSI: -97 [da:20:b8:42:0f:1c]
RSSI: -96 [da:20:b8:7d:0f:cc]
RSSI: -97 [da:67:ed:f6:00:4a]
RSSI: -95 [da:67:ee:05:00:7a]
RSSI: -97 [da:67:ee:05:00:7a]
RSSI: -93 [da:67:ee:41:01:2a]
RSSI: -93 [da:67:ee:4d:01:4a]
RSSI: -96 [da:20:b9:73:12:bc]
RSSI: -95 [da:67:ee:b5:02:6a]
RSSI: -94 [da:20:b9:e7:14:1c]
RSSI: -95 [da:20:b9:f7:14:4c]
RSSI: -94 [da:20:b9:f7:14:4c]
RSSI: -92 [da:20:ba:3e:15:2c]
RSSI: -90 [da:20:ba:5e:15:8c]
RSSI: -87 [da:20:ba:7a:15:dc]
RSSI: -85 [da:20:ba:7a:15:dc]
RSSI: -87 [da:20:ba:89:16:0c]
RSSI: -84 [da:20:ba:96:16:2c]
RSSI: -84 [da:20:ba:a6:16:5c]
RSSI: -86 [da:20:ba:b5:00:2c]
RSSI: -83 [da:20:ba:b5:00:2c]
RSSI: -85 [da:20:ba:c2:00:5c]
RSSI: -83 [da:20:ba:d1:00:8c]
RSSI: -84 [da:20:ba:e1:00:bc]
RSSI: -85 [da:20:ba:ee:00:dc]
RSSI: -84 [da:20:ba:ee:00:dc]
RSSI: -87 [da:20:ba:fd:01:0c]
RSSI: -87 [da:20:bb:0d:01:3c]
RSSI: -88 [da:20:bb:19:01:5c]
RSSI: -91 [da:20:bb:19:01:5c]
RSSI: -95 [da:20:bb:55:02:1c]
RSSI: -94 [da:20:bb:81:02:9c]
RSSI: -96 [da:20:bb:c9:03:7c]
RSSI: -96 [da:20:bd:91:08:fc]
RSSI: -96 [da:20:be:42:0b:2c]
RSSI: -96 [da:20:be:51:0b:5c]
RSSI: -98 [da:20:bf:c0:0f:cc]
RSSI: -98 [da:67:f5:da:00:aa]
RSSI: -98 [da:67:f5:e6:00:da]
RSSI: -97 [da:67:f5:f6:01:0a]
RSSI: -95 [da:20:c1:16:13:ec]
RSSI: -93 [da:20:c1:23:14:1c]
RSSI: -96 [da:20:c1:8c:15:5c]
RSSI: -93 [da:20:c1:9c:15:8c]
RSSI: -90 [da:20:c1:a8:15:ac]
RSSI: -92 [da:20:c1:b8:15:dc]
RSSI: -87 [da:20:c1:c8:16:0c]
RSSI: -86 [da:20:c1:d5:16:2c]
RSSI: -87 [da:20:c1:e5:16:5c]
RSSI: -83 [da:20:c1:e5:16:5c]
RSSI: -86 [da:20:c1:f5:00:0c]
RSSI: -85 [da:20:c2:01:00:2c]
RSSI: -85 [da:20:c2:01:00:2c]
RSSI: -83 [da:20:c2:11:00:5c]
RSSI: -87 [da:20:c2:21:00:8c]
RSSI: -83 [da:20:c2:21:00:8c]
RSSI: -86 [da:20:c2:2e:00:ac]
RSSI: -88 [da:20:c2:2e:00:ac]
RSSI: -88 [da:20:c2:3e:00:dc]
RSSI: -86 [da:20:c2:4e:01:0c]
RSSI: -88 [da:20:c2:5a:01:3c]
RSSI: -96 [da:20:c2:d3:02:ac]
RSSI: -95 [da:20:c6:a4:0e:9c]
RSSI: -96 [da:20:c6:f4:0f:8c]
RSSI: -97 [da:20:c7:ff:12:bc]
RSSI: -99 [da:67:fd:fb:01:aa]
RSSI: -92 [da:20:c8:e4:15:7c]
RSSI: -91 [da:20:c8:fd:15:cc]
RSSI: -91 [da:20:c9:0a:15:fc]
RSSI: -88 [da:20:c9:17:16:1c]
RSSI: -90 [da:20:c9:30:16:6c]
RSSI: -86 [da:20:c9:3d:00:0c]
RSSI: -88 [da:20:c9:4a:00:2c]
RSSI: -86 [da:20:c9:57:00:4c]
RSSI: -85 [da:20:c9:63:00:7c]
RSSI: -92 [da:20:c9:70:00:9c]
RSSI: -87 [da:20:c9:7d:00:cc]
RSSI: -86 [da:20:c9:7d:00:cc]
RSSI: -87 [da:20:c9:8a:00:ec]
RSSI: -89 [da:20:c9:a3:01:3c]
RSSI: -91 [da:20:c9:b0:01:6c]
RSSI: -96 [da:20:cb:ca:07:dc]
RSSI: -98 [da:20:cd:67:0c:ec]
RSSI: -96 [da:20:cd:db:0e:5c]
RSSI: -98 [da:20:ce:35:0f:6c]
RSSI: -97 [da:20:cf:45:12:bc]
RSSI: -95 [da:20:cf:c7:14:4c]
RSSI: -91 [da:20:d0:22:15:5c]
RSSI: -88 [da:20:d0:3c:15:ac]
RSSI: -88 [da:20:d0:3c:15:ac]
RSSI: -86 [da:20:d0:4a:15:cc]
RSSI: -84 [da:20:d0:63:16:1c]
RSSI: -86 [da:20:d0:71:16:4c]
RSSI: -84 [da:20:d0:71:16:4c]
RSSI: -85 [da:20:d0:7d:16:6c]
RSSI: -83 [da:20:d0:8a:00:2c]
RSSI: -84 [da:20:d0:98:00:5c]
RSSI: -83 [da:20:d0:98:00:5c]
RSSI: -88 [da:20:d0:a4:00:7c]
RSSI: -84 [da:20:d0:a4:00:7c]
RSSI: -85 [da:20:d0:b2:00:ac]
RSSI: -88 [da:20:d0:b2:00:ac]
RSSI: -85 [da:20:d0:bf:00:cc]
RSSI: -88 [da:20:d0:d9:01:1c]
RSSI: -89 [da:20:d0:e6:01:4c]
RSSI: -97 [da:20:d1:0d:01:bc]
RSSI: -96 [da:20:d3:18:08:0c]
RSSI: -96 [da:20:d3:52:08:bc]
RSSI: -96 [da:20:d5:2e:0e:8c]
RSSI: -97 [da:20:d5:3c:0e:bc]
RSSI: -96 [da:20:d5:7d:0f:8c]
RSSI: -98 [da:20:d6:d5:13:ac]
RSSI: -96 [da:20:d7:5a:15:3c]
RSSI: -91 [da:20:d7:74:15:8c]
RSSI: -88 [da:20:d7:82:15:bc]
RSSI: -88 [da:20:d7:8f:15:ec]
RSSI: -87 [da:20:d7:aa:16:3c]
RSSI: -85 [da:20:d7:aa:16:3c]
RSSI: -84 [da:20:d7:c4:00:0c]
RSSI: -90 [da:20:d7:c4:00:0c]
RSSI: -87 [da:20:d7:d1:00:2c]
RSSI: -84 [da:20:d7:d1:00:2c]
RSSI: -87 [da:20:d7:df:00:5c]
RSSI: -89 [da:20:d7:ec:00:7c]
RSSI: -90 [da:20:d8:13:00:fc]
RSSI: -90 [da:20:d8:2f:01:4c]
RSSI: -99 [da:20:d9:1e:04:2c]
RSSI: -99 [da:20:d9:2b:04:4c]
RSSI: -100 [da:20:d9:96:05:9c]
RSSI: -98 [da:20:dc:76:0e:9c]
RSSI: -99 [da:20:dc:e2:0f:dc]
RSSI: -98 [da:20:dd:d5:12:cc]
RSSI: -96 [da:20:de:32:13:ec]
RSSI: -98 [da:20:de:c8:15:bc]
RSSI: -93 [da:20:df:42:00:ac]
RSSI: -100 [da:20:e0:fb:05:fc]
RSSI: -99 [da:20:e3:ea:0f:1c]
RSSI: -97 [da:20:e4:2e:0f:fc]
RSSI: -98 [da:20:e5:a1:14:5c]
RSSI: -98 [da:20:e5:af:14:8c]
RSSI: -94 [da:20:e6:46:16:5c]
RSSI: -95 [da:20:e6:61:00:2c]
RSSI: -94 [da:20:e6:61:00:2c]
RSSI: -95 [da:20:e6:c2:01:5c]
RSSI: -97 [da:20:ec:c8:13:ec]
RSSI: -93 [da:20:ed:7f:16:1c]
RSSI: -95 [da:20:ed:a9:00:0c]
RSSI: -94 [da:20:ed:a9:00:0c]
RSSI: -92 [da:20:ed:df:00:ac]
RSSI: -91 [da:20:ee:0a:01:2c]
RSSI: -91 [da:20:ee:18:01:5c]
RSSI: -99 [da:68:24:67:00:ea]
RSSI: -96 [da:20:f0:6e:08:8c]
RSSI: -96 [da:20:f2:50:0e:5c]
RSSI: -96 [da:20:f2:c1:0f:bc]
RSSI: -96 [da:20:f3:cf:12:fc]
RSSI: -96 [da:20:f4:16:13:cc]
RSSI: -94 [da:20:f4:41:14:4c]
RSSI: -96 [da:20:f4:96:15:5c]
RSSI: -91 [da:20:f4:c1:15:dc]
RSSI: -90 [da:20:f4:dc:16:2c]
RSSI: -88 [da:20:f4:ec:16:5c]
RSSI: -90 [da:20:f5:07:00:2c]
RSSI: -87 [da:20:f5:32:00:ac]
RSSI: -88 [da:20:f5:50:01:0c]
RSSI: -88 [da:20:f5:5d:01:2c]
RSSI: -91 [da:20:f5:6c:01:5c]
RSSI: -99 [da:68:2c:26:00:ca]
RSSI: -96 [da:20:f7:9a:08:0c]
RSSI: -98 [da:20:f9:a0:0e:5c]
RSSI: -97 [da:20:fa:06:0f:8c]
RSSI: -95 [da:20:fa:13:0f:bc]
RSSI: -97 [da:20:fb:6d:13:dc]
RSSI: -95 [da:20:fc:0f:15:cc]
RSSI: -94 [da:20:fc:1b:15:fc]
RSSI: -93 [da:20:fc:3a:16:4c]
RSSI: -92 [da:20:fc:47:16:7c]
RSSI: -92 [da:20:fc:72:00:8c]
RSSI: -91 [da:20:fc:82:00:bc]
RSSI: -91 [da:20:fc:91:00:ec]
RSSI: -95 [da:20:fc:df:01:cc]
RSSI: -98 [da:20:fd:36:02:dc]
RSSI: -98 [da:21:01:25:0f:0c]
RSSI: -93 [da:21:03:62:15:dc]
RSSI: -92 [da:21:03:72:16:0c]
RSSI: -90 [da:21:03:ba:00:5c]
RSSI: -97 [da:21:07:5e:0b:9c]
RSSI: -99 [da:21:08:2d:0e:1c]
RSSI: -96 [da:21:08:a6:0f:8c]
RSSI: -96 [da:21:08:a6:0f:8c]
RSSI: -97 [da:21:09:fc:13:ac]
RSSI: -95 [da:21:0a:9f:15:9c]
RSSI: -93 [da:21:0a:c0:15:fc]
RSSI: -92 [da:21:0a:f9:00:2c]
RSSI: -93 [da:21:0b:09:00:5c]
RSSI: -92 [da:21:0b:09:00:5c]
RSSI: -94 [da:21:0b:26:00:ac]
RSSI: -98 [da:21:0c:5e:04:6c]
RSSI: -97 [da:21:10:01:0f:bc]
RSSI: -98 [da:21:11:35:13:5c]
RSSI: -96 [da:21:11:83:14:4c]
RSSI: -95 [da:21:11:dd:15:5c]
RSSI: -95 [da:21:11:dd:15:5c]
RSSI: -90 [da:21:12:04:15:cc]
RSSI: -88 [da:21:12:1d:16:1c]
RSSI: -88 [da:21:12:2a:16:4c]
RSSI: -87 [da:21:12:44:00:0c]
RSSI: -88 [da:21:12:51:00:2c]
RSSI: -87 [da:21:12:6b:00:7c]
RSSI: -90 [da:21:12:78:00:9c]
RSSI: -88 [da:21:12:78:00:9c]
RSSI: -90 [da:21:12:85:00:cc]
RSSI: -92 [da:21:12:9e:01:1c]
RSSI: -98 [da:21:12:c5:01:8c]
RSSI: -97 [da:21:14:16:05:8c]
RSSI: -97 [da:68:4a:d5:16:5a]
RSSI: -96 [da:68:4b:08:00:9a]
RSSI: -99 [da:21:15:dd:0b:1c]
RSSI: -98 [da:68:4b:57:01:7a]
RSSI: -100 [da:21:16:38:0c:3c]
RSSI: -95 [da:21:16:d4:0e:1c]
RSSI: -96 [da:21:16:e2:0e:4c]
RSSI: -96 [da:21:16:fc:0e:9c]
RSSI: -96 [da:21:17:57:0f:ac]
RSSI: -97 [da:21:18:50:12:ac]
RSSI: -98 [da:21:18:9a:13:8c]
RSSI: -97 [da:21:18:b4:13:dc]
RSSI: -93 [da:21:19:2a:15:4c]
RSSI: -87 [da:21:19:5f:15:ec]
RSSI: -88 [da:21:19:5f:15:ec]
RSSI: -87 [da:21:19:6c:16:0c]
RSSI: -86 [da:21:19:87:16:5c]
RSSI: -85 [da:21:19:94:00:0c]
RSSI: -85 [da:21:19:94:00:0c]
RSSI: -88 [da:21:19:bb:00:7c]
RSSI: -88 [da:21:19:c8:00:9c]
RSSI: -90 [da:21:19:d6:00:cc]
RSSI: -96 [da:21:19:fd:01:4c]
RSSI: -97 [da:21:1a:4c:02:3c]
RSSI: -96 [da:21:1c:36:08:1c]
RSSI: -97 [da:68:52:80:15:fa]
RSSI: -98 [da:68:52:de:00:ea]
RSSI: -96 [da:21:1e:2e:0e:4c]
RSSI: -96 [da:21:1e:2e:0e:4c]
RSSI: -97 [da:21:1e:8c:0f:6c]
RSSI: -95 [da:21:1f:bf:13:0c]
RSSI: -96 [da:21:1f:bf:13:0c]
RSSI: -95 [da:21:20:1d:14:3c]
RSSI: -93 [da:21:20:2a:14:5c]
RSSI: -97 [da:21:20:45:14:ac]
RSSI: -93 [da:21:20:7a:15:4c]
RSSI: -92 [da:21:20:95:15:9c]
RSSI: -90 [da:21:20:a2:15:cc]
RSSI: -87 [da:21:20:b0:15:ec]
RSSI: -87 [da:21:20:ca:16:3c]
RSSI: -86 [da:21:20:d8:16:6c]
RSSI: -86 [da:21:20:e6:00:2c]
RSSI: -85 [da:21:21:00:00:7c]
RSSI: -86 [da:21:21:0e:00:ac]
RSSI: -87 [da:21:21:29:00:fc]
RSSI: -86 [da:21:21:29:00:fc]
RSSI: -88 [da:21:21:37:01:2c]
RSSI: -98 [da:68:5a:6d:00:7a]
RSSI: -97 [da:68:5a:96:00:ea]
RSSI: -99 [da:21:25:d5:0f:6c]
RSSI: -96 [da:21:26:f3:12:dc]
RSSI: -98 [da:21:27:45:13:dc]
RSSI: -96 [da:21:27:51:13:fc]
RSSI: -93 [da:21:27:db:15:9c]
RSSI: -93 [da:21:27:db:15:9c]
RSSI: -90 [da:21:27:f5:15:ec]
RSSI: -92 [da:21:28:04:16:1c]
RSSI: -88 [da:21:28:1e:16:6c]
RSSI: -90 [da:21:28:3b:00:2c]
RSSI: -90 [da:21:28:47:00:5c]
RSSI: -91 [da:21:28:64:00:ac]
RSSI: -92 [da:21:28:70:00:cc]
RSSI: -93 [da:21:28:ec:02:4c]
RSSI: -98 [da:21:28:fa:02:7c]
RSSI: -99 [da:21:29:5a:03:9c]
RSSI: -95 [da:21:2a:da:08:3c]
RSSI: -97 [da:21:2a:e8:08:6c]
RSSI: -96 [da:21:2b:d2:0b:4c]
RSSI: -96 [da:21:2b:e0:0b:6c]
RSSI: -97 [da:68:61:f3:16:1a]
RSSI: -96 [da:21:2c:be:0e:2c]
RSSI: -99 [da:21:2c:f4:0e:dc]
RSSI: -98 [da:21:2e:17:12:5c]
RSSI: -97 [da:21:2e:5d:13:2c]
RSSI: -97 [da:21:2e:5d:13:2c]
RSSI: -94 [da:21:2e:a2:13:fc]
RSSI: -97 [da:21:2e:da:14:ac]
RSSI: -88 [da:21:2f:1f:15:7c]
RSSI: -88 [da:21:2f:2e:15:ac]
RSSI: -87 [da:21:2f:3a:15:cc]
RSSI: -88 [da:21:2f:3a:15:cc]
RSSI: -85 [da:21:2f:49:15:fc]
RSSI: -84 [da:21:2f:57:16:2c]
RSSI: -83 [da:21:2f:73:16:7c]
RSSI: -83 [da:21:2f:81:00:2c]
RSSI: -87 [da:21:2f:8e:00:5c]
RSSI: -83 [da:21:2f:8e:00:5c]
RSSI: -86 [da:21:2f:9c:00:7c]
RSSI: -87 [da:21:2f:9c:00:7c]
RSSI: -83 [da:21:2f:ab:00:ac]
RSSI: -84 [da:21:2f:ab:00:ac]
RSSI: -83 [da:21:2f:b7:00:dc]
RSSI: -83 [da:21:2f:b7:00:dc]
RSSI: -85 [da:21:2f:c6:00:fc]
RSSI: -86 [da:21:2f:d5:01:2c]
RSSI: -87 [da:21:2f:e1:01:5c]
RSSI: -96 [da:21:30:35:02:5c]
RSSI: -95 [da:21:30:43:02:8c]
RSSI: -94 [da:21:30:a6:03:ac]
RSSI: -96 [da:21:30:b2:03:dc]
RSSI: -96 [da:21:32:1f:08:3c]
RSSI: -97 [da:21:32:e3:0a:ac]
RSSI: -96 [da:21:33:1b:0b:5c]
RSSI: -96 [da:21:33:28:0b:7c]
RSSI: -97 [da:21:33:92:0c:cc]
RSSI: -96 [da:21:33:f5:0e:0c]
RSSI: -94 [da:21:34:2c:0e:ac]
RSSI: -95 [da:21:34:3b:0e:dc]
RSSI: -94 [da:21:34:74:0f:8c]
RSSI: -95 [da:68:6a:3d:01:6a]
RSSI: -95 [da:21:35:7e:12:bc]
RSSI: -93 [da:21:35:8d:12:ec]
RSSI: -96 [da:21:35:b7:13:6c]
RSSI: -99 [da:21:35:c6:13:9c]
RSSI: -94 [da:21:35:f1:14:1c]
RSSI: -93 [da:21:36:0c:14:7c]
RSSI: -93 [da:21:36:0c:14:7c]
RSSI: -89 [da:21:36:61:15:7c]
RSSI: -88 [da:21:36:61:15:7c]
RSSI: -87 [da:21:36:70:15:ac]
RSSI: -84 [da:21:36:7c:15:cc]
RSSI: -84 [da:21:36:7c:15:cc]
RSSI: -83 [da:21:36:8b:15:fc]
RSSI: -85 [da:21:36:9a:16:2c]
RSSI: -82 [da:21:36:a7:16:4c]
RSSI: -84 [da:21:36:a7:16:4c]
RSSI: -82 [da:21:36:b6:16:7c]
RSSI: -82 [da:21:36:b6:16:7c]
RSSI: -83 [da:21:36:c5:00:2c]
RSSI: -81 [da:21:36:c5:00:2c]
RSSI: -83 [da:21:36:d1:00:5c]
RSSI: -82 [da:21:36:e0:00:8c]
RSSI: -83 [da:21:36:e0:00:8c]
RSSI: -81 [da:21:36:ef:00:ac]
RSSI: -81 [da:21:36:ef:00:ac]
RSSI: -84 [da:21:36:fc:00:dc]
RSSI: -82 [da:21:36:fc:00:dc]
RSSI: -85 [da:21:37:0b:01:0c]
RSSI: -85 [da:21:37:1a:01:2c]
RSSI: -87 [da:21:37:26:01:5c]
RSSI: -96 [da:21:37:6f:02:3c]
RSSI: -92 [da:21:37:99:02:bc]
RSSI: -92 [da:21:37:a6:02:ec]
RSSI: -94 [da:21:37:ee:03:bc]
RSSI: -94 [da:21:37:ee:03:bc]
RSSI: -96 [da:21:38:35:04:9c]
RSSI: -96 [da:21:38:a5:05:fc]
RSSI: -97 [da:21:38:fb:07:0c]
RSSI: -94 [da:21:39:50:08:0c]
RSSI: -95 [da:21:39:5f:08:3c]
RSSI: -97 [da:21:3a:35:0a:dc]
RSSI: -94 [da:21:3a:60:0b:5c]
RSSI: -94 [da:21:3a:6f:0b:8c]
RSSI: -96 [da:21:3b:27:0d:cc]
RSSI: -97 [da:21:3b:61:0e:8c]
RSSI: -93 [da:21:3b:70:0e:bc]
RSSI: -93 [da:21:3b:a8:0f:6c]
RSSI: -96 [da:68:72:0d:01:9a]
RSSI: -96 [da:21:3c:e4:13:2c]
RSSI: -95 [da:21:3d:2b:14:0c]
RSSI: -92 [da:21:3d:3a:14:3c]
RSSI: -92 [da:21:3d:49:14:6c]
RSSI: -89 [da:21:3d:90:15:3c]
RSSI: -93 [da:21:3d:a0:15:6c]
RSSI: -87 [da:21:3d:ac:15:9c]
RSSI: -85 [da:21:3d:bc:15:bc]
RSSI: -86 [da:21:3d:cb:15:ec]
RSSI: -84 [da:21:3d:cb:15:ec]
RSSI: -84 [da:21:3d:d7:16:1c]
RSSI: -82 [da:21:3d:e7:16:4c]
RSSI: -83 [da:21:3d:e7:16:4c]
RSSI: -83 [da:21:3d:f6:16:6c]
RSSI: -82 [da:21:3d:f6:16:6c]
RSSI: -81 [da:21:3e:02:00:0c]
RSSI: -81 [da:21:3e:12:00:2c]
RSSI: -82 [da:21:3e:21:00:5c]
RSSI: -82 [da:21:3e:2e:00:8c]
RSSI: -82 [da:21:3e:2e:00:8c]
RSSI: -82 [da:21:3e:2e:00:8c]
RSSI: -83 [da:21:3e:2e:00:8c]
RSSI: -84 [da:21:3e:3d:00:bc]
RSSI: -84 [da:21:3e:4c:00:ec]
RSSI: -84 [da:21:3e:59:01:0c]
RSSI: -86 [da:21:3e:68:01:3c]
RSSI: -87 [da:21:3e:68:01:3c]
RSSI: -89 [da:21:3e:77:01:6c]
RSSI: -95 [da:21:3e:db:02:9c]
RSSI: -94 [da:21:3e:db:02:9c]
RSSI: -95 [da:21:3f:24:03:7c]
RSSI: -97 [da:21:3f:40:03:cc]
RSSI: -98 [da:21:3f:de:05:bc]
RSSI: -96 [da:21:40:7f:07:ac]
RSSI: -96 [da:21:40:e3:08:dc]
RSSI: -98 [da:21:40:f2:09:0c]
RSSI: -99 [da:21:41:65:0a:7c]
RSSI: -95 [da:21:41:84:0a:dc]
RSSI: -95 [da:21:41:af:0b:6c]
RSSI: -98 [da:21:42:70:0d:bc]
RSSI: -95 [da:21:42:8f:0e:1c]
RSSI: -93 [da:21:42:9c:0e:4c]
RSSI: -93 [da:21:42:ab:0e:7c]
RSSI: -95 [da:21:42:c8:0e:cc]
RSSI: -96 [da:21:42:d7:0e:fc]
RSSI: -94 [da:21:42:f3:0f:5c]
RSSI: -98 [da:21:43:03:0f:8c]
RSSI: -97 [da:21:43:2e:10:0c]
RSSI: -96 [da:21:43:ce:11:fc]
RSSI: -96 [da:21:44:09:12:ac]
RSSI: -95 [da:21:44:61:13:bc]
RSSI: -92 [da:21:44:7d:14:0c]
RSSI: -92 [da:21:44:8c:14:3c]
RSSI: -95 [da:21:44:a8:14:8c]
RSSI: -93 [da:21:44:d4:15:1c]
RSSI: -93 [da:21:44:e4:15:4c]
RSSI: -87 [da:21:44:f3:15:6c]
RSSI: -86 [da:21:45:00:15:9c]
RSSI: -84 [da:21:45:1f:15:fc]
RSSI: -84 [da:21:45:2c:16:1c]
RSSI: -85 [da:21:45:3c:16:4c]
RSSI: -83 [da:21:45:3c:16:4c]
RSSI: -85 [da:21:45:4b:16:7c]
RSSI: -81 [da:21:45:58:00:2c]
RSSI: -83 [da:21:45:67:00:5c]
RSSI: -81 [da:21:45:67:00:5c]
RSSI: -85 [da:21:45:77:00:8c]
RSSI: -83 [da:21:45:77:00:8c]
RSSI: -84 [da:21:45:77:00:8c]
RSSI: -84 [da:21:45:84:00:ac]
RSSI: -84 [da:21:45:93:00:dc]
RSSI: -86 [da:21:45:93:00:dc]
RSSI: -85 [da:21:45:a3:01:0c]
RSSI: -84 [da:21:45:a3:01:0c]
RSSI: -87 [da:21:45:b0:01:3c]
RSSI: -90 [da:21:45:bf:01:6c]
RSSI: -93 [da:21:46:07:02:3c]
RSSI: -91 [da:21:46:17:02:6c]
RSSI: -94 [da:21:46:33:02:cc]
RSSI: -97 [da:21:46:8b:03:dc]
RSSI: -99 [da:21:46:9b:04:0c]
RSSI: -96 [da:21:46:c7:04:8c]
RSSI: -98 [da:21:46:d7:04:bc]
RSSI: -96 [da:21:47:2f:05:cc]
RSSI: -99 [da:21:47:c0:07:8c]
RSSI: -95 [da:21:47:e0:07:ec]
RSSI: -100 [da:21:48:0c:08:7c]
RSSI: -96 [da:21:48:d9:0a:fc]
RSSI: -95 [da:21:48:d9:0a:fc]
RSSI: -94 [da:21:49:15:0b:bc]
RSSI: -95 [da:21:49:21:0b:dc]
RSSI: -96 [da:21:49:7a:0c:ec]
RSSI: -97 [da:21:49:b6:0d:ac]
RSSI: -94 [da:21:49:e2:0e:3c]
RSSI: -96 [da:21:4a:0f:0e:bc]
RSSI: -94 [da:21:4a:4b:0f:7c]
RSSI: -96 [da:21:4b:55:12:ac]
RSSI: -96 [da:21:4b:62:12:cc]
RSSI: -97 [da:21:4b:ae:13:bc]
RSSI: -93 [da:21:4b:db:14:3c]
RSSI: -94 [da:21:4c:24:15:1c]
RSSI: -92 [da:21:4c:40:15:7c]
RSSI: -87 [da:21:4c:40:15:7c]
RSSI: -85 [da:21:4c:60:15:dc]
RSSI: -86 [da:21:4c:6d:15:fc]
RSSI: -86 [da:21:4c:6d:15:fc]
RSSI: -84 [da:21:4c:8d:16:6c]
RSSI: -82 [da:21:4c:99:00:0c]
RSSI: -83 [da:21:4c:99:00:0c]
RSSI: -84 [da:21:4c:a9:00:3c]
RSSI: -83 [da:21:4c:a9:00:3c]
RSSI: -83 [da:21:4c:a9:00:3c]
RSSI: -84 [da:21:4c:c6:00:8c]
RSSI: -86 [da:21:4c:e6:00:ec]
RSSI: -84 [da:21:4c:e6:00:ec]
RSSI: -85 [da:21:4c:f2:01:0c]
RSSI: -95 [da:21:4d:4c:02:1c]
RSSI: -92 [da:21:4d:5c:02:5c]
RSSI: -92 [da:21:4d:5c:02:5c]
RSSI: -93 [da:21:4d:78:02:ac]
RSSI: -95 [da:21:4d:98:03:0c]
RSSI: -96 [da:21:4d:d2:03:bc]
RSSI: -96 [da:21:4d:e2:03:ec]
RSSI: -99 [da:21:4e:58:05:4c]
RSSI: -97 [da:21:4f:38:08:0c]
RSSI: -100 [da:21:4f:48:08:3c]
RSSI: -100 [da:21:50:0b:0a:9c]
RSSI: -94 [da:21:50:45:0b:5c]
RSSI: -95 [da:21:50:55:0b:8c]
RSSI: -97 [da:21:50:65:0b:bc]
RSSI: -97 [da:21:51:14:0d:dc]
RSSI: -94 [da:21:51:53:0e:9c]
RSSI: -96 [da:21:51:79:0f:0c]
RSSI: -99 [da:21:51:b9:0f:dc]
RSSI: -97 [da:21:52:9e:12:9c]
RSSI: -95 [da:21:52:f7:13:ac]
RSSI: -94 [da:21:52:f7:13:ac]
RSSI: -96 [da:21:53:1d:14:1c]
RSSI: -98 [da:21:53:2a:14:4c]
RSSI: -91 [da:21:53:76:15:2c]
RSSI: -89 [da:21:53:90:15:7c]
RSSI: -87 [da:21:53:90:15:7c]
RSSI: -85 [da:21:53:aa:15:cc]
RSSI: -85 [da:21:53:b6:15:ec]
RSSI: -84 [da:21:53:c3:16:1c]
RSSI: -82 [da:21:53:d0:16:3c]
RSSI: -83 [da:21:53:d0:16:3c]
RSSI: -81 [da:21:53:dd:16:6c]
RSSI: -83 [da:21:53:e9:00:0c]
RSSI: -82 [da:21:53:f6:00:2c]
RSSI: -85 [da:21:54:03:00:4c]
RSSI: -82 [da:21:54:03:00:4c]
RSSI: -81 [da:21:54:10:00:7c]
RSSI: -85 [da:21:54:10:00:7c]
RSSI: -83 [da:21:54:1d:00:9c]
RSSI: -87 [da:21:54:29:00:cc]
RSSI: -83 [da:21:54:29:00:cc]
RSSI: -83 [da:21:54:36:00:ec]
RSSI: -84 [da:21:54:43:01:1c]
RSSI: -85 [da:21:54:43:01:1c]
RSSI: -86 [da:21:54:50:01:3c]
RSSI: -91 [da:21:54:5d:01:5c]
RSSI: -91 [da:21:54:a9:02:4c]
RSSI: -95 [da:21:54:b6:02:7c]
RSSI: -94 [da:21:54:c3:02:9c]
RSSI: -95 [da:21:54:dd:02:ec]
RSSI: -96 [da:21:55:2a:03:dc]
RSSI: -98 [da:21:55:c4:05:ac]
RSSI: -99 [da:21:56:1e:06:cc]
RSSI: -95 [da:21:56:78:07:dc]
RSSI: -97 [da:21:57:6d:0a:dc]
RSSI: -95 [da:21:57:a1:0b:7c]
RSSI: -95 [da:21:58:2f:0d:3c]
RSSI: -95 [da:21:58:6f:0d:fc]
RSSI: -93 [da:21:58:b0:0e:cc]
RSSI: -97 [da:21:58:ca:0f:1c]
RSSI: -93 [da:21:58:fe:0f:bc]
RSSI: -96 [da:21:59:0b:0f:ec]
RSSI: -98 [da:21:59:cd:12:3c]
RSSI: -94 [da:21:59:f4:12:ac]
RSSI: -95 [da:21:5a:1b:13:1c]
RSSI: -96 [da:21:5a:29:13:4c]
RSSI: -96 [da:21:5a:42:13:9c]
RSSI: -92 [da:21:5a:d2:15:4c]
RSSI: -90 [da:21:5a:df:15:7c]
RSSI: -87 [da:21:5a:f9:15:cc]
RSSI: -86 [da:21:5b:06:15:ec]
RSSI: -83 [da:21:5b:13:16:1c]
RSSI: -84 [da:21:5b:20:16:3c]
RSSI: -83 [da:21:5b:2d:16:6c]
RSSI: -82 [da:21:5b:3a:00:0c]
RSSI: -83 [da:21:5b:47:00:2c]
RSSI: -82 [da:21:5b:47:00:2c]
RSSI: -82 [da:21:5b:54:00:4c]
RSSI: -82 [da:21:5b:54:00:4c]
RSSI: -81 [da:21:5b:61:00:7c]
RSSI: -83 [da:21:5b:6f:00:ac]
RSSI: -82 [da:21:5b:6f:00:ac]
RSSI: -83 [da:21:5b:7b:00:cc]
RSSI: -85 [da:21:5b:7b:00:cc]
RSSI: -83 [da:21:5b:89:00:fc]
RSSI: -83 [da:21:5b:89:00:fc]
RSSI: -85 [da:21:5b:89:00:fc]
RSSI: -86 [da:21:5b:96:01:1c]
RSSI: -84 [da:21:5b:96:01:1c]
RSSI: -88 [da:21:5b:a2:01:4c]
RSSI: -90 [da:21:5b:a2:01:4c]
RSSI: -85 [da:21:5b:b0:01:6c]
RSSI: -91 [da:21:5b:bd:01:9c]
RSSI: -97 [da:21:5b:fe:02:5c]
RSSI: -97 [da:68:91:3a:02:5a]
RSSI: -92 [da:21:5c:0b:02:8c]
RSSI: -95 [da:21:5c:74:03:bc]
RSSI: -96 [da:21:5c:74:03:bc]
RSSI: -97 [da:21:5d:04:05:7c]
RSSI: -93 [da:21:5d:1f:05:cc]
RSSI: -97 [da:21:5d:b7:07:9c]
RSSI: -97 [da:21:5e:06:08:8c]
RSSI: -95 [da:21:5e:b1:0a:ac]
RSSI: -94 [da:21:5e:d9:0b:2c]
RSSI: -95 [da:21:5e:e5:0b:4c]
RSSI: -95 [da:21:5f:0d:0b:cc]
RSSI: -94 [da:21:5f:28:0c:1c]
RSSI: -94 [da:21:5f:5c:0c:bc]
RSSI: -94 [da:21:5f:77:0d:1c]
RSSI: -94 [da:21:5f:b9:0d:dc]
RSSI: -96 [da:21:5f:b9:0d:dc]
RSSI: -95 [da:21:5f:ee:0e:7c]
RSSI: -90 [da:21:5f:fa:0e:ac]
RSSI: -92 [da:21:60:30:0f:4c]
RSSI: -91 [da:21:60:3d:0f:7c]
RSSI: -91 [da:21:60:3d:0f:7c]
RSSI: -97 [da:21:60:8d:10:6c]
RSSI: -96 [da:21:61:88:13:6c]
RSSI: -95 [da:21:61:88:13:6c]
RSSI: -96 [da:21:61:a3:13:bc]
RSSI: -96 [da:21:61:cb:14:3c]
RSSI: -94 [da:21:61:d7:14:5c]
RSSI: -94 [da:21:62:1a:15:2c]
RSSI: -91 [da:21:62:1a:15:2c]
RSSI: -91 [da:21:62:27:15:4c]
RSSI: -87 [da:21:62:35:15:7c]
RSSI: -87 [da:21:62:35:15:7c]
RSSI: -85 [da:21:62:42:15:9c]
RSSI: -82 [da:21:62:4f:15:cc]
RSSI: -83 [da:21:62:5d:15:ec]
RSSI: -81 [da:21:62:5d:15:ec]
RSSI: -82 [da:21:62:6a:16:1c]
RSSI: -81 [da:21:62:6a:16:1c]
RSSI: -84 [da:21:62:77:16:3c]
RSSI: -79 [da:21:62:85:16:6c]
RSSI: -79 [da:21:62:85:16:6c]
RSSI: -83 [da:21:62:92:00:2c]
RSSI: -80 [da:21:62:92:00:2c]
RSSI: -83 [da:21:62:9f:00:5c]
RSSI: -79 [da:21:62:ac:00:7c]
RSSI: -80 [da:21:62:ba:00:ac]
RSSI: -84 [da:21:62:c7:00:cc]
RSSI: -80 [da:21:62:c7:00:cc]
RSSI: -80 [da:21:62:d4:00:fc]
RSSI: -84 [da:21:62:d4:00:fc]
RSSI: -81 [da:21:62:e2:01:1c]
RSSI: -82 [da:21:62:ef:01:4c]
RSSI: -87 [da:21:62:fc:01:6c]
RSSI: -84 [da:21:63:0a:01:9c]
RSSI: -89 [da:21:63:17:01:bc]
RSSI: -92 [da:21:63:67:02:ac]
RSSI: -95 [da:21:63:74:02:dc]
RSSI: -96 [da:21:63:aa:03:7c]
RSSI: -96 [da:21:63:c4:03:cc]
RSSI: -97 [da:21:64:4a:05:6c]
RSSI: -94 [da:21:64:72:05:ec]
RSSI: -98 [da:21:64:c3:06:dc]
RSSI: -98 [da:21:64:cf:07:0c]
RSSI: -100 [da:21:64:cf:07:0c]
RSSI: -95 [da:21:65:2d:08:2c]
RSSI: -94 [da:21:66:2d:0b:4c]
RSSI: -95 [da:21:66:2d:0b:4c]
RSSI: -96 [da:21:66:61:0b:ec]
RSSI: -95 [da:21:66:a5:0c:bc]
RSSI: -94 [da:21:67:11:0e:0c]
RSSI: -92 [da:21:67:54:0e:dc]
RSSI: -93 [da:21:67:54:0e:dc]
RSSI: -93 [da:21:67:6f:0f:3c]
RSSI: -95 [da:21:67:98:0f:bc]
RSSI: -95 [da:21:67:b2:10:0c]
RSSI: -99 [da:21:68:7d:12:6c]
RSSI: -96 [da:21:68:a5:12:ec]
RSSI: -95 [da:21:68:f6:13:dc]
RSSI: -95 [da:21:69:62:15:2c]
RSSI: -91 [da:21:69:70:15:5c]
RSSI: -87 [da:21:69:7e:15:7c]
RSSI: -86 [da:21:69:99:15:cc]
RSSI: -81 [da:21:69:a7:15:fc]
RSSI: -83 [da:21:69:b3:16:2c]
RSSI: -85 [da:21:69:c2:16:4c]
RSSI: -82 [da:21:69:c2:16:4c]
RSSI: -80 [da:21:69:cf:16:7c]
RSSI: -83 [da:21:69:cf:16:7c]
RSSI: -81 [da:21:69:dc:00:0c]
RSSI: -79 [da:21:69:dc:00:0c]
RSSI: -83 [da:21:69:ea:00:2c]
RSSI: -82 [da:21:69:f8:00:5c]
RSSI: -80 [da:21:6a:05:00:7c]
RSSI: -80 [da:21:6a:13:00:ac]
RSSI: -84 [da:21:6a:21:00:dc]
RSSI: -84 [da:21:6a:21:00:dc]
RSSI: -80 [da:21:6a:21:00:dc]
RSSI: -82 [da:21:6a:2d:00:fc]
RSSI: -85 [da:21:6a:2d:00:fc]
RSSI: -81 [da:21:6a:3c:01:2c]
RSSI: -84 [da:21:6a:3c:01:2c]
RSSI: -82 [da:21:6a:4a:01:4c]
RSSI: -96 [da:21:6a:9b:02:4c]
RSSI: -92 [da:21:6a:bb:02:ac]
RSSI: -93 [da:21:6b:0f:03:ac]
RSSI: -97 [da:21:6b:7b:04:ec]
RSSI: -96 [da:21:6b:a4:05:6c]
RSSI: -96 [da:21:6c:1f:06:ec]
RSSI: -94 [da:21:6c:70:07:ec]
RSSI: -96 [da:21:6c:99:08:6c]
RSSI: -97 [da:21:6d:3d:0a:6c]
RSSI: -95 [da:21:6d:83:0b:3c]
RSSI: -97 [da:21:6d:fe:0c:cc]
RSSI: -93 [da:21:6e:27:0d:4c]
RSSI: -97 [da:21:6e:5d:0d:ec]
RSSI: -96 [da:21:6e:94:0e:9c]
RSSI: -96 [da:21:6e:a3:0e:bc]
RSSI: -94 [da:21:6e:cc:0f:3c]
RSSI: -94 [da:21:6e:d8:0f:6c]
RSSI: -96 [da:21:6f:ed:12:bc]
RSSI: -96 [da:21:6f:ed:12:bc]
RSSI: -95 [da:21:70:22:13:5c]
RSSI: -93 [da:21:70:4c:13:dc]
RSSI: -94 [da:21:70:5a:14:0c]
RSSI: -95 [da:21:70:75:14:5c]
RSSI: -92 [da:21:70:bb:15:2c]
RSSI: -89 [da:21:70:c8:15:5c]
RSSI: -84 [da:21:70:d6:15:8c]
RSSI: -87 [da:21:70:e5:15:ac]
RSSI: -85 [da:21:70:e5:15:ac]
RSSI: -86 [da:21:70:f1:15:dc]
RSSI: -80 [da:21:71:00:15:fc]
RSSI: -82 [da:21:71:0e:16:2c]
RSSI: -84 [da:21:71:1b:16:4c]
RSSI: -82 [da:21:71:1b:16:4c]
RSSI: -79 [da:21:71:29:16:7c]
RSSI: -83 [da:21:71:29:16:7c]
RSSI: -83 [da:21:71:29:16:7c]
RSSI: -81 [da:21:71:37:00:2c]
RSSI: -79 [da:21:71:37:00:2c]
RSSI: -83 [da:21:71:44:00:5c]
RSSI: -81 [da:21:71:44:00:5c]
RSSI: -83 [da:21:71:52:00:7c]
RSSI: -81 [da:21:71:52:00:7c]
RSSI: -80 [da:21:71:61:00:ac]
RSSI: -82 [da:21:71:6d:00:cc]
RSSI: -82 [da:21:71:6d:00:cc]
RSSI: -86 [da:21:71:7c:00:fc]
RSSI: -83 [da:21:71:7c:00:fc]
RSSI: -85 [da:21:71:97:01:4c]
RSSI: -86 [da:21:71:97:01:4c]
RSSI: -89 [da:21:71:a5:01:7c]
RSSI: -96 [da:21:71:cf:01:fc]
RSSI: -94 [da:21:71:dd:02:2c]
RSSI: -95 [da:21:72:13:02:cc]
RSSI: -94 [da:21:72:83:04:1c]
RSSI: -96 [da:21:72:d6:05:1c]
RSSI: -94 [da:21:73:53:06:ac]
RSSI: -99 [da:21:73:6e:06:fc]
RSSI: -93 [da:21:73:b3:07:cc]
RSSI: -96 [da:21:73:d0:08:2c]
RSSI: -96 [da:21:73:fa:08:ac]
RSSI: -97 [da:21:74:ad:0a:dc]
RSSI: -96 [da:21:74:f4:0b:bc]
RSSI: -94 [da:21:75:48:0c:bc]
RSSI: -94 [da:21:75:48:0c:bc]
RSSI: -94 [da:21:75:55:0c:ec]
RSSI: -95 [da:21:75:9c:0d:cc]
RSSI: -97 [da:21:75:b7:0e:1c]
RSSI: -92 [da:21:75:c6:0e:4c]
RSSI: -92 [da:21:75:d2:0e:6c]
RSSI: -94 [da:21:75:ef:0e:cc]
RSSI: -91 [da:21:76:26:0f:7c]
RSSI: -95 [da:21:76:35:0f:9c]
RSSI: -96 [da:21:76:50:0f:fc]
RSSI: -98 [da:21:77:84:13:9c]
RSSI: -95 [da:21:77:93:13:cc]
RSSI: -96 [da:21:77:93:13:cc]
RSSI: -95 [da:21:77:bd:14:4c]
RSSI: -91 [da:21:78:03:15:2c]
RSSI: -87 [da:21:78:2d:15:9c]
RSSI: -85 [da:21:78:3b:15:cc]
RSSI: -85 [da:21:78:3b:15:cc]
RSSI: -81 [da:21:78:48:15:fc]
RSSI: -84 [da:21:78:48:15:fc]
RSSI: -80 [da:21:78:57:16:1c]
RSSI: -83 [da:21:78:66:16:4c]
RSSI: -81 [da:21:78:66:16:4c]
RSSI: -81 [da:21:78:72:16:7c]
RSSI: -81 [da:21:78:72:16:7c]
RSSI: -81 [da:21:78:86:00:3c]
RSSI: -80 [da:21:78:86:00:3c]
RSSI: -81 [da:21:78:86:00:3c]
RSSI: -79 [da:21:78:96:00:6c]
RSSI: -82 [da:21:78:96:00:6c]
RSSI: -81 [da:21:78:a3:00:9c]
RSSI: -80 [da:21:78:a3:00:9c]
RSSI: -80 [da:21:78:a3:00:9c]
RSSI: -80 [da:21:78:b2:00:bc]
RSSI: -83 [da:21:78:c1:00:ec]
RSSI: -83 [da:21:78:cd:01:1c]
RSSI: -83 [da:21:78:dc:01:4c]
RSSI: -85 [da:21:78:dc:01:4c]
RSSI: -85 [da:21:78:eb:01:7c]
RSSI: -90 [da:21:78:f7:01:9c]
RSSI: -90 [da:21:79:3f:02:7c]
RSSI: -93 [da:21:79:4c:02:9c]
RSSI: -93 [da:21:79:5b:02:cc]
RSSI: -93 [da:21:79:a0:03:9c]
RSSI: -95 [da:21:79:da:04:4c]
RSSI: -96 [da:21:7a:1f:05:1c]
RSSI: -94 [da:21:7a:58:05:cc]
RSSI: -94 [da:21:7a:ad:06:cc]
RSSI: -95 [da:21:7b:3b:08:8c]
RSSI: -98 [da:21:7b:c7:0a:4c]
RSSI: -95 [da:21:7c:01:0a:fc]
RSSI: -94 [da:21:7c:10:0b:2c]
RSSI: -96 [da:21:7c:65:0c:2c]
RSSI: -94 [da:21:7c:c6:0d:5c]
RSSI: -95 [da:21:7c:d5:0d:8c]
RSSI: -94 [da:21:7d:2b:0e:9c]
RSSI: -91 [da:21:7d:3a:0e:cc]
RSSI: -94 [da:21:7d:64:0f:4c]
RSSI: -93 [da:21:7d:80:0f:9c]
RSSI: -93 [da:21:7d:80:0f:9c]
RSSI: -94 [da:21:7d:8f:0f:cc]
RSSI: -95 [da:21:7e:8f:12:dc]
RSSI: -95 [da:21:7e:8f:12:dc]
RSSI: -96 [da:21:7e:c7:13:8c]
RSSI: -94 [da:21:7e:d6:13:bc]
RSSI: -95 [da:21:7f:01:14:3c]
RSSI: -92 [da:21:7f:56:15:3c]
RSSI: -90 [da:21:7f:65:15:6c]
RSSI: -89 [da:21:7f:72:15:8c]
RSSI: -87 [da:21:7f:81:15:bc]
RSSI: -86 [da:21:7f:81:15:bc]
RSSI: -85 [da:21:7f:81:15:bc]
RSSI: -82 [da:21:7f:90:15:ec]
RSSI: -86 [da:21:7f:90:15:ec]
RSSI: -81 [da:21:7f:9d:16:0c]
RSSI: -83 [da:21:7f:ac:16:3c]
RSSI: -82 [da:21:7f:bb:16:6c]
RSSI: -79 [da:21:7f:c8:00:0c]
RSSI: -84 [da:21:7f:c8:00:0c]
RSSI: -80 [da:21:7f:d7:00:2c]
RSSI: -83 [da:21:7f:e6:00:5c]
RSSI: -83 [da:21:7f:f2:00:8c]
RSSI: -82 [da:21:7f:f2:00:8c]
RSSI: -80 [da:21:80:02:00:bc]
RSSI: -82 [da:21:80:11:00:dc]
RSSI: -82 [da:21:80:11:00:dc]
RSSI: -83 [da:21:80:1d:01:0c]
RSSI: -84 [da:21:80:1d:01:0c]
RSSI: -86 [da:21:80:2d:01:3c]
RSSI: -91 [da:21:80:3c:01:6c]
RSSI: -95 [da:21:80:82:02:3c]
RSSI: -94 [da:21:80:91:02:6c]
RSSI: -94 [da:21:80:e7:03:6c]
RSSI: -93 [da:21:80:f4:03:9c]
RSSI: -95 [da:21:81:1f:04:1c]
RSSI: -98 [da:21:81:68:04:fc]
RSSI: -93 [da:21:81:a0:05:ac]
RSSI: -93 [da:21:81:a0:05:ac]
RSSI: -92 [da:21:81:af:05:dc]
RSSI: -95 [da:21:82:05:06:dc]
RSSI: -97 [da:21:82:40:07:9c]
RSSI: -95 [da:21:82:5c:07:ec]
RSSI: -94 [da:21:83:c4:0c:4c]
RSSI: -94 [da:21:83:d1:0c:7c]
RSSI: -94 [da:21:84:0c:0d:2c]
RSSI: -96 [da:21:84:53:0e:0c]
RSSI: -94 [da:21:84:71:0e:6c]
RSSI: -93 [da:21:84:7e:0e:9c]
RSSI: -95 [da:21:84:b9:0f:4c]
RSSI: -93 [da:21:84:c8:0f:7c]
RSSI: -92 [da:21:84:d5:0f:ac]
RSSI: -97 [da:21:85:0f:10:5c]
RSSI: -97 [da:21:85:ad:12:3c]
RSSI: -96 [da:21:85:e8:12:ec]
RSSI: -95 [da:21:86:30:13:cc]
RSSI: -92 [da:21:86:3f:13:fc]
RSSI: -93 [da:21:86:4f:14:1c]
RSSI: -92 [da:21:86:5b:14:4c]
RSSI: -94 [da:21:86:a6:15:2c]
RSSI: -86 [da:21:86:c7:15:8c]
RSSI: -87 [da:21:86:c7:15:8c]
RSSI: -82 [da:21:86:d7:15:bc]
RSSI: -85 [da:21:86:d7:15:bc]
RSSI: -80 [da:21:86:e4:15:ec]
RSSI: -79 [da:21:86:f3:16:1c]
RSSI: -82 [da:21:87:03:16:4c]
RSSI: -82 [da:21:87:03:16:4c]
RSSI: -82 [da:21:87:10:16:6c]
RSSI: -78 [da:21:87:1f:00:2c]
RSSI: -78 [da:21:87:1f:00:2c]
RSSI: -81 [da:21:87:1f:00:2c]
RSSI: -81 [da:21:87:2e:00:5c]
RSSI: -82 [da:21:87:3b:00:8c]
RSSI: -82 [da:21:87:3b:00:8c]
RSSI: -83 [da:21:87:4b:00:bc]
RSSI: -79 [da:21:87:5a:00:ec]
RSSI: -82 [da:21:87:67:01:0c]
RSSI: -80 [da:21:87:67:01:0c]
RSSI: -85 [da:21:87:76:01:3c]
RSSI: -84 [da:21:87:76:01:3c]
RSSI: -86 [da:21:87:92:01:8c]
RSSI: -93 [da:21:87:cd:02:4c]
RSSI: -93 [da:21:87:dd:02:7c]
RSSI: -91 [da:21:88:09:02:fc]
RSSI: -93 [da:21:88:41:03:ac]
RSSI: -95 [da:21:88:8c:04:8c]
RSSI: -94 [da:21:89:0f:06:1c]
RSSI: -98 [da:21:89:57:06:fc]
RSSI: -95 [da:21:89:9f:07:dc]
RSSI: -95 [da:21:89:ae:08:0c]
RSSI: -97 [da:21:8a:7a:0a:8c]
RSSI: -99 [da:21:8a:8a:0a:bc]
RSSI: -98 [da:21:8a:8a:0a:bc]
RSSI: -95 [da:21:8a:a6:0b:0c]
RSSI: -94 [da:21:8a:d2:0b:9c]
RSSI: -97 [da:21:8b:0d:0c:5c]
RSSI: -92 [da:21:8b:39:0c:dc]
RSSI: -95 [da:21:8b:91:0d:ec]
RSSI: -96 [da:21:8b:a1:0e:1c]
RSSI: -94 [da:21:8b:ae:0e:4c]
RSSI: -93 [da:21:8b:bd:0e:7c]
RSSI: -90 [da:21:8b:da:0e:cc]
RSSI: -96 [da:21:8b:f9:0f:2c]
RSSI: -94 [da:21:8c:06:0f:5c]
RSSI: -96 [da:21:8d:2e:12:ec]
RSSI: -95 [da:21:8d:3a:13:0c]
RSSI: -93 [da:21:8d:76:13:cc]
RSSI: -94 [da:21:8d:b2:14:7c]
RSSI: -97 [da:21:8d:eb:15:2c]
RSSI: -91 [da:21:8d:fb:15:5c]
RSSI: -89 [da:21:8e:0a:15:8c]
RSSI: -86 [da:21:8e:17:15:ac]
RSSI: -84 [da:21:8e:27:15:dc]
RSSI: -83 [da:21:8e:27:15:dc]
RSSI: -85 [da:21:8e:37:16:0c]
RSSI: -83 [da:21:8e:37:16:0c]
RSSI: -82 [da:21:8e:37:16:0c]
RSSI: -84 [da:21:8e:43:16:3c]
RSSI: -79 [da:21:8e:53:16:6c]
RSSI: -84 [da:21:8e:53:16:6c]
RSSI: -81 [da:21:8e:63:00:0c]
RSSI: -80 [da:21:8e:63:00:0c]
RSSI: -83 [da:21:8e:70:00:2c]
RSSI: -81 [da:21:8e:70:00:2c]
RSSI: -84 [da:21:8e:7f:00:5c]
RSSI: -79 [da:21:8e:8f:00:8c]
RSSI: -84 [da:21:8e:8f:00:8c]
RSSI: -80 [da:21:8e:9c:00:ac]
RSSI: -82 [da:21:8e:ac:00:dc]
RSSI: -83 [da:21:8e:bc:01:0c]
RSSI: -89 [da:21:8e:c8:01:3c]
RSSI: -88 [da:21:8e:d8:01:6c]
RSSI: -88 [da:21:8e:e8:01:9c]
RSSI: -90 [da:21:8f:21:02:4c]
RSSI: -95 [da:21:8f:9a:03:bc]
RSSI: -96 [da:21:8f:a6:03:dc]
RSSI: -97 [da:21:90:2b:05:7c]
RSSI: -96 [da:21:90:3b:05:ac]
RSSI: -95 [da:21:90:94:06:bc]
RSSI: -95 [da:21:90:fd:08:0c]
RSSI: -98 [da:21:91:f8:0b:0c]
RSSI: -98 [da:21:92:08:0b:4c]
RSSI: -94 [da:21:92:6e:0c:7c]
RSSI: -95 [da:21:92:ab:0d:3c]
RSSI: -96 [da:21:92:e8:0d:fc]
RSSI: -96 [da:21:92:f4:0e:2c]
RSSI: -96 [da:21:93:41:0f:1c]
RSSI: -94 [da:21:93:7a:0f:cc]
RSSI: -97 [da:21:94:5a:12:6c]
RSSI: -97 [da:21:94:6a:12:9c]
RSSI: -96 [da:21:94:b4:13:8c]
RSSI: -95 [da:21:94:e1:14:0c]
RSSI: -96 [da:21:94:f1:14:3c]
RSSI: -93 [da:21:95:3a:15:1c]
RSSI: -89 [da:21:95:4b:15:5c]
RSSI: -83 [da:21:95:67:15:ac]
RSSI: -86 [da:21:95:80:15:fc]
RSSI: -82 [da:21:95:80:15:fc]
RSSI: -85 [da:21:95:91:16:2c]
RSSI: -85 [da:21:95:91:16:2c]
RSSI: -85 [da:21:95:91:16:2c]
RSSI: -84 [da:21:95:91:16:2c]
RSSI: -84 [da:21:95:9d:16:4c]
RSSI: -79 [da:21:95:ad:16:7c]
RSSI: -83 [da:21:95:ad:16:7c]
RSSI: -84 [da:21:95:bd:00:3c]
RSSI: -79 [da:21:95:bd:00:3c]
RSSI: -84 [da:21:95:ca:00:5c]
RSSI: -84 [da:21:95:da:00:8c]
RSSI: -80 [da:21:95:e7:00:ac]
RSSI: -83 [da:21:95:f3:00:dc]
RSSI: -86 [da:21:96:00:00:fc]
RSSI: -84 [da:21:96:0d:01:2c]
RSSI: -88 [da:21:96:19:01:4c]
RSSI: -85 [da:21:96:19:01:4c]
RSSI: -86 [da:21:96:19:01:4c]
RSSI: -92 [da:21:96:3f:01:cc]
RSSI: -95 [da:21:96:72:02:5c]
RSSI: -88 [da:21:96:7f:02:8c]
RSSI: -89 [da:21:96:7f:02:8c]
RSSI: -91 [da:21:96:a5:02:fc]
RSSI: -93 [da:21:96:a5:02:fc]
RSSI: -93 [da:21:97:0b:04:2c]
RSSI: -96 [da:21:97:17:04:4c]
RSSI: -96 [da:21:97:31:04:9c]
RSSI: -94 [da:21:97:96:05:dc]
RSSI: -96 [da:21:97:d6:06:9c]
RSSI: -95 [da:21:98:49:07:fc]
RSSI: -95 [da:21:98:49:07:fc]
RSSI: -95 [da:21:98:6f:08:7c]
RSSI: -98 [da:21:98:a2:09:1c]
RSSI: -93 [da:21:99:62:0b:6c]
RSSI: -93 [da:21:99:88:0b:ec]
RSSI: -94 [da:21:99:a2:0c:3c]
RSSI: -93 [da:21:99:e2:0d:0c]
RSSI: -95 [da:21:9a:3c:0e:1c]
RSSI: -94 [da:21:9a:49:0e:3c]
RSSI: -91 [da:21:9a:62:0e:8c]
RSSI: -91 [da:21:9a:62:0e:8c]
RSSI: -92 [da:21:9a:6f:0e:bc]
RSSI: -95 [da:21:9a:89:0f:0c]
RSSI: -95 [da:21:9a:a3:0f:5c]
RSSI: -93 [da:21:9a:af:0f:7c]
RSSI: -94 [da:21:9a:c9:0f:cc]
RSSI: -95 [da:21:9a:d6:0f:fc]
RSSI: -98 [da:21:9b:b1:12:9c]
RSSI: -96 [da:21:9b:cb:12:ec]
RSSI: -93 [da:21:9c:18:13:dc]
RSSI: -90 [da:21:9c:99:15:5c]
RSSI: -88 [da:21:9c:a6:15:7c]
RSSI: -87 [da:21:9c:b3:15:ac]
RSSI: -87 [da:21:9c:b3:15:ac]
RSSI: -82 [da:21:9c:cc:15:fc]
RSSI: -83 [da:21:9c:d9:16:1c]
RSSI: -83 [da:21:9c:e6:16:4c]
RSSI: -80 [da:21:9c:f3:16:6c]
RSSI: -82 [da:21:9d:00:00:0c]
RSSI: -81 [da:21:9d:0d:00:2c]
RSSI: -79 [da:21:9d:1a:00:4c]
RSSI: -81 [da:21:9d:27:00:7c]
RSSI: -82 [da:21:9d:34:00:9c]
RSSI: -83 [da:21:9d:34:00:9c]
RSSI: -80 [da:21:9d:41:00:cc]
RSSI: -82 [da:21:9d:4e:00:ec]
RSSI: -84 [da:21:9d:5b:01:1c]
RSSI: -83 [da:21:9d:5b:01:1c]
RSSI: -83 [da:21:9d:67:01:3c]
RSSI: -84 [da:21:9d:67:01:3c]
RSSI: -86 [da:21:9d:75:01:6c]
RSSI: -94 [da:21:9e:51:04:0c]
RSSI: -95 [da:21:9e:5e:04:2c]
RSSI: -95 [da:21:9f:48:07:0c]
RSSI: -96 [da:21:a0:e9:0c:1c]
RSSI: -95 [da:21:a1:93:0e:2c]
RSSI: -92 [da:21:a1:ad:0e:7c]
RSSI: -93 [da:21:a1:d4:0e:fc]
RSSI: -96 [da:21:a1:e2:0f:2c]
RSSI: -94 [da:21:a1:ef:0f:4c]
RSSI: -93 [da:21:a1:fc:0f:7c]
RSSI: -96 [da:21:a2:30:10:1c]
RSSI: -94 [da:21:a3:4c:13:7c]
RSSI: -93 [da:21:a3:74:13:ec]
RSSI: -94 [da:21:a3:81:14:1c]
RSSI: -95 [da:21:a3:dd:15:2c]
RSSI: -91 [da:21:a3:f8:15:8c]
RSSI: -83 [da:21:a4:12:15:dc]
RSSI: -86 [da:21:a4:1f:15:fc]
RSSI: -85 [da:21:a4:2c:16:2c]
RSSI: -80 [da:21:a4:39:16:4c]
RSSI: -83 [da:21:a4:53:00:2c]
RSSI: -84 [da:21:a4:53:00:2c]
RSSI: -80 [da:21:a4:61:00:4c]
RSSI: -79 [da:21:a4:61:00:4c]
RSSI: -83 [da:21:a4:6e:00:7c]
RSSI: -83 [da:21:a4:7b:00:9c]
RSSI: -83 [da:21:a4:7b:00:9c]
RSSI: -81 [da:21:a4:88:00:cc]
RSSI: -84 [da:21:a4:88:00:cc]
RSSI: -84 [da:21:a4:96:00:fc]
RSSI: -85 [da:21:a4:96:00:fc]
RSSI: -82 [da:21:a4:96:00:fc]
RSSI: -86 [da:21:a4:a2:01:1c]
RSSI: -86 [da:21:a4:a2:01:1c]
RSSI: -86 [da:21:a4:a2:01:1c]
RSSI: -84 [da:21:a4:b0:01:4c]
RSSI: -87 [da:21:a4:bd:01:6c]
RSSI: -93 [da:21:a5:0d:02:5c]
RSSI: -94 [da:21:a5:19:02:8c]
RSSI: -93 [da:21:a5:27:02:ac]
RSSI: -96 [da:21:a5:41:02:fc]
RSSI: -96 [da:21:a5:76:03:9c]
RSSI: -98 [da:21:a6:3d:05:fc]
RSSI: -96 [da:21:a6:dc:07:ec]
RSSI: -97 [da:21:a7:f3:0b:5c]
RSSI: -97 [da:21:a8:0d:0b:ac]
RSSI: -98 [da:21:a8:43:0c:5c]
RSSI: -95 [da:21:a8:93:0d:4c]
RSSI: -96 [da:21:a8:f1:0e:6c]
RSSI: -98 [da:21:a9:25:0f:0c]
RSSI: -94 [da:21:a9:41:0f:6c]
RSSI: -96 [da:21:aa:5a:12:cc]
RSSI: -99 [da:21:aa:74:13:1c]
RSSI: -96 [da:21:aa:8f:13:6c]
RSSI: -96 [da:21:aa:aa:13:bc]
RSSI: -92 [da:21:ab:30:15:5c]
RSSI: -92 [da:21:ab:3e:15:7c]
RSSI: -84 [da:21:ab:58:15:cc]
RSSI: -87 [da:21:ab:66:15:fc]
RSSI: -82 [da:21:ab:80:16:4c]
RSSI: -83 [da:21:ab:80:16:4c]
RSSI: -84 [da:21:ab:8e:16:6c]
RSSI: -84 [da:21:ab:8e:16:6c]
RSSI: -82 [da:21:ab:8e:16:6c]
RSSI: -83 [da:21:ab:9c:00:0c]
RSSI: -82 [da:21:ab:9c:00:0c]
RSSI: -81 [da:21:ab:a9:00:2c]
RSSI: -85 [da:21:ab:a9:00:2c]
RSSI: -82 [da:21:ab:b7:00:4c]
RSSI: -81 [da:21:ab:b7:00:4c]
RSSI: -86 [da:21:ab:c4:00:7c]
RSSI: -82 [da:21:ab:c4:00:7c]
RSSI: -86 [da:21:ab:d1:00:9c]
RSSI: -83 [da:21:ab:df:00:cc]
RSSI: -83 [da:21:ab:ed:00:fc]
RSSI: -83 [da:21:ab:ed:00:fc]
RSSI: -84 [da:21:ab:f9:01:1c]
RSSI: -87 [da:21:ac:07:01:4c]
RSSI: -87 [da:21:ac:15:01:7c]
RSSI: -95 [da:21:ac:4a:02:1c]
RSSI: -90 [da:21:ac:73:02:9c]
RSSI: -95 [da:21:ac:c3:03:8c]
RSSI: -94 [da:21:ad:30:04:dc]
RSSI: -97 [da:21:ad:3d:04:fc]
RSSI: -95 [da:21:ad:81:05:dc]
RSSI: -97 [da:21:ad:8e:05:fc]
RSSI: -96 [da:21:ad:d2:06:cc]
RSSI: -97 [da:21:ae:30:07:ec]
RSSI: -96 [da:21:ae:3e:08:1c]
RSSI: -96 [da:21:ae:74:08:cc]
RSSI: -96 [da:21:ae:81:08:ec]
RSSI: -95 [da:21:af:4c:0b:6c]
RSSI: -94 [da:21:af:5a:0b:8c]
RSSI: -95 [da:21:af:75:0b:ec]
RSSI: -94 [da:21:af:9e:0c:6c]
RSSI: -93 [da:21:af:dc:0d:2c]
RSSI: -92 [da:21:b0:48:0e:7c]
RSSI: -93 [da:21:b0:56:0e:ac]
RSSI: -94 [da:21:b0:71:0e:fc]
RSSI: -93 [da:21:b0:a8:0f:ac]
RSSI: -98 [da:21:b1:08:10:cc]
RSSI: -96 [da:21:b1:c6:13:0c]
RSSI: -98 [da:21:b1:d5:13:3c]
RSSI: -96 [da:21:b2:19:14:0c]
RSSI: -95 [da:21:b2:42:14:8c]
RSSI: -90 [da:21:b2:94:15:8c]
RSSI: -86 [da:21:b2:a2:15:ac]
RSSI: -85 [da:21:b2:a2:15:ac]
RSSI: -87 [da:21:b2:a2:15:ac]
RSSI: -86 [da:21:b2:ae:15:dc]
RSSI: -84 [da:21:b2:ae:15:dc]
RSSI: -86 [da:21:b2:bd:15:fc]
RSSI: -85 [da:21:b2:bd:15:fc]
RSSI: -81 [da:21:b2:cb:16:2c]
RSSI: -84 [da:21:b2:cb:16:2c]
RSSI: -83 [da:21:b2:cb:16:2c]
RSSI: -80 [da:21:b2:d7:16:4c]
RSSI: -82 [da:21:b2:e6:16:7c]
RSSI: -83 [da:21:b2:f4:00:2c]
RSSI: -80 [da:21:b3:01:00:5c]
RSSI: -83 [da:21:b3:01:00:5c]
RSSI: -81 [da:21:b3:0f:00:7c]
RSSI: -80 [da:21:b3:0f:00:7c]
RSSI: -84 [da:21:b3:1d:00:ac]
RSSI: -84 [da:21:b3:1d:00:ac]
RSSI: -82 [da:21:b3:1d:00:ac]
RSSI: -85 [da:21:b3:2a:00:dc]
RSSI: -83 [da:21:b3:38:00:fc]
RSSI: -84 [da:21:b3:46:01:2c]
RSSI: -87 [da:21:b3:53:01:5c]
RSSI: -97 [da:21:b3:98:02:2c]
RSSI: -95 [da:21:b3:a5:02:5c]
RSSI: -89 [da:21:b3:c2:02:ac]
RSSI: -92 [da:21:b3:dd:02:fc]
RSSI: -93 [da:21:b3:eb:03:2c]
RSSI: -94 [da:21:b4:2f:03:fc]
RSSI: -93 [da:21:b4:c5:05:cc]
RSSI: -96 [da:21:b5:18:06:cc]
RSSI: -97 [da:21:b5:26:06:ec]
RSSI: -96 [da:21:b5:94:08:4c]
RSSI: -97 [da:21:b6:72:0a:fc]
RSSI: -96 [da:21:b6:a9:0b:ac]
RSSI: -94 [da:21:b6:fc:0c:bc]
RSSI: -93 [da:21:b7:32:0d:5c]
RSSI: -95 [da:21:b7:79:0e:3c]
RSSI: -92 [da:21:b7:94:0e:8c]
RSSI: -94 [da:21:b7:cc:0f:3c]
RSSI: -91 [da:21:b7:f5:0f:bc]
RSSI: -93 [da:21:b8:02:0f:dc]
RSSI: -97 [da:21:b8:c6:12:3c]
RSSI: -99 [da:21:b9:34:13:9c]
RSSI: -94 [da:21:b9:5e:14:1c]
RSSI: -93 [da:21:b9:cc:15:6c]
RSSI: -90 [da:21:b9:db:15:8c]
RSSI: -85 [da:21:b9:ea:15:bc]
RSSI: -86 [da:21:b9:f6:15:ec]
RSSI: -82 [da:21:b9:f6:15:ec]
RSSI: -85 [da:21:ba:05:16:0c]
RSSI: -84 [da:21:ba:13:16:3c]
RSSI: -80 [da:21:ba:20:16:6c]
RSSI: -84 [da:21:ba:2f:00:0c]
RSSI: -79 [da:21:ba:2f:00:0c]
RSSI: -84 [da:21:ba:3d:00:2c]
RSSI: -83 [da:21:ba:3d:00:2c]
RSSI: -83 [da:21:ba:3d:00:2c]
RSSI: -84 [da:21:ba:4a:00:5c]
RSSI: -80 [da:21:ba:59:00:8c]
RSSI: -84 [da:21:ba:67:00:ac]
RSSI: -85 [da:21:ba:74:00:dc]
RSSI: -86 [da:21:ba:74:00:dc]
RSSI: -83 [da:21:ba:82:01:0c]
RSSI: -87 [da:21:ba:91:01:2c]
RSSI: -85 [da:21:ba:91:01:2c]
RSSI: -89 [da:21:ba:9d:01:5c]
RSSI: -90 [da:21:ba:9d:01:5c]
RSSI: -98 [da:21:ba:d6:02:0c]
RSSI: -91 [da:21:bb:1b:02:dc]
RSSI: -98 [da:21:bb:2a:03:0c]
RSSI: -96 [da:21:bb:d1:05:0c]
RSSI: -96 [da:21:bb:fb:05:8c]
RSSI: -94 [da:21:bc:0a:05:bc]
RSSI: -98 [da:21:bc:5e:06:bc]
RSSI: -97 [da:21:bc:a3:07:9c]
RSSI: -96 [da:21:bd:06:08:cc]
RSSI: -98 [da:21:bd:a7:0a:bc]
RSSI: -97 [da:21:bd:fb:0b:bc]
RSSI: -99 [da:21:bd:fb:0b:bc]
RSSI: -95 [da:21:be:41:0c:9c]
RSSI: -95 [da:21:be:b3:0e:0c]
RSSI: -95 [da:21:be:bf:0e:2c]
RSSI: -93 [da:21:be:ce:0e:5c]
RSSI: -94 [da:21:be:ce:0e:5c]
RSSI: -96 [da:21:be:f9:0e:dc]
RSSI: -95 [da:21:bf:07:0f:0c]
RSSI: -95 [da:21:bf:32:0f:9c]
RSSI: -98 [da:21:bf:3e:0f:bc]
RSSI: -94 [da:21:c0:30:12:9c]
RSSI: -97 [da:21:c0:3d:12:cc]
RSSI: -96 [da:21:c0:4c:12:ec]
RSSI: -97 [da:21:c0:92:13:cc]
RSSI: -98 [da:21:c1:04:15:2c]
RSSI: -89 [da:21:c1:20:15:7c]
RSSI: -87 [da:21:c1:2f:15:ac]
RSSI: -86 [da:21:c1:3b:15:dc]
RSSI: -83 [da:21:c1:3b:15:dc]
RSSI: -85 [da:21:c1:4a:15:fc]
RSSI: -85 [da:21:c1:4a:15:fc]
RSSI: -86 [da:21:c1:59:16:2c]
RSSI: -81 [da:21:c1:66:16:5c]
RSSI: -83 [da:21:c1:75:00:0c]
RSSI: -80 [da:21:c1:75:00:0c]
RSSI: -86 [da:21:c1:84:00:2c]
RSSI: -82 [da:21:c1:84:00:2c]
RSSI: -82 [da:21:c1:84:00:2c]
RSSI: -84 [da:21:c1:90:00:5c]
RSSI: -81 [da:21:c1:9f:00:8c]
RSSI: -81 [da:21:c1:9f:00:8c]
RSSI: -83 [da:21:c1:ae:00:ac]
RSSI: -84 [da:21:c1:bb:00:dc]
RSSI: -84 [da:21:c1:bb:00:dc]
RSSI: -85 [da:21:c1:d9:01:3c]
RSSI: -97 [da:21:c1:f5:01:8c]
RSSI: -91 [da:21:c2:3b:02:5c]
RSSI: -90 [da:21:c2:4a:02:8c]
RSSI: -96 [da:21:c2:74:03:1c]
RSSI: -96 [da:21:c2:bb:03:ec]
RSSI: -95 [da:21:c3:3b:05:6c]
RSSI: -96 [da:21:c3:3b:05:6c]
RSSI: -96 [da:21:c3:f5:07:ac]
RSSI: -97 [da:21:c4:2f:08:6c]
RSSI: -95 [da:21:c4:3b:08:8c]
RSSI: -98 [da:21:c5:5a:0c:1c]
RSSI: -100 [da:68:fb:f0:14:fa]
RSSI: -95 [da:21:c7:50:12:2c]
RSSI: -95 [da:21:c7:b5:13:5c]
RSSI: -96 [da:21:c7:c2:13:8c]
RSSI: -94 [da:21:c8:27:14:bc]
RSSI: -96 [da:21:c8:f0:00:ac]
RSSI: -92 [da:21:c9:1b:01:2c]
RSSI: -93 [da:21:c9:2b:01:5c]
