RSSI: -96 [da:21:f4:29:15:9c]
RSSI: -94 [da:21:f4:37:15:bc]
RSSI: -94 [da:21:f4:5f:16:3c]
RSSI: -90 [da:21:f4:5f:16:3c]
RSSI: -91 [da:21:f4:6c:16:5c]
RSSI: -92 [da:21:f4:7a:00:0c]
RSSI: -92 [da:21:f4:7a:00:0c]
RSSI: -91 [da:21:f4:7a:00:0c]
RSSI: -88 [da:21:f4:88:00:2c]
RSSI: -90 [da:21:f4:95:00:5c]
RSSI: -88 [da:21:f4:95:00:5c]
RSSI: -91 [da:21:f4:a3:00:7c]
RSSI: -91 [da:21:f4:a3:00:7c]
RSSI: -89 [da:21:f4:b1:00:ac]
RSSI: -92 [da:21:f4:b1:00:ac]
RSSI: -88 [da:21:f4:bd:00:cc]
RSSI: -93 [da:21:f4:bd:00:cc]
RSSI: -89 [da:21:f4:d1:01:0c]
RSSI: -95 [da:21:f4:e1:01:3c]
RSSI: -91 [da:21:f4:e1:01:3c]
RSSI: -96 [da:21:f4:ee:01:6c]
RSSI: -95 [da:21:f5:0a:01:bc]
RSSI: -92 [da:69:2a:ff:00:7a]
RSSI: -94 [da:69:2b:1a:00:ca]
RSSI: -89 [da:69:2b:28:00:ea]
RSSI: -90 [da:69:2b:34:01:1a]
RSSI: -93 [da:69:2b:7a:01:da]
RSSI: -93 [da:69:2b:86:01:fa]
RSSI: -97 [da:69:2b:95:02:2a]
RSSI: -93 [da:69:2b:a3:02:4a]
RSSI: -94 [da:69:2b:af:02:6a]
RSSI: -97 [da:21:fb:15:14:5c]
RSSI: -94 [da:21:fb:68:15:5c]
RSSI: -92 [da:21:fb:83:15:bc]
RSSI: -91 [da:21:fb:91:15:dc]
RSSI: -90 [da:21:fb:91:15:dc]
RSSI: -92 [da:21:fb:a0:16:0c]
RSSI: -91 [da:21:fb:ac:16:3c]
RSSI: -86 [da:21:fb:bb:16:5c]
RSSI: -90 [da:21:fb:bb:16:5c]
RSSI: -89 [da:21:fb:c9:00:0c]
RSSI: -86 [da:21:fb:c9:00:0c]
RSSI: -89 [da:21:fb:d6:00:2c]
RSSI: -89 [da:21:fb:e4:00:5c]
RSSI: -89 [da:21:fb:f2:00:7c]
RSSI: -86 [da:21:fb:f2:00:7c]
RSSI: -90 [da:21:fb:ff:00:ac]
RSSI: -87 [da:21:fb:ff:00:ac]
RSSI: -91 [da:21:fc:0e:00:dc]
RSSI: -91 [da:21:fc:0e:00:dc]
RSSI: -87 [da:21:fc:1c:00:fc]
RSSI: -88 [da:21:fc:1c:00:fc]
RSSI: -93 [da:21:fc:29:01:2c]
RSSI: -88 [da:21:fc:29:01:2c]
RSSI: -95 [da:21:fc:37:01:4c]
RSSI: -95 [da:21:fc:45:01:7c]
RSSI: -96 [da:21:fc:45:01:7c]
RSSI: -93 [da:21:fc:52:01:ac]
RSSI: -95 [da:69:32:a3:16:5a]
RSSI: -91 [da:69:32:cd:00:7a]
RSSI: -93 [da:69:32:cd:00:7a]
RSSI: -93 [da:69:32:f7:00:ea]
RSSI: -96 [da:69:32:f7:00:ea]
RSSI: -93 [da:69:33:06:01:1a]
RSSI: -94 [da:69:33:14:01:3a]
RSSI: -95 [da:69:33:14:01:3a]
RSSI: -93 [da:69:33:21:01:6a]
RSSI: -94 [da:69:33:21:01:6a]
RSSI: -93 [da:69:33:2f:01:8a]
RSSI: -93 [da:69:33:3e:01:ba]
RSSI: -95 [da:69:33:59:02:0a]
RSSI: -94 [da:69:33:68:02:2a]
RSSI: -96 [da:69:33:74:02:4a]
RSSI: -93 [da:69:33:74:02:4a]
RSSI: -100 [da:69:33:83:02:7a]
RSSI: -95 [da:69:33:92:02:aa]
RSSI: -94 [da:69:33:9e:02:ca]
RSSI: -96 [da:69:33:ad:02:ea]
RSSI: -96 [da:22:02:6c:14:7c]
RSSI: -98 [da:22:02:7b:14:ac]
RSSI: -100 [da:22:02:88:14:dc]
RSSI: -94 [da:22:02:c7:15:9c]
RSSI: -92 [da:22:02:d6:15:bc]
RSSI: -90 [da:22:02:e3:15:ec]
RSSI: -93 [da:22:02:f2:16:1c]
RSSI: -87 [da:22:03:00:16:3c]
RSSI: -87 [da:22:03:0d:16:6c]
RSSI: -86 [da:22:03:0d:16:6c]
RSSI: -93 [da:22:03:1c:00:2c]
RSSI: -86 [da:22:03:1c:00:2c]
RSSI: -85 [da:22:03:2b:00:5c]
RSSI: -91 [da:22:03:2b:00:5c]
RSSI: -87 [da:22:03:37:00:7c]
RSSI: -85 [da:22:03:37:00:7c]
RSSI: -85 [da:22:03:37:00:7c]
RSSI: -87 [da:22:03:46:00:ac]
RSSI: -85 [da:22:03:46:00:ac]
RSSI: -93 [da:22:03:55:00:dc]
RSSI: -92 [da:22:03:55:00:dc]
RSSI: -86 [da:22:03:61:00:fc]
RSSI: -93 [da:22:03:61:00:fc]
RSSI: -90 [da:22:03:70:01:2c]
RSSI: -88 [da:22:03:70:01:2c]
RSSI: -93 [da:22:03:7f:01:5c]
RSSI: -97 [da:22:03:8c:01:8c]
RSSI: -91 [da:22:03:9b:01:bc]
RSSI: -95 [da:22:03:a9:01:dc]
RSSI: -97 [da:22:03:e0:02:8c]
RSSI: -96 [da:22:03:fe:02:ec]
RSSI: -97 [da:22:04:0a:03:0c]
RSSI: -90 [da:69:3a:85:00:7a]
RSSI: -91 [da:69:3a:af:00:fa]
RSSI: -90 [da:69:3a:bc:01:1a]
RSSI: -98 [da:69:3a:cb:01:4a]
RSSI: -92 [da:69:3a:e7:01:9a]
RSSI: -94 [da:69:3b:04:01:ea]
RSSI: -96 [da:69:3b:04:01:ea]
RSSI: -95 [da:69:3b:20:02:3a]
RSSI: -97 [da:69:3b:2f:02:6a]
RSSI: -95 [da:69:3b:3c:02:8a]
RSSI: -95 [da:69:3b:5a:02:da]
RSSI: -93 [da:22:09:c1:14:bc]
RSSI: -95 [da:22:09:fb:15:6c]
RSSI: -93 [da:22:0a:08:15:9c]
RSSI: -93 [da:22:0a:17:15:bc]
RSSI: -95 [da:22:0a:26:15:ec]
RSSI: -88 [da:22:0a:33:16:1c]
RSSI: -89 [da:22:0a:42:16:4c]
RSSI: -86 [da:22:0a:42:16:4c]
RSSI: -89 [da:22:0a:51:16:6c]
RSSI: -87 [da:22:0a:51:16:6c]
RSSI: -88 [da:22:0a:5d:00:0c]
RSSI: -85 [da:22:0a:6d:00:2c]
RSSI: -85 [da:22:0a:6d:00:2c]
RSSI: -88 [da:22:0a:7c:00:5c]
RSSI: -84 [da:22:0a:7c:00:5c]
RSSI: -88 [da:22:0a:88:00:8c]
RSSI: -88 [da:22:0a:98:00:bc]
RSSI: -85 [da:22:0a:a7:00:ec]
RSSI: -89 [da:22:0a:b3:01:0c]
RSSI: -86 [da:22:0a:b3:01:0c]
RSSI: -90 [da:22:0a:c3:01:3c]
RSSI: -87 [da:22:0a:d2:01:6c]
RSSI: -93 [da:22:0a:d2:01:6c]
RSSI: -90 [da:22:0a:de:01:8c]
RSSI: -94 [da:22:0a:ed:01:bc]
RSSI: -94 [da:22:0a:ed:01:bc]
RSSI: -98 [da:22:0b:18:02:4c]
RSSI: -95 [da:22:0b:28:02:7c]
RSSI: -95 [da:22:0b:53:02:fc]
RSSI: -94 [da:69:42:2c:00:2a]
RSSI: -97 [da:22:0d:1d:08:7c]
RSSI: -91 [da:69:42:73:00:fa]
RSSI: -92 [da:69:42:9f:01:7a]
RSSI: -96 [da:69:42:ae:01:9a]
RSSI: -95 [da:69:42:bd:01:ca]
RSSI: -96 [da:69:42:ca:01:ea]
RSSI: -97 [da:22:0d:90:09:dc]
RSSI: -95 [da:69:42:d9:02:1a]
RSSI: -95 [da:69:42:e9:02:4a]
RSSI: -95 [da:69:43:14:02:ba]
RSSI: -95 [da:69:43:14:02:ba]
RSSI: -96 [da:69:43:21:02:ea]
RSSI: -97 [da:22:0e:ea:0e:1c]
RSSI: -98 [da:22:10:f9:14:6c]
RSSI: -97 [da:22:11:09:14:9c]
RSSI: -92 [da:22:11:60:15:ac]
RSSI: -91 [da:22:11:6f:15:cc]
RSSI: -90 [da:22:11:7c:15:fc]
RSSI: -91 [da:22:11:7c:15:fc]
RSSI: -88 [da:22:11:8b:16:2c]
RSSI: -88 [da:22:11:9b:16:5c]
RSSI: -86 [da:22:11:9b:16:5c]
RSSI: -87 [da:22:11:a8:16:7c]
RSSI: -89 [da:22:11:b7:00:2c]
RSSI: -85 [da:22:11:c7:00:5c]
RSSI: -88 [da:22:11:d3:00:8c]
RSSI: -85 [da:22:11:d3:00:8c]
RSSI: -87 [da:22:11:e3:00:bc]
RSSI: -89 [da:22:11:f2:00:ec]
RSSI: -90 [da:22:11:f2:00:ec]
RSSI: -87 [da:22:11:ff:01:0c]
RSSI: -89 [da:22:12:0e:01:3c]
RSSI: -89 [da:22:12:0e:01:3c]
RSSI: -93 [da:22:12:1e:01:6c]
RSSI: -90 [da:22:12:1e:01:6c]
RSSI: -94 [da:22:12:3a:01:bc]
RSSI: -95 [da:22:12:75:02:7c]
RSSI: -95 [da:22:12:91:02:cc]
RSSI: -98 [da:22:12:ae:03:2c]
RSSI: -100 [da:22:14:64:08:7c]
RSSI: -95 [da:69:49:cf:16:0a]
RSSI: -95 [da:69:49:df:16:3a]
RSSI: -97 [da:22:14:db:09:dc]
RSSI: -92 [da:69:4a:47:01:2a]
RSSI: -98 [da:69:4a:63:01:7a]
RSSI: -94 [da:69:4a:73:01:aa]
RSSI: -96 [da:69:4a:cb:02:aa]
RSSI: -98 [da:22:16:2b:0d:fc]
RSSI: -95 [da:22:18:4d:14:8c]
RSSI: -96 [da:22:18:4d:14:8c]
RSSI: -94 [da:22:18:b2:15:cc]
RSSI: -90 [da:22:18:c2:15:fc]
RSSI: -91 [da:22:18:c2:15:fc]
RSSI: -90 [da:22:18:d1:16:2c]
RSSI: -88 [da:22:18:d1:16:2c]
RSSI: -89 [da:22:18:de:16:4c]
RSSI: -87 [da:22:18:de:16:4c]
RSSI: -88 [da:22:18:ee:16:7c]
RSSI: -89 [da:22:18:ee:16:7c]
RSSI: -85 [da:22:18:fe:00:2c]
RSSI: -88 [da:22:18:fe:00:2c]
RSSI: -86 [da:22:19:0a:00:5c]
RSSI: -88 [da:22:19:1a:00:8c]
RSSI: -85 [da:22:19:1a:00:8c]
RSSI: -86 [da:22:19:1a:00:8c]
RSSI: -87 [da:22:19:2a:00:bc]
RSSI: -88 [da:22:19:2a:00:bc]
RSSI: -88 [da:22:19:37:00:dc]
RSSI: -86 [da:22:19:47:01:0c]
RSSI: -89 [da:22:19:47:01:0c]
RSSI: -89 [da:22:19:56:01:3c]
RSSI: -88 [da:22:19:56:01:3c]
RSSI: -91 [da:22:19:63:01:6c]
RSSI: -94 [da:22:19:73:01:9c]
RSSI: -93 [da:22:19:73:01:9c]
RSSI: -94 [da:22:19:83:01:cc]
RSSI: -99 [da:22:1b:d1:08:ec]
RSSI: -95 [da:69:51:90:16:0a]
RSSI: -94 [da:69:51:9d:16:3a]
RSSI: -91 [da:69:51:d9:00:aa]
RSSI: -97 [da:69:51:e9:00:da]
RSSI: -90 [da:69:52:16:01:5a]
RSSI: -91 [da:69:52:23:01:7a]
RSSI: -92 [da:69:52:33:01:aa]
RSSI: -97 [da:69:52:70:02:5a]
RSSI: -98 [da:69:52:7c:02:7a]
RSSI: -95 [da:22:1f:b3:14:ec]
RSSI: -91 [da:22:1f:f0:15:9c]
RSSI: -93 [da:22:20:09:15:ec]
RSSI: -92 [da:22:20:16:16:0c]
RSSI: -91 [da:22:20:22:16:3c]
RSSI: -88 [da:22:20:3c:16:7c]
RSSI: -87 [da:22:20:48:00:0c]
RSSI: -87 [da:22:20:62:00:4c]
RSSI: -87 [da:22:20:62:00:4c]
RSSI: -88 [da:22:20:6f:00:7c]
RSSI: -89 [da:22:20:7b:00:9c]
RSSI: -89 [da:22:20:88:00:bc]
RSSI: -91 [da:22:20:a1:01:0c]
RSSI: -93 [da:22:20:ae:01:3c]
RSSI: -94 [da:22:20:c7:01:8c]
RSSI: -96 [da:69:59:6a:16:3a]
RSSI: -98 [da:69:59:77:00:2a]
RSSI: -97 [da:69:59:77:00:2a]
RSSI: -95 [da:69:59:aa:00:ba]
RSSI: -95 [da:69:59:b7:00:da]
RSSI: -92 [da:69:59:d1:01:2a]
RSSI: -92 [da:69:59:eb:01:6a]
RSSI: -93 [da:69:59:f7:01:9a]
RSSI: -97 [da:69:5a:38:02:4a]
RSSI: -97 [da:22:27:4a:15:9c]
RSSI: -94 [da:22:27:63:15:ec]
RSSI: -91 [da:22:27:70:16:0c]
RSSI: -92 [da:22:27:97:00:2c]
RSSI: -89 [da:22:27:97:00:2c]
RSSI: -88 [da:22:27:be:00:9c]
RSSI: -89 [da:22:27:d8:00:ec]
RSSI: -90 [da:22:27:e5:01:1c]
RSSI: -94 [da:22:28:0c:01:9c]
RSSI: -96 [da:22:28:81:02:fc]
RSSI: -94 [da:22:2e:84:15:7c]
RSSI: -92 [da:22:2e:90:15:ac]
RSSI: -91 [da:22:2e:ab:15:fc]
RSSI: -92 [da:22:2e:ab:15:fc]
RSSI: -91 [da:22:2e:c5:16:4c]
RSSI: -89 [da:22:2e:d3:16:6c]
RSSI: -89 [da:22:2e:ed:00:2c]
RSSI: -87 [da:22:2e:ed:00:2c]
RSSI: -86 [da:22:2f:07:00:7c]
RSSI: -88 [da:22:2f:15:00:ac]
RSSI: -88 [da:22:2f:22:00:cc]
RSSI: -92 [da:22:2f:56:01:6c]
RSSI: -94 [da:22:2f:64:01:9c]
RSSI: -89 [da:22:35:e6:15:ac]
RSSI: -88 [da:22:36:02:15:fc]
RSSI: -87 [da:22:36:0f:16:1c]
RSSI: -88 [da:22:36:1d:16:4c]
RSSI: -86 [da:22:36:2a:16:7c]
RSSI: -85 [da:22:36:37:00:2c]
RSSI: -87 [da:22:36:45:00:5c]
RSSI: -86 [da:22:36:5f:00:ac]
RSSI: -86 [da:22:36:6d:00:cc]
RSSI: -86 [da:22:36:7b:00:fc]
RSSI: -87 [da:22:36:7b:00:fc]
RSSI: -89 [da:22:36:96:01:4c]
RSSI: -92 [da:22:36:a4:01:7c]
RSSI: -95 [da:22:36:b0:01:9c]
RSSI: -90 [da:22:3d:33:15:bc]
RSSI: -89 [da:22:3d:40:15:dc]
RSSI: -87 [da:22:3d:5c:16:2c]
RSSI: -88 [da:22:3d:5c:16:2c]
RSSI: -86 [da:22:3d:69:16:5c]
RSSI: -87 [da:22:3d:85:00:0c]
RSSI: -89 [da:22:3d:85:00:0c]
RSSI: -85 [da:22:3d:92:00:2c]
RSSI: -87 [da:22:3d:a0:00:5c]
RSSI: -86 [da:22:3d:a0:00:5c]
RSSI: -86 [da:22:3d:ae:00:7c]
RSSI: -87 [da:22:3d:ae:00:7c]
RSSI: -86 [da:22:3d:bb:00:ac]
RSSI: -87 [da:22:3d:c9:00:cc]
RSSI: -88 [da:22:3d:d8:00:fc]
RSSI: -88 [da:22:3d:d8:00:fc]
RSSI: -100 [da:22:3e:ea:04:4c]
RSSI: -96 [da:22:44:53:15:0c]
RSSI: -94 [da:22:44:7d:15:8c]
RSSI: -89 [da:22:44:8a:15:ac]
RSSI: -89 [da:22:44:a7:16:0c]
RSSI: -86 [da:22:44:b3:16:2c]
RSSI: -88 [da:22:44:c2:16:5c]
RSSI: -85 [da:22:44:c2:16:5c]
RSSI: -88 [da:22:44:dd:00:5c]
RSSI: -87 [da:22:44:fb:00:ac]
RSSI: -87 [da:22:44:fb:00:ac]
RSSI: -85 [da:22:44:fb:00:ac]
RSSI: -85 [da:22:45:07:00:dc]
RSSI: -89 [da:22:45:07:00:dc]
RSSI: -85 [da:22:45:16:01:0c]
RSSI: -87 [da:22:45:24:01:2c]
RSSI: -91 [da:22:45:4e:01:bc]
RSSI: -94 [da:22:45:5b:01:dc]
RSSI: -95 [da:22:45:5b:01:dc]
RSSI: -97 [da:22:45:be:03:0c]
RSSI: -97 [da:22:48:9f:0b:fc]
RSSI: -95 [da:22:49:55:0e:2c]
RSSI: -94 [da:22:4b:a7:15:4c]
RSSI: -91 [da:22:4b:c5:15:ac]
RSSI: -94 [da:22:4b:c5:15:ac]
RSSI: -89 [da:22:4b:d2:15:dc]
RSSI: -89 [da:22:4b:e1:15:fc]
RSSI: -86 [da:22:4b:fc:16:5c]
RSSI: -88 [da:22:4b:fc:16:5c]
RSSI: -85 [da:22:4c:0b:00:0c]
RSSI: -86 [da:22:4c:1a:00:2c]
RSSI: -87 [da:22:4c:27:00:2c]
RSSI: -84 [da:22:4c:36:00:5c]
RSSI: -88 [da:22:4c:36:00:5c]
RSSI: -87 [da:22:4c:45:00:8c]
RSSI: -85 [da:22:4c:45:00:8c]
RSSI: -87 [da:22:4c:51:00:ac]
RSSI: -88 [da:22:4c:60:00:dc]
RSSI: -86 [da:22:4c:6f:01:0c]
RSSI: -87 [da:22:4c:6f:01:0c]
RSSI: -94 [da:22:4c:a7:01:ac]
RSSI: -100 [da:22:4f:d3:0b:8c]
RSSI: -97 [da:22:4f:e3:0b:bc]
RSSI: -96 [da:22:50:9e:0d:fc]
RSSI: -98 [da:22:52:fa:15:3c]
RSSI: -91 [da:22:53:06:15:6c]
RSSI: -89 [da:22:53:16:15:9c]
RSSI: -90 [da:22:53:32:15:ec]
RSSI: -86 [da:22:53:41:16:1c]
RSSI: -89 [da:22:53:41:16:1c]
RSSI: -85 [da:22:53:50:16:4c]
RSSI: -85 [da:22:53:50:16:4c]
RSSI: -87 [da:22:53:5d:16:7c]
RSSI: -87 [da:22:53:6c:00:2c]
RSSI: -83 [da:22:53:7c:00:5c]
RSSI: -84 [da:22:53:88:00:8c]
RSSI: -88 [da:22:53:a7:00:ec]
RSSI: -87 [da:22:53:b4:01:0c]
RSSI: -88 [da:22:53:c3:01:3c]
RSSI: -96 [da:22:54:45:02:cc]
RSSI: -97 [da:22:57:fa:0e:4c]
RSSI: -98 [da:22:58:70:0f:ac]
RSSI: -99 [da:22:59:eb:14:3c]
RSSI: -91 [da:22:5a:60:15:9c]
RSSI: -90 [da:22:5a:60:15:9c]
RSSI: -88 [da:22:5a:8c:16:1c]
RSSI: -86 [da:22:5a:9b:16:4c]
RSSI: -86 [da:22:5a:9b:16:4c]
RSSI: -87 [da:22:5a:ab:16:7c]
RSSI: -84 [da:22:5a:ab:16:7c]
RSSI: -84 [da:22:5a:b8:00:2c]
RSSI: -87 [da:22:5a:c7:00:5c]
RSSI: -86 [da:22:5a:d7:00:8c]
RSSI: -87 [da:22:5a:d7:00:8c]
RSSI: -85 [da:22:5a:e4:00:ac]
RSSI: -88 [da:22:5a:f4:00:dc]
RSSI: -86 [da:22:5a:f4:00:dc]
RSSI: -91 [da:22:5b:2f:01:9c]
RSSI: -98 [da:22:5b:94:02:cc]
RSSI: -98 [da:22:5e:77:0b:bc]
RSSI: -93 [da:22:61:98:15:5c]
RSSI: -91 [da:22:61:a5:15:8c]
RSSI: -92 [da:22:61:c5:15:ec]
RSSI: -91 [da:22:61:c5:15:ec]
RSSI: -90 [da:22:61:d1:16:0c]
RSSI: -87 [da:22:61:e1:16:3c]
RSSI: -85 [da:22:61:f1:16:6c]
RSSI: -85 [da:22:61:fe:00:0c]
RSSI: -85 [da:22:62:1e:00:6c]
RSSI: -88 [da:22:62:1e:00:6c]
RSSI: -85 [da:22:62:2b:00:8c]
RSSI: -87 [da:22:62:3b:00:bc]
RSSI: -86 [da:22:62:3b:00:bc]
RSSI: -89 [da:22:62:4b:00:ec]
RSSI: -89 [da:22:62:4b:00:ec]
RSSI: -91 [da:22:62:57:01:1c]
RSSI: -89 [da:22:62:67:01:4c]
RSSI: -93 [da:22:62:84:01:9c]
RSSI: -99 [da:22:65:cb:0b:cc]
RSSI: -98 [da:22:67:16:0f:cc]
RSSI: -95 [da:22:68:d5:15:1c]
RSSI: -89 [da:22:68:fb:15:8c]
RSSI: -92 [da:22:69:08:15:bc]
RSSI: -87 [da:22:69:15:15:dc]
RSSI: -85 [da:22:69:22:16:0c]
RSSI: -85 [da:22:69:3c:16:5c]
RSSI: -87 [da:22:69:48:16:7c]
RSSI: -84 [da:22:69:48:16:7c]
RSSI: -86 [da:22:69:55:00:2c]
RSSI: -84 [da:22:69:62:00:4c]
RSSI: -86 [da:22:69:6f:00:7c]
RSSI: -84 [da:22:69:6f:00:7c]
RSSI: -87 [da:22:69:7c:00:9c]
RSSI: -85 [da:22:69:89:00:cc]
RSSI: -87 [da:22:69:95:00:ec]
RSSI: -85 [da:22:69:95:00:ec]
RSSI: -88 [da:22:69:a2:01:1c]
RSSI: -87 [da:22:69:af:01:3c]
RSSI: -89 [da:22:69:bc:01:6c]
RSSI: -92 [da:22:69:d6:01:ac]
RSSI: -98 [da:22:6a:49:03:1c]
RSSI: -98 [da:22:6d:0f:0b:ac]
RSSI: -96 [da:22:70:1c:15:0c]
RSSI: -88 [da:22:70:5e:15:dc]
RSSI: -90 [da:22:70:6b:15:fc]
RSSI: -90 [da:22:70:78:16:2c]
RSSI: -85 [da:22:70:85:16:5c]
RSSI: -88 [da:22:70:85:16:5c]
RSSI: -85 [da:22:70:92:16:7c]
RSSI: -88 [da:22:70:ad:00:5c]
RSSI: -84 [da:22:70:b9:00:7c]
RSSI: -86 [da:22:70:c7:00:9c]
RSSI: -87 [da:22:70:c7:00:9c]
RSSI: -88 [da:22:70:d4:00:cc]
RSSI: -85 [da:22:70:e0:00:ec]
RSSI: -86 [da:22:70:ee:01:1c]
RSSI: -91 [da:22:70:fb:01:3c]
RSSI: -88 [da:22:71:08:01:6c]
RSSI: -90 [da:22:71:15:01:8c]
RSSI: -98 [da:22:75:3b:0e:6c]
RSSI: -99 [da:22:77:19:14:1c]
RSSI: -95 [da:22:77:77:15:3c]
RSSI: -95 [da:22:77:91:15:8c]
RSSI: -90 [da:22:77:b9:16:0c]
RSSI: -86 [da:22:77:c7:16:2c]
RSSI: -84 [da:22:77:d5:16:5c]
RSSI: -88 [da:22:77:e1:16:7c]
RSSI: -83 [da:22:77:ef:00:2c]
RSSI: -85 [da:22:77:fd:00:5c]
RSSI: -84 [da:22:77:fd:00:5c]
RSSI: -87 [da:22:78:09:00:7c]
RSSI: -83 [da:22:78:17:00:ac]
RSSI: -88 [da:22:78:17:00:ac]
RSSI: -84 [da:22:78:25:00:cc]
RSSI: -86 [da:22:78:32:00:fc]
RSSI: -86 [da:22:78:4d:01:4c]
RSSI: -90 [da:22:78:5a:01:6c]
RSSI: -89 [da:22:78:5a:01:6c]
RSSI: -91 [da:22:78:75:01:cc]
RSSI: -98 [da:22:7c:7f:0e:4c]
RSSI: -100 [da:22:7e:9d:14:bc]
RSSI: -96 [da:22:7e:d2:15:6c]
RSSI: -93 [da:22:7e:e6:15:9c]
RSSI: -91 [da:22:7e:f6:15:cc]
RSSI: -92 [da:22:7f:1f:16:4c]
RSSI: -91 [da:22:7f:2c:16:6c]
RSSI: -89 [da:22:7f:3a:00:0c]
RSSI: -86 [da:22:7f:48:00:2c]
RSSI: -86 [da:22:7f:54:00:5c]
RSSI: -86 [da:22:7f:71:00:ac]
RSSI: -86 [da:22:7f:7d:00:dc]
RSSI: -88 [da:22:7f:a6:01:4c]
RSSI: -99 [da:69:b6:cd:01:1a]
RSSI: -98 [da:22:83:20:0c:0c]
RSSI: -96 [da:22:86:15:15:1c]
RSSI: -94 [da:22:86:31:15:7c]
RSSI: -92 [da:22:86:3e:15:9c]
RSSI: -87 [da:22:86:68:16:1c]
RSSI: -88 [da:22:86:68:16:1c]
RSSI: -86 [da:22:86:76:16:4c]
RSSI: -87 [da:22:86:84:16:7c]
RSSI: -87 [da:22:86:91:00:2c]
RSSI: -86 [da:22:86:a0:00:5c]
RSSI: -85 [da:22:86:ae:00:7c]
RSSI: -88 [da:22:86:bb:00:ac]
RSSI: -86 [da:22:86:c9:00:dc]
RSSI: -87 [da:22:86:d8:00:fc]
RSSI: -97 [da:22:87:2b:01:fc]
RSSI: -96 [da:22:8b:22:0e:4c]
RSSI: -91 [da:22:8d:94:15:bc]
RSSI: -94 [da:22:8d:a1:15:dc]
RSSI: -89 [da:22:8d:da:00:0c]
RSSI: -85 [da:22:8d:e9:00:2c]
RSSI: -86 [da:22:8d:f5:00:5c]
RSSI: -86 [da:22:8e:1f:00:dc]
RSSI: -91 [da:22:8e:2e:01:0c]
RSSI: -92 [da:22:8e:3d:01:2c]
RSSI: -95 [da:22:8e:67:01:ac]
RSSI: -95 [da:22:94:c8:15:5c]
RSSI: -90 [da:22:94:f3:15:dc]
RSSI: -89 [da:22:94:f3:15:dc]
RSSI: -88 [da:22:95:02:16:0c]
RSSI: -87 [da:22:95:1e:16:5c]
RSSI: -86 [da:22:95:2d:00:0c]
RSSI: -88 [da:22:95:2d:00:0c]
RSSI: -88 [da:22:95:3c:00:2c]
RSSI: -84 [da:22:95:3c:00:2c]
RSSI: -87 [da:22:95:49:00:5c]
RSSI: -87 [da:22:95:58:00:8c]
RSSI: -85 [da:22:95:67:00:ac]
RSSI: -87 [da:22:95:74:00:dc]
RSSI: -86 [da:22:95:74:00:dc]
RSSI: -87 [da:22:95:74:00:dc]
RSSI: -90 [da:22:95:9f:01:5c]
RSSI: -93 [da:22:9c:3f:15:cc]
RSSI: -89 [da:22:9c:4f:15:fc]
RSSI: -87 [da:22:9c:5e:16:1c]
RSSI: -86 [da:22:9c:6b:16:4c]
RSSI: -87 [da:22:9c:7b:16:7c]
RSSI: -86 [da:22:9c:8a:00:2c]
RSSI: -87 [da:22:9c:8a:00:2c]
RSSI: -86 [da:22:9c:97:00:5c]
RSSI: -86 [da:22:9c:97:00:5c]
RSSI: -87 [da:22:9c:a6:00:8c]
RSSI: -87 [da:22:9c:b6:00:bc]
RSSI: -86 [da:22:9c:c2:00:dc]
RSSI: -88 [da:22:9c:c2:00:dc]
RSSI: -88 [da:22:9c:d2:01:0c]
RSSI: -89 [da:22:9c:e1:01:3c]
RSSI: -94 [da:22:9d:0d:01:cc]
RSSI: -97 [da:22:9e:21:05:0c]
RSSI: -95 [da:22:a3:78:15:9c]
RSSI: -95 [da:22:a3:88:15:cc]
RSSI: -95 [da:22:a3:88:15:cc]
RSSI: -90 [da:22:a3:a4:16:1c]
RSSI: -89 [da:22:a3:b4:16:4c]
RSSI: -88 [da:22:a3:c4:16:7c]
RSSI: -88 [da:22:a3:d0:00:2c]
RSSI: -88 [da:22:a3:e0:00:5c]
RSSI: -89 [da:22:a3:f0:00:8c]
RSSI: -88 [da:22:a3:f0:00:8c]
RSSI: -89 [da:22:a4:0d:00:dc]
RSSI: -89 [da:22:a4:1c:01:0c]
RSSI: -91 [da:22:a4:29:01:3c]
RSSI: -92 [da:22:a4:39:01:6c]
RSSI: -98 [da:22:aa:83:14:dc]
RSSI: -92 [da:22:aa:c3:15:9c]
RSSI: -91 [da:22:aa:dc:15:ec]
RSSI: -91 [da:22:aa:f6:16:3c]
RSSI: -89 [da:22:ab:0f:00:0c]
RSSI: -88 [da:22:ab:29:00:4c]
RSSI: -87 [da:22:ab:35:00:7c]
RSSI: -88 [da:22:ab:4f:00:cc]
RSSI: -89 [da:22:ab:5b:00:ec]
RSSI: -89 [da:22:ab:75:01:3c]
RSSI: -97 [da:22:ac:c0:05:2c]
RSSI: -98 [da:22:b1:c6:14:cc]
RSSI: -94 [da:22:b2:07:15:8c]
RSSI: -91 [da:22:b2:3b:16:2c]
RSSI: -88 [da:22:b2:48:16:4c]
RSSI: -88 [da:22:b2:62:00:0c]
RSSI: -87 [da:22:b2:6f:00:2c]
RSSI: -87 [da:22:b2:7c:00:4c]
RSSI: -88 [da:22:b2:96:00:9c]
RSSI: -88 [da:22:b2:a3:00:cc]
RSSI: -88 [da:22:b2:bd:01:1c]
RSSI: -89 [da:22:b2:c9:01:3c]
RSSI: -95 [da:22:b2:d7:01:6c]
RSSI: -97 [da:69:ec:d9:00:ba]
RSSI: -97 [da:22:b8:db:13:fc]
RSSI: -97 [da:22:b9:44:15:3c]
RSSI: -92 [da:22:b9:5f:15:9c]
RSSI: -87 [da:22:b9:79:15:dc]
RSSI: -86 [da:22:b9:a1:16:5c]
RSSI: -88 [da:22:b9:af:00:0c]
RSSI: -85 [da:22:b9:af:00:0c]
RSSI: -87 [da:22:b9:bb:00:2c]
RSSI: -85 [da:22:b9:c9:00:5c]
RSSI: -87 [da:22:b9:d6:00:7c]
RSSI: -86 [da:22:b9:d6:00:7c]
RSSI: -88 [da:22:b9:e3:00:ac]
RSSI: -88 [da:22:b9:f1:00:cc]
RSSI: -88 [da:22:b9:fe:00:fc]
RSSI: -90 [da:22:ba:0b:01:1c]
RSSI: -96 [da:22:ba:9d:02:dc]
RSSI: -98 [da:22:be:34:0e:0c]
RSSI: -98 [da:69:f4:a7:01:0a]
RSSI: -96 [da:22:c0:68:14:cc]
RSSI: -95 [da:22:c0:ab:15:8c]
RSSI: -95 [da:22:c0:ab:15:8c]
RSSI: -92 [da:22:c0:c6:15:dc]
RSSI: -89 [da:22:c0:e2:16:3c]
RSSI: -88 [da:22:c0:ee:16:5c]
RSSI: -87 [da:22:c0:fc:00:0c]
RSSI: -88 [da:22:c1:0a:00:2c]
RSSI: -88 [da:22:c1:0a:00:2c]
RSSI: -87 [da:22:c1:33:00:ac]
RSSI: -88 [da:22:c1:3f:00:cc]
RSSI: -88 [da:22:c1:4d:00:fc]
RSSI: -89 [da:22:c1:4d:00:fc]
RSSI: -90 [da:22:c1:68:01:4c]
RSSI: -98 [da:22:c1:e1:02:bc]
RSSI: -97 [da:22:c1:ef:02:ec]
RSSI: -97 [da:22:c7:d0:15:1c]
RSSI: -92 [da:22:c7:f9:15:9c]
RSSI: -90 [da:22:c8:07:15:bc]
RSSI: -90 [da:22:c8:07:15:bc]
RSSI: -89 [da:22:c8:16:15:ec]
RSSI: -89 [da:22:c8:22:16:1c]
RSSI: -87 [da:22:c8:31:16:3c]
RSSI: -88 [da:22:c8:31:16:3c]
RSSI: -87 [da:22:c8:3f:16:6c]
RSSI: -90 [da:22:c8:4c:00:2c]
RSSI: -87 [da:22:c8:5a:00:5c]
RSSI: -87 [da:22:c8:68:00:7c]
RSSI: -89 [da:22:c8:75:00:ac]
RSSI: -87 [da:22:c8:75:00:ac]
RSSI: -89 [da:22:c8:91:00:fc]
RSSI: -89 [da:22:c8:91:00:fc]
RSSI: -91 [da:22:c8:ac:01:4c]
RSSI: -93 [da:22:c8:bb:01:7c]
RSSI: -99 [da:22:c8:d6:01:cc]
RSSI: -98 [da:22:c9:36:02:fc]
RSSI: -98 [da:22:cf:2b:15:5c]
RSSI: -92 [da:22:cf:46:15:bc]
RSSI: -90 [da:22:cf:55:15:dc]
RSSI: -90 [da:22:cf:63:16:0c]
RSSI: -89 [da:22:cf:70:16:2c]
RSSI: -88 [da:22:cf:7e:16:5c]
RSSI: -87 [da:22:cf:9a:00:2c]
RSSI: -87 [da:22:cf:a8:00:5c]
RSSI: -87 [da:22:cf:a8:00:5c]
RSSI: -90 [da:22:cf:b7:00:7c]
RSSI: -86 [da:22:cf:b7:00:7c]
RSSI: -87 [da:22:cf:e1:00:fc]
RSSI: -89 [da:22:cf:e1:00:fc]
RSSI: -98 [da:22:d0:6c:02:ac]
RSSI: -97 [da:22:d0:96:03:2c]
RSSI: -98 [da:22:d6:1f:14:4c]
RSSI: -95 [da:22:d6:75:15:5c]
RSSI: -92 [da:22:d6:90:15:ac]
RSSI: -90 [da:22:d6:9f:15:dc]
RSSI: -86 [da:22:d6:bb:16:2c]
RSSI: -89 [da:22:d6:ca:16:5c]
RSSI: -87 [da:22:d6:ca:16:5c]
RSSI: -87 [da:22:d6:d9:00:0c]
RSSI: -92 [da:22:d6:e5:00:2c]
RSSI: -87 [da:22:d7:03:00:8c]
RSSI: -87 [da:22:d7:03:00:8c]
RSSI: -87 [da:22:d7:10:00:ac]
RSSI: -88 [da:22:d7:2e:01:0c]
RSSI: -87 [da:22:d7:3b:01:2c]
RSSI: -88 [da:22:d7:3b:01:2c]
RSSI: -89 [da:22:d7:3b:01:2c]
RSSI: -98 [da:22:d7:bb:02:bc]
RSSI: -95 [da:22:dd:c8:15:6c]
RSSI: -93 [da:22:dd:d7:15:9c]
RSSI: -92 [da:22:dd:f3:15:fc]
RSSI: -92 [da:22:de:03:16:2c]
RSSI: -84 [da:22:de:12:16:5c]
RSSI: -86 [da:22:de:1f:16:7c]
RSSI: -87 [da:22:de:2e:00:2c]
RSSI: -85 [da:22:de:3d:00:5c]
RSSI: -88 [da:22:de:3d:00:5c]
RSSI: -85 [da:22:de:4a:00:8c]
RSSI: -86 [da:22:de:4a:00:8c]
RSSI: -87 [da:22:de:59:00:bc]
RSSI: -86 [da:22:de:75:01:0c]
RSSI: -90 [da:22:de:94:01:6c]
RSSI: -95 [da:22:de:a1:01:8c]
RSSI: -93 [da:22:e5:43:16:0c]
RSSI: -92 [da:22:e5:60:16:6c]
RSSI: -91 [da:22:e5:6f:00:0c]
RSSI: -92 [da:22:e5:7c:00:2c]
RSSI: -91 [da:22:e5:8c:00:5c]
RSSI: -92 [da:22:e5:c8:01:0c]
RSSI: -96 [da:22:ec:5f:15:6c]
RSSI: -91 [da:22:ec:8c:15:ec]
RSSI: -90 [da:22:ec:98:16:1c]
RSSI: -88 [da:22:ec:b8:16:7c]
RSSI: -88 [da:22:ec:c5:00:0c]
RSSI: -89 [da:22:ec:d5:00:3c]
RSSI: -91 [da:22:ec:f2:00:8c]
RSSI: -92 [da:22:ed:02:00:bc]
RSSI: -93 [da:22:ed:3f:01:7c]
RSSI: -97 [da:22:f3:77:14:ac]
RSSI: -93 [da:22:f3:c4:15:9c]
RSSI: -93 [da:22:f3:d1:15:bc]
RSSI: -90 [da:22:f3:ea:16:0c]
RSSI: -90 [da:22:f3:f7:16:2c]
RSSI: -89 [da:22:f4:11:16:7c]
RSSI: -92 [da:22:f4:2b:00:4c]
RSSI: -89 [da:22:f4:38:00:7c]
RSSI: -91 [da:22:f4:5e:00:ec]
RSSI: -91 [da:22:f4:6b:01:1c]
RSSI: -92 [da:22:f4:85:01:6c]
RSSI: -94 [da:22:f4:91:01:8c]
RSSI: -99 [da:22:f5:ba:05:1c]
RSSI: -94 [da:22:fa:f5:15:4c]
RSSI: -91 [da:22:fb:03:15:7c]
RSSI: -89 [da:22:fb:1d:15:cc]
RSSI: -91 [da:22:fb:2a:15:ec]
RSSI: -86 [da:22:fb:44:16:3c]
RSSI: -89 [da:22:fb:51:16:6c]
RSSI: -86 [da:22:fb:51:16:6c]
RSSI: -92 [da:22:fb:6b:00:2c]
RSSI: -87 [da:22:fb:79:00:4c]
RSSI: -91 [da:22:fb:a5:00:dc]
RSSI: -88 [da:22:fb:b5:01:0c]
RSSI: -89 [da:22:fb:c2:01:2c]
RSSI: -92 [da:23:02:63:15:ac]
RSSI: -90 [da:23:02:6f:15:dc]
RSSI: -92 [da:23:02:7d:15:fc]
RSSI: -90 [da:23:02:98:16:4c]
RSSI: -84 [da:23:02:98:16:4c]
RSSI: -88 [da:23:02:a5:16:7c]
RSSI: -83 [da:23:02:c0:00:4c]
RSSI: -84 [da:23:02:cd:00:7c]
RSSI: -86 [da:23:02:db:00:ac]
RSSI: -85 [da:23:02:e8:00:cc]
RSSI: -85 [da:23:02:e8:00:cc]
RSSI: -89 [da:23:02:f6:00:fc]
RSSI: -85 [da:23:02:f6:00:fc]
RSSI: -86 [da:23:02:f6:00:fc]
RSSI: -90 [da:23:03:03:01:1c]
RSSI: -87 [da:23:03:10:01:4c]
RSSI: -97 [da:23:03:7c:02:9c]
RSSI: -97 [da:23:04:45:04:fc]
RSSI: -98 [da:23:09:a2:15:9c]
RSSI: -95 [da:23:09:d8:16:3c]
RSSI: -90 [da:23:09:e5:16:5c]
RSSI: -91 [da:23:09:f3:00:0c]
RSSI: -90 [da:23:0a:01:00:2c]
RSSI: -91 [da:23:0a:0e:00:5c]
RSSI: -91 [da:23:0a:2a:00:ac]
RSSI: -91 [da:23:0a:2a:00:ac]
RSSI: -92 [da:23:0a:2a:00:ac]
RSSI: -97 [da:23:0a:60:01:4c]
RSSI: -99 [da:23:0a:db:02:cc]
RSSI: -91 [da:23:10:fb:15:bc]
RSSI: -94 [da:23:11:09:15:dc]
RSSI: -87 [da:23:11:24:16:2c]
RSSI: -89 [da:23:11:33:16:5c]
RSSI: -86 [da:23:11:33:16:5c]
RSSI: -87 [da:23:11:4e:00:2c]
RSSI: -87 [da:23:11:5c:00:5c]
RSSI: -87 [da:23:11:5c:00:5c]
RSSI: -87 [da:23:11:6b:00:7c]
RSSI: -88 [da:23:11:6b:00:7c]
RSSI: -91 [da:23:11:77:00:ac]
RSSI: -89 [da:23:11:94:01:0c]
RSSI: -89 [da:23:11:94:01:0c]
RSSI: -96 [da:23:11:be:01:8c]
RSSI: -96 [da:23:17:ff:14:dc]
RSSI: -92 [da:23:18:45:15:ac]
RSSI: -91 [da:23:18:61:15:fc]
RSSI: -89 [da:23:18:70:16:2c]
RSSI: -89 [da:23:18:8b:16:7c]
RSSI: -89 [da:23:18:9a:00:2c]
RSSI: -86 [da:23:18:a9:00:5c]
RSSI: -86 [da:23:18:b5:00:8c]
RSSI: -90 [da:23:18:c4:00:ac]
RSSI: -87 [da:23:18:e0:01:0c]
RSSI: -93 [da:23:18:fd:01:5c]
RSSI: -95 [da:23:19:0a:01:8c]
RSSI: -94 [da:23:19:6e:02:bc]
RSSI: -94 [da:23:19:7d:02:ec]
RSSI: -96 [da:23:19:89:03:0c]
RSSI: -96 [da:6a:51:5a:00:2a]
RSSI: -97 [da:6a:51:85:00:aa]
RSSI: -97 [da:6a:51:da:01:9a]
RSSI: -99 [da:6a:51:e7:01:ba]
RSSI: -96 [da:23:1f:8b:15:ac]
RSSI: -93 [da:23:1f:9a:15:cc]
RSSI: -90 [da:23:1f:c5:16:5c]
RSSI: -89 [da:23:1f:d4:00:0c]
RSSI: -93 [da:23:20:0c:00:ac]
RSSI: -91 [da:23:20:0c:00:ac]
RSSI: -95 [da:23:20:2b:01:0c]
RSSI: -96 [da:23:20:b8:02:bc]
RSSI: -97 [da:23:22:12:06:dc]
RSSI: -95 [da:23:22:68:07:ec]
RSSI: -95 [da:23:22:bf:08:fc]
RSSI: -95 [da:23:22:fa:09:bc]
RSSI: -95 [da:6a:58:fc:16:0a]
RSSI: -96 [da:23:23:e2:0c:8c]
RSSI: -91 [da:6a:59:37:00:7a]
RSSI: -92 [da:6a:59:62:00:fa]
RSSI: -91 [da:6a:59:71:01:2a]
RSSI: -94 [da:6a:59:aa:01:ca]
RSSI: -91 [da:6a:59:c9:02:1a]
RSSI: -92 [da:6a:59:c9:02:1a]
RSSI: -95 [da:23:26:4a:13:ec]
RSSI: -98 [da:23:26:82:14:9c]
RSSI: -89 [da:23:26:cd:15:8c]
RSSI: -95 [da:23:26:d9:15:ac]
RSSI: -87 [da:23:26:d9:15:ac]
RSSI: -92 [da:23:26:e9:15:dc]
RSSI: -86 [da:23:26:f9:16:0c]
RSSI: -85 [da:23:26:f9:16:0c]
RSSI: -85 [da:23:27:05:16:2c]
RSSI: -83 [da:23:27:05:16:2c]
RSSI: -85 [da:23:27:15:16:5c]
RSSI: -85 [da:23:27:15:16:5c]
RSSI: -82 [da:23:27:24:00:0c]
RSSI: -89 [da:23:27:24:00:0c]
RSSI: -85 [da:23:27:41:00:5c]
RSSI: -86 [da:23:27:41:00:5c]
RSSI: -82 [da:23:27:41:00:5c]
RSSI: -83 [da:23:27:41:00:5c]
RSSI: -86 [da:23:27:50:00:8c]
RSSI: -90 [da:23:27:5d:00:ac]
RSSI: -83 [da:23:27:6c:00:dc]
RSSI: -84 [da:23:27:6c:00:dc]
RSSI: -86 [da:23:27:7c:01:0c]
RSSI: -90 [da:23:27:a8:01:9c]
RSSI: -95 [da:23:27:f0:02:7c]
RSSI: -94 [da:23:29:a7:07:bc]
RSSI: -92 [da:23:29:e3:08:7c]
RSSI: -99 [da:23:2a:2b:09:5c]
RSSI: -97 [da:6a:60:e4:00:5a]
RSSI: -94 [da:6a:60:f4:00:7a]
RSSI: -92 [da:6a:61:04:00:aa]
RSSI: -94 [da:6a:61:11:00:da]
RSSI: -92 [da:6a:61:11:00:da]
RSSI: -92 [da:6a:61:21:00:fa]
RSSI: -94 [da:6a:61:21:00:fa]
RSSI: -91 [da:6a:61:30:01:2a]
RSSI: -93 [da:6a:61:3d:01:4a]
RSSI: -91 [da:6a:61:3d:01:4a]
RSSI: -93 [da:6a:61:4d:01:7a]
RSSI: -93 [da:6a:61:5d:01:aa]
RSSI: -91 [da:6a:61:69:01:ca]
RSSI: -94 [da:6a:61:69:01:ca]
RSSI: -91 [da:6a:61:79:01:fa]
RSSI: -94 [da:6a:61:89:02:2a]
RSSI: -94 [da:6a:61:96:02:4a]
RSSI: -95 [da:6a:61:b5:02:aa]
RSSI: -95 [da:6a:61:b5:02:aa]
RSSI: -96 [da:6a:61:d2:02:fa]
RSSI: -94 [da:23:2d:9f:14:0c]
RSSI: -95 [da:23:2d:af:14:3c]
RSSI: -97 [da:23:2e:08:15:4c]
RSSI: -89 [da:23:2e:14:15:6c]
RSSI: -88 [da:23:2e:24:15:9c]
RSSI: -89 [da:23:2e:24:15:9c]
RSSI: -86 [da:23:2e:41:15:fc]
RSSI: -83 [da:23:2e:51:16:2c]
RSSI: -86 [da:23:2e:61:16:5c]
RSSI: -88 [da:23:2e:6d:16:7c]
RSSI: -86 [da:23:2e:6d:16:7c]
RSSI: -88 [da:23:2e:7d:00:3c]
RSSI: -83 [da:23:2e:8d:00:6c]
RSSI: -85 [da:23:2e:9a:00:8c]
RSSI: -86 [da:23:2e:9a:00:8c]
RSSI: -83 [da:23:2e:9a:00:8c]
RSSI: -86 [da:23:2e:aa:00:bc]
RSSI: -86 [da:23:2e:c6:01:1c]
RSSI: -86 [da:23:2e:d6:01:4c]
RSSI: -86 [da:23:2e:d6:01:4c]
RSSI: -96 [da:23:2e:f3:01:9c]
RSSI: -97 [da:23:2f:3f:02:8c]
