RSSI: -92 [da:24:0f:b3:16:4c]
RSSI: -90 [da:24:0f:bf:16:7c]
RSSI: -89 [da:24:0f:d2:00:3c]
RSSI: -92 [da:24:0f:e2:00:6c]
RSSI: -88 [da:24:0f:e2:00:6c]
RSSI: -91 [da:24:0f:ef:00:8c]
RSSI: -88 [da:24:0f:fc:00:bc]
RSSI: -89 [da:24:0f:fc:00:bc]
RSSI: -94 [da:24:0f:fc:00:bc]
RSSI: -93 [da:24:0f:fc:00:bc]
RSSI: -92 [da:24:10:0a:00:dc]
RSSI: -89 [da:24:10:0a:00:dc]
RSSI: -94 [da:24:10:16:01:0c]
RSSI: -93 [da:24:10:16:01:0c]
RSSI: -90 [da:24:10:24:01:2c]
RSSI: -93 [da:24:10:24:01:2c]
RSSI: -93 [da:24:10:31:01:5c]
RSSI: -91 [da:24:10:31:01:5c]
RSSI: -94 [da:24:10:3e:01:8c]
RSSI: -96 [da:24:10:4b:01:ac]
RSSI: -96 [da:6b:49:ff:00:ba]
RSSI: -94 [da:6b:4a:0d:00:ea]
RSSI: -97 [da:6b:4a:0d:00:ea]
RSSI: -95 [da:6b:4a:27:01:2a]
RSSI: -98 [da:6b:4a:35:01:5a]
RSSI: -95 [da:6b:4a:42:01:7a]
RSSI: -98 [da:6b:4a:42:01:7a]
RSSI: -100 [da:6b:4a:5d:01:ca]
RSSI: -96 [da:6b:4a:5d:01:ca]
RSSI: -99 [da:6b:4a:69:01:ea]
RSSI: -95 [da:24:17:14:00:2c]
RSSI: -94 [da:24:17:21:00:5c]
RSSI: -95 [da:24:17:21:00:5c]
RSSI: -96 [da:24:17:2f:00:7c]
RSSI: -94 [da:24:17:4a:00:cc]
RSSI: -95 [da:24:17:72:01:4c]
RSSI: -94 [da:6b:51:aa:00:7a]
RSSI: -95 [da:6b:51:c6:00:ca]
RSSI: -93 [da:6b:51:d2:00:ea]
RSSI: -95 [da:6b:51:ee:01:3a]
RSSI: -92 [da:6b:51:fb:01:5a]
RSSI: -93 [da:6b:52:09:01:8a]
RSSI: -94 [da:6b:52:24:01:ca]
RSSI: -93 [da:6b:52:32:01:fa]
RSSI: -95 [da:6b:52:5b:02:6a]
RSSI: -97 [da:6b:52:5b:02:6a]
RSSI: -93 [da:24:1e:3a:16:4c]
RSSI: -92 [da:24:1e:48:16:7c]
RSSI: -92 [da:24:1e:48:16:7c]
RSSI: -93 [da:24:1e:56:00:2c]
RSSI: -91 [da:24:1e:56:00:2c]
RSSI: -92 [da:24:1e:63:00:5c]
RSSI: -92 [da:24:1e:71:00:7c]
RSSI: -91 [da:24:1e:7f:00:ac]
RSSI: -94 [da:24:1e:8b:00:cc]
RSSI: -93 [da:24:1e:9a:00:fc]
RSSI: -94 [da:24:1e:a8:01:2c]
RSSI: -95 [da:24:1e:b4:01:4c]
RSSI: -94 [da:24:1e:c3:01:7c]
RSSI: -97 [da:24:21:2a:08:fc]
RSSI: -96 [da:24:21:dd:0b:2c]
RSSI: -99 [da:6b:59:76:00:9a]
RSSI: -96 [da:6b:59:84:00:ca]
RSSI: -95 [da:6b:59:91:00:ea]
RSSI: -97 [da:6b:59:ae:01:4a]
RSSI: -94 [da:6b:59:bb:01:6a]
RSSI: -94 [da:6b:59:c9:01:9a]
RSSI: -95 [da:6b:59:c9:01:9a]
RSSI: -95 [da:6b:59:c9:01:9a]
RSSI: -95 [da:6b:59:d8:01:ba]
RSSI: -98 [da:24:24:d3:14:4c]
RSSI: -96 [da:24:24:f0:14:ac]
RSSI: -94 [da:24:25:35:15:7c]
RSSI: -90 [da:24:25:50:15:cc]
RSSI: -89 [da:24:25:50:15:cc]
RSSI: -89 [da:24:25:5e:15:fc]
RSSI: -89 [da:24:25:5e:15:fc]
RSSI: -93 [da:24:25:6d:16:2c]
RSSI: -86 [da:24:25:79:16:4c]
RSSI: -85 [da:24:25:79:16:4c]
RSSI: -86 [da:24:25:88:16:7c]
RSSI: -85 [da:24:25:88:16:7c]
RSSI: -92 [da:24:25:96:00:0c]
RSSI: -86 [da:24:25:96:00:0c]
RSSI: -91 [da:24:25:a3:00:2c]
RSSI: -84 [da:24:25:b1:00:5c]
RSSI: -91 [da:24:25:c0:00:7c]
RSSI: -85 [da:24:25:c0:00:7c]
RSSI: -85 [da:24:25:c0:00:7c]
RSSI: -92 [da:24:25:cc:00:ac]
RSSI: -85 [da:24:25:cc:00:ac]
RSSI: -85 [da:24:25:db:00:dc]
RSSI: -87 [da:24:25:e9:00:fc]
RSSI: -87 [da:24:25:e9:00:fc]
RSSI: -91 [da:24:25:f6:01:2c]
RSSI: -88 [da:24:25:f6:01:2c]
RSSI: -91 [da:24:26:13:01:7c]
RSSI: -92 [da:24:26:20:01:ac]
RSSI: -96 [da:24:26:2f:01:cc]
RSSI: -96 [da:24:26:2f:01:cc]
RSSI: -94 [da:24:26:73:02:ac]
RSSI: -97 [da:24:26:82:02:dc]
RSSI: -95 [da:24:28:3f:08:3c]
RSSI: -95 [da:24:28:4e:08:6c]
RSSI: -99 [da:24:28:86:09:1c]
RSSI: -97 [da:6b:61:3e:00:aa]
RSSI: -100 [da:6b:61:4a:00:ca]
RSSI: -95 [da:24:2c:37:14:8c]
RSSI: -94 [da:24:2c:7f:15:6c]
RSSI: -93 [da:24:2c:8c:15:8c]
RSSI: -93 [da:24:2c:9b:15:bc]
RSSI: -90 [da:24:2c:9b:15:bc]
RSSI: -92 [da:24:2c:aa:15:ec]
RSSI: -90 [da:24:2c:aa:15:ec]
RSSI: -89 [da:24:2c:b6:16:0c]
RSSI: -90 [da:24:2c:b6:16:0c]
RSSI: -89 [da:24:2c:c5:16:3c]
RSSI: -89 [da:24:2c:c5:16:3c]
RSSI: -87 [da:24:2c:d4:16:6c]
RSSI: -90 [da:24:2c:e1:00:2c]
RSSI: -88 [da:24:2c:e1:00:2c]
RSSI: -89 [da:24:2c:f0:00:5c]
RSSI: -89 [da:24:2c:f0:00:5c]
RSSI: -89 [da:24:2c:fe:00:8c]
RSSI: -92 [da:24:2d:1a:00:dc]
RSSI: -92 [da:24:2d:1a:00:dc]
RSSI: -91 [da:24:2d:29:01:0c]
RSSI: -96 [da:24:2d:29:01:0c]
RSSI: -94 [da:24:2d:35:01:2c]
RSSI: -94 [da:24:2d:35:01:2c]
RSSI: -99 [da:24:2d:44:01:5c]
RSSI: -95 [da:24:33:7f:14:bc]
RSSI: -97 [da:24:33:c6:15:9c]
RSSI: -93 [da:24:33:d5:15:bc]
RSSI: -94 [da:24:33:d5:15:bc]
RSSI: -90 [da:24:33:e2:15:ec]
RSSI: -91 [da:24:33:e2:15:ec]
RSSI: -89 [da:24:33:f1:16:1c]
RSSI: -90 [da:24:34:00:16:3c]
RSSI: -90 [da:24:34:00:16:3c]
RSSI: -90 [da:24:34:0d:16:6c]
RSSI: -91 [da:24:34:1c:00:0c]
RSSI: -89 [da:24:34:2b:00:2c]
RSSI: -86 [da:24:34:2b:00:2c]
RSSI: -89 [da:24:34:38:00:5c]
RSSI: -94 [da:24:34:47:00:8c]
RSSI: -91 [da:24:34:47:00:8c]
RSSI: -87 [da:24:34:56:00:bc]
RSSI: -94 [da:24:34:56:00:bc]
RSSI: -92 [da:24:34:63:00:dc]
RSSI: -88 [da:24:34:63:00:dc]
RSSI: -89 [da:24:34:63:00:dc]
RSSI: -96 [da:24:34:72:01:0c]
RSSI: -94 [da:24:34:8e:01:6c]
RSSI: -97 [da:24:34:9d:01:9c]
RSSI: -97 [da:24:3b:24:15:dc]
RSSI: -94 [da:24:3b:40:16:2c]
RSSI: -95 [da:6b:70:be:00:7a]
RSSI: -89 [da:24:3b:6c:00:2c]
RSSI: -87 [da:24:3b:7c:00:5c]
RSSI: -87 [da:24:3b:88:00:8c]
RSSI: -83 [da:24:3b:98:00:bc]
RSSI: -84 [da:24:3b:a7:00:ec]
RSSI: -91 [da:6b:71:06:01:4a]
RSSI: -90 [da:6b:71:06:01:4a]
RSSI: -85 [da:24:3b:b4:01:0c]
RSSI: -85 [da:24:3b:b4:01:0c]
RSSI: -86 [da:24:3b:d3:01:6c]
RSSI: -91 [da:6b:71:32:01:ca]
RSSI: -93 [da:24:3b:ef:01:cc]
RSSI: -94 [da:24:3c:37:02:9c]
RSSI: -96 [da:24:3c:9f:03:dc]
RSSI: -96 [da:24:3d:3f:05:cc]
RSSI: -98 [da:24:3d:4e:05:fc]
RSSI: -98 [da:24:3d:c2:07:6c]
RSSI: -91 [da:24:3e:3a:08:ec]
RSSI: -91 [da:24:3e:46:09:0c]
RSSI: -95 [da:24:3e:cb:0a:ac]
RSSI: -95 [da:24:3e:ea:0b:0c]
RSSI: -95 [da:24:3e:f7:0b:3c]
RSSI: -90 [da:24:3f:07:0b:6c]
RSSI: -92 [da:24:3f:16:0b:9c]
RSSI: -94 [da:24:3f:42:0c:1c]
RSSI: -93 [da:24:3f:6e:0c:ac]
RSSI: -92 [da:24:3f:7b:0c:dc]
RSSI: -96 [da:24:3f:f3:0e:4c]
RSSI: -94 [da:24:40:00:0e:7c]
RSSI: -96 [da:24:40:0f:0e:ac]
RSSI: -96 [da:24:42:06:14:ac]
RSSI: -97 [da:24:42:13:14:dc]
RSSI: -93 [da:24:42:8c:16:4c]
RSSI: -100 [da:6b:78:1a:15:9a]
RSSI: -91 [da:24:42:d5:00:bc]
RSSI: -92 [da:6b:78:47:16:0a]
RSSI: -89 [da:6b:78:83:00:8a]
RSSI: -88 [da:6b:78:90:00:aa]
RSSI: -89 [da:6b:78:a0:00:da]
RSSI: -88 [da:6b:78:bc:01:2a]
RSSI: -89 [da:6b:78:cc:01:5a]
RSSI: -89 [da:6b:78:e9:01:aa]
RSSI: -89 [da:6b:78:e9:01:aa]
RSSI: -92 [da:6b:79:09:01:fa]
RSSI: -93 [da:6b:79:15:02:2a]
RSSI: -99 [da:24:44:55:05:5c]
RSSI: -93 [da:24:44:82:05:dc]
RSSI: -93 [da:24:44:a2:06:4c]
RSSI: -99 [da:24:46:41:0b:5c]
RSSI: -98 [da:24:46:c7:0d:0c]
RSSI: -96 [da:24:47:4d:0e:ac]
RSSI: -96 [da:24:48:b9:13:0c]
RSSI: -95 [da:24:49:2b:14:6c]
RSSI: -95 [da:24:49:38:14:8c]
RSSI: -94 [da:24:49:51:14:dc]
RSSI: -94 [da:24:49:5e:15:0c]
RSSI: -94 [da:24:49:91:15:9c]
RSSI: -93 [da:24:49:9d:15:cc]
RSSI: -91 [da:24:49:aa:15:ec]
RSSI: -88 [da:24:49:b7:16:0c]
RSSI: -88 [da:24:49:b7:16:0c]
RSSI: -89 [da:24:49:c3:16:3c]
RSSI: -86 [da:24:49:c3:16:3c]
RSSI: -88 [da:24:49:d0:16:5c]
RSSI: -89 [da:24:49:d0:16:5c]
RSSI: -85 [da:24:49:dd:00:0c]
RSSI: -87 [da:24:49:dd:00:0c]
RSSI: -91 [da:24:49:ea:00:2c]
RSSI: -84 [da:24:49:ea:00:2c]
RSSI: -86 [da:24:49:f6:00:4c]
RSSI: -91 [da:24:49:f6:00:4c]
RSSI: -84 [da:24:4a:03:00:7c]
RSSI: -84 [da:24:4a:10:00:9c]
RSSI: -87 [da:24:4a:1c:00:cc]
RSSI: -86 [da:24:4a:29:00:ec]
RSSI: -86 [da:24:4a:36:01:0c]
RSSI: -89 [da:24:4a:50:01:5c]
RSSI: -93 [da:24:4a:5c:01:8c]
RSSI: -96 [da:6b:7f:b5:15:1a]
RSSI: -93 [da:24:4a:9c:02:4c]
RSSI: -91 [da:6b:80:0e:16:1a]
RSSI: -93 [da:24:4a:c2:02:cc]
RSSI: -89 [da:6b:80:28:00:2a]
RSSI: -87 [da:6b:80:4e:00:9a]
RSSI: -89 [da:6b:80:5b:00:ba]
RSSI: -88 [da:6b:80:74:00:fa]
RSSI: -88 [da:6b:80:81:01:2a]
RSSI: -87 [da:6b:80:8e:01:4a]
RSSI: -90 [da:6b:80:9b:01:6a]
RSSI: -89 [da:6b:80:a8:01:8a]
RSSI: -90 [da:6b:80:c1:01:da]
RSSI: -93 [da:6b:80:e7:02:3a]
RSSI: -96 [da:24:4b:b5:05:ac]
RSSI: -96 [da:6b:81:0e:02:aa]
RSSI: -98 [da:24:4c:35:07:3c]
RSSI: -96 [da:24:4c:4f:07:8c]
RSSI: -98 [da:6b:82:1b:05:aa]
RSSI: -95 [da:24:4f:ee:12:dc]
RSSI: -96 [da:24:50:70:14:6c]
RSSI: -95 [da:24:50:7d:14:8c]
RSSI: -93 [da:24:50:7d:14:8c]
RSSI: -93 [da:24:50:97:14:dc]
RSSI: -94 [da:24:50:a4:15:0c]
RSSI: -91 [da:24:50:e4:15:cc]
RSSI: -90 [da:24:50:f2:15:ec]
RSSI: -89 [da:24:51:0b:16:3c]
RSSI: -89 [da:24:51:19:16:6c]
RSSI: -89 [da:24:51:40:00:4c]
RSSI: -90 [da:24:51:4d:00:7c]
RSSI: -94 [da:24:51:80:01:1c]
RSSI: -95 [da:24:51:8e:01:4c]
RSSI: -95 [da:24:51:dc:02:3c]
RSSI: -95 [da:6b:87:ab:15:9a]
RSSI: -95 [da:6b:87:ab:15:9a]
RSSI: -93 [da:6b:87:d2:16:0a]
RSSI: -89 [da:6b:87:ec:00:2a]
RSSI: -90 [da:6b:87:f9:00:4a]
RSSI: -89 [da:6b:88:06:00:6a]
RSSI: -88 [da:6b:88:20:00:ba]
RSSI: -87 [da:6b:88:20:00:ba]
RSSI: -89 [da:6b:88:2d:00:da]
RSSI: -89 [da:6b:88:3a:01:0a]
RSSI: -89 [da:6b:88:54:01:4a]
RSSI: -88 [da:6b:88:6f:01:9a]
RSSI: -91 [da:6b:88:7b:01:ba]
RSSI: -91 [da:6b:88:89:01:ea]
RSSI: -93 [da:6b:88:a2:02:2a]
RSSI: -97 [da:6b:88:d7:02:ca]
RSSI: -99 [da:6b:89:9c:04:ea]
RSSI: -100 [da:24:55:c6:0e:6c]
RSSI: -98 [da:24:56:2f:0f:ac]
RSSI: -99 [da:24:57:44:13:0c]
RSSI: -96 [da:24:57:a1:14:2c]
RSSI: -94 [da:24:57:ae:14:4c]
RSSI: -94 [da:24:57:c9:14:9c]
RSSI: -96 [da:24:57:c9:14:9c]
RSSI: -91 [da:24:58:18:15:8c]
RSSI: -90 [da:24:58:25:15:bc]
RSSI: -93 [da:24:58:40:16:0c]
RSSI: -89 [da:24:58:4c:16:2c]
RSSI: -89 [da:24:58:5a:16:5c]
RSSI: -88 [da:24:58:82:00:5c]
RSSI: -93 [da:24:58:8f:00:7c]
RSSI: -87 [da:24:58:aa:00:cc]
RSSI: -98 [da:24:59:99:03:ac]
RSSI: -98 [da:24:59:e8:04:9c]
RSSI: -97 [da:6b:8f:5f:15:7a]
RSSI: -94 [da:24:5a:52:05:ec]
RSSI: -92 [da:6b:8f:bc:00:2a]
RSSI: -91 [da:6b:8f:d7:00:7a]
RSSI: -92 [da:6b:8f:e4:00:9a]
RSSI: -94 [da:24:5a:88:06:8c]
RSSI: -90 [da:6b:8f:f1:00:ba]
RSSI: -90 [da:6b:8f:ff:00:da]
RSSI: -90 [da:6b:8f:ff:00:da]
RSSI: -91 [da:6b:90:0c:01:0a]
RSSI: -89 [da:6b:90:19:01:2a]
RSSI: -91 [da:6b:90:19:01:2a]
RSSI: -89 [da:6b:90:27:01:5a]
RSSI: -90 [da:6b:90:41:01:9a]
RSSI: -91 [da:6b:90:4f:01:ca]
RSSI: -97 [da:6b:90:84:02:5a]
RSSI: -95 [da:24:5c:d4:0d:cc]
RSSI: -98 [da:24:5c:e1:0d:ec]
RSSI: -96 [da:24:5c:fc:0e:4c]
RSSI: -98 [da:24:5d:5a:0f:6c]
RSSI: -96 [da:24:5d:68:0f:9c]
RSSI: -96 [da:24:5e:fb:14:6c]
RSSI: -94 [da:24:5f:4c:15:6c]
RSSI: -92 [da:24:5f:59:15:8c]
RSSI: -89 [da:24:5f:81:16:0c]
RSSI: -87 [da:24:5f:8f:16:3c]
RSSI: -87 [da:24:5f:8f:16:3c]
RSSI: -90 [da:24:5f:b8:00:2c]
RSSI: -89 [da:24:5f:e0:00:ac]
RSSI: -89 [da:24:5f:ee:00:dc]
RSSI: -90 [da:24:5f:fb:00:fc]
RSSI: -91 [da:24:60:09:01:2c]
RSSI: -98 [da:6b:95:66:10:6a]
RSSI: -95 [da:24:60:5a:02:1c]
RSSI: -95 [da:24:60:82:02:9c]
RSSI: -97 [da:24:60:e1:03:cc]
RSSI: -96 [da:24:61:17:04:6c]
RSSI: -99 [da:24:61:5b:05:3c]
RSSI: -91 [da:24:61:ad:06:3c]
RSSI: -93 [da:24:61:ad:06:3c]
RSSI: -91 [da:24:61:d5:06:bc]
RSSI: -94 [da:24:61:e2:06:dc]
RSSI: -94 [da:24:61:e2:06:dc]
RSSI: -95 [da:24:61:fe:07:3c]
RSSI: -90 [da:6b:97:84:00:4a]
RSSI: -87 [da:6b:97:97:00:8a]
RSSI: -89 [da:6b:97:97:00:8a]
RSSI: -89 [da:6b:97:b4:00:da]
RSSI: -88 [da:6b:97:c2:00:fa]
RSSI: -89 [da:6b:97:c2:00:fa]
RSSI: -86 [da:6b:97:d0:01:2a]
RSSI: -87 [da:6b:97:dd:01:4a]
RSSI: -89 [da:6b:97:eb:01:7a]
RSSI: -89 [da:6b:98:06:01:ba]
RSSI: -90 [da:6b:98:14:01:ea]
RSSI: -88 [da:6b:98:22:02:0a]
RSSI: -94 [da:6b:98:4b:02:8a]
RSSI: -97 [da:6b:98:c6:03:da]
RSSI: -97 [da:6b:99:17:04:ca]
RSSI: -95 [da:24:66:57:14:cc]
RSSI: -95 [da:24:66:81:15:4c]
RSSI: -95 [da:24:66:b6:15:ec]
RSSI: -94 [da:24:66:c5:16:1c]
RSSI: -93 [da:24:66:c5:16:1c]
RSSI: -98 [da:24:67:4f:01:2c]
RSSI: -96 [da:24:68:d0:05:dc]
RSSI: -96 [da:24:69:07:06:8c]
RSSI: -97 [da:6b:9f:1b:16:0a]
RSSI: -94 [da:6b:9f:2a:16:3a]
RSSI: -93 [da:6b:9f:53:00:4a]
RSSI: -94 [da:6b:9f:7d:00:ca]
RSSI: -96 [da:6b:9f:8b:00:ea]
RSSI: -97 [da:6b:9f:a7:01:3a]
RSSI: -98 [da:24:6d:88:14:9c]
RSSI: -94 [da:24:6d:f9:15:ec]
RSSI: -93 [da:24:6e:05:16:0c]
RSSI: -87 [da:24:6e:23:16:6c]
RSSI: -90 [da:24:6e:2f:00:2c]
RSSI: -89 [da:24:6e:59:00:ac]
RSSI: -90 [da:24:6e:68:00:dc]
RSSI: -91 [da:24:6e:68:00:dc]
RSSI: -89 [da:24:6e:83:01:2c]
RSSI: -90 [da:24:6e:92:01:5c]
RSSI: -96 [da:24:6f:01:02:bc]
RSSI: -95 [da:24:70:13:06:0c]
RSSI: -95 [da:24:70:4c:06:bc]
RSSI: -98 [da:24:70:59:06:dc]
RSSI: -95 [da:6b:a6:e5:15:ea]
RSSI: -92 [da:6b:a7:1e:00:7a]
RSSI: -91 [da:6b:a7:2b:00:9a]
RSSI: -93 [da:6b:a7:8e:01:ba]
RSSI: -92 [da:24:75:27:15:dc]
RSSI: -91 [da:24:75:36:16:0c]
RSSI: -95 [da:24:75:ef:01:bc]
RSSI: -97 [da:24:76:1a:02:3c]
RSSI: -99 [da:24:76:27:02:6c]
RSSI: -93 [da:6b:ae:be:16:2a]
RSSI: -91 [da:6b:ae:d9:00:4a]
RSSI: -91 [da:6b:ae:e9:00:7a]
RSSI: -93 [da:6b:af:05:00:ca]
RSSI: -93 [da:6b:af:14:00:fa]
RSSI: -90 [da:6b:af:4e:01:9a]
RSSI: -91 [da:6b:af:4e:01:9a]
RSSI: -92 [da:6b:af:5b:01:ba]
RSSI: -92 [da:6b:af:86:02:3a]
RSSI: -96 [da:24:7b:ed:14:5c]
RSSI: -98 [da:24:7c:34:15:3c]
RSSI: -93 [da:24:7c:9b:16:7c]
RSSI: -94 [da:24:7d:01:01:3c]
RSSI: -96 [da:24:7d:83:02:cc]
RSSI: -94 [da:24:7e:8e:05:fc]
RSSI: -93 [da:24:7e:9b:06:2c]
RSSI: -95 [da:24:7e:c6:06:ac]
RSSI: -94 [da:6b:b6:78:16:1a]
RSSI: -93 [da:6b:b6:85:16:3a]
RSSI: -89 [da:6b:b6:a4:00:5a]
RSSI: -87 [da:6b:b6:b1:00:7a]
RSSI: -89 [da:6b:b6:c0:00:aa]
RSSI: -89 [da:6b:b6:ec:01:2a]
RSSI: -88 [da:6b:b6:ec:01:2a]
RSSI: -92 [da:6b:b7:09:01:7a]
RSSI: -90 [da:6b:b7:18:01:aa]
RSSI: -90 [da:6b:b7:28:01:da]
RSSI: -92 [da:6b:b7:54:02:5a]
RSSI: -94 [da:6b:b7:60:02:7a]
RSSI: -101 [da:6b:b7:70:02:aa]
RSSI: -95 [da:24:83:49:14:bc]
RSSI: -95 [da:24:83:a1:15:cc]
RSSI: -86 [da:24:83:cd:16:4c]
RSSI: -89 [da:24:83:dd:16:7c]
RSSI: -86 [da:24:83:f9:00:2c]
RSSI: -87 [da:24:84:15:00:8c]
RSSI: -90 [da:24:84:25:00:bc]
RSSI: -87 [da:24:84:35:00:ec]
RSSI: -89 [da:24:84:35:00:ec]
RSSI: -88 [da:24:84:42:01:0c]
RSSI: -98 [da:24:84:9a:02:1c]
RSSI: -95 [da:24:85:c2:05:ac]
RSSI: -93 [da:24:85:c2:05:ac]
RSSI: -94 [da:24:85:cf:05:dc]
RSSI: -92 [da:24:85:df:06:0c]
RSSI: -92 [da:24:85:fb:06:6c]
RSSI: -96 [da:24:86:47:07:4c]
RSSI: -95 [da:24:88:03:0c:bc]
RSSI: -95 [da:24:88:3c:0d:6c]
RSSI: -94 [da:24:88:79:0e:2c]
RSSI: -95 [da:6b:bd:e6:15:2a]
RSSI: -94 [da:6b:bd:f3:15:4a]
RSSI: -90 [da:6b:be:4c:16:4a]
RSSI: -87 [da:6b:be:5c:00:2a]
RSSI: -87 [da:6b:be:5c:00:2a]
RSSI: -86 [da:6b:be:6c:00:5a]
RSSI: -86 [da:6b:be:79:00:7a]
RSSI: -87 [da:6b:be:89:00:aa]
RSSI: -86 [da:6b:be:99:00:da]
RSSI: -86 [da:6b:be:a5:00:fa]
RSSI: -86 [da:6b:be:a5:00:fa]
RSSI: -86 [da:6b:be:b5:01:2a]
RSSI: -87 [da:6b:be:c5:01:5a]
RSSI: -86 [da:6b:be:d2:01:7a]
RSSI: -87 [da:6b:be:d2:01:7a]
RSSI: -87 [da:6b:be:e2:01:aa]
RSSI: -89 [da:6b:be:ff:01:fa]
RSSI: -90 [da:6b:bf:1f:02:5a]
RSSI: -93 [da:6b:bf:2b:02:7a]
RSSI: -100 [da:6b:bf:78:03:5a]
RSSI: -97 [da:24:8a:47:13:bc]
RSSI: -94 [da:24:8a:a0:14:dc]
RSSI: -91 [da:24:8a:da:15:8c]
RSSI: -87 [da:24:8a:fa:15:ec]
RSSI: -84 [da:24:8b:07:16:0c]
RSSI: -84 [da:24:8b:07:16:0c]
RSSI: -82 [da:24:8b:17:16:3c]
RSSI: -83 [da:24:8b:27:16:6c]
RSSI: -82 [da:24:8b:33:00:2c]
RSSI: -82 [da:24:8b:33:00:2c]
RSSI: -82 [da:24:8b:33:00:2c]
RSSI: -82 [da:24:8b:44:00:5c]
RSSI: -80 [da:24:8b:54:00:8c]
RSSI: -81 [da:24:8b:60:00:bc]
RSSI: -80 [da:24:8b:60:00:bc]
RSSI: -82 [da:24:8b:70:00:ec]
RSSI: -82 [da:24:8b:80:01:1c]
RSSI: -84 [da:24:8b:8d:01:3c]
RSSI: -84 [da:24:8b:8d:01:3c]
RSSI: -85 [da:24:8b:9d:01:7c]
RSSI: -86 [da:24:8b:ad:01:ac]
RSSI: -91 [da:24:8b:ba:01:cc]
RSSI: -92 [da:24:8b:ba:01:cc]
RSSI: -89 [da:24:8b:e7:02:5c]
RSSI: -95 [da:24:8b:f7:02:8c]
RSSI: -93 [da:24:8c:13:02:dc]
RSSI: -96 [da:24:8c:24:03:0c]
RSSI: -94 [da:24:8c:60:03:cc]
RSSI: -96 [da:24:8c:c7:05:0c]
RSSI: -90 [da:24:8d:1d:06:0c]
RSSI: -91 [da:24:8d:29:06:3c]
RSSI: -91 [da:24:8d:29:06:3c]
RSSI: -94 [da:24:8d:89:07:5c]
RSSI: -97 [da:24:8d:a2:07:ac]
RSSI: -98 [da:24:8e:08:08:ec]
RSSI: -94 [da:24:8f:85:0d:9c]
RSSI: -93 [da:24:8f:ac:0e:1c]
RSSI: -92 [da:24:8f:d2:0e:8c]
RSSI: -92 [da:24:8f:d2:0e:8c]
RSSI: -93 [da:24:8f:f8:0f:0c]
RSSI: -96 [da:24:90:45:0f:ec]
RSSI: -94 [da:6b:c5:c2:15:6a]
RSSI: -92 [da:6b:c5:db:15:aa]
RSSI: -90 [da:6b:c5:e8:15:da]
RSSI: -88 [da:6b:c6:02:16:1a]
RSSI: -91 [da:6b:c6:0e:00:2a]
RSSI: -89 [da:6b:c6:1b:00:4a]
RSSI: -86 [da:6b:c6:28:00:6a]
RSSI: -88 [da:6b:c6:35:00:9a]
RSSI: -85 [da:6b:c6:35:00:9a]
RSSI: -87 [da:6b:c6:4e:00:da]
RSSI: -87 [da:6b:c6:4e:00:da]
RSSI: -86 [da:6b:c6:5b:01:0a]
RSSI: -90 [da:6b:c6:68:01:2a]
RSSI: -86 [da:6b:c6:75:01:4a]
RSSI: -89 [da:6b:c6:82:01:7a]
RSSI: -86 [da:6b:c6:82:01:7a]
RSSI: -90 [da:6b:c6:a8:01:da]
RSSI: -91 [da:6b:c6:b5:02:0a]
RSSI: -93 [da:6b:c6:cf:02:4a]
RSSI: -91 [da:24:92:1f:15:9c]
RSSI: -92 [da:24:92:2c:15:cc]
RSSI: -83 [da:24:92:39:15:ec]
RSSI: -88 [da:24:92:46:16:1c]
RSSI: -87 [da:24:92:46:16:1c]
RSSI: -81 [da:24:92:5f:16:6c]
RSSI: -85 [da:24:92:6c:00:0c]
RSSI: -85 [da:24:92:6c:00:0c]
RSSI: -79 [da:24:92:86:00:4c]
RSSI: -84 [da:24:92:93:00:7c]
RSSI: -84 [da:24:92:93:00:7c]
RSSI: -80 [da:24:92:ac:00:cc]
RSSI: -86 [da:24:92:c6:01:1c]
RSSI: -83 [da:24:92:d3:01:3c]
RSSI: -88 [da:24:92:e0:01:6c]
RSSI: -96 [da:24:93:2d:02:4c]
RSSI: -93 [da:24:93:94:03:8c]
RSSI: -94 [da:24:94:23:05:4c]
RSSI: -92 [da:24:94:3c:05:9c]
RSSI: -91 [da:24:94:49:05:bc]
RSSI: -90 [da:24:94:63:06:0c]
RSSI: -94 [da:24:94:8a:06:8c]
RSSI: -91 [da:24:94:97:06:bc]
RSSI: -94 [da:24:94:be:07:2c]
RSSI: -94 [da:24:94:e5:07:ac]
RSSI: -97 [da:24:95:e8:0a:dc]
RSSI: -97 [da:24:96:43:0b:fc]
RSSI: -98 [da:24:96:9d:0d:0c]
RSSI: -96 [da:24:96:b8:0d:6c]
RSSI: -94 [da:24:96:df:0d:dc]
RSSI: -93 [da:24:97:06:0e:5c]
RSSI: -95 [da:24:97:13:0e:8c]
RSSI: -96 [da:24:97:13:0e:8c]
RSSI: -93 [da:24:97:2d:0e:dc]
RSSI: -93 [da:24:97:61:0f:7c]
RSSI: -96 [da:6b:cd:47:14:da]
RSSI: -93 [da:6b:cd:96:15:ba]
RSSI: -90 [da:6b:cd:a3:15:da]
RSSI: -91 [da:6b:cd:bd:16:1a]
RSSI: -91 [da:6b:cd:ca:00:2a]
RSSI: -88 [da:6b:cd:d7:00:4a]
RSSI: -90 [da:6b:cd:d7:00:4a]
RSSI: -88 [da:6b:cd:e4:00:6a]
RSSI: -86 [da:6b:cd:f2:00:9a]
RSSI: -87 [da:6b:cd:fe:00:ba]
RSSI: -86 [da:6b:ce:0c:00:da]
RSSI: -87 [da:6b:ce:25:01:2a]
RSSI: -86 [da:6b:ce:33:01:4a]
RSSI: -87 [da:6b:ce:33:01:4a]
RSSI: -85 [da:6b:ce:40:01:7a]
RSSI: -88 [da:6b:ce:4d:01:9a]
RSSI: -87 [da:6b:ce:5a:01:ba]
RSSI: -89 [da:6b:ce:5a:01:ba]
RSSI: -86 [da:6b:ce:67:01:ea]
RSSI: -94 [da:24:99:1d:14:cc]
RSSI: -88 [da:6b:ce:81:02:2a]
RSSI: -90 [da:6b:ce:8f:02:5a]
RSSI: -90 [da:6b:ce:a9:02:9a]
RSSI: -93 [da:24:99:5e:15:9c]
RSSI: -93 [da:6b:ce:b6:02:ca]
RSSI: -88 [da:24:99:6c:15:bc]
RSSI: -91 [da:24:99:79:15:ec]
RSSI: -87 [da:24:99:93:16:3c]
RSSI: -88 [da:24:99:a0:16:6c]
RSSI: -89 [da:24:99:ad:00:0c]
RSSI: -85 [da:24:99:ba:00:2c]
RSSI: -88 [da:24:99:c8:00:5c]
RSSI: -89 [da:24:99:d4:00:7c]
RSSI: -87 [da:24:99:e7:00:bc]
RSSI: -87 [da:24:99:f7:00:dc]
RSSI: -90 [da:24:99:f7:00:dc]
RSSI: -88 [da:24:9a:04:01:0c]
RSSI: -87 [da:24:9a:04:01:0c]
RSSI: -93 [da:24:9a:2b:01:7c]
RSSI: -98 [da:6b:cf:83:05:0a]
RSSI: -92 [da:24:9a:7a:02:7c]
RSSI: -95 [da:24:9b:67:05:4c]
RSSI: -92 [da:24:9b:82:05:9c]
RSSI: -91 [da:24:9b:8e:05:cc]
RSSI: -91 [da:24:9b:a9:06:1c]
RSSI: -94 [da:24:9b:d1:06:9c]
RSSI: -94 [da:24:9b:f9:07:1c]
RSSI: -93 [da:24:9c:05:07:3c]
RSSI: -96 [da:24:9c:2d:07:bc]
RSSI: -94 [da:24:9d:42:0b:1c]
RSSI: -98 [da:24:9d:78:0b:cc]
RSSI: -94 [da:24:9d:ef:0d:3c]
RSSI: -98 [da:24:9e:31:0e:0c]
RSSI: -92 [da:24:9e:74:0e:dc]
RSSI: -95 [da:24:9e:a9:0f:7c]
RSSI: -100 [da:24:9f:8b:12:3c]
RSSI: -96 [da:6b:d4:fe:14:ca]
RSSI: -94 [da:6b:d5:26:15:3a]
RSSI: -92 [da:6b:d5:4e:15:aa]
RSSI: -91 [da:6b:d5:5c:15:ca]
RSSI: -93 [da:6b:d5:6a:15:ea]
RSSI: -88 [da:6b:d5:84:16:3a]
RSSI: -88 [da:6b:d5:84:16:3a]
RSSI: -91 [da:6b:d5:92:00:2a]
RSSI: -87 [da:6b:d5:ac:00:7a]
RSSI: -88 [da:6b:d5:c6:00:ba]
RSSI: -88 [da:6b:d5:c6:00:ba]
RSSI: -87 [da:6b:d5:d4:00:ea]
RSSI: -88 [da:6b:d5:e2:01:0a]
RSSI: -88 [da:6b:d5:ee:01:3a]
RSSI: -88 [da:24:a0:a4:15:9c]
RSSI: -88 [da:6b:d5:fc:01:5a]
RSSI: -85 [da:24:a0:b0:15:bc]
RSSI: -88 [da:6b:d6:17:01:aa]
RSSI: -88 [da:24:a0:be:15:ec]
RSSI: -89 [da:6b:d6:32:01:fa]
RSSI: -81 [da:24:a0:d8:16:2c]
RSSI: -91 [da:6b:d6:3f:02:1a]
RSSI: -86 [da:24:a0:e6:16:5c]
RSSI: -92 [da:6b:d6:4d:02:4a]
RSSI: -80 [da:24:a1:00:00:2c]
RSSI: -80 [da:24:a1:00:00:2c]
RSSI: -84 [da:24:a1:0e:00:4c]
RSSI: -83 [da:24:a1:0e:00:4c]
RSSI: -90 [da:24:a1:1c:00:7c]
RSSI: -85 [da:24:a1:1c:00:7c]
RSSI: -80 [da:24:a1:29:00:9c]
RSSI: -84 [da:24:a1:36:00:cc]
RSSI: -81 [da:24:a1:36:00:cc]
RSSI: -85 [da:24:a1:44:00:fc]
RSSI: -85 [da:24:a1:5f:01:4c]
RSSI: -88 [da:24:a1:6c:01:6c]
RSSI: -90 [da:24:a1:af:02:4c]
RSSI: -88 [da:24:a1:bd:02:6c]
RSSI: -92 [da:24:a1:e5:02:ec]
RSSI: -95 [da:24:a2:35:03:dc]
RSSI: -93 [da:24:a2:ae:05:5c]
RSSI: -90 [da:24:a2:c9:05:ac]
RSSI: -90 [da:24:a2:ff:06:4c]
RSSI: -91 [da:24:a3:27:06:cc]
RSSI: -92 [da:24:a3:5c:07:7c]
RSSI: -96 [da:24:a4:85:0b:1c]
RSSI: -96 [da:24:a5:0c:0c:bc]
RSSI: -97 [da:24:a5:5d:0d:bc]
RSSI: -95 [da:24:a5:6a:0d:ec]
RSSI: -95 [da:24:a5:bb:0e:ec]
RSSI: -95 [da:24:a5:d7:0f:3c]
RSSI: -98 [da:24:a6:00:0f:bc]
RSSI: -98 [da:24:a7:0f:12:fc]
RSSI: -97 [da:24:a7:68:14:0c]
RSSI: -95 [da:24:a7:82:14:5c]
RSSI: -96 [da:24:a7:90:14:8c]
RSSI: -91 [da:6b:dd:30:16:0a]
RSSI: -91 [da:24:a7:e2:15:7c]
RSSI: -94 [da:6b:dd:3c:16:3a]
RSSI: -88 [da:6b:dd:3c:16:3a]
RSSI: -89 [da:24:a8:0b:15:fc]
RSSI: -89 [da:6b:dd:82:00:ca]
RSSI: -87 [da:24:a8:25:16:4c]
RSSI: -89 [da:6b:dd:8e:00:ea]
RSSI: -86 [da:24:a8:42:00:2c]
RSSI: -89 [da:6b:dd:aa:01:3a]
RSSI: -86 [da:24:a8:4e:00:5c]
RSSI: -84 [da:24:a8:4e:00:5c]
RSSI: -84 [da:24:a8:5c:00:7c]
RSSI: -88 [da:6b:dd:b7:01:5a]
RSSI: -85 [da:24:a8:5c:00:7c]
RSSI: -84 [da:24:a8:6b:00:ac]
RSSI: -85 [da:24:a8:77:00:dc]
RSSI: -86 [da:24:a8:85:00:fc]
RSSI: -90 [da:6b:dd:ee:01:fa]
RSSI: -88 [da:24:a8:a0:01:5c]
RSSI: -90 [da:24:a8:ae:01:7c]
RSSI: -97 [da:6b:de:25:02:9a]
RSSI: -93 [da:24:a9:00:02:7c]
RSSI: -94 [da:24:a9:0e:02:ac]
RSSI: -93 [da:24:a9:1b:02:cc]
RSSI: -94 [da:24:a9:29:02:fc]
RSSI: -97 [da:24:a9:6d:03:cc]
RSSI: -98 [da:24:a9:cd:04:ec]
RSSI: -94 [da:24:aa:11:05:bc]
RSSI: -90 [da:24:aa:48:06:6c]
RSSI: -89 [da:24:aa:57:06:9c]
RSSI: -93 [da:24:aa:80:07:1c]
RSSI: -93 [da:24:aa:80:07:1c]
RSSI: -93 [da:24:aa:a9:07:9c]
RSSI: -97 [da:24:ab:bb:0a:fc]
RSSI: -97 [da:24:ac:28:0c:4c]
RSSI: -95 [da:24:ac:7b:0d:5c]
RSSI: -96 [da:24:ac:89:0d:7c]
RSSI: -93 [da:24:ac:b2:0d:fc]
RSSI: -93 [da:24:ac:ea:0e:ac]
RSSI: -91 [da:24:ad:13:0f:2c]
RSSI: -93 [da:24:ad:3d:0f:ac]
RSSI: -94 [da:24:ad:49:0f:dc]
RSSI: -98 [da:24:ae:42:12:dc]
RSSI: -95 [da:24:ae:95:13:dc]
RSSI: -94 [da:24:ae:e8:14:cc]
RSSI: -93 [da:24:af:05:15:2c]
RSSI: -95 [da:24:af:11:15:4c]
RSSI: -91 [da:24:af:20:15:7c]
RSSI: -89 [da:24:af:2e:15:ac]
RSSI: -89 [da:24:af:2e:15:ac]
RSSI: -85 [da:24:af:49:15:fc]
RSSI: -86 [da:24:af:64:16:4c]
RSSI: -82 [da:24:af:73:16:7c]
RSSI: -92 [da:6b:e4:cf:15:aa]
RSSI: -82 [da:24:af:81:00:0c]
RSSI: -85 [da:24:af:8e:00:2c]
RSSI: -89 [da:24:af:8e:00:2c]
RSSI: -82 [da:24:af:9d:00:5c]
RSSI: -88 [da:6b:e4:f9:16:2a]
RSSI: -90 [da:24:af:ab:00:7c]
RSSI: -81 [da:24:af:ab:00:7c]
RSSI: -87 [da:6b:e5:16:00:5a]
RSSI: -83 [da:24:af:d5:00:fc]
RSSI: -86 [da:6b:e5:31:00:9a]
RSSI: -87 [da:6b:e5:3f:00:ca]
RSSI: -89 [da:6b:e5:3f:00:ca]
RSSI: -87 [da:6b:e5:4c:00:ea]
RSSI: -89 [da:24:af:fe:01:7c]
RSSI: -85 [da:6b:e5:5b:01:1a]
RSSI: -87 [da:6b:e5:5b:01:1a]
RSSI: -87 [da:6b:e5:69:01:4a]
RSSI: -87 [da:6b:e5:76:01:6a]
RSSI: -87 [da:6b:e5:84:01:8a]
RSSI: -88 [da:6b:e5:93:01:ba]
RSSI: -88 [da:6b:e5:ae:02:0a]
RSSI: -90 [da:6b:e5:bd:02:2a]
RSSI: -92 [da:6b:e5:d8:02:7a]
RSSI: -92 [da:6b:e5:d8:02:7a]
RSSI: -97 [da:6b:e6:02:02:fa]
RSSI: -97 [da:6b:e6:70:04:3a]
RSSI: -94 [da:24:b1:3d:05:5c]
RSSI: -91 [da:24:b1:67:05:dc]
RSSI: -96 [da:24:b1:82:06:2c]
RSSI: -97 [da:24:b1:91:06:5c]
RSSI: -91 [da:24:b1:a0:06:8c]
RSSI: -91 [da:24:b1:ac:06:ac]
RSSI: -96 [da:24:b2:00:07:bc]
RSSI: -95 [da:24:b4:22:0e:6c]
RSSI: -97 [da:24:b4:76:0f:6c]
RSSI: -101 [da:6b:ea:bb:10:8a]
RSSI: -95 [da:24:b6:07:14:3c]
RSSI: -92 [da:24:b6:5c:15:3c]
RSSI: -91 [da:24:b6:86:15:bc]
RSSI: -91 [da:24:b6:95:15:ec]
RSSI: -90 [da:24:b6:a1:16:1c]
RSSI: -87 [da:24:b6:bf:16:6c]
RSSI: -85 [da:24:b6:bf:16:6c]
RSSI: -85 [da:24:b6:e9:00:8c]
RSSI: -93 [da:24:b6:f6:00:ac]
RSSI: -83 [da:24:b6:f6:00:ac]
RSSI: -90 [da:24:b7:2f:01:5c]
RSSI: -91 [da:6b:ec:ab:16:0a]
RSSI: -91 [da:6b:ec:b7:16:2a]
RSSI: -89 [da:6b:ec:c6:16:5a]
RSSI: -91 [da:6b:ec:e2:00:4a]
RSSI: -89 [da:6b:ec:f1:00:7a]
RSSI: -87 [da:6b:ed:00:00:aa]
RSSI: -87 [da:6b:ed:1b:00:fa]
RSSI: -90 [da:6b:ed:1b:00:fa]
RSSI: -88 [da:6b:ed:2a:01:1a]
RSSI: -89 [da:6b:ed:37:01:3a]
RSSI: -90 [da:6b:ed:61:01:ba]
RSSI: -92 [da:6b:ed:70:01:da]
RSSI: -93 [da:6b:ed:7f:02:0a]
RSSI: -98 [da:24:b8:83:05:6c]
RSSI: -94 [da:24:b8:bc:06:1c]
RSSI: -96 [da:24:b9:1e:07:4c]
RSSI: -97 [da:24:b9:1e:07:4c]
RSSI: -96 [da:24:b9:48:07:dc]
RSSI: -97 [da:24:ba:bb:0c:6c]
RSSI: -95 [da:24:ba:f3:0d:0c]
RSSI: -97 [da:24:bb:48:0e:1c]
RSSI: -96 [da:24:bb:82:0e:cc]
RSSI: -96 [da:24:bb:bc:0f:7c]
RSSI: -98 [da:24:bb:f3:10:2c]
RSSI: -97 [da:24:bc:e8:13:2c]
RSSI: -97 [da:24:bd:2f:13:fc]
RSSI: -92 [da:24:bd:69:14:ac]
RSSI: -93 [da:24:bd:69:14:ac]
RSSI: -97 [da:24:bd:b0:15:8c]
RSSI: -94 [da:24:bd:db:16:0c]
RSSI: -88 [da:24:bd:f6:16:5c]
RSSI: -86 [da:24:be:06:00:0c]
RSSI: -84 [da:24:be:22:00:5c]
RSSI: -86 [da:24:be:31:00:8c]
RSSI: -87 [da:24:be:40:00:ac]
RSSI: -88 [da:24:be:4d:00:dc]
RSSI: -88 [da:24:be:5c:01:0c]
RSSI: -89 [da:24:be:6b:01:3c]
RSSI: -90 [da:24:be:6b:01:3c]
RSSI: -96 [da:6b:f4:21:15:0a]
RSSI: -95 [da:24:be:ce:02:6c]
RSSI: -94 [da:24:be:ce:02:6c]
RSSI: -94 [da:24:be:f9:02:ec]
RSSI: -97 [da:24:bf:08:03:1c]
RSSI: -88 [da:6b:f4:87:16:2a]
RSSI: -88 [da:6b:f4:94:00:2a]
RSSI: -90 [da:6b:f4:a3:00:4a]
RSSI: -87 [da:6b:f4:a3:00:4a]
RSSI: -88 [da:6b:f4:b2:00:7a]
RSSI: -86 [da:6b:f4:bf:00:aa]
RSSI: -88 [da:6b:f4:ce:00:ca]
RSSI: -86 [da:6b:f4:ce:00:ca]
RSSI: -88 [da:6b:f4:dd:00:fa]
RSSI: -87 [da:6b:f4:ea:01:1a]
RSSI: -87 [da:6b:f4:f9:01:4a]
RSSI: -88 [da:6b:f4:f9:01:4a]
RSSI: -88 [da:6b:f5:09:01:7a]
RSSI: -88 [da:6b:f5:15:01:9a]
RSSI: -87 [da:6b:f5:15:01:9a]
RSSI: -88 [da:6b:f5:25:01:ca]
RSSI: -94 [da:24:bf:e0:05:bc]
RSSI: -93 [da:24:bf:e0:05:bc]
RSSI: -89 [da:6b:f5:41:02:1a]
RSSI: -91 [da:6b:f5:50:02:3a]
RSSI: -91 [da:6b:f5:50:02:3a]
RSSI: -93 [da:6b:f5:6c:02:8a]
RSSI: -93 [da:24:c0:1a:06:6c]
RSSI: -92 [da:24:c0:27:06:9c]
RSSI: -95 [da:6b:f6:38:04:da]
RSSI: -96 [da:24:c2:13:0c:9c]
RSSI: -96 [da:24:c2:4e:0d:5c]
RSSI: -94 [da:24:c2:d0:0e:ec]
RSSI: -94 [da:24:c2:fc:0f:7c]
RSSI: -96 [da:24:c3:08:0f:9c]
RSSI: -97 [da:24:c3:f8:12:7c]
RSSI: -95 [da:24:c4:e1:15:4c]
RSSI: -91 [da:24:c5:0d:15:cc]
RSSI: -90 [da:24:c5:1a:15:fc]
RSSI: -88 [da:24:c5:29:16:2c]
RSSI: -85 [da:24:c5:39:16:5c]
RSSI: -88 [da:24:c5:45:16:7c]
RSSI: -90 [da:24:c5:55:00:2c]
RSSI: -87 [da:24:c5:65:00:6c]
RSSI: -87 [da:24:c5:65:00:6c]
RSSI: -83 [da:24:c5:71:00:8c]
RSSI: -83 [da:24:c5:81:00:bc]
RSSI: -88 [da:24:c5:90:00:ec]
RSSI: -96 [da:24:c5:c9:01:9c]
RSSI: -94 [da:24:c6:04:02:4c]
RSSI: -95 [da:24:c6:3f:03:0c]
RSSI: -99 [da:24:c6:6b:03:8c]
RSSI: -95 [da:6b:fc:0a:15:9a]
RSSI: -90 [da:6b:fc:42:16:3a]
RSSI: -89 [da:6b:fc:52:00:2a]
RSSI: -89 [da:6b:fc:52:00:2a]
RSSI: -87 [da:6b:fc:62:00:5a]
RSSI: -86 [da:6b:fc:6e:00:7a]
RSSI: -96 [da:24:c7:1b:05:ac]
RSSI: -87 [da:6b:fc:7e:00:aa]
RSSI: -87 [da:6b:fc:7e:00:aa]
RSSI: -86 [da:6b:fc:9a:00:fa]
RSSI: -87 [da:6b:fc:aa:01:2a]
RSSI: -86 [da:6b:fc:aa:01:2a]
RSSI: -87 [da:6b:fc:ba:01:5a]
RSSI: -88 [da:6b:fc:ba:01:5a]
RSSI: -87 [da:6b:fc:c6:01:7a]
RSSI: -88 [da:6b:fc:d6:01:aa]
RSSI: -88 [da:6b:fc:d6:01:aa]
RSSI: -88 [da:6b:fc:e6:01:ca]
RSSI: -90 [da:6b:fd:02:02:2a]
RSSI: -91 [da:6b:fd:1e:02:7a]
RSSI: -95 [da:6b:fd:3e:02:ca]
RSSI: -96 [da:6b:fd:96:03:ca]
RSSI: -96 [da:24:c9:cc:0e:1c]
RSSI: -93 [da:24:ca:08:0e:dc]
RSSI: -92 [da:24:ca:14:0e:fc]
RSSI: -93 [da:24:ca:50:0f:bc]
RSSI: -94 [da:24:cb:5a:12:ec]
RSSI: -97 [da:24:cb:69:13:1c]
RSSI: -93 [da:24:cb:b2:13:fc]
RSSI: -92 [da:24:cb:c2:14:2c]
RSSI: -92 [da:24:cc:37:15:8c]
RSSI: -88 [da:24:cc:47:15:bc]
RSSI: -86 [da:24:cc:54:15:ec]
RSSI: -85 [da:24:cc:74:16:4c]
RSSI: -83 [da:24:cc:80:16:6c]
RSSI: -83 [da:24:cc:80:16:6c]
RSSI: -82 [da:24:cc:90:00:0c]
RSSI: -83 [da:24:cc:a0:00:3c]
RSSI: -84 [da:24:cc:a0:00:3c]
RSSI: -83 [da:24:cc:ad:00:5c]
RSSI: -84 [da:24:cc:ad:00:5c]
RSSI: -83 [da:24:cc:ad:00:5c]
RSSI: -84 [da:24:cc:bd:00:8c]
RSSI: -83 [da:24:cc:cc:00:bc]
RSSI: -83 [da:24:cc:d9:00:dc]
RSSI: -85 [da:24:cc:e9:01:0c]
RSSI: -84 [da:24:cc:e9:01:0c]
RSSI: -87 [da:24:cc:f9:01:3c]
RSSI: -90 [da:24:cd:06:01:6c]
RSSI: -95 [da:24:cd:52:02:4c]
RSSI: -93 [da:24:cd:5e:02:7c]
RSSI: -98 [da:24:ce:11:04:9c]
RSSI: -96 [da:24:ce:30:04:fc]
RSSI: -92 [da:24:ce:5d:05:8c]
RSSI: -91 [da:24:ce:6a:05:ac]
RSSI: -94 [da:24:ce:7a:05:dc]
RSSI: -93 [da:6c:03:f0:15:fa]
RSSI: -92 [da:24:ce:a6:06:6c]
RSSI: -89 [da:6c:04:1c:00:5a]
RSSI: -90 [da:6c:04:1c:00:5a]
RSSI: -86 [da:6c:04:2c:00:8a]
RSSI: -89 [da:6c:04:39:00:aa]
RSSI: -88 [da:6c:04:49:00:da]
RSSI: -87 [da:6c:04:59:01:0a]
RSSI: -90 [da:6c:04:59:01:0a]
RSSI: -86 [da:6c:04:66:01:2a]
RSSI: -88 [da:6c:04:76:01:5a]
RSSI: -89 [da:6c:04:86:01:8a]
RSSI: -89 [da:6c:04:86:01:8a]
RSSI: -90 [da:6c:04:92:01:aa]
RSSI: -92 [da:6c:04:cf:02:5a]
RSSI: -92 [da:6c:04:df:02:8a]
RSSI: -97 [da:24:d0:0c:0a:cc]
RSSI: -95 [da:24:d0:28:0b:2c]
RSSI: -98 [da:6c:05:bf:04:fa]
RSSI: -94 [da:24:d0:af:0c:cc]
RSSI: -92 [da:24:d1:18:0e:1c]
RSSI: -93 [da:24:d1:45:0e:ac]
RSSI: -95 [da:24:d1:72:0f:2c]
RSSI: -94 [da:24:d1:82:0f:6c]
RSSI: -98 [da:24:d1:cc:10:4c]
RSSI: -95 [da:24:d3:0d:14:1c]
RSSI: -92 [da:24:d3:7f:15:7c]
RSSI: -89 [da:24:d3:98:15:cc]
RSSI: -86 [da:24:d3:a5:15:ec]
RSSI: -83 [da:24:d3:b2:16:1c]
RSSI: -84 [da:24:d3:be:16:3c]
RSSI: -85 [da:24:d3:be:16:3c]
RSSI: -83 [da:24:d3:cb:16:5c]
RSSI: -84 [da:24:d3:d8:00:0c]
RSSI: -81 [da:24:d3:d8:00:0c]
RSSI: -81 [da:24:d3:e5:00:2c]
RSSI: -82 [da:24:d3:e5:00:2c]
RSSI: -82 [da:24:d3:f1:00:4c]
RSSI: -82 [da:24:d3:fe:00:7c]
RSSI: -82 [da:24:d3:fe:00:7c]
RSSI: -81 [da:24:d4:0b:00:9c]
RSSI: -81 [da:24:d4:0b:00:9c]
RSSI: -81 [da:24:d4:18:00:cc]
RSSI: -81 [da:24:d4:18:00:cc]
RSSI: -81 [da:24:d4:24:00:ec]
RSSI: -84 [da:24:d4:24:00:ec]
RSSI: -82 [da:24:d4:31:01:0c]
RSSI: -82 [da:24:d4:31:01:0c]
RSSI: -86 [da:24:d4:3e:01:3c]
RSSI: -84 [da:24:d4:3e:01:3c]
RSSI: -84 [da:24:d4:3e:01:3c]
RSSI: -85 [da:24:d4:4b:01:5c]
RSSI: -89 [da:24:d4:4b:01:5c]
RSSI: -86 [da:24:d4:57:01:8c]
RSSI: -86 [da:24:d4:57:01:8c]
RSSI: -89 [da:24:d4:97:02:4c]
RSSI: -89 [da:24:d4:b1:02:9c]
RSSI: -91 [da:24:d4:ca:02:ec]
RSSI: -95 [da:24:d4:fd:03:8c]
RSSI: -94 [da:24:d5:0a:03:ac]
RSSI: -96 [da:24:d5:8a:05:2c]
RSSI: -95 [da:24:d5:a3:05:7c]
RSSI: -94 [da:24:d5:b0:05:9c]
RSSI: -94 [da:24:d5:ca:05:fc]
RSSI: -96 [da:24:d5:f0:06:6c]
RSSI: -92 [da:24:d5:fd:06:9c]
RSSI: -94 [da:6c:0b:79:15:6a]
RSSI: -93 [da:6c:0b:86:15:9a]
RSSI: -95 [da:24:d6:49:07:8c]
RSSI: -94 [da:6c:0b:b9:16:2a]
RSSI: -87 [da:6c:0b:d3:00:4a]
RSSI: -87 [da:6c:0b:ec:00:9a]
RSSI: -92 [da:6c:0b:f9:00:ba]
RSSI: -87 [da:6c:0c:13:00:fa]
RSSI: -93 [da:6c:0c:20:01:2a]
RSSI: -90 [da:6c:0c:2c:01:4a]
RSSI: -86 [da:6c:0c:39:01:6a]
RSSI: -90 [da:6c:0c:46:01:8a]
RSSI: -87 [da:6c:0c:46:01:8a]
RSSI: -89 [da:6c:0c:60:01:da]
RSSI: -89 [da:6c:0c:6d:01:fa]
RSSI: -92 [da:6c:0c:86:02:4a]
RSSI: -92 [da:6c:0c:86:02:4a]
RSSI: -96 [da:24:d7:64:0a:fc]
RSSI: -96 [da:6c:0d:07:03:aa]
RSSI: -97 [da:24:d7:e5:0c:8c]
RSSI: -97 [da:24:d8:32:0d:7c]
RSSI: -95 [da:24:d8:7f:0e:6c]
RSSI: -94 [da:24:d8:a6:0e:ec]
RSSI: -96 [da:24:d8:f3:0f:dc]
RSSI: -97 [da:24:da:03:13:1c]
RSSI: -97 [da:24:da:5d:14:2c]
RSSI: -96 [da:24:da:b8:15:4c]
RSSI: -95 [da:24:da:c5:15:6c]
RSSI: -90 [da:24:da:d2:15:9c]
RSSI: -85 [da:24:da:f9:16:0c]
RSSI: -87 [da:24:db:06:16:2c]
RSSI: -85 [da:24:db:06:16:2c]
RSSI: -85 [da:24:db:13:16:5c]
RSSI: -84 [da:24:db:20:16:7c]
RSSI: -84 [da:24:db:2d:00:2c]
RSSI: -84 [da:24:db:3a:00:5c]
RSSI: -82 [da:24:db:47:00:7c]
RSSI: -83 [da:24:db:54:00:9c]
RSSI: -86 [da:24:db:61:00:cc]
RSSI: -84 [da:24:db:61:00:cc]
RSSI: -83 [da:24:db:6e:00:ec]
RSSI: -85 [da:24:db:7b:01:1c]
RSSI: -86 [da:24:db:88:01:3c]
RSSI: -87 [da:24:db:95:01:6c]
RSSI: -91 [da:24:db:a2:01:8c]
RSSI: -94 [da:24:db:d6:02:3c]
RSSI: -95 [da:24:db:fd:02:ac]
RSSI: -91 [da:24:dc:0a:02:dc]
RSSI: -95 [da:24:dc:3e:03:7c]
RSSI: -97 [da:24:dc:c0:05:0c]
RSSI: -96 [da:24:dc:cd:05:2c]
RSSI: -92 [da:24:dc:e8:05:7c]
RSSI: -90 [da:24:dc:f4:05:ac]
RSSI: -91 [da:24:dd:1b:06:1c]
RSSI: -90 [da:24:dd:43:06:9c]
RSSI: -94 [da:24:dd:6a:07:1c]
RSSI: -93 [da:24:dd:91:07:8c]
RSSI: -94 [da:6c:13:1c:15:3a]
RSSI: -93 [da:6c:13:43:15:aa]
RSSI: -95 [da:24:de:07:08:fc]
RSSI: -90 [da:6c:13:6a:16:1a]
RSSI: -90 [da:6c:13:84:00:2a]
RSSI: -87 [da:6c:13:91:00:4a]
RSSI: -91 [da:6c:13:9f:00:6a]
RSSI: -86 [da:6c:13:9f:00:6a]
RSSI: -88 [da:6c:13:ab:00:9a]
RSSI: -87 [da:6c:13:ab:00:9a]
RSSI: -87 [da:6c:13:b9:00:ba]
RSSI: -87 [da:6c:13:c6:00:ea]
RSSI: -88 [da:6c:13:d3:01:0a]
RSSI: -87 [da:6c:13:ed:01:5a]
RSSI: -90 [da:6c:13:fa:01:7a]
RSSI: -88 [da:6c:14:07:01:9a]
RSSI: -91 [da:6c:14:21:01:ea]
RSSI: -90 [da:6c:14:2f:02:0a]
RSSI: -94 [da:24:df:3d:0c:cc]
RSSI: -95 [da:24:df:8c:0d:bc]
RSSI: -92 [da:24:df:b3:0e:3c]
RSSI: -96 [da:24:df:f5:0f:0c]
RSSI: -95 [da:24:e0:0f:0f:5c]
RSSI: -96 [da:24:e0:36:0f:dc]
RSSI: -96 [da:24:e0:6b:10:7c]
RSSI: -96 [da:24:e0:ef:12:0c]
RSSI: -95 [da:24:e1:17:12:8c]
RSSI: -94 [da:24:e1:59:13:4c]
RSSI: -97 [da:24:e1:66:13:7c]
RSSI: -92 [da:24:e1:9a:14:1c]
RSSI: -90 [da:24:e1:b5:14:6c]
RSSI: -91 [da:24:e1:c2:14:9c]
RSSI: -93 [da:24:e1:dd:14:ec]
RSSI: -92 [da:24:e2:05:15:5c]
RSSI: -92 [da:24:e2:2c:15:dc]
RSSI: -87 [da:24:e2:39:15:fc]
RSSI: -87 [da:24:e2:47:16:2c]
RSSI: -85 [da:24:e2:61:16:7c]
RSSI: -85 [da:24:e2:6e:00:2c]
RSSI: -84 [da:24:e2:6e:00:2c]
RSSI: -87 [da:24:e2:7c:00:5c]
RSSI: -83 [da:24:e2:7c:00:5c]
RSSI: -84 [da:24:e2:88:00:7c]
RSSI: -87 [da:24:e2:88:00:7c]
RSSI: -84 [da:24:e2:96:00:ac]
RSSI: -85 [da:24:e2:96:00:ac]
RSSI: -84 [da:24:e2:96:00:ac]
RSSI: -87 [da:24:e2:a4:00:cc]
RSSI: -84 [da:24:e2:a4:00:cc]
RSSI: -85 [da:24:e2:b0:00:fc]
RSSI: -88 [da:24:e2:b0:00:fc]
RSSI: -87 [da:24:e2:be:01:2c]
RSSI: -85 [da:24:e2:be:01:2c]
RSSI: -87 [da:24:e2:cb:01:4c]
RSSI: -91 [da:24:e2:e6:01:9c]
RSSI: -96 [da:24:e3:1b:02:3c]
RSSI: -92 [da:24:e3:43:02:bc]
RSSI: -95 [da:24:e3:9f:03:cc]
RSSI: -95 [da:24:e4:17:05:3c]
RSSI: -93 [da:24:e4:32:05:9c]
RSSI: -89 [da:24:e4:3f:05:bc]
RSSI: -90 [da:24:e4:74:06:5c]
RSSI: -92 [da:24:e4:9c:06:dc]
RSSI: -94 [da:24:e4:b6:07:2c]
RSSI: -93 [da:24:e4:c4:07:5c]
RSSI: -96 [da:6c:1a:ad:14:aa]
RSSI: -95 [da:6c:1a:d5:15:2a]
RSSI: -91 [da:6c:1b:0b:15:ba]
RSSI: -92 [da:6c:1b:26:16:0a]
RSSI: -90 [da:6c:1b:33:16:2a]
RSSI: -93 [da:6c:1b:41:16:5a]
RSSI: -97 [da:24:e5:f7:0b:1c]
RSSI: -91 [da:6c:1b:69:00:7a]
RSSI: -89 [da:6c:1b:76:00:9a]
RSSI: -86 [da:6c:1b:84:00:ba]
RSSI: -89 [da:6c:1b:91:00:ea]
RSSI: -89 [da:6c:1b:ba:01:5a]
RSSI: -88 [da:6c:1b:ba:01:5a]
RSSI: -90 [da:6c:1b:c6:01:7a]
RSSI: -90 [da:6c:1b:c6:01:7a]
RSSI: -91 [da:6c:1b:ee:01:ea]
RSSI: -96 [da:24:e6:db:0d:ec]
RSSI: -94 [da:24:e7:1e:0e:bc]
RSSI: -93 [da:24:e7:2b:0e:dc]
RSSI: -94 [da:24:e7:60:0f:8c]
RSSI: -101 [da:24:e7:d9:10:fc]
RSSI: -94 [da:24:e8:60:12:9c]
RSSI: -94 [da:24:e8:6e:12:cc]
RSSI: -96 [da:24:e8:a3:13:6c]
RSSI: -94 [da:24:e9:0f:14:bc]
RSSI: -94 [da:24:e9:0f:14:bc]
RSSI: -92 [da:24:e9:44:15:4c]
RSSI: -90 [da:24:e9:60:15:ac]
RSSI: -87 [da:24:e9:6d:15:cc]
RSSI: -89 [da:24:e9:7b:15:fc]
RSSI: -85 [da:24:e9:7b:15:fc]
RSSI: -86 [da:24:e9:89:16:1c]
RSSI: -84 [da:24:e9:95:16:4c]
RSSI: -84 [da:24:e9:95:16:4c]
RSSI: -83 [da:24:e9:a3:16:6c]
RSSI: -83 [da:24:e9:b1:00:0c]
RSSI: -86 [da:24:e9:b1:00:0c]
RSSI: -83 [da:24:e9:be:00:2c]
RSSI: -82 [da:24:e9:be:00:2c]
RSSI: -83 [da:24:e9:cc:00:5c]
RSSI: -83 [da:24:e9:cc:00:5c]
RSSI: -85 [da:24:e9:e6:00:ac]
RSSI: -82 [da:24:e9:f4:00:cc]
RSSI: -83 [da:24:ea:02:00:fc]
RSSI: -86 [da:24:ea:1d:01:4c]
RSSI: -88 [da:24:ea:2b:01:7c]
RSSI: -91 [da:24:ea:6e:02:3c]
RSSI: -93 [da:24:ea:7c:02:6c]
RSSI: -91 [da:24:ea:88:02:8c]
RSSI: -93 [da:24:ea:cd:03:6c]
RSSI: -95 [da:24:eb:61:05:2c]
RSSI: -90 [da:24:eb:98:05:dc]
RSSI: -91 [da:24:eb:c1:06:5c]
RSSI: -90 [da:24:eb:cd:06:7c]
RSSI: -92 [da:24:eb:e9:06:dc]
RSSI: -94 [da:24:eb:f6:06:fc]
RSSI: -97 [da:6c:22:67:14:8a]
RSSI: -95 [da:24:ed:44:0b:0c]
RSSI: -94 [da:6c:22:b9:15:6a]
RSSI: -92 [da:6c:22:c5:15:9a]
RSSI: -90 [da:6c:22:ee:16:0a]
RSSI: -96 [da:24:ed:95:0c:0c]
RSSI: -91 [da:6c:23:0b:00:2a]
RSSI: -88 [da:6c:23:17:00:4a]
RSSI: -91 [da:6c:23:25:00:7a]
RSSI: -86 [da:6c:23:25:00:7a]
RSSI: -91 [da:6c:23:33:00:9a]
RSSI: -89 [da:6c:23:40:00:ca]
RSSI: -87 [da:6c:23:4e:00:ea]
RSSI: -95 [da:24:ee:04:0d:6c]
RSSI: -88 [da:6c:23:77:01:5a]
RSSI: -88 [da:6c:23:85:01:8a]
RSSI: -89 [da:6c:23:92:01:aa]
RSSI: -93 [da:6c:23:bb:02:1a]
RSSI: -95 [da:6c:23:c9:02:4a]
RSSI: -94 [da:24:ee:b4:0f:9c]
RSSI: -95 [da:24:ee:c2:0f:bc]
RSSI: -95 [da:24:ef:d3:13:0c]
RSSI: -95 [da:24:f0:26:13:fc]
RSSI: -92 [da:24:f0:86:15:2c]
RSSI: -90 [da:24:f0:a1:15:7c]
RSSI: -90 [da:24:f0:a1:15:7c]
RSSI: -88 [da:24:f0:b0:15:ac]
RSSI: -86 [da:24:f0:be:15:dc]
RSSI: -84 [da:24:f0:ca:15:fc]
RSSI: -86 [da:24:f0:d9:16:2c]
RSSI: -86 [da:24:f0:e7:16:4c]
RSSI: -83 [da:24:f0:f4:16:7c]
RSSI: -86 [da:24:f0:f4:16:7c]
RSSI: -85 [da:24:f1:02:00:2c]
RSSI: -82 [da:24:f1:02:00:2c]
RSSI: -85 [da:24:f1:10:00:5c]
RSSI: -84 [da:24:f1:10:00:5c]
RSSI: -84 [da:24:f1:10:00:5c]
RSSI: -84 [da:24:f1:1d:00:7c]
RSSI: -83 [da:24:f1:2b:00:ac]
RSSI: -85 [da:24:f1:3a:00:dc]
RSSI: -85 [da:24:f1:3a:00:dc]
RSSI: -87 [da:24:f1:46:00:fc]
RSSI: -86 [da:24:f1:46:00:fc]
RSSI: -88 [da:24:f1:63:01:5c]
RSSI: -90 [da:24:f1:6f:01:7c]
RSSI: -92 [da:24:f1:b5:02:5c]
RSSI: -94 [da:24:f1:c2:02:7c]
RSSI: -95 [da:24:f1:d0:02:ac]
RSSI: -95 [da:24:f2:23:03:ac]
RSSI: -94 [da:24:f2:9f:05:1c]
RSSI: -91 [da:24:f2:f2:06:1c]
RSSI: -91 [da:24:f3:1b:06:9c]
RSSI: -92 [da:24:f3:2a:06:cc]
RSSI: -93 [da:24:f3:60:07:7c]
RSSI: -95 [da:24:f5:0e:0c:bc]
RSSI: -94 [da:6c:2a:a0:15:ea]
RSSI: -90 [da:6c:2a:bc:16:2a]
RSSI: -92 [da:6c:2a:ca:00:2a]
RSSI: -89 [da:6c:2a:d7:00:4a]
RSSI: -88 [da:6c:2b:01:00:ca]
RSSI: -88 [da:6c:2b:0f:00:ea]
RSSI: -86 [da:6c:2b:1e:01:1a]
RSSI: -87 [da:6c:2b:2a:01:3a]
RSSI: -93 [da:24:f5:d0:0f:1c]
RSSI: -88 [da:6c:2b:39:01:6a]
RSSI: -89 [da:6c:2b:47:01:8a]
RSSI: -88 [da:6c:2b:54:01:aa]
RSSI: -94 [da:24:f5:f9:0f:9c]
RSSI: -89 [da:6c:2b:63:01:da]
RSSI: -91 [da:6c:2b:71:02:0a]
RSSI: -95 [da:24:f6:16:0f:ec]
RSSI: -92 [da:6c:2b:8c:02:4a]
RSSI: -96 [da:24:f6:40:10:7c]
RSSI: -92 [da:6c:2b:9b:02:7a]
RSSI: -98 [da:6c:2c:18:03:da]
RSSI: -101 [da:24:f6:be:11:fc]
RSSI: -97 [da:24:f7:03:12:cc]
RSSI: -94 [da:24:f7:2c:13:4c]
RSSI: -96 [da:24:f7:65:13:fc]
RSSI: -92 [da:24:f7:9b:14:9c]
RSSI: -94 [da:24:f7:d4:15:4c]
RSSI: -93 [da:24:f7:d4:15:4c]
RSSI: -88 [da:24:f8:0c:15:fc]
RSSI: -86 [da:24:f8:0c:15:fc]
RSSI: -84 [da:24:f8:19:16:1c]
RSSI: -85 [da:24:f8:28:16:4c]
RSSI: -86 [da:24:f8:28:16:4c]
RSSI: -84 [da:24:f8:36:16:7c]
RSSI: -84 [da:24:f8:36:16:7c]
RSSI: -85 [da:24:f8:43:00:0c]
RSSI: -82 [da:24:f8:43:00:0c]
RSSI: -84 [da:24:f8:60:00:5c]
RSSI: -82 [da:24:f8:6d:00:7c]
RSSI: -85 [da:24:f8:7c:00:ac]
RSSI: -81 [da:24:f8:7c:00:ac]
RSSI: -85 [da:24:f8:8a:00:dc]
RSSI: -85 [da:24:f8:8a:00:dc]
RSSI: -86 [da:24:f8:97:00:fc]
RSSI: -84 [da:24:f8:a6:01:2c]
RSSI: -85 [da:24:f8:b4:01:5c]
RSSI: -89 [da:24:f8:fa:02:3c]
RSSI: -92 [da:24:f9:15:02:8c]
RSSI: -94 [da:24:f9:5c:03:5c]
RSSI: -92 [da:24:f9:69:03:8c]
RSSI: -97 [da:24:f9:e7:05:0c]
RSSI: -91 [da:24:fa:27:05:cc]
RSSI: -89 [da:24:fa:60:06:8c]
RSSI: -90 [da:24:fa:60:06:8c]
RSSI: -93 [da:24:fa:a6:07:5c]
RSSI: -96 [da:24:fa:c1:07:ac]
RSSI: -97 [da:24:fb:33:09:1c]
RSSI: -96 [da:24:fb:33:09:1c]
RSSI: -97 [da:24:fb:cd:0a:fc]
RSSI: -95 [da:24:fb:f8:0b:7c]
RSSI: -95 [da:24:fc:31:0c:2c]
RSSI: -93 [da:24:fc:5b:0c:bc]
RSSI: -93 [da:24:fc:68:0c:dc]
RSSI: -97 [da:6c:31:ef:14:aa]
RSSI: -93 [da:24:fc:92:0d:5c]
RSSI: -95 [da:24:fc:b0:0d:bc]
RSSI: -96 [da:6c:32:53:15:ba]
RSSI: -90 [da:24:fd:05:0e:cc]
RSSI: -88 [da:6c:32:8c:00:2a]
RSSI: -92 [da:24:fd:2f:0f:4c]
RSSI: -86 [da:6c:32:99:00:4a]
RSSI: -90 [da:6c:32:a8:00:7a]
RSSI: -88 [da:6c:32:c3:00:ca]
RSSI: -87 [da:6c:32:d2:00:fa]
RSSI: -89 [da:6c:32:e1:01:1a]
RSSI: -88 [da:6c:32:ee:01:3a]
RSSI: -87 [da:6c:32:fd:01:6a]
RSSI: -89 [da:6c:32:fd:01:6a]
RSSI: -93 [da:6c:33:43:02:2a]
RSSI: -95 [da:24:fe:4a:12:ac]
RSSI: -94 [da:24:fe:bb:14:0c]
RSSI: -88 [da:24:ff:3b:15:8c]
RSSI: -86 [da:24:ff:4a:15:bc]
RSSI: -88 [da:24:ff:59:15:ec]
RSSI: -84 [da:24:ff:65:16:0c]
RSSI: -83 [da:24:ff:74:16:3c]
RSSI: -83 [da:24:ff:74:16:3c]
RSSI: -82 [da:24:ff:74:16:3c]
RSSI: -83 [da:24:ff:74:16:3c]
RSSI: -85 [da:24:ff:83:16:6c]
RSSI: -82 [da:24:ff:83:16:6c]
RSSI: -83 [da:24:ff:90:00:2c]
RSSI: -81 [da:24:ff:9f:00:5c]
RSSI: -82 [da:24:ff:ae:00:8c]
RSSI: -82 [da:24:ff:ae:00:8c]
RSSI: -83 [da:24:ff:bb:00:ac]
RSSI: -82 [da:24:ff:d9:01:0c]
RSSI: -85 [da:24:ff:e5:01:3c]
RSSI: -83 [da:24:ff:e5:01:3c]
RSSI: -90 [da:25:00:10:01:bc]
RSSI: -95 [da:25:00:4a:02:6c]
RSSI: -96 [da:25:00:59:02:9c]
RSSI: -94 [da:25:00:75:02:ec]
RSSI: -98 [da:25:01:2f:05:2c]
RSSI: -92 [da:25:01:5a:05:ac]
RSSI: -92 [da:25:01:67:05:cc]
RSSI: -93 [da:25:01:85:06:2c]
RSSI: -95 [da:25:01:b0:06:ac]
RSSI: -95 [da:25:01:db:07:3c]
RSSI: -96 [da:25:04:26:0e:6c]
RSSI: -95 [da:25:04:7c:0f:7c]
RSSI: -93 [da:6c:3a:31:16:0a]
RSSI: -96 [da:6c:3a:40:16:3a]
RSSI: -94 [da:6c:3a:4d:16:5a]
RSSI: -92 [da:6c:3a:5c:00:2a]
RSSI: -90 [da:6c:3a:97:00:da]
RSSI: -89 [da:6c:3a:a3:00:fa]
RSSI: -89 [da:6c:3a:b3:01:1a]
RSSI: -90 [da:6c:3a:c2:01:4a]
RSSI: -91 [da:6c:3a:de:01:9a]
RSSI: -94 [da:6c:3b:09:02:1a]
RSSI: -97 [da:25:06:01:14:2c]
RSSI: -93 [da:25:06:2c:14:ac]
RSSI: -91 [da:25:06:73:15:7c]
RSSI: -90 [da:25:06:73:15:7c]
RSSI: -88 [da:25:06:83:15:ac]
RSSI: -83 [da:25:06:9f:15:fc]
RSSI: -83 [da:25:06:9f:15:fc]
RSSI: -85 [da:25:06:ae:16:2c]
RSSI: -82 [da:25:06:ae:16:2c]
RSSI: -84 [da:25:06:be:16:5c]
RSSI: -86 [da:25:06:ca:00:0c]
RSSI: -81 [da:25:06:da:00:2c]
RSSI: -85 [da:25:06:da:00:2c]
RSSI: -83 [da:25:06:e9:00:5c]
RSSI: -83 [da:25:06:e9:00:5c]
RSSI: -85 [da:25:06:f6:00:8c]
RSSI: -83 [da:25:06:f6:00:8c]
RSSI: -83 [da:25:07:05:00:bc]
RSSI: -83 [da:25:07:14:00:ec]
RSSI: -84 [da:25:07:21:01:0c]
RSSI: -84 [da:25:07:21:01:0c]
RSSI: -86 [da:25:07:30:01:3c]
RSSI: -86 [da:25:07:30:01:3c]
RSSI: -90 [da:25:07:4c:01:8c]
RSSI: -91 [da:25:07:87:02:4c]
RSSI: -92 [da:25:07:a3:02:9c]
RSSI: -94 [da:25:07:b3:02:cc]
RSSI: -97 [da:25:08:0a:03:dc]
RSSI: -97 [da:25:08:67:04:fc]
RSSI: -93 [da:25:08:a2:05:ac]
RSSI: -92 [da:25:08:ae:05:dc]
RSSI: -94 [da:25:08:da:06:5c]
RSSI: -95 [da:25:09:50:07:cc]
RSSI: -98 [da:25:09:c4:09:3c]
RSSI: -95 [da:25:0a:f6:0c:fc]
RSSI: -95 [da:25:0b:4d:0e:0c]
RSSI: -99 [da:25:0b:79:0e:8c]
RSSI: -95 [da:25:0b:a5:0f:1c]
RSSI: -96 [da:25:0b:c1:0f:7c]
RSSI: -97 [da:6c:41:8a:14:ba]
RSSI: -95 [da:6c:41:d2:15:7a]
RSSI: -97 [da:6c:41:f1:15:da]
RSSI: -93 [da:6c:41:fe:15:fa]
RSSI: -91 [da:6c:42:0e:16:2a]
RSSI: -93 [da:6c:42:2a:00:4a]
RSSI: -93 [da:6c:42:49:00:aa]
RSSI: -93 [da:6c:42:56:00:ca]
RSSI: -91 [da:6c:42:92:01:7a]
RSSI: -94 [da:6c:42:a1:01:aa]
RSSI: -93 [da:6c:42:be:01:fa]
RSSI: -95 [da:6c:42:ce:02:2a]
RSSI: -94 [da:25:0d:b4:15:6c]
RSSI: -90 [da:25:0d:c4:15:9c]
RSSI: -89 [da:25:0d:c4:15:9c]
RSSI: -88 [da:25:0d:e0:15:fc]
RSSI: -86 [da:25:0d:e0:15:fc]
RSSI: -85 [da:25:0d:f0:16:2c]
RSSI: -87 [da:25:0d:f0:16:2c]
RSSI: -85 [da:25:0d:fd:16:4c]
RSSI: -83 [da:25:0e:0d:16:7c]
RSSI: -84 [da:25:0e:1c:00:2c]
RSSI: -85 [da:25:0e:1c:00:2c]
RSSI: -81 [da:25:0e:1c:00:2c]
RSSI: -84 [da:25:0e:29:00:5c]
RSSI: -83 [da:25:0e:29:00:5c]
RSSI: -83 [da:25:0e:39:00:8c]
RSSI: -83 [da:25:0e:39:00:8c]
RSSI: -83 [da:25:0e:48:00:bc]
RSSI: -85 [da:25:0e:48:00:bc]
RSSI: -82 [da:25:0e:55:00:dc]
RSSI: -83 [da:25:0e:55:00:dc]
RSSI: -83 [da:25:0e:65:01:0c]
RSSI: -86 [da:25:0e:74:01:3c]
RSSI: -85 [da:25:0e:74:01:3c]
RSSI: -90 [da:25:0e:81:01:6c]
RSSI: -92 [da:25:0e:91:01:9c]
RSSI: -93 [da:25:0e:cd:02:4c]
RSSI: -97 [da:25:0f:d6:05:7c]
RSSI: -94 [da:25:0f:f2:05:cc]
RSSI: -92 [da:25:10:2e:06:8c]
RSSI: -96 [da:25:10:67:07:3c]
RSSI: -99 [da:25:11:bd:0b:6c]
RSSI: -98 [da:25:12:5f:0d:6c]
RSSI: -97 [da:25:12:c8:0e:bc]
RSSI: -98 [da:25:14:5a:13:8c]
RSSI: -97 [da:25:14:66:13:ac]
RSSI: -97 [da:6c:4a:24:00:fa]
RSSI: -97 [da:6c:4a:34:01:2a]
RSSI: -92 [da:25:14:fc:15:7c]
RSSI: -89 [da:25:15:19:15:dc]
RSSI: -87 [da:25:15:29:16:0c]
RSSI: -88 [da:25:15:46:16:5c]
RSSI: -88 [da:25:15:73:00:5c]
RSSI: -84 [da:25:15:73:00:5c]
RSSI: -91 [da:25:15:93:00:bc]
RSSI: -92 [da:25:15:9f:00:dc]
RSSI: -98 [da:25:15:f9:01:fc]
RSSI: -97 [da:25:16:7f:03:9c]
RSSI: -95 [da:25:17:2f:05:ac]
RSSI: -94 [da:25:17:69:06:6c]
RSSI: -95 [da:25:1a:24:0e:fc]
RSSI: -97 [da:25:1a:64:0f:bc]
RSSI: -101 [da:25:1b:4b:12:7c]
RSSI: -97 [da:25:1b:7e:13:1c]
RSSI: -98 [da:25:1b:e4:14:5c]
RSSI: -96 [da:6c:51:88:16:2a]
RSSI: -92 [da:6c:51:94:16:4a]
RSSI: -86 [da:25:1c:58:15:bc]
RSSI: -89 [da:25:1c:58:15:bc]
RSSI: -85 [da:25:1c:65:15:dc]
RSSI: -85 [da:25:1c:72:16:0c]
RSSI: -83 [da:25:1c:7f:16:2c]
RSSI: -86 [da:25:1c:7f:16:2c]
RSSI: -83 [da:25:1c:8b:16:5c]
RSSI: -83 [da:25:1c:98:16:7c]
RSSI: -89 [da:6c:51:fb:01:2a]
RSSI: -84 [da:25:1c:98:16:7c]
RSSI: -83 [da:25:1c:a5:00:2c]
RSSI: -84 [da:25:1c:a5:00:2c]
RSSI: -82 [da:25:1c:bf:00:7c]
RSSI: -91 [da:6c:52:22:01:9a]
RSSI: -82 [da:25:1c:bf:00:7c]
RSSI: -82 [da:25:1c:cc:00:9c]
RSSI: -81 [da:25:1c:d9:00:cc]
RSSI: -84 [da:25:1c:e5:00:ec]
RSSI: -83 [da:25:1c:f2:01:1c]
RSSI: -81 [da:25:1c:f2:01:1c]
RSSI: -91 [da:25:1d:0c:01:6c]
RSSI: -88 [da:25:1d:19:01:9c]
RSSI: -85 [da:25:1d:19:01:9c]
RSSI: -92 [da:25:1d:59:02:5c]
RSSI: -94 [da:25:1d:80:02:cc]
RSSI: -95 [da:25:1d:8d:02:fc]
RSSI: -96 [da:25:1d:cd:03:bc]
RSSI: -98 [da:25:1e:4f:05:4c]
RSSI: -95 [da:25:1e:5c:05:6c]
RSSI: -93 [da:25:1e:75:05:bc]
RSSI: -92 [da:25:1e:c3:06:ac]
RSSI: -95 [da:25:1e:f7:07:4c]
RSSI: -96 [da:25:1e:f7:07:4c]
RSSI: -96 [da:25:20:e4:0d:6c]
RSSI: -94 [da:25:21:3f:0e:7c]
RSSI: -95 [da:25:21:8d:0f:6c]
RSSI: -96 [da:25:21:b4:0f:ec]
RSSI: -94 [da:25:22:85:12:6c]
RSSI: -96 [da:25:22:85:12:6c]
RSSI: -96 [da:25:22:fb:13:dc]
RSSI: -97 [da:25:23:15:14:2c]
RSSI: -94 [da:25:23:2f:14:7c]
RSSI: -96 [da:25:23:64:15:1c]
RSSI: -94 [da:25:23:7e:15:6c]
RSSI: -90 [da:25:23:8b:15:8c]
RSSI: -86 [da:25:23:a5:15:dc]
RSSI: -85 [da:25:23:b2:16:0c]
RSSI: -82 [da:25:23:cc:16:5c]
RSSI: -83 [da:25:23:da:16:7c]
RSSI: -82 [da:25:23:e6:00:0c]
RSSI: -87 [da:25:23:f9:00:3c]
RSSI: -82 [da:25:23:f9:00:3c]
RSSI: -81 [da:25:24:09:00:6c]
RSSI: -82 [da:25:24:16:00:8c]
RSSI: -82 [da:25:24:16:00:8c]
RSSI: -88 [da:25:24:23:00:bc]
RSSI: -82 [da:25:24:23:00:bc]
RSSI: -83 [da:25:24:31:00:dc]
RSSI: -88 [da:25:24:31:00:dc]
RSSI: -83 [da:25:24:3d:01:0c]
RSSI: -94 [da:6c:59:bc:01:1a]
RSSI: -94 [da:6c:59:c9:01:3a]
RSSI: -95 [da:6c:5a:0b:01:fa]
RSSI: -95 [da:6c:5a:0b:01:fa]
RSSI: -89 [da:25:24:b3:02:6c]
RSSI: -92 [da:25:24:c1:02:9c]
RSSI: -95 [da:25:24:db:02:ec]
RSSI: -98 [da:25:25:37:04:0c]
RSSI: -95 [da:25:25:94:05:2c]
RSSI: -91 [da:25:25:c8:05:cc]
RSSI: -93 [da:25:25:f0:06:4c]
RSSI: -93 [da:25:26:0b:06:9c]
RSSI: -97 [da:25:26:3f:07:3c]
RSSI: -94 [da:25:27:7c:0b:1c]
RSSI: -98 [da:25:27:f4:0c:9c]
RSSI: -97 [da:25:28:43:0d:8c]
RSSI: -96 [da:25:28:5e:0d:ec]
RSSI: -96 [da:25:28:93:0e:8c]
RSSI: -97 [da:25:28:a1:0e:bc]
RSSI: -93 [da:25:28:d6:0f:5c]
RSSI: -94 [da:25:28:e3:0f:8c]
RSSI: -95 [da:25:28:fe:0f:dc]
RSSI: -97 [da:25:2a:08:13:0c]
RSSI: -97 [da:25:2a:30:13:8c]
RSSI: -97 [da:25:2a:72:14:4c]
RSSI: -91 [da:25:2a:c2:15:4c]
RSSI: -88 [da:25:2a:d0:15:7c]
RSSI: -86 [da:25:2a:ea:15:cc]
RSSI: -83 [da:25:2a:f8:15:ec]
RSSI: -84 [da:25:2a:f8:15:ec]
RSSI: -88 [da:25:2b:06:16:1c]
RSSI: -83 [da:25:2b:13:16:3c]
RSSI: -81 [da:25:2b:20:16:6c]
RSSI: -87 [da:25:2b:2e:00:2c]
RSSI: -81 [da:25:2b:2e:00:2c]
RSSI: -82 [da:25:2b:3b:00:5c]
RSSI: -86 [da:25:2b:3b:00:5c]
RSSI: -81 [da:25:2b:49:00:7c]
RSSI: -83 [da:25:2b:49:00:7c]
RSSI: -82 [da:25:2b:56:00:ac]
RSSI: -84 [da:25:2b:63:00:cc]
RSSI: -87 [da:25:2b:63:00:cc]
RSSI: -83 [da:25:2b:71:00:fc]
RSSI: -87 [da:25:2b:7e:01:2c]
RSSI: -85 [da:25:2b:7e:01:2c]
RSSI: -89 [da:25:2b:8b:01:4c]
RSSI: -91 [da:25:2b:a7:01:9c]
RSSI: -93 [da:6c:61:33:00:2a]
RSSI: -92 [da:25:2b:e9:02:6c]
RSSI: -91 [da:25:2b:f7:02:9c]
RSSI: -91 [da:6c:61:5b:00:9a]
RSSI: -94 [da:6c:61:91:01:3a]
RSSI: -95 [da:6c:61:9e:01:5a]
RSSI: -98 [da:6c:61:fc:02:6a]
RSSI: -94 [da:25:2c:e8:05:7c]
RSSI: -93 [da:25:2d:11:05:fc]
RSSI: -94 [da:25:2d:39:06:7c]
RSSI: -98 [da:25:2f:b3:0e:4c]
RSSI: -97 [da:25:30:04:0f:3c]
RSSI: -96 [da:25:31:13:12:8c]
RSSI: -98 [da:25:31:5f:13:6c]
RSSI: -94 [da:25:31:b0:14:6c]
RSSI: -93 [da:25:32:02:15:6c]
RSSI: -93 [da:25:32:0f:15:8c]
RSSI: -89 [da:25:32:1d:15:bc]
RSSI: -88 [da:25:32:2b:15:ec]
RSSI: -87 [da:25:32:38:16:0c]
RSSI: -85 [da:25:32:46:16:3c]
RSSI: -85 [da:25:32:54:16:5c]
RSSI: -84 [da:25:32:61:00:0c]
RSSI: -84 [da:25:32:61:00:0c]
RSSI: -82 [da:25:32:6f:00:2c]
RSSI: -83 [da:25:32:6f:00:2c]
RSSI: -85 [da:25:32:7d:00:5c]
RSSI: -81 [da:25:32:7d:00:5c]
RSSI: -82 [da:25:32:89:00:7c]
RSSI: -83 [da:25:32:98:00:ac]
RSSI: -82 [da:25:32:a6:00:dc]
RSSI: -85 [da:25:32:b2:00:fc]
RSSI: -85 [da:25:32:c1:01:2c]
RSSI: -86 [da:25:32:c1:01:2c]
RSSI: -86 [da:25:32:cf:01:5c]
RSSI: -86 [da:25:32:cf:01:5c]
RSSI: -89 [da:25:32:db:01:7c]
RSSI: -91 [da:25:32:ea:01:ac]
RSSI: -88 [da:25:33:2d:02:7c]
RSSI: -90 [da:25:33:3b:02:ac]
RSSI: -93 [da:6c:68:d8:16:0a]
RSSI: -93 [da:25:33:8d:03:ac]
RSSI: -90 [da:6c:69:01:00:4a]
RSSI: -90 [da:6c:69:0f:00:7a]
RSSI: -92 [da:6c:69:0f:00:7a]
RSSI: -91 [da:6c:69:38:00:ea]
RSSI: -95 [da:25:33:df:04:9c]
RSSI: -92 [da:6c:69:44:01:0a]
RSSI: -95 [da:25:33:fa:04:ec]
RSSI: -94 [da:25:34:08:05:1c]
RSSI: -92 [da:6c:69:6d:01:7a]
RSSI: -92 [da:6c:69:8a:01:ca]
RSSI: -93 [da:6c:69:8a:01:ca]
RSSI: -93 [da:25:34:4c:05:fc]
RSSI: -95 [da:6c:69:bf:02:6a]
RSSI: -94 [da:25:34:84:06:ac]
RSSI: -96 [da:25:34:92:06:cc]
RSSI: -97 [da:25:35:e8:0a:fc]
RSSI: -96 [da:25:36:8d:0d:0c]
RSSI: -96 [da:25:36:8d:0d:0c]
RSSI: -94 [da:25:36:df:0e:0c]
RSSI: -94 [da:25:36:fc:0e:6c]
RSSI: -94 [da:25:36:fc:0e:6c]
RSSI: -93 [da:25:37:09:0e:8c]
RSSI: -94 [da:25:37:40:0f:3c]
RSSI: -94 [da:25:37:5b:0f:9c]
RSSI: -95 [da:25:37:6a:0f:bc]
RSSI: -96 [da:25:37:a1:10:6c]
RSSI: -98 [da:25:38:62:12:bc]
RSSI: -92 [da:25:38:d0:14:0c]
RSSI: -92 [da:25:39:4d:15:8c]
RSSI: -87 [da:25:39:5c:15:bc]
RSSI: -84 [da:25:39:6a:15:ec]
RSSI: -87 [da:25:39:77:16:0c]
RSSI: -84 [da:25:39:77:16:0c]
RSSI: -84 [da:25:39:77:16:0c]
RSSI: -85 [da:25:39:85:16:3c]
RSSI: -82 [da:25:39:a0:00:0c]
RSSI: -81 [da:25:39:a0:00:0c]
RSSI: -84 [da:25:39:af:00:2c]
RSSI: -82 [da:25:39:af:00:2c]
RSSI: -81 [da:25:39:bd:00:5c]
RSSI: -81 [da:25:39:bd:00:5c]
RSSI: -83 [da:25:39:bd:00:5c]
RSSI: -83 [da:25:39:bd:00:5c]
RSSI: -81 [da:25:39:ca:00:8c]
RSSI: -83 [da:25:39:d8:00:ac]
RSSI: -83 [da:25:39:e7:00:dc]
RSSI: -83 [da:25:39:f3:01:0c]
RSSI: -84 [da:25:39:f3:01:0c]
RSSI: -84 [da:25:3a:02:01:3c]
RSSI: -89 [da:25:3a:10:01:5c]
RSSI: -87 [da:25:3a:1d:01:8c]
RSSI: -90 [da:25:3a:2c:01:bc]
RSSI: -91 [da:25:3a:2c:01:bc]
RSSI: -95 [da:25:3a:55:02:3c]
RSSI: -90 [da:25:3a:70:02:8c]
RSSI: -100 [da:25:3a:e1:03:dc]
RSSI: -96 [da:6c:70:56:15:4a]
RSSI: -96 [da:6c:70:8c:15:ea]
RSSI: -93 [da:6c:70:9b:16:1a]
RSSI: -92 [da:6c:70:a9:16:3a]
RSSI: -89 [da:6c:70:b6:00:2a]
RSSI: -88 [da:6c:70:e0:00:9a]
RSSI: -91 [da:6c:70:ee:00:ca]
RSSI: -88 [da:6c:70:ee:00:ca]
RSSI: -90 [da:6c:70:fd:00:ea]
RSSI: -91 [da:25:3b:b2:06:6c]
RSSI: -91 [da:6c:71:27:01:6a]
RSSI: -90 [da:6c:71:42:01:ba]
RSSI: -90 [da:6c:71:50:01:da]
RSSI: -91 [da:6c:71:6c:02:2a]
RSSI: -92 [da:6c:71:7a:02:4a]
RSSI: -99 [da:25:3c:66:08:9c]
RSSI: -98 [da:25:3c:74:08:cc]
RSSI: -95 [da:25:3c:d7:09:fc]
RSSI: -96 [da:25:3d:46:0b:5c]
RSSI: -95 [da:25:3d:d3:0d:1c]
RSSI: -95 [da:25:3d:fd:0d:9c]
RSSI: -95 [da:25:3e:33:0e:4c]
RSSI: -97 [da:25:3e:dc:10:5c]
RSSI: -97 [da:25:3f:fd:13:cc]
RSSI: -93 [da:25:40:34:14:7c]
RSSI: -93 [da:25:40:7c:15:4c]
RSSI: -92 [da:25:40:89:15:7c]
RSSI: -87 [da:25:40:97:15:9c]
RSSI: -86 [da:25:40:a6:15:cc]
RSSI: -88 [da:25:40:b3:15:fc]
RSSI: -84 [da:25:40:b3:15:fc]
RSSI: -82 [da:25:40:c2:16:2c]
RSSI: -86 [da:25:40:c2:16:2c]
RSSI: -83 [da:25:40:d1:16:4c]
RSSI: -80 [da:25:40:d1:16:4c]
RSSI: -88 [da:25:40:dd:16:7c]
RSSI: -82 [da:25:40:dd:16:7c]
RSSI: -85 [da:25:40:ec:00:2c]
RSSI: -82 [da:25:40:ec:00:2c]
RSSI: -80 [da:25:40:fb:00:5c]
RSSI: -82 [da:25:41:07:00:8c]
RSSI: -82 [da:25:41:16:00:ac]
RSSI: -81 [da:25:41:32:01:0c]
RSSI: -83 [da:25:41:41:01:2c]
RSSI: -83 [da:25:41:41:01:2c]
RSSI: -89 [da:25:41:50:01:5c]
RSSI: -85 [da:25:41:50:01:5c]
RSSI: -95 [da:25:41:6b:01:bc]
RSSI: -96 [da:25:41:7a:01:dc]
RSSI: -93 [da:25:41:a4:02:5c]
RSSI: -91 [da:25:41:b1:02:8c]
RSSI: -93 [da:25:41:c0:02:bc]
RSSI: -93 [da:25:42:06:03:8c]
RSSI: -97 [da:25:42:85:05:1c]
RSSI: -96 [da:25:42:b0:05:9c]
RSSI: -97 [da:6c:78:26:15:6a]
RSSI: -91 [da:6c:78:60:16:0a]
RSSI: -90 [da:6c:78:8a:00:4a]
RSSI: -88 [da:6c:78:99:00:7a]
RSSI: -88 [da:6c:78:c4:00:fa]
RSSI: -88 [da:6c:78:c4:00:fa]
RSSI: -87 [da:6c:78:d1:01:1a]
RSSI: -91 [da:6c:78:e0:01:3a]
RSSI: -89 [da:6c:78:fb:01:8a]
RSSI: -91 [da:6c:79:26:02:0a]
RSSI: -92 [da:6c:79:35:02:2a]
RSSI: -94 [da:6c:79:44:02:5a]
RSSI: -98 [da:6c:79:6f:02:ca]
RSSI: -96 [da:25:44:da:0c:5c]
RSSI: -96 [da:25:45:14:0d:1c]
RSSI: -96 [da:25:45:4d:0d:cc]
RSSI: -94 [da:25:45:5a:0d:fc]
RSSI: -94 [da:25:45:a3:0e:dc]
RSSI: -93 [da:25:45:b0:0e:fc]
RSSI: -96 [da:25:45:f9:0f:ec]
RSSI: -97 [da:25:46:05:10:0c]
RSSI: -96 [da:25:46:3f:10:bc]
RSSI: -98 [da:25:47:07:13:1c]
RSSI: -92 [da:25:47:50:13:fc]
RSSI: -93 [da:25:47:5d:14:2c]
RSSI: -93 [da:25:47:6c:14:5c]
RSSI: -93 [da:25:47:c2:15:5c]
RSSI: -93 [da:25:47:d1:15:8c]
RSSI: -88 [da:25:47:de:15:ac]
RSSI: -84 [da:25:47:ed:15:dc]
RSSI: -82 [da:25:47:fc:16:0c]
RSSI: -84 [da:25:48:09:16:3c]
RSSI: -82 [da:25:48:18:16:6c]
RSSI: -80 [da:25:48:27:00:0c]
RSSI: -83 [da:25:48:34:00:2c]
RSSI: -83 [da:25:48:34:00:2c]
RSSI: -79 [da:25:48:34:00:2c]
RSSI: -84 [da:25:48:43:00:5c]
RSSI: -82 [da:25:48:52:00:8c]
RSSI: -83 [da:25:48:52:00:8c]
RSSI: -79 [da:25:48:5f:00:ac]
RSSI: -84 [da:25:48:6e:00:dc]
RSSI: -80 [da:25:48:6e:00:dc]
RSSI: -84 [da:25:48:7d:01:0c]
RSSI: -86 [da:25:48:7d:01:0c]
RSSI: -84 [da:25:48:99:01:5c]
RSSI: -96 [da:25:48:c4:01:ec]
RSSI: -94 [da:25:48:e0:02:3c]
RSSI: -92 [da:25:48:ff:02:9c]
RSSI: -93 [da:25:49:62:03:cc]
RSSI: -96 [da:25:49:80:04:2c]
RSSI: -98 [da:25:49:8d:04:4c]
RSSI: -96 [da:25:49:e3:05:4c]
RSSI: -91 [da:25:49:f2:05:7c]
RSSI: -91 [da:25:4a:02:05:ac]
RSSI: -92 [da:25:4a:2d:06:3c]
RSSI: -93 [da:25:4a:2d:06:3c]
RSSI: -98 [da:25:4a:74:07:1c]
RSSI: -95 [da:6c:80:17:15:ea]
RSSI: -96 [da:6c:80:27:16:0a]
RSSI: -91 [da:6c:80:52:00:5a]
RSSI: -92 [da:6c:80:5e:00:7a]
RSSI: -90 [da:6c:80:7d:00:da]
RSSI: -93 [da:6c:80:99:01:2a]
RSSI: -94 [da:6c:80:c5:01:9a]
RSSI: -95 [da:6c:80:d4:01:ca]
RSSI: -96 [da:6c:80:f0:02:1a]
RSSI: -98 [da:25:4c:60:0d:2c]
RSSI: -96 [da:25:4c:a8:0d:fc]
RSSI: -98 [da:25:4c:c4:0e:5c]
RSSI: -95 [da:25:4d:1b:0f:6c]
RSSI: -95 [da:25:4d:2a:0f:9c]
RSSI: -96 [da:25:4d:78:10:8c]
RSSI: -97 [da:25:4d:87:10:bc]
RSSI: -95 [da:25:4e:1a:12:7c]
RSSI: -95 [da:25:4e:52:13:2c]
RSSI: -93 [da:25:4e:8d:13:dc]
RSSI: -93 [da:25:4e:b9:14:5c]
RSSI: -95 [da:25:4e:d5:14:bc]
RSSI: -95 [da:25:4f:10:15:6c]
RSSI: -87 [da:25:4f:20:15:9c]
RSSI: -87 [da:25:4f:2c:15:cc]
RSSI: -85 [da:25:4f:2c:15:cc]
RSSI: -85 [da:25:4f:3c:15:fc]
RSSI: -83 [da:25:4f:4b:16:1c]
RSSI: -82 [da:25:4f:58:16:4c]
RSSI: -82 [da:25:4f:68:16:7c]
RSSI: -82 [da:25:4f:68:16:7c]
RSSI: -80 [da:25:4f:77:00:2c]
RSSI: -81 [da:25:4f:77:00:2c]
RSSI: -80 [da:25:4f:84:00:5c]
RSSI: -81 [da:25:4f:93:00:8c]
RSSI: -80 [da:25:4f:93:00:8c]
RSSI: -81 [da:25:4f:a3:00:bc]
RSSI: -80 [da:25:4f:a3:00:bc]
RSSI: -81 [da:25:4f:b0:00:dc]
RSSI: -81 [da:25:4f:bf:01:0c]
RSSI: -83 [da:25:4f:bf:01:0c]
RSSI: -82 [da:25:4f:cf:01:3c]
RSSI: -86 [da:25:4f:db:01:6c]
RSSI: -85 [da:25:4f:db:01:6c]
RSSI: -88 [da:25:4f:eb:01:9c]
RSSI: -87 [da:25:50:33:02:7c]
RSSI: -87 [da:25:50:43:02:ac]
RSSI: -96 [da:25:50:f2:04:bc]
RSSI: -94 [da:25:51:2d:05:7c]
RSSI: -92 [da:25:51:3a:05:9c]
RSSI: -95 [da:25:51:4a:05:dc]
RSSI: -94 [da:25:51:85:06:8c]
RSSI: -97 [da:25:51:ce:07:6c]
RSSI: -96 [da:25:51:ce:07:6c]
RSSI: -97 [da:6c:87:af:15:6a]
RSSI: -95 [da:6c:87:bc:15:8a]
RSSI: -93 [da:6c:87:db:15:ea]
RSSI: -97 [da:25:52:aa:0a:1c]
RSSI: -90 [da:6c:88:14:00:7a]
RSSI: -90 [da:6c:88:24:00:aa]
RSSI: -88 [da:6c:88:33:00:da]
RSSI: -89 [da:6c:88:40:00:fa]
RSSI: -88 [da:6c:88:6c:01:7a]
RSSI: -89 [da:6c:88:7c:01:aa]
RSSI: -89 [da:6c:88:7c:01:aa]
RSSI: -88 [da:6c:88:8c:01:ca]
RSSI: -91 [da:6c:88:98:01:ea]
RSSI: -90 [da:6c:88:a8:02:1a]
RSSI: -95 [da:6c:88:d4:02:9a]
RSSI: -95 [da:25:53:a2:0d:2c]
RSSI: -94 [da:25:53:ee:0e:1c]
RSSI: -95 [da:25:54:1a:0e:ac]
RSSI: -95 [da:25:54:27:0e:cc]
RSSI: -94 [da:25:54:73:0f:bc]
RSSI: -98 [da:25:54:bb:10:9c]
RSSI: -96 [da:25:55:50:12:5c]
RSSI: -97 [da:25:55:99:13:3c]
RSSI: -92 [da:25:55:d5:13:fc]
RSSI: -90 [da:25:56:4a:15:5c]
RSSI: -91 [da:25:56:4a:15:5c]
RSSI: -85 [da:25:56:67:15:bc]
RSSI: -89 [da:25:56:77:15:ec]
RSSI: -82 [da:25:56:87:16:1c]
RSSI: -82 [da:25:56:93:16:3c]
RSSI: -81 [da:25:56:93:16:3c]
RSSI: -81 [da:25:56:a3:16:6c]
RSSI: -81 [da:25:56:b3:00:0c]
RSSI: -83 [da:25:56:b3:00:0c]
RSSI: -84 [da:25:56:b3:00:0c]
RSSI: -81 [da:25:56:c0:00:2c]
RSSI: -83 [da:25:56:c0:00:2c]
RSSI: -82 [da:25:56:d0:00:5c]
RSSI: -82 [da:25:56:df:00:8c]
RSSI: -82 [da:25:56:ec:00:bc]
RSSI: -82 [da:25:56:ec:00:bc]
RSSI: -84 [da:25:56:ec:00:bc]
RSSI: -83 [da:25:56:fc:00:ec]
RSSI: -83 [da:25:56:fc:00:ec]
RSSI: -85 [da:25:57:0c:01:1c]
RSSI: -89 [da:25:57:19:01:3c]
RSSI: -92 [da:25:57:38:01:9c]
RSSI: -90 [da:25:57:65:02:2c]
RSSI: -95 [da:25:57:db:03:8c]
RSSI: -98 [da:25:57:ea:03:bc]
RSSI: -96 [da:25:58:70:05:5c]
RSSI: -93 [da:25:58:8d:05:bc]
RSSI: -92 [da:25:58:c9:06:7c]
RSSI: -96 [da:25:59:13:07:5c]
RSSI: -99 [da:6c:8f:15:14:8a]
RSSI: -96 [da:6c:8f:42:15:0a]
RSSI: -94 [da:6c:8f:7e:15:aa]
RSSI: -92 [da:6c:8f:8b:15:da]
RSSI: -91 [da:6c:8f:b8:00:2a]
RSSI: -89 [da:6c:8f:d8:00:8a]
RSSI: -88 [da:6c:8f:f5:00:da]
RSSI: -88 [da:6c:90:05:01:0a]
RSSI: -95 [da:25:5a:b5:0c:7c]
RSSI: -88 [da:6c:90:11:01:2a]
RSSI: -89 [da:6c:90:22:01:5a]
RSSI: -95 [da:25:5a:c2:0c:ac]
RSSI: -91 [da:6c:90:3e:01:aa]
RSSI: -91 [da:6c:90:5e:01:fa]
RSSI: -94 [da:6c:90:8b:02:7a]
RSSI: -96 [da:25:5b:48:0e:4c]
RSSI: -95 [da:25:5b:48:0e:4c]
RSSI: -96 [da:25:5b:95:0f:3c]
RSSI: -98 [da:6c:91:6c:04:fa]
RSSI: -95 [da:25:5d:20:13:fc]
RSSI: -98 [da:25:5d:2c:14:2c]
RSSI: -97 [da:25:5d:85:15:2c]
RSSI: -92 [da:25:5d:92:15:5c]
RSSI: -91 [da:25:5d:9f:15:7c]
RSSI: -87 [da:25:5d:c5:15:ec]
RSSI: -84 [da:25:5d:c5:15:ec]
RSSI: -86 [da:25:5d:d2:16:1c]
RSSI: -84 [da:25:5d:de:16:3c]
RSSI: -85 [da:25:5d:eb:16:6c]
RSSI: -82 [da:25:5d:eb:16:6c]
RSSI: -84 [da:25:5d:f8:00:0c]
RSSI: -84 [da:25:5d:f8:00:0c]
RSSI: -83 [da:25:5e:05:00:2c]
RSSI: -84 [da:25:5e:05:00:2c]
RSSI: -83 [da:25:5e:11:00:4c]
RSSI: -81 [da:25:5e:11:00:4c]
RSSI: -83 [da:25:5e:1e:00:7c]
RSSI: -83 [da:25:5e:1e:00:7c]
RSSI: -81 [da:25:5e:2b:00:9c]
RSSI: -85 [da:25:5e:2b:00:9c]
RSSI: -84 [da:25:5e:2b:00:9c]
RSSI: -84 [da:25:5e:38:00:cc]
RSSI: -83 [da:25:5e:38:00:cc]
RSSI: -84 [da:25:5e:44:00:ec]
RSSI: -88 [da:25:5e:51:01:1c]
RSSI: -87 [da:25:5e:5e:01:3c]
RSSI: -86 [da:25:5e:5e:01:3c]
RSSI: -89 [da:25:5e:6a:01:5c]
RSSI: -97 [da:25:5e:84:01:ac]
RSSI: -93 [da:25:5e:b7:02:4c]
RSSI: -92 [da:25:5e:c4:02:6c]
RSSI: -94 [da:25:5f:1d:03:8c]
RSSI: -98 [da:25:5f:76:04:9c]
RSSI: -92 [da:25:5f:c3:05:8c]
RSSI: -92 [da:25:5f:dd:05:dc]
RSSI: -97 [da:25:60:1d:06:9c]
RSSI: -96 [da:25:60:29:06:cc]
RSSI: -99 [da:6c:96:d8:14:7a]
RSSI: -97 [da:25:61:90:0b:2c]
RSSI: -92 [da:6c:97:8c:00:2a]
RSSI: -90 [da:6c:97:99:00:4a]
RSSI: -90 [da:6c:97:b3:00:9a]
RSSI: -89 [da:6c:97:cd:00:da]
RSSI: -88 [da:6c:97:f3:01:4a]
RSSI: -89 [da:6c:97:f3:01:4a]
RSSI: -90 [da:6c:98:0d:01:9a]
RSSI: -92 [da:6c:98:34:01:fa]
RSSI: -95 [da:25:63:47:10:8c]
RSSI: -93 [da:25:64:64:13:ec]
RSSI: -89 [da:25:64:d8:15:5c]
RSSI: -88 [da:25:64:e5:15:7c]
RSSI: -88 [da:25:64:e5:15:7c]
RSSI: -86 [da:25:64:f2:15:ac]
RSSI: -85 [da:25:64:f2:15:ac]
RSSI: -84 [da:25:64:ff:15:cc]
RSSI: -83 [da:25:65:0c:15:fc]
RSSI: -81 [da:25:65:19:16:1c]
RSSI: -81 [da:25:65:19:16:1c]
RSSI: -82 [da:25:65:26:16:4c]
RSSI: -81 [da:25:65:33:16:6c]
RSSI: -79 [da:25:65:40:00:2c]
RSSI: -81 [da:25:65:4d:00:5c]
RSSI: -80 [da:25:65:5a:00:7c]
RSSI: -79 [da:25:65:67:00:9c]
RSSI: -82 [da:25:65:74:00:cc]
RSSI: -82 [da:25:65:74:00:cc]
RSSI: -80 [da:25:65:74:00:cc]
RSSI: -82 [da:25:65:81:00:ec]
RSSI: -80 [da:25:65:8e:01:1c]
RSSI: -84 [da:25:65:9b:01:3c]
RSSI: -81 [da:25:65:9b:01:3c]
RSSI: -88 [da:25:65:a8:01:6c]
RSSI: -84 [da:25:65:b5:01:8c]
RSSI: -89 [da:25:65:f6:02:5c]
RSSI: -92 [da:25:66:03:02:8c]
RSSI: -91 [da:25:66:10:02:ac]
RSSI: -92 [da:25:66:2a:02:fc]
RSSI: -97 [da:25:66:85:04:0c]
RSSI: -94 [da:25:66:d4:04:fc]
RSSI: -95 [da:25:67:3c:06:4c]
RSSI: -93 [da:25:67:49:06:6c]
RSSI: -93 [da:25:67:56:06:9c]
RSSI: -98 [da:25:69:50:0c:cc]
RSSI: -91 [da:6c:9f:4f:00:2a]
RSSI: -91 [da:6c:9f:9e:01:0a]
RSSI: -91 [da:6c:9f:aa:01:2a]
RSSI: -96 [da:25:6b:6b:13:4c]
RSSI: -97 [da:25:6b:ad:14:1c]
RSSI: -95 [da:25:6b:c8:14:6c]
RSSI: -99 [da:25:6c:0a:15:3c]
RSSI: -93 [da:25:6c:3f:15:dc]
RSSI: -86 [da:25:6c:4c:15:fc]
RSSI: -88 [da:25:6c:67:16:4c]
RSSI: -83 [da:25:6c:74:16:7c]
RSSI: -83 [da:25:6c:81:00:2c]
RSSI: -87 [da:25:6c:8f:00:5c]
RSSI: -83 [da:25:6c:9b:00:7c]
RSSI: -85 [da:25:6c:a9:00:ac]
RSSI: -84 [da:25:6c:a9:00:ac]
RSSI: -86 [da:25:6c:c3:00:fc]
RSSI: -88 [da:25:6c:d1:01:1c]
RSSI: -95 [da:25:6d:48:02:8c]
RSSI: -96 [da:25:6e:87:06:6c]
RSSI: -97 [da:25:6e:a1:06:bc]
RSSI: -96 [da:25:6f:41:08:ac]
RSSI: -99 [da:25:70:82:0c:9c]
RSSI: -97 [da:6c:a6:fd:16:1a]
RSSI: -93 [da:6c:a7:41:00:7a]
RSSI: -92 [da:6c:a7:76:01:0a]
RSSI: -90 [da:6c:a7:83:01:2a]
RSSI: -89 [da:6c:a7:ac:01:aa]
RSSI: -89 [da:6c:a7:ba:01:ca]
RSSI: -91 [da:6c:a7:d4:02:1a]
RSSI: -90 [da:6c:a7:e2:02:3a]
RSSI: -92 [da:25:73:c4:00:2c]
RSSI: -91 [da:25:73:d0:00:5c]
RSSI: -91 [da:25:73:f9:00:dc]
RSSI: -91 [da:25:74:07:00:fc]
RSSI: -98 [da:25:75:d3:06:8c]
RSSI: -95 [da:25:76:09:07:2c]
RSSI: -95 [da:25:76:5f:08:3c]
RSSI: -98 [da:25:76:a6:09:1c]
RSSI: -97 [da:25:76:a6:09:1c]
RSSI: -95 [da:25:76:f8:0a:1c]
RSSI: -93 [da:25:77:05:0a:4c]
RSSI: -94 [da:25:77:05:0a:4c]
RSSI: -93 [da:25:77:2e:0a:cc]
RSSI: -96 [da:6c:ae:a4:15:9a]
RSSI: -94 [da:6c:ae:c0:15:ea]
RSSI: -92 [da:6c:ae:cd:16:0a]
RSSI: -92 [da:6c:ae:cd:16:0a]
RSSI: -91 [da:6c:ae:db:00:2a]
RSSI: -89 [da:6c:ae:f6:00:7a]
RSSI: -89 [da:6c:ae:f6:00:7a]
RSSI: -89 [da:6c:af:04:00:9a]
RSSI: -88 [da:6c:af:12:00:ca]
RSSI: -87 [da:6c:af:1f:00:ea]
RSSI: -89 [da:6c:af:2d:01:1a]
RSSI: -87 [da:6c:af:48:01:6a]
RSSI: -88 [da:6c:af:56:01:8a]
RSSI: -87 [da:6c:af:56:01:8a]
RSSI: -88 [da:6c:af:65:01:ba]
RSSI: -90 [da:6c:af:8e:02:2a]
RSSI: -91 [da:6c:af:9a:02:4a]
RSSI: -90 [da:6c:af:a9:02:7a]
RSSI: -95 [da:6c:af:c4:02:ba]
RSSI: -95 [da:6c:af:c4:02:ba]
RSSI: -92 [da:25:7a:a7:15:8c]
RSSI: -86 [da:25:7a:d0:16:0c]
RSSI: -84 [da:25:7a:dd:16:2c]
RSSI: -86 [da:25:7a:fa:00:0c]
RSSI: -83 [da:25:7b:06:00:2c]
RSSI: -83 [da:25:7b:06:00:2c]
RSSI: -84 [da:25:7b:15:00:2c]
RSSI: -85 [da:25:7b:23:00:5c]
RSSI: -87 [da:25:7b:23:00:5c]
RSSI: -84 [da:25:7b:2f:00:7c]
RSSI: -85 [da:25:7b:2f:00:7c]
RSSI: -85 [da:25:7b:4c:00:dc]
RSSI: -86 [da:25:7b:4c:00:dc]
RSSI: -86 [da:25:7b:59:00:fc]
RSSI: -85 [da:25:7b:59:00:fc]
RSSI: -85 [da:25:7b:59:00:fc]
RSSI: -86 [da:25:7b:67:01:2c]
RSSI: -86 [da:25:7b:75:01:5c]
RSSI: -87 [da:25:7b:82:01:7c]
RSSI: -86 [da:25:7b:82:01:7c]
RSSI: -90 [da:25:7b:90:01:ac]
RSSI: -97 [da:25:7b:e3:02:ac]
RSSI: -98 [da:25:7c:44:03:cc]
RSSI: -94 [da:25:7c:c0:05:4c]
RSSI: -92 [da:25:7c:ea:05:cc]
RSSI: -94 [da:25:7c:f6:05:fc]
RSSI: -92 [da:25:7d:05:06:2c]
RSSI: -92 [da:25:7d:05:06:2c]
RSSI: -94 [da:25:7d:b9:08:5c]
RSSI: -95 [da:25:7f:3c:0d:0c]
RSSI: -95 [da:25:7f:4a:0d:3c]
RSSI: -93 [da:25:7f:8f:0e:1c]
RSSI: -90 [da:25:7f:ac:0e:6c]
RSSI: -94 [da:25:7f:c7:0e:cc]
RSSI: -93 [da:25:7f:e2:0f:1c]
RSSI: -99 [da:25:81:24:12:fc]
RSSI: -94 [da:25:81:84:14:1c]
RSSI: -94 [da:25:81:f5:15:7c]
RSSI: -90 [da:25:82:02:15:9c]
RSSI: -87 [da:25:82:1f:15:fc]
RSSI: -86 [da:25:82:1f:15:fc]
RSSI: -86 [da:25:82:2c:16:1c]
RSSI: -84 [da:25:82:2c:16:1c]
RSSI: -82 [da:25:82:3a:16:4c]
RSSI: -83 [da:25:82:3a:16:4c]
RSSI: -82 [da:25:82:49:16:7c]
RSSI: -83 [da:25:82:49:16:7c]
RSSI: -82 [da:25:82:49:16:7c]
RSSI: -84 [da:25:82:56:00:2c]
RSSI: -83 [da:25:82:56:00:2c]
RSSI: -87 [da:25:82:64:00:5c]
RSSI: -83 [da:25:82:73:00:8c]
RSSI: -87 [da:25:82:80:00:ac]
RSSI: -89 [da:25:82:8e:00:dc]
RSSI: -90 [da:25:82:8e:00:dc]
RSSI: -89 [da:25:82:aa:01:2c]
RSSI: -90 [da:25:82:aa:01:2c]
RSSI: -96 [da:25:83:1b:02:8c]
RSSI: -96 [da:6c:be:7a:00:5a]
RSSI: -94 [da:6c:be:87:00:7a]
RSSI: -94 [da:6c:be:b1:00:fa]
RSSI: -90 [da:25:89:4d:15:bc]
RSSI: -88 [da:25:89:5c:15:dc]
RSSI: -94 [da:6c:be:c0:01:1a]
RSSI: -86 [da:25:89:6b:16:0c]
RSSI: -85 [da:25:89:78:16:3c]
RSSI: -84 [da:25:89:87:16:5c]
RSSI: -84 [da:25:89:87:16:5c]
RSSI: -90 [da:25:89:96:00:0c]
RSSI: -85 [da:25:89:96:00:0c]
