RSSI: -89 [da:25:9f:4d:16:2c]
RSSI: -88 [da:25:9f:4d:16:2c]
RSSI: -87 [da:25:9f:59:16:4c]
RSSI: -87 [da:25:9f:86:00:5c]
RSSI: -87 [da:25:9f:96:00:8c]
RSSI: -87 [da:25:9f:96:00:8c]
RSSI: -90 [da:25:9f:d3:01:4c]
RSSI: -94 [da:25:9f:df:01:6c]
RSSI: -98 [da:25:a0:0c:01:fc]
RSSI: -97 [da:6c:d5:ef:00:aa]
RSSI: -97 [da:6c:d6:49:01:aa]
RSSI: -96 [da:6c:d6:65:01:fa]
RSSI: -95 [da:25:a6:6b:15:ac]
RSSI: -92 [da:25:a6:85:15:ec]
RSSI: -94 [da:25:a6:92:16:1c]
RSSI: -89 [da:25:a6:92:16:1c]
RSSI: -92 [da:25:a6:b8:00:0c]
RSSI: -88 [da:25:a6:b8:00:0c]
RSSI: -91 [da:25:a6:c5:00:2c]
RSSI: -88 [da:25:a6:df:00:7c]
RSSI: -93 [da:25:a7:06:00:ec]
RSSI: -89 [da:25:a7:06:00:ec]
RSSI: -93 [da:25:a7:2c:01:6c]
RSSI: -96 [da:6c:dd:dc:01:2a]
RSSI: -94 [da:25:ad:c6:15:dc]
RSSI: -92 [da:25:ad:e0:16:1c]
RSSI: -91 [da:25:ad:ed:16:4c]
RSSI: -93 [da:25:ad:fa:16:6c]
RSSI: -90 [da:25:ad:fa:16:6c]
RSSI: -92 [da:25:ae:0c:00:3c]
RSSI: -92 [da:25:ae:1d:00:6c]
RSSI: -92 [da:25:ae:1d:00:6c]
RSSI: -90 [da:25:ae:29:00:8c]
RSSI: -94 [da:25:ae:29:00:8c]
RSSI: -91 [da:25:ae:37:00:bc]
RSSI: -93 [da:25:ae:44:00:ec]
RSSI: -91 [da:25:ae:51:01:0c]
RSSI: -93 [da:25:ae:5e:01:3c]
RSSI: -92 [da:25:ae:5e:01:3c]
RSSI: -96 [da:25:ae:85:01:ac]
RSSI: -93 [da:6c:e5:b2:01:4a]
RSSI: -93 [da:6c:e5:c0:01:7a]
RSSI: -98 [da:6c:e5:cc:01:9a]
RSSI: -95 [da:6c:e5:da:01:ba]
RSSI: -93 [da:25:b4:fe:15:ac]
RSSI: -94 [da:25:b4:fe:15:ac]
RSSI: -90 [da:25:b5:26:16:1c]
RSSI: -94 [da:25:b5:34:16:4c]
RSSI: -93 [da:25:b5:42:16:7c]
RSSI: -89 [da:25:b5:4e:00:0c]
RSSI: -92 [da:25:b5:5c:00:2c]
RSSI: -90 [da:25:b5:5c:00:2c]
RSSI: -95 [da:25:b5:6a:00:5c]
RSSI: -94 [da:25:b5:6a:00:5c]
RSSI: -89 [da:25:b5:76:00:7c]
RSSI: -92 [da:25:b5:84:00:ac]
RSSI: -90 [da:25:b5:84:00:ac]
RSSI: -96 [da:25:b5:92:00:cc]
RSSI: -94 [da:25:b5:92:00:cc]
RSSI: -96 [da:25:b5:ba:01:4c]
RSSI: -97 [da:25:b5:c7:01:6c]
RSSI: -94 [da:6c:ed:32:00:ba]
RSSI: -96 [da:6c:ed:91:01:ca]
RSSI: -96 [da:25:bc:5a:15:bc]
RSSI: -88 [da:25:bc:82:16:3c]
RSSI: -88 [da:25:bc:91:16:6c]
RSSI: -86 [da:25:bc:9d:00:0c]
RSSI: -83 [da:25:bc:ab:00:2c]
RSSI: -87 [da:25:bc:c6:00:7c]
RSSI: -88 [da:25:bc:e2:00:dc]
RSSI: -88 [da:25:bc:ef:00:fc]
RSSI: -86 [da:25:bc:fd:01:2c]
RSSI: -88 [da:25:bd:0b:01:4c]
RSSI: -91 [da:25:bd:26:01:ac]
RSSI: -97 [da:25:bd:34:01:cc]
RSSI: -93 [da:25:bd:86:02:cc]
RSSI: -93 [da:25:bd:86:02:cc]
RSSI: -97 [da:25:be:0e:04:6c]
RSSI: -96 [da:25:bf:57:08:5c]
RSSI: -95 [da:6c:f4:d1:00:4a]
RSSI: -93 [da:6c:f4:df:00:7a]
RSSI: -97 [da:6c:f4:fa:00:ba]
RSSI: -94 [da:6c:f5:17:01:1a]
RSSI: -94 [da:6c:f5:32:01:5a]
RSSI: -94 [da:6c:f5:4d:01:aa]
RSSI: -92 [da:25:c0:18:0a:bc]
RSSI: -90 [da:25:c0:25:0a:ec]
RSSI: -90 [da:25:c0:25:0a:ec]
RSSI: -89 [da:25:c0:33:0b:0c]
RSSI: -89 [da:25:c0:4e:0b:6c]
RSSI: -89 [da:25:c0:4e:0b:6c]
RSSI: -89 [da:25:c0:5c:0b:8c]
RSSI: -90 [da:25:c0:6a:0b:bc]
RSSI: -98 [da:25:c0:bd:0c:bc]
RSSI: -96 [da:25:c1:1c:0d:ec]
RSSI: -92 [da:25:c1:39:0e:3c]
RSSI: -93 [da:25:c1:46:0e:6c]
RSSI: -91 [da:25:c1:62:0e:bc]
RSSI: -99 [da:25:c1:7d:0f:0c]
RSSI: -98 [da:25:c1:fa:10:8c]
RSSI: -96 [da:25:c1:fa:10:8c]
RSSI: -97 [da:25:c3:1c:14:0c]
RSSI: -93 [da:25:c3:2a:14:3c]
RSSI: -91 [da:25:c3:8a:15:5c]
RSSI: -89 [da:25:c3:99:15:8c]
RSSI: -88 [da:25:c3:a7:15:bc]
RSSI: -82 [da:25:c3:b4:15:dc]
RSSI: -84 [da:25:c3:c2:16:0c]
RSSI: -80 [da:25:c3:c2:16:0c]
RSSI: -85 [da:25:c3:d1:16:2c]
RSSI: -83 [da:25:c3:d1:16:2c]
RSSI: -84 [da:25:c3:dd:16:5c]
RSSI: -78 [da:25:c3:ec:00:0c]
RSSI: -82 [da:25:c3:fa:00:2c]
RSSI: -84 [da:25:c4:07:00:5c]
RSSI: -81 [da:25:c4:07:00:5c]
RSSI: -78 [da:25:c4:16:00:7c]
RSSI: -83 [da:25:c4:16:00:7c]
RSSI: -83 [da:25:c4:24:00:ac]
RSSI: -79 [da:25:c4:24:00:ac]
RSSI: -85 [da:25:c4:31:00:cc]
RSSI: -85 [da:25:c4:31:00:cc]
RSSI: -85 [da:25:c4:3f:00:fc]
RSSI: -85 [da:25:c4:3f:00:fc]
RSSI: -82 [da:25:c4:4e:01:2c]
RSSI: -89 [da:25:c4:5a:01:4c]
RSSI: -84 [da:25:c4:5a:01:4c]
RSSI: -92 [da:25:c4:69:01:7c]
RSSI: -98 [da:25:c4:a1:02:2c]
RSSI: -95 [da:25:c4:cb:02:ac]
RSSI: -94 [da:25:c4:e6:03:0c]
RSSI: -97 [da:25:c5:a8:05:5c]
RSSI: -92 [da:25:c6:b2:08:9c]
RSSI: -97 [da:25:c7:21:09:ec]
RSSI: -95 [da:25:c7:5a:0a:9c]
RSSI: -92 [da:25:c7:92:0b:4c]
RSSI: -94 [da:25:c7:9f:0b:7c]
RSSI: -97 [da:25:c7:f3:0c:7c]
RSSI: -96 [da:25:c8:64:0d:dc]
RSSI: -95 [da:25:c8:80:0e:3c]
RSSI: -97 [da:25:c8:b8:0e:ec]
RSSI: -96 [da:25:c8:c5:0f:0c]
RSSI: -93 [da:25:ca:72:14:2c]
RSSI: -94 [da:25:ca:ab:14:dc]
RSSI: -91 [da:25:ca:d5:15:5c]
RSSI: -86 [da:25:ca:f1:15:ac]
RSSI: -84 [da:25:ca:f1:15:ac]
RSSI: -84 [da:25:ca:f1:15:ac]
RSSI: -84 [da:25:cb:00:15:dc]
RSSI: -82 [da:25:cb:00:15:dc]
RSSI: -83 [da:25:cb:0e:16:0c]
RSSI: -83 [da:25:cb:0e:16:0c]
RSSI: -80 [da:25:cb:1b:16:2c]
RSSI: -80 [da:25:cb:1b:16:2c]
RSSI: -82 [da:25:cb:2a:16:5c]
RSSI: -82 [da:25:cb:39:00:2c]
RSSI: -79 [da:25:cb:45:00:5c]
RSSI: -81 [da:25:cb:54:00:8c]
RSSI: -79 [da:25:cb:54:00:8c]
RSSI: -83 [da:25:cb:63:00:bc]
RSSI: -82 [da:25:cb:63:00:bc]
RSSI: -85 [da:25:cb:70:00:dc]
RSSI: -80 [da:25:cb:7f:01:0c]
RSSI: -84 [da:25:cb:8e:01:3c]
RSSI: -86 [da:25:cb:9a:01:5c]
RSSI: -90 [da:25:cb:b8:01:bc]
RSSI: -86 [da:25:cb:b8:01:bc]
RSSI: -96 [da:25:cb:ef:02:6c]
RSSI: -89 [da:25:cc:19:02:ec]
RSSI: -90 [da:25:cc:28:03:0c]
RSSI: -95 [da:25:cc:ee:05:6c]
RSSI: -95 [da:25:cd:36:06:4c]
RSSI: -95 [da:25:ce:0b:08:ec]
RSSI: -98 [da:25:ce:18:09:0c]
RSSI: -99 [da:25:ce:6d:0a:1c]
RSSI: -97 [da:25:ce:7c:0a:4c]
RSSI: -98 [da:25:ce:b6:0a:fc]
RSSI: -95 [da:25:ce:c2:0b:2c]
RSSI: -98 [da:6d:04:88:00:ea]
RSSI: -97 [da:25:cf:a7:0d:ec]
RSSI: -94 [da:25:cf:c3:0e:3c]
RSSI: -94 [da:25:cf:d2:0e:6c]
RSSI: -94 [da:25:d0:28:0f:7c]
RSSI: -95 [da:25:d0:37:0f:ac]
RSSI: -97 [da:25:d1:f1:14:fc]
RSSI: -98 [da:25:d2:00:15:2c]
RSSI: -89 [da:25:d2:2b:15:ac]
RSSI: -86 [da:25:d2:3a:15:cc]
RSSI: -87 [da:25:d2:47:15:fc]
RSSI: -83 [da:25:d2:47:15:fc]
RSSI: -85 [da:25:d2:56:16:2c]
RSSI: -82 [da:25:d2:65:16:5c]
RSSI: -81 [da:25:d2:65:16:5c]
RSSI: -82 [da:25:d2:65:16:5c]
RSSI: -81 [da:25:d2:72:16:7c]
RSSI: -84 [da:25:d2:81:00:0c]
RSSI: -82 [da:25:d2:81:00:0c]
RSSI: -82 [da:25:d2:81:00:0c]
RSSI: -79 [da:25:d2:90:00:2c]
RSSI: -84 [da:25:d2:90:00:2c]
RSSI: -78 [da:25:d2:9d:00:5c]
RSSI: -83 [da:25:d2:ac:00:8c]
RSSI: -83 [da:25:d2:bb:00:bc]
RSSI: -79 [da:25:d2:c8:00:dc]
RSSI: -80 [da:25:d2:d7:01:0c]
RSSI: -85 [da:25:d2:e7:01:3c]
RSSI: -92 [da:25:d2:f3:01:5c]
RSSI: -87 [da:25:d2:f3:01:5c]
RSSI: -97 [da:25:d3:3d:02:3c]
RSSI: -92 [da:25:d3:59:02:9c]
RSSI: -93 [da:25:d4:6b:05:ec]
RSSI: -95 [da:25:d5:44:08:8c]
RSSI: -98 [da:25:d6:0d:0a:fc]
RSSI: -94 [da:25:d6:39:0b:7c]
RSSI: -98 [da:25:d6:f6:0d:cc]
RSSI: -97 [da:25:d7:2e:0e:7c]
RSSI: -97 [da:25:d7:3e:0e:ac]
RSSI: -94 [da:25:d7:7f:0f:7c]
RSSI: -96 [da:25:d7:8b:0f:9c]
RSSI: -97 [da:25:d9:14:14:4c]
RSSI: -95 [da:25:d9:5f:15:2c]
RSSI: -91 [da:25:d9:6b:15:5c]
RSSI: -88 [da:25:d9:7b:15:8c]
RSSI: -83 [da:25:d9:97:15:dc]
RSSI: -85 [da:25:d9:a7:16:0c]
RSSI: -82 [da:25:d9:a7:16:0c]
RSSI: -87 [da:25:d9:b6:16:3c]
RSSI: -83 [da:25:d9:b6:16:3c]
RSSI: -86 [da:25:d9:c3:16:6c]
RSSI: -81 [da:25:d9:d2:00:3c]
RSSI: -83 [da:25:d9:e2:00:5c]
RSSI: -83 [da:25:d9:ef:00:8c]
RSSI: -86 [da:25:d9:fe:00:bc]
RSSI: -83 [da:25:d9:fe:00:bc]
RSSI: -82 [da:25:da:0e:00:ec]
RSSI: -84 [da:25:da:1a:01:0c]
RSSI: -82 [da:25:da:1a:01:0c]
RSSI: -85 [da:25:da:2a:01:3c]
RSSI: -86 [da:25:da:2a:01:3c]
RSSI: -87 [da:25:da:46:01:9c]
RSSI: -91 [da:25:da:56:01:cc]
RSSI: -94 [da:25:da:91:02:7c]
RSSI: -91 [da:25:da:9e:02:9c]
RSSI: -91 [da:25:da:ad:02:dc]
RSSI: -92 [da:25:da:ad:02:dc]
RSSI: -97 [da:25:db:89:05:6c]
RSSI: -96 [da:25:dd:41:0a:cc]
RSSI: -96 [da:25:dd:6d:0b:5c]
RSSI: -97 [da:25:dd:b6:0c:3c]
RSSI: -96 [da:25:de:66:0e:5c]
RSSI: -97 [da:25:de:b2:0f:4c]
RSSI: -96 [da:25:de:bf:0f:6c]
RSSI: -95 [da:25:e0:a6:15:4c]
RSSI: -93 [da:25:e0:c6:15:ac]
RSSI: -88 [da:25:e0:c6:15:ac]
RSSI: -82 [da:25:e0:f2:16:2c]
RSSI: -82 [da:25:e0:ff:16:5c]
RSSI: -83 [da:25:e0:ff:16:5c]
RSSI: -87 [da:25:e1:0f:00:0c]
RSSI: -81 [da:25:e1:0f:00:0c]
RSSI: -86 [da:25:e1:1f:00:2c]
RSSI: -80 [da:25:e1:2c:00:5c]
RSSI: -86 [da:25:e1:2c:00:5c]
RSSI: -81 [da:25:e1:3c:00:8c]
RSSI: -81 [da:25:e1:3c:00:8c]
RSSI: -87 [da:25:e1:4b:00:bc]
RSSI: -82 [da:25:e1:4b:00:bc]
RSSI: -88 [da:25:e1:58:00:dc]
RSSI: -83 [da:25:e1:58:00:dc]
RSSI: -88 [da:25:e1:68:01:0c]
RSSI: -84 [da:25:e1:78:01:3c]
RSSI: -81 [da:25:e1:78:01:3c]
RSSI: -86 [da:25:e1:84:01:6c]
RSSI: -89 [da:25:e1:94:01:9c]
RSSI: -88 [da:25:e1:a4:01:cc]
RSSI: -96 [da:25:e1:b1:01:ec]
RSSI: -93 [da:25:e1:dd:02:7c]
RSSI: -90 [da:25:e1:fd:02:dc]
RSSI: -98 [da:25:e2:47:03:bc]
RSSI: -94 [da:25:e2:f9:05:dc]
RSSI: -97 [da:25:e4:9b:0a:fc]
RSSI: -96 [da:25:e4:b8:0b:4c]
RSSI: -95 [da:25:e5:d5:0e:cc]
RSSI: -98 [da:25:e5:f2:0f:2c]
RSSI: -98 [da:25:e7:b2:14:7c]
RSSI: -94 [da:25:e7:fe:15:6c]
RSSI: -91 [da:25:e8:0b:15:8c]
RSSI: -88 [da:25:e8:17:15:bc]
RSSI: -85 [da:25:e8:24:15:dc]
RSSI: -89 [da:25:e8:31:16:0c]
RSSI: -86 [da:25:e8:31:16:0c]
RSSI: -83 [da:25:e8:4a:16:4c]
RSSI: -82 [da:25:e8:4a:16:4c]
RSSI: -86 [da:25:e8:57:16:7c]
RSSI: -83 [da:25:e8:57:16:7c]
RSSI: -81 [da:25:e8:64:00:0c]
RSSI: -86 [da:25:e8:64:00:0c]
RSSI: -83 [da:25:e8:71:00:2c]
RSSI: -81 [da:25:e8:71:00:2c]
RSSI: -86 [da:25:e8:7d:00:4c]
RSSI: -83 [da:25:e8:7d:00:4c]
RSSI: -83 [da:25:e8:7d:00:4c]
RSSI: -81 [da:25:e8:8a:00:7c]
RSSI: -85 [da:25:e8:8a:00:7c]
RSSI: -83 [da:25:e8:97:00:9c]
RSSI: -82 [da:25:e8:97:00:9c]
RSSI: -86 [da:25:e8:a3:00:cc]
RSSI: -84 [da:25:e8:a3:00:cc]
RSSI: -83 [da:25:e8:a3:00:cc]
RSSI: -82 [da:25:e8:b0:00:ec]
RSSI: -85 [da:25:e8:bd:01:1c]
RSSI: -83 [da:25:e8:bd:01:1c]
RSSI: -88 [da:25:e8:ca:01:3c]
RSSI: -86 [da:25:e8:ca:01:3c]
RSSI: -85 [da:25:e8:d7:01:6c]
RSSI: -88 [da:25:e8:e3:01:8c]
RSSI: -94 [da:25:e8:f0:01:bc]
RSSI: -93 [da:25:e9:30:02:7c]
RSSI: -92 [da:25:e9:56:02:ec]
RSSI: -98 [da:25:eb:56:09:1c]
RSSI: -95 [da:25:eb:f1:0a:fc]
RSSI: -95 [da:25:ec:0b:0b:4c]
RSSI: -99 [da:25:ec:31:0b:cc]
RSSI: -96 [da:25:ec:ff:0e:4c]
RSSI: -101 [da:25:ee:d1:13:ec]
RSSI: -95 [da:25:ef:1f:14:cc]
RSSI: -94 [da:25:ef:46:15:3c]
RSSI: -90 [da:25:ef:53:15:6c]
RSSI: -85 [da:25:ef:7a:15:dc]
RSSI: -82 [da:25:ef:94:16:2c]
RSSI: -81 [da:25:ef:a1:16:5c]
RSSI: -87 [da:25:ef:ae:16:7c]
RSSI: -80 [da:25:ef:ae:16:7c]
RSSI: -83 [da:25:ef:bb:00:2c]
RSSI: -80 [da:25:ef:c8:00:4c]
RSSI: -85 [da:25:ef:d5:00:7c]
RSSI: -81 [da:25:ef:d5:00:7c]
RSSI: -82 [da:25:ef:e2:00:9c]
RSSI: -85 [da:25:ef:e2:00:9c]
RSSI: -81 [da:25:ef:ef:00:cc]
RSSI: -81 [da:25:ef:ef:00:cc]
RSSI: -86 [da:25:ef:fc:00:ec]
RSSI: -82 [da:25:ef:fc:00:ec]
RSSI: -83 [da:25:f0:09:01:1c]
RSSI: -86 [da:25:f0:09:01:1c]
RSSI: -84 [da:25:f0:16:01:3c]
RSSI: -83 [da:25:f0:16:01:3c]
RSSI: -86 [da:25:f0:23:01:6c]
RSSI: -86 [da:25:f0:30:01:8c]
RSSI: -91 [da:25:f0:3d:01:bc]
RSSI: -94 [da:25:f0:71:02:5c]
RSSI: -91 [da:25:f0:8b:02:ac]
RSSI: -90 [da:25:f0:8b:02:ac]
RSSI: -97 [da:25:f1:83:05:9c]
RSSI: -96 [da:25:f3:48:0b:1c]
RSSI: -96 [da:25:f3:63:0b:6c]
RSSI: -94 [da:25:f3:8a:0b:ec]
RSSI: -98 [da:25:f4:42:0e:2c]
RSSI: -95 [da:25:f4:84:0e:fc]
RSSI: -95 [da:25:f4:d3:0f:ec]
RSSI: -93 [da:25:f6:52:14:7c]
RSSI: -95 [da:25:f6:94:15:4c]
RSSI: -90 [da:25:f6:a2:15:6c]
RSSI: -91 [da:25:f6:ae:15:9c]
RSSI: -88 [da:25:f6:bc:15:cc]
RSSI: -83 [da:25:f6:ca:15:ec]
RSSI: -88 [da:25:f6:ca:15:ec]
RSSI: -87 [da:25:f6:d6:16:1c]
RSSI: -82 [da:25:f6:d6:16:1c]
RSSI: -89 [da:25:f6:e4:16:3c]
RSSI: -86 [da:25:f6:e4:16:3c]
RSSI: -81 [da:25:f6:f1:16:6c]
RSSI: -85 [da:25:f6:fe:00:0c]
RSSI: -80 [da:25:f6:fe:00:0c]
RSSI: -79 [da:25:f6:fe:00:0c]
RSSI: -87 [da:25:f7:0c:00:2c]
RSSI: -85 [da:25:f7:0c:00:2c]
RSSI: -87 [da:25:f7:19:00:5c]
RSSI: -80 [da:25:f7:26:00:7c]
RSSI: -85 [da:25:f7:33:00:ac]
RSSI: -87 [da:25:f7:41:00:cc]
RSSI: -86 [da:25:f7:41:00:cc]
RSSI: -81 [da:25:f7:4d:00:fc]
RSSI: -87 [da:25:f7:5b:01:1c]
RSSI: -87 [da:25:f7:5b:01:1c]
RSSI: -88 [da:25:f7:69:01:4c]
RSSI: -91 [da:25:f7:83:01:9c]
RSSI: -87 [da:25:f7:83:01:9c]
RSSI: -90 [da:25:f7:d3:02:8c]
RSSI: -92 [da:25:f7:fb:03:0c]
RSSI: -94 [da:25:f8:dc:05:bc]
RSSI: -95 [da:25:f8:f8:06:0c]
RSSI: -98 [da:25:f9:2c:06:ac]
RSSI: -94 [da:25:fa:bd:0b:8c]
RSSI: -95 [da:25:fa:e5:0c:0c]
RSSI: -95 [da:25:fb:94:0e:2c]
RSSI: -96 [da:25:fb:94:0e:2c]
RSSI: -98 [da:25:fb:ca:0e:dc]
RSSI: -94 [da:25:fc:1b:0f:cc]
RSSI: -93 [da:25:fd:ae:14:ac]
RSSI: -95 [da:25:fd:ae:14:ac]
RSSI: -91 [da:25:fd:f1:15:6c]
RSSI: -85 [da:25:fe:0c:15:cc]
RSSI: -87 [da:25:fe:1a:15:ec]
RSSI: -86 [da:25:fe:28:16:1c]
RSSI: -81 [da:25:fe:34:16:3c]
RSSI: -79 [da:25:fe:42:16:6c]
RSSI: -88 [da:25:fe:50:00:0c]
RSSI: -84 [da:25:fe:50:00:0c]
RSSI: -84 [da:25:fe:50:00:0c]
RSSI: -87 [da:25:fe:5d:00:2c]
RSSI: -79 [da:25:fe:6b:00:5c]
RSSI: -84 [da:25:fe:79:00:7c]
RSSI: -80 [da:25:fe:93:00:cc]
RSSI: -80 [da:25:fe:93:00:cc]
RSSI: -86 [da:25:fe:a1:00:fc]
RSSI: -89 [da:25:fe:ae:01:1c]
RSSI: -86 [da:25:fe:ae:01:1c]
RSSI: -82 [da:25:fe:bc:01:4c]
RSSI: -89 [da:25:fe:ca:01:7c]
RSSI: -95 [da:25:ff:0d:02:4c]
RSSI: -92 [da:25:ff:28:02:9c]
RSSI: -93 [da:25:ff:36:02:cc]
RSSI: -96 [da:26:01:f3:0b:3c]
RSSI: -95 [da:26:02:2a:0b:ec]
RSSI: -98 [da:26:02:f6:0e:6c]
RSSI: -95 [da:26:04:e4:14:4c]
RSSI: -92 [da:26:05:36:15:4c]
RSSI: -92 [da:26:05:43:15:7c]
RSSI: -90 [da:26:05:60:15:cc]
RSSI: -87 [da:26:05:60:15:cc]
RSSI: -86 [da:26:05:6c:15:ec]
RSSI: -81 [da:26:05:7b:16:1c]
RSSI: -87 [da:26:05:7b:16:1c]
RSSI: -84 [da:26:05:89:16:4c]
RSSI: -83 [da:26:05:95:16:6c]
RSSI: -83 [da:26:05:b2:00:5c]
RSSI: -79 [da:26:05:b2:00:5c]
RSSI: -80 [da:26:05:b2:00:5c]
RSSI: -84 [da:26:05:bf:00:7c]
RSSI: -84 [da:26:05:cd:00:ac]
RSSI: -80 [da:26:05:db:00:dc]
RSSI: -80 [da:26:05:db:00:dc]
RSSI: -88 [da:26:05:db:00:dc]
RSSI: -85 [da:26:05:e8:00:fc]
RSSI: -81 [da:26:05:e8:00:fc]
RSSI: -88 [da:26:05:f6:01:2c]
RSSI: -90 [da:26:06:05:01:5c]
RSSI: -84 [da:26:06:11:01:7c]
RSSI: -90 [da:26:06:72:02:ac]
RSSI: -92 [da:26:06:81:02:dc]
RSSI: -95 [da:26:06:8d:02:fc]
RSSI: -94 [da:26:07:94:06:2c]
RSSI: -96 [da:26:08:64:08:ac]
RSSI: -99 [da:26:09:25:0b:0c]
RSSI: -96 [da:26:09:34:0b:3c]
RSSI: -96 [da:26:09:34:0b:3c]
RSSI: -95 [da:26:09:42:0b:5c]
RSSI: -94 [da:26:09:5e:0b:bc]
RSSI: -94 [da:26:0a:2e:0e:3c]
RSSI: -97 [da:26:0a:82:0f:3c]
RSSI: -95 [da:26:0a:90:0f:6c]
RSSI: -94 [da:26:0c:4e:14:cc]
RSSI: -92 [da:26:0c:87:15:6c]
RSSI: -90 [da:26:0c:a2:15:bc]
RSSI: -89 [da:26:0c:a2:15:bc]
RSSI: -84 [da:26:0c:b1:15:ec]
RSSI: -82 [da:26:0c:bd:16:0c]
RSSI: -86 [da:26:0c:cc:16:3c]
RSSI: -85 [da:26:0c:db:16:6c]
RSSI: -84 [da:26:0c:db:16:6c]
RSSI: -80 [da:26:0c:e7:00:0c]
RSSI: -86 [da:26:0c:e7:00:0c]
RSSI: -84 [da:26:0c:f6:00:2c]
RSSI: -79 [da:26:0c:f6:00:2c]
RSSI: -85 [da:26:0d:05:00:5c]
RSSI: -85 [da:26:0d:05:00:5c]
RSSI: -85 [da:26:0d:11:00:8c]
RSSI: -80 [da:26:0d:20:00:ac]
RSSI: -86 [da:26:0d:20:00:ac]
RSSI: -85 [da:26:0d:2f:00:dc]
RSSI: -86 [da:26:0d:3b:00:fc]
RSSI: -86 [da:26:0d:3b:00:fc]
RSSI: -86 [da:26:0d:3b:00:fc]
RSSI: -84 [da:26:0d:59:01:5c]
RSSI: -89 [da:26:0d:65:01:7c]
RSSI: -93 [da:26:0d:83:01:dc]
RSSI: -91 [da:26:0d:b9:02:7c]
RSSI: -97 [da:26:0e:b0:05:7c]
RSSI: -96 [da:26:0f:ae:08:8c]
RSSI: -95 [da:26:10:b9:0b:cc]
RSSI: -99 [da:26:11:62:0d:dc]
RSSI: -96 [da:26:11:c6:0f:0c]
RSSI: -100 [da:26:11:d5:0f:3c]
RSSI: -95 [da:26:13:7f:14:5c]
RSSI: -98 [da:26:13:c5:15:2c]
RSSI: -93 [da:26:13:d4:15:5c]
RSSI: -91 [da:26:13:e1:15:7c]
RSSI: -84 [da:26:13:f0:15:ac]
RSSI: -88 [da:26:14:0c:16:0c]
RSSI: -88 [da:26:14:0c:16:0c]
RSSI: -82 [da:26:14:1b:16:2c]
RSSI: -87 [da:26:14:1b:16:2c]
RSSI: -86 [da:26:14:2a:16:5c]
RSSI: -80 [da:26:14:2a:16:5c]
RSSI: -85 [da:26:14:36:00:0c]
RSSI: -85 [da:26:14:36:00:0c]
RSSI: -86 [da:26:14:46:00:2c]
RSSI: -85 [da:26:14:46:00:2c]
RSSI: -79 [da:26:14:55:00:5c]
RSSI: -86 [da:26:14:61:00:8c]
RSSI: -80 [da:26:14:61:00:8c]
RSSI: -86 [da:26:14:70:00:bc]
RSSI: -85 [da:26:14:70:00:bc]
RSSI: -86 [da:26:14:7f:00:dc]
RSSI: -81 [da:26:14:8c:01:0c]
RSSI: -81 [da:26:14:8c:01:0c]
RSSI: -87 [da:26:14:9b:01:3c]
RSSI: -82 [da:26:14:9b:01:3c]
RSSI: -88 [da:26:14:aa:01:5c]
RSSI: -89 [da:26:14:c6:01:bc]
RSSI: -94 [da:26:15:00:02:6c]
RSSI: -91 [da:26:15:2b:02:ec]
RSSI: -94 [da:26:15:37:03:1c]
RSSI: -95 [da:26:16:0d:05:9c]
RSSI: -99 [da:26:17:af:0a:bc]
RSSI: -97 [da:26:17:e7:0b:5c]
RSSI: -95 [da:26:18:12:0b:ec]
RSSI: -94 [da:26:18:f9:0e:bc]
RSSI: -94 [da:26:1a:d5:14:6c]
RSSI: -94 [da:26:1b:1c:15:4c]
RSSI: -87 [da:26:1b:3b:15:ac]
RSSI: -87 [da:26:1b:3b:15:ac]
RSSI: -89 [da:26:1b:48:15:cc]
RSSI: -84 [da:26:1b:48:15:cc]
RSSI: -87 [da:26:1b:57:15:fc]
RSSI: -81 [da:26:1b:73:16:4c]
RSSI: -85 [da:26:1b:73:16:4c]
RSSI: -87 [da:26:1b:83:16:7c]
RSSI: -80 [da:26:1b:83:16:7c]
RSSI: -81 [da:26:1b:83:16:7c]
RSSI: -85 [da:26:1b:92:00:2c]
RSSI: -85 [da:26:1b:92:00:2c]
RSSI: -85 [da:26:1b:9f:00:5c]
RSSI: -85 [da:26:1b:9f:00:5c]
RSSI: -80 [da:26:1b:ae:00:8c]
RSSI: -85 [da:26:1b:ae:00:8c]
RSSI: -85 [da:26:1b:bd:00:bc]
RSSI: -80 [da:26:1b:bd:00:bc]
RSSI: -85 [da:26:1b:ca:00:dc]
RSSI: -85 [da:26:1b:ca:00:dc]
RSSI: -85 [da:26:1b:da:01:0c]
RSSI: -86 [da:26:1b:da:01:0c]
RSSI: -82 [da:26:1b:e9:01:3c]
RSSI: -88 [da:26:1b:e9:01:3c]
RSSI: -87 [da:26:1b:f6:01:5c]
RSSI: -85 [da:26:1b:f6:01:5c]
RSSI: -90 [da:26:1c:05:01:8c]
RSSI: -91 [da:26:1c:6b:02:cc]
RSSI: -93 [da:26:1c:7d:02:fc]
RSSI: -95 [da:26:1d:68:05:cc]
RSSI: -96 [da:26:1f:2d:0b:4c]
RSSI: -96 [da:26:20:40:0e:ac]
RSSI: -97 [da:26:22:60:15:2c]
RSSI: -90 [da:26:22:7c:15:8c]
RSSI: -90 [da:26:22:8c:15:bc]
RSSI: -88 [da:26:22:9c:15:ec]
RSSI: -88 [da:26:22:a8:16:0c]
RSSI: -82 [da:26:22:b8:16:3c]
RSSI: -84 [da:26:22:b8:16:3c]
RSSI: -88 [da:26:22:c8:16:6c]
RSSI: -86 [da:26:22:d5:00:0c]
RSSI: -85 [da:26:22:e4:00:3c]
RSSI: -88 [da:26:22:e4:00:3c]
RSSI: -82 [da:26:22:f4:00:6c]
RSSI: -82 [da:26:23:01:00:8c]
RSSI: -88 [da:26:23:11:00:bc]
RSSI: -83 [da:26:23:2d:01:1c]
RSSI: -84 [da:26:23:3d:01:4c]
RSSI: -90 [da:26:23:4c:01:7c]
RSSI: -94 [da:26:23:59:01:9c]
RSSI: -92 [da:26:23:b1:02:ac]
RSSI: -95 [da:26:23:c1:02:dc]
RSSI: -95 [da:6d:59:86:00:aa]
RSSI: -95 [da:6d:59:86:00:aa]
RSSI: -92 [da:6d:59:c2:01:5a]
RSSI: -96 [da:6d:59:fb:01:fa]
RSSI: -95 [da:6d:5a:0a:02:2a]
RSSI: -96 [da:26:25:b9:08:ec]
RSSI: -97 [da:26:25:b9:08:ec]
RSSI: -96 [da:26:26:6a:0b:1c]
RSSI: -93 [da:26:26:87:0b:7c]
RSSI: -95 [da:26:26:b3:0c:0c]
RSSI: -98 [da:26:27:49:0d:dc]
RSSI: -95 [da:26:27:56:0d:fc]
RSSI: -100 [da:26:27:92:0e:bc]
RSSI: -93 [da:26:29:8e:14:cc]
RSSI: -91 [da:26:29:c7:15:7c]
RSSI: -84 [da:26:29:e7:15:dc]
RSSI: -85 [da:26:29:f4:15:fc]
RSSI: -81 [da:26:29:f4:15:fc]
RSSI: -84 [da:26:2a:04:16:2c]
RSSI: -80 [da:26:2a:04:16:2c]
RSSI: -80 [da:26:2a:14:16:6c]
RSSI: -80 [da:26:2a:21:00:0c]
RSSI: -80 [da:26:2a:21:00:0c]
RSSI: -80 [da:26:2a:31:00:3c]
RSSI: -82 [da:26:2a:41:00:6c]
RSSI: -83 [da:26:2a:41:00:6c]
RSSI: -80 [da:26:2a:4d:00:8c]
RSSI: -83 [da:26:2a:4d:00:8c]
RSSI: -80 [da:26:2a:5e:00:bc]
RSSI: -83 [da:26:2a:6e:00:ec]
RSSI: -86 [da:26:2a:7a:01:1c]
RSSI: -84 [da:26:2a:7a:01:1c]
RSSI: -87 [da:26:2a:8b:01:4c]
RSSI: -86 [da:26:2a:8b:01:4c]
RSSI: -85 [da:26:2a:9b:01:7c]
RSSI: -94 [da:26:2a:e4:02:5c]
RSSI: -91 [da:26:2a:f4:02:8c]
RSSI: -93 [da:26:2b:01:02:ac]
RSSI: -96 [da:26:2b:dc:05:5c]
RSSI: -95 [da:6d:61:67:01:1a]
RSSI: -95 [da:26:2c:1c:06:1c]
RSSI: -96 [da:26:2d:01:08:dc]
RSSI: -95 [da:26:2d:a6:0a:ec]
RSSI: -96 [da:26:2d:a6:0a:ec]
RSSI: -97 [da:26:2d:f3:0b:dc]
RSSI: -94 [da:26:30:c0:14:7c]
RSSI: -91 [da:26:31:0d:15:6c]
RSSI: -90 [da:26:31:1a:15:8c]
RSSI: -87 [da:26:31:27:15:bc]
RSSI: -86 [da:26:31:34:15:dc]
RSSI: -85 [da:26:31:41:16:0c]
RSSI: -85 [da:26:31:4e:16:2c]
RSSI: -86 [da:26:31:4e:16:2c]
RSSI: -83 [da:26:31:5a:16:5c]
RSSI: -83 [da:26:31:67:16:7c]
RSSI: -85 [da:26:31:74:00:2c]
RSSI: -82 [da:26:31:74:00:2c]
RSSI: -82 [da:26:31:81:00:4c]
RSSI: -83 [da:26:31:8e:00:7c]
RSSI: -84 [da:26:31:9b:00:9c]
RSSI: -83 [da:26:31:9b:00:9c]
RSSI: -82 [da:26:31:a8:00:cc]
RSSI: -85 [da:26:31:a8:00:cc]
RSSI: -82 [da:26:31:b5:00:ec]
RSSI: -85 [da:26:31:c2:01:1c]
RSSI: -85 [da:26:31:c2:01:1c]
RSSI: -84 [da:26:31:ce:01:3c]
RSSI: -89 [da:26:31:e8:01:8c]
RSSI: -91 [da:26:31:f5:01:ac]
RSSI: -96 [da:26:32:29:02:4c]
RSSI: -100 [da:6d:68:fd:00:ba]
RSSI: -96 [da:26:34:3b:08:bc]
RSSI: -96 [da:26:34:ff:0b:1c]
RSSI: -92 [da:26:36:2b:0e:cc]
RSSI: -95 [da:26:36:38:0e:ec]
RSSI: -96 [da:26:38:02:14:6c]
RSSI: -96 [da:26:38:4b:15:4c]
RSSI: -88 [da:26:38:73:15:cc]
RSSI: -88 [da:26:38:80:15:ec]
RSSI: -83 [da:26:38:8d:16:1c]
RSSI: -84 [da:26:38:9a:16:3c]
RSSI: -83 [da:26:38:a8:16:6c]
RSSI: -81 [da:26:38:b4:00:0c]
RSSI: -85 [da:26:38:b4:00:0c]
RSSI: -83 [da:26:38:c2:00:2c]
RSSI: -83 [da:26:38:c2:00:2c]
RSSI: -85 [da:26:38:cf:00:5c]
RSSI: -82 [da:26:38:cf:00:5c]
RSSI: -81 [da:26:38:dc:00:7c]
RSSI: -83 [da:26:38:e9:00:9c]
RSSI: -81 [da:26:38:e9:00:9c]
RSSI: -85 [da:26:38:f7:00:cc]
RSSI: -85 [da:26:38:f7:00:cc]
RSSI: -83 [da:26:38:f7:00:cc]
RSSI: -83 [da:26:39:03:00:ec]
RSSI: -87 [da:26:39:03:00:ec]
RSSI: -85 [da:26:39:11:01:1c]
RSSI: -86 [da:26:39:1e:01:4c]
RSSI: -91 [da:26:39:38:01:9c]
RSSI: -96 [da:26:39:45:01:bc]
RSSI: -98 [da:6d:70:a4:00:7a]
RSSI: -98 [da:26:3b:98:08:ec]
RSSI: -97 [da:26:3c:5f:0b:5c]
RSSI: -98 [da:26:3d:4e:0e:4c]
RSSI: -96 [da:26:3d:90:0f:1c]
RSSI: -96 [da:26:3f:3b:14:3c]
RSSI: -96 [da:26:3f:49:14:5c]
RSSI: -95 [da:26:3f:56:14:8c]
RSSI: -93 [da:26:3f:a7:15:7c]
RSSI: -87 [da:26:3f:c1:15:cc]
RSSI: -87 [da:26:3f:cf:15:fc]
RSSI: -88 [da:26:3f:dc:16:1c]
RSSI: -85 [da:26:3f:dc:16:1c]
RSSI: -83 [da:26:3f:e9:16:4c]
RSSI: -87 [da:26:3f:e9:16:4c]
RSSI: -84 [da:26:3f:f7:16:6c]
RSSI: -82 [da:26:3f:f7:16:6c]
RSSI: -87 [da:26:40:04:00:2c]
RSSI: -84 [da:26:40:04:00:2c]
RSSI: -85 [da:26:40:12:00:5c]
RSSI: -82 [da:26:40:1f:00:7c]
RSSI: -84 [da:26:40:2c:00:ac]
RSSI: -87 [da:26:40:3a:00:cc]
RSSI: -84 [da:26:40:3a:00:cc]
RSSI: -83 [da:26:40:48:00:fc]
RSSI: -85 [da:26:40:54:01:2c]
RSSI: -88 [da:26:40:62:01:4c]
RSSI: -87 [da:26:40:62:01:4c]
RSSI: -90 [da:26:40:7c:01:9c]
RSSI: -92 [da:26:40:7c:01:9c]
RSSI: -93 [da:26:40:cd:02:9c]
RSSI: -96 [da:26:42:bf:08:9c]
RSSI: -96 [da:26:42:cd:08:cc]
RSSI: -94 [da:6d:78:5c:00:7a]
RSSI: -94 [da:6d:78:6a:00:9a]
RSSI: -95 [da:6d:78:85:00:ea]
RSSI: -96 [da:6d:78:85:00:ea]
RSSI: -93 [da:6d:78:93:01:1a]
RSSI: -96 [da:26:43:7c:0a:ec]
RSSI: -98 [da:6d:78:f2:02:1a]
RSSI: -97 [da:26:43:8a:0b:1c]
RSSI: -97 [da:26:44:dd:0f:3c]
RSSI: -96 [da:26:46:89:14:5c]
RSSI: -97 [da:26:46:a5:14:ac]
RSSI: -90 [da:26:46:f7:15:ac]
RSSI: -87 [da:26:47:04:15:cc]
RSSI: -86 [da:26:47:12:15:fc]
RSSI: -83 [da:26:47:2d:16:4c]
RSSI: -83 [da:26:47:2d:16:4c]
RSSI: -85 [da:26:47:3b:16:7c]
RSSI: -83 [da:26:47:3b:16:7c]
RSSI: -88 [da:26:47:49:00:0c]
RSSI: -83 [da:26:47:49:00:0c]
RSSI: -82 [da:26:47:64:00:5c]
RSSI: -82 [da:26:47:64:00:5c]
RSSI: -84 [da:26:47:72:00:7c]
RSSI: -88 [da:26:47:7f:00:ac]
RSSI: -83 [da:26:47:8d:00:cc]
RSSI: -83 [da:26:47:8d:00:cc]
RSSI: -84 [da:26:47:9b:00:fc]
RSSI: -86 [da:26:47:a8:01:2c]
RSSI: -88 [da:26:47:b6:01:4c]
RSSI: -88 [da:26:47:c4:01:7c]
RSSI: -94 [da:26:47:d1:01:9c]
RSSI: -94 [da:26:48:16:02:7c]
RSSI: -97 [da:6d:80:01:00:2a]
RSSI: -95 [da:6d:80:2b:00:9a]
RSSI: -96 [da:26:4a:d2:0a:ec]
RSSI: -96 [da:6d:80:61:01:3a]
RSSI: -96 [da:26:4a:fb:0b:7c]
RSSI: -97 [da:26:4b:e5:0e:4c]
RSSI: -95 [da:26:4d:e6:14:7c]
RSSI: -93 [da:26:4e:2b:15:4c]
RSSI: -87 [da:26:4e:46:15:9c]
RSSI: -86 [da:26:4e:54:15:cc]
RSSI: -84 [da:26:4e:54:15:cc]
RSSI: -86 [da:26:4e:63:15:fc]
RSSI: -84 [da:26:4e:63:15:fc]
RSSI: -83 [da:26:4e:6f:16:1c]
RSSI: -82 [da:26:4e:7e:16:4c]
RSSI: -81 [da:26:4e:7e:16:4c]
RSSI: -82 [da:26:4e:8d:16:7c]
RSSI: -84 [da:26:4e:99:00:2c]
RSSI: -83 [da:26:4e:99:00:2c]
RSSI: -82 [da:26:4e:a8:00:5c]
RSSI: -82 [da:26:4e:b6:00:7c]
RSSI: -80 [da:26:4e:b6:00:7c]
RSSI: -82 [da:26:4e:c3:00:ac]
RSSI: -82 [da:26:4e:e0:00:fc]
RSSI: -82 [da:26:4e:e0:00:fc]
RSSI: -84 [da:26:4e:ed:01:2c]
RSSI: -83 [da:26:4e:ed:01:2c]
RSSI: -88 [da:26:4e:fb:01:4c]
RSSI: -85 [da:26:4e:fb:01:4c]
RSSI: -86 [da:26:4f:0a:01:7c]
RSSI: -87 [da:26:4f:16:01:ac]
RSSI: -90 [da:26:4f:16:01:ac]
RSSI: -94 [da:26:4f:6a:02:ac]
RSSI: -98 [da:26:51:6f:08:ec]
RSSI: -100 [da:26:52:17:0a:fc]
RSSI: -96 [da:6d:87:d1:00:7a]
RSSI: -96 [da:6d:87:fb:00:fa]
RSSI: -96 [da:6d:88:41:01:ba]
RSSI: -96 [da:26:53:53:0e:cc]
RSSI: -94 [da:26:55:24:14:5c]
RSSI: -95 [da:26:55:79:15:5c]
RSSI: -92 [da:26:55:94:15:ac]
RSSI: -89 [da:26:55:a3:15:dc]
RSSI: -87 [da:26:55:b0:15:fc]
RSSI: -87 [da:26:55:b0:15:fc]
RSSI: -87 [da:26:55:bf:16:2c]
RSSI: -86 [da:26:55:bf:16:2c]
RSSI: -85 [da:26:55:cd:16:5c]
RSSI: -85 [da:26:55:da:16:7c]
RSSI: -85 [da:26:55:e9:00:2c]
RSSI: -83 [da:26:55:e9:00:2c]
RSSI: -84 [da:26:55:f8:00:5c]
RSSI: -85 [da:26:56:04:00:7c]
RSSI: -84 [da:26:56:13:00:ac]
RSSI: -84 [da:26:56:13:00:ac]
RSSI: -85 [da:26:56:22:00:dc]
RSSI: -83 [da:26:56:22:00:dc]
RSSI: -87 [da:26:56:2f:00:fc]
RSSI: -86 [da:26:56:2f:00:fc]
RSSI: -88 [da:26:56:4d:01:5c]
RSSI: -87 [da:26:56:4d:01:5c]
RSSI: -90 [da:26:56:59:01:8c]
RSSI: -91 [da:26:56:59:01:8c]
RSSI: -94 [da:26:56:ae:02:8c]
RSSI: -97 [da:26:56:bd:02:bc]
RSSI: -99 [da:26:58:cb:09:1c]
RSSI: -97 [da:26:59:83:0b:4c]
RSSI: -98 [da:26:59:92:0b:7c]
RSSI: -97 [da:6d:8f:79:00:2a]
RSSI: -93 [da:6d:8f:bf:00:fa]
RSSI: -94 [da:6d:8f:bf:00:fa]
RSSI: -94 [da:6d:8f:ea:01:6a]
RSSI: -95 [da:6d:8f:f9:01:9a]
RSSI: -94 [da:26:5c:7b:14:7c]
RSSI: -93 [da:26:5c:7b:14:7c]
RSSI: -94 [da:26:5c:d1:15:8c]
RSSI: -90 [da:26:5c:de:15:ac]
RSSI: -86 [da:26:5c:fc:16:0c]
RSSI: -86 [da:26:5d:09:16:2c]
RSSI: -86 [da:26:5d:18:16:5c]
RSSI: -83 [da:26:5d:18:16:5c]
RSSI: -83 [da:26:5d:27:00:0c]
RSSI: -84 [da:26:5d:34:00:2c]
RSSI: -83 [da:26:5d:34:00:2c]
RSSI: -84 [da:26:5d:43:00:5c]
RSSI: -84 [da:26:5d:53:00:8c]
RSSI: -82 [da:26:5d:5f:00:ac]
RSSI: -84 [da:26:5d:5f:00:ac]
RSSI: -84 [da:26:5d:6f:00:dc]
RSSI: -83 [da:26:5d:6f:00:dc]
RSSI: -84 [da:26:5d:7e:01:0c]
RSSI: -85 [da:26:5d:7e:01:0c]
RSSI: -88 [da:26:5d:9a:01:6c]
RSSI: -89 [da:26:5d:a9:01:9c]
RSSI: -94 [da:26:5d:c5:01:ec]
RSSI: -93 [da:26:5e:0c:02:cc]
RSSI: -97 [da:26:5f:f8:08:ac]
RSSI: -96 [da:26:60:b5:0b:0c]
RSSI: -99 [da:6d:97:1d:16:1a]
RSSI: -96 [da:6d:97:2c:00:2a]
RSSI: -95 [da:6d:97:67:00:da]
RSSI: -94 [da:6d:97:a5:01:8a]
RSSI: -96 [da:6d:97:b5:01:ba]
RSSI: -95 [da:26:63:ad:14:3c]
RSSI: -93 [da:26:64:14:15:6c]
RSSI: -90 [da:26:64:24:15:9c]
RSSI: -87 [da:26:64:30:15:bc]
RSSI: -87 [da:26:64:50:16:1c]
RSSI: -86 [da:26:64:5c:16:3c]
RSSI: -84 [da:26:64:6c:16:7c]
RSSI: -83 [da:26:64:6c:16:7c]
RSSI: -86 [da:26:64:88:00:2c]
RSSI: -83 [da:26:64:88:00:2c]
RSSI: -86 [da:26:64:98:00:5c]
RSSI: -83 [da:26:64:98:00:5c]
RSSI: -83 [da:26:64:a7:00:8c]
RSSI: -84 [da:26:64:b4:00:ac]
RSSI: -84 [da:26:64:b4:00:ac]
RSSI: -84 [da:26:64:c3:00:dc]
RSSI: -84 [da:26:64:c3:00:dc]
RSSI: -87 [da:26:64:e0:01:3c]
RSSI: -90 [da:26:64:ef:01:6c]
RSSI: -91 [da:26:64:ef:01:6c]
RSSI: -95 [da:26:65:47:02:6c]
RSSI: -95 [da:26:65:47:02:6c]
RSSI: -99 [da:26:67:67:09:0c]
RSSI: -96 [da:6d:9e:fc:00:5a]
RSSI: -94 [da:6d:9f:35:00:fa]
RSSI: -98 [da:26:6a:f9:14:1c]
RSSI: -95 [da:26:6b:16:14:6c]
RSSI: -90 [da:26:6b:6f:15:7c]
RSSI: -88 [da:26:6b:7f:15:ac]
RSSI: -85 [da:26:6b:8e:15:dc]
RSSI: -87 [da:26:6b:9b:16:0c]
RSSI: -84 [da:26:6b:9b:16:0c]
RSSI: -86 [da:26:6b:ab:16:3c]
RSSI: -86 [da:26:6b:bb:16:6c]
RSSI: -85 [da:26:6b:bb:16:6c]
RSSI: -82 [da:26:6b:c8:00:2c]
RSSI: -85 [da:26:6b:c8:00:2c]
RSSI: -84 [da:26:6b:c8:00:2c]
RSSI: -83 [da:26:6b:d8:00:5c]
RSSI: -84 [da:26:6b:e7:00:8c]
RSSI: -85 [da:26:6b:f4:00:ac]
RSSI: -83 [da:26:6b:f4:00:ac]
RSSI: -85 [da:26:6c:04:00:dc]
RSSI: -85 [da:26:6c:04:00:dc]
RSSI: -85 [da:26:6c:04:00:dc]
RSSI: -84 [da:26:6c:14:01:0c]
RSSI: -86 [da:26:6c:21:01:3c]
RSSI: -87 [da:26:6c:21:01:3c]
RSSI: -94 [da:26:6c:a6:02:dc]
RSSI: -96 [da:26:70:6b:0e:8c]
RSSI: -96 [da:26:70:6b:0e:8c]
RSSI: -97 [da:6d:a6:92:16:1a]
RSSI: -97 [da:6d:a6:a2:00:2a]
RSSI: -96 [da:6d:a6:cc:00:aa]
RSSI: -98 [da:6d:a6:f2:01:1a]
RSSI: -96 [da:26:72:ae:15:7c]
RSSI: -90 [da:26:72:c7:15:cc]
RSSI: -87 [da:26:72:d4:15:fc]
RSSI: -87 [da:26:72:ee:16:3c]
RSSI: -85 [da:26:72:fa:16:6c]
RSSI: -85 [da:26:73:07:00:0c]
RSSI: -86 [da:26:73:14:00:2c]
RSSI: -86 [da:26:73:14:00:2c]
RSSI: -85 [da:26:73:2d:00:7c]
RSSI: -86 [da:26:73:53:00:ec]
RSSI: -87 [da:26:73:60:01:1c]
RSSI: -89 [da:26:73:6d:01:3c]
RSSI: -94 [da:26:73:e0:02:9c]
RSSI: -97 [da:26:75:ba:08:5c]
RSSI: -98 [da:26:76:a2:0b:2c]
RSSI: -96 [da:26:77:b1:0e:7c]
RSSI: -97 [da:6d:ae:76:00:6a]
RSSI: -96 [da:6d:ae:c4:01:4a]
RSSI: -99 [da:26:79:83:14:1c]
RSSI: -95 [da:26:79:91:14:4c]
RSSI: -97 [da:26:79:ec:15:5c]
RSSI: -92 [da:26:79:f8:15:7c]
RSSI: -87 [da:26:7a:13:15:cc]
RSSI: -85 [da:26:7a:2d:16:1c]
RSSI: -85 [da:26:7a:3a:16:4c]
RSSI: -86 [da:26:7a:47:16:6c]
RSSI: -87 [da:26:7a:47:16:6c]
RSSI: -84 [da:26:7a:54:00:0c]
RSSI: -85 [da:26:7a:61:00:2c]
RSSI: -83 [da:26:7a:6e:00:4c]
RSSI: -83 [da:26:7a:7b:00:7c]
RSSI: -83 [da:26:7a:7b:00:7c]
RSSI: -85 [da:26:7a:7b:00:7c]
RSSI: -84 [da:26:7a:88:00:ac]
RSSI: -86 [da:26:7a:95:00:cc]
RSSI: -84 [da:26:7a:95:00:cc]
RSSI: -86 [da:26:7a:af:01:1c]
RSSI: -87 [da:26:7a:bc:01:4c]
RSSI: -88 [da:26:7a:bc:01:4c]
RSSI: -91 [da:26:7a:d6:01:9c]
RSSI: -96 [da:26:7b:24:02:8c]
RSSI: -97 [da:26:7b:4c:02:fc]
RSSI: -97 [da:26:7d:15:08:8c]
RSSI: -97 [da:26:7d:23:08:ac]
RSSI: -96 [da:26:7d:d5:0a:dc]
RSSI: -96 [da:26:7d:e3:0b:0c]
RSSI: -95 [da:26:7e:f7:0e:6c]
RSSI: -97 [da:26:7f:46:0f:6c]
RSSI: -96 [da:26:80:d3:14:2c]
RSSI: -91 [da:26:81:3d:15:6c]
RSSI: -98 [da:6d:b6:af:01:ca]
RSSI: -92 [da:26:81:4b:15:8c]
RSSI: -88 [da:26:81:58:15:bc]
RSSI: -83 [da:26:81:72:16:0c]
RSSI: -84 [da:26:81:80:16:2c]
RSSI: -84 [da:26:81:80:16:2c]
RSSI: -86 [da:26:81:8c:16:5c]
RSSI: -81 [da:26:81:9a:16:7c]
RSSI: -82 [da:26:81:a8:00:2c]
RSSI: -82 [da:26:81:b4:00:5c]
RSSI: -81 [da:26:81:c2:00:7c]
RSSI: -86 [da:26:81:c2:00:7c]
RSSI: -83 [da:26:81:d0:00:ac]
RSSI: -84 [da:26:81:d0:00:ac]
RSSI: -81 [da:26:81:d0:00:ac]
RSSI: -86 [da:26:81:dc:00:cc]
RSSI: -86 [da:26:81:dc:00:cc]
RSSI: -84 [da:26:81:dc:00:cc]
RSSI: -82 [da:26:81:ea:00:fc]
RSSI: -85 [da:26:81:f7:01:1c]
RSSI: -84 [da:26:81:f7:01:1c]
RSSI: -89 [da:26:82:04:01:4c]
RSSI: -88 [da:26:82:04:01:4c]
RSSI: -89 [da:26:82:12:01:6c]
RSSI: -98 [da:26:82:62:02:5c]
RSSI: -90 [da:26:82:7c:02:ac]
RSSI: -97 [da:26:84:5c:08:8c]
RSSI: -97 [da:26:85:40:0b:4c]
RSSI: -97 [da:26:85:b9:0c:cc]
RSSI: -95 [da:26:86:8f:0f:6c]
RSSI: -100 [da:26:87:75:12:2c]
RSSI: -98 [da:26:88:09:13:ec]
RSSI: -97 [da:26:88:17:14:1c]
RSSI: -92 [da:26:88:83:15:6c]
RSSI: -91 [da:26:88:90:15:8c]
RSSI: -87 [da:26:88:9d:15:bc]
RSSI: -85 [da:26:88:b9:16:0c]
RSSI: -84 [da:26:88:c6:16:3c]
RSSI: -97 [da:6d:be:36:01:2a]
RSSI: -87 [da:26:88:d4:16:5c]
RSSI: -84 [da:26:88:d4:16:5c]
RSSI: -82 [da:26:88:e2:00:0c]
RSSI: -81 [da:26:88:e2:00:0c]
RSSI: -83 [da:26:88:ee:00:2c]
RSSI: -83 [da:26:88:ee:00:2c]
RSSI: -81 [da:26:88:ee:00:2c]
RSSI: -83 [da:26:88:fc:00:5c]
RSSI: -84 [da:26:88:fc:00:5c]
RSSI: -81 [da:26:89:0a:00:7c]
RSSI: -82 [da:26:89:17:00:ac]
RSSI: -82 [da:26:89:17:00:ac]
RSSI: -84 [da:26:89:25:00:cc]
RSSI: -87 [da:26:89:33:00:fc]
RSSI: -87 [da:26:89:4d:01:4c]
RSSI: -91 [da:26:89:5b:01:7c]
RSSI: -97 [da:26:89:ad:02:6c]
RSSI: -96 [da:26:89:b9:02:9c]
RSSI: -97 [da:26:8b:b8:08:bc]
RSSI: -96 [da:26:8b:c6:08:ec]
RSSI: -98 [da:26:8b:d3:09:1c]
RSSI: -97 [da:26:8c:4e:0a:9c]
RSSI: -96 [da:26:8c:5c:0a:cc]
RSSI: -96 [da:26:8d:96:0e:9c]
RSSI: -95 [da:26:8f:69:14:3c]
RSSI: -95 [da:26:8f:ca:15:5c]
RSSI: -90 [da:26:8f:e5:15:ac]
RSSI: -85 [da:26:90:00:15:fc]
RSSI: -85 [da:26:90:00:15:fc]
RSSI: -82 [da:26:90:0e:16:2c]
RSSI: -86 [da:26:90:1d:16:5c]
RSSI: -83 [da:26:90:1d:16:5c]
RSSI: -85 [da:26:90:29:16:7c]
RSSI: -82 [da:26:90:38:00:2c]
RSSI: -85 [da:26:90:46:00:5c]
RSSI: -83 [da:26:90:46:00:5c]
RSSI: -84 [da:26:90:52:00:7c]
RSSI: -83 [da:26:90:52:00:7c]
RSSI: -82 [da:26:90:61:00:ac]
RSSI: -84 [da:26:90:6f:00:dc]
RSSI: -84 [da:26:90:6f:00:dc]
RSSI: -85 [da:26:90:7c:00:fc]
RSSI: -85 [da:26:90:7c:00:fc]
RSSI: -87 [da:26:90:8a:01:2c]
RSSI: -89 [da:26:90:99:01:5c]
RSSI: -92 [da:26:90:b4:01:ac]
RSSI: -95 [da:26:90:f8:02:7c]
RSSI: -98 [da:26:92:f9:08:bc]
RSSI: -96 [da:26:94:df:0e:ac]
RSSI: -97 [da:26:96:ac:14:3c]
RSSI: -95 [da:26:97:1d:15:8c]
RSSI: -91 [da:26:97:2a:15:ac]
RSSI: -87 [da:26:97:54:16:2c]
RSSI: -88 [da:26:97:62:16:5c]
RSSI: -87 [da:26:97:62:16:5c]
RSSI: -84 [da:26:97:71:00:0c]
RSSI: -88 [da:26:97:71:00:0c]
RSSI: -84 [da:26:97:7e:00:2c]
RSSI: -88 [da:26:97:8c:00:5c]
RSSI: -88 [da:26:97:9b:00:8c]
RSSI: -84 [da:26:97:a8:00:ac]
RSSI: -89 [da:26:97:b6:00:dc]
RSSI: -87 [da:26:97:c5:01:0c]
RSSI: -88 [da:26:97:d2:01:2c]
RSSI: -89 [da:26:97:d2:01:2c]
RSSI: -91 [da:26:97:e1:01:5c]
RSSI: -94 [da:26:97:fc:01:bc]
RSSI: -96 [da:26:9c:25:0e:ac]
RSSI: -98 [da:26:9c:5e:0f:5c]
RSSI: -96 [da:26:9e:5e:15:7c]
RSSI: -91 [da:26:9e:7a:15:cc]
RSSI: -85 [da:26:9e:89:15:fc]
RSSI: -82 [da:26:9e:b4:16:7c]
RSSI: -88 [da:26:9e:b4:16:7c]
RSSI: -87 [da:26:9e:c3:00:2c]
RSSI: -88 [da:26:9e:cf:00:5c]
RSSI: -87 [da:26:9e:cf:00:5c]
RSSI: -87 [da:26:9e:de:00:8c]
RSSI: -86 [da:26:9e:fa:00:dc]
RSSI: -84 [da:26:9e:fa:00:dc]
RSSI: -89 [da:26:9f:18:01:3c]
RSSI: -89 [da:26:9f:25:01:5c]
RSSI: -92 [da:26:9f:34:01:8c]
RSSI: -99 [da:6d:d5:94:01:9a]
RSSI: -97 [da:26:a5:60:14:ac]
RSSI: -94 [da:26:a5:9b:15:6c]
RSSI: -95 [da:26:a5:c6:15:ec]
RSSI: -84 [da:26:a5:d6:16:1c]
RSSI: -83 [da:26:a5:e2:16:3c]
RSSI: -83 [da:26:a5:e2:16:3c]
RSSI: -88 [da:26:a6:01:00:2c]
RSSI: -82 [da:26:a6:0e:00:5c]
RSSI: -88 [da:26:a6:0e:00:5c]
RSSI: -83 [da:26:a6:1d:00:8c]
RSSI: -90 [da:26:a6:2d:00:bc]
RSSI: -87 [da:26:a6:39:00:dc]
RSSI: -89 [da:26:a6:49:01:0c]
RSSI: -86 [da:26:a6:58:01:3c]
RSSI: -99 [da:26:a6:c2:02:7c]
RSSI: -95 [da:26:a6:d2:02:ac]
RSSI: -95 [da:26:a7:d7:05:cc]
RSSI: -95 [da:26:a8:ce:08:dc]
RSSI: -93 [da:26:a9:8d:0b:2c]
RSSI: -93 [da:26:a9:8d:0b:2c]
RSSI: -92 [da:26:a9:9c:0b:5c]
RSSI: -97 [da:26:aa:2c:0d:2c]
RSSI: -96 [da:26:aa:3c:0d:5c]
RSSI: -95 [da:26:aa:68:0d:dc]
RSSI: -92 [da:26:aa:94:0e:6c]
RSSI: -92 [da:26:aa:b0:0e:bc]
RSSI: -94 [da:26:aa:c0:0e:ec]
RSSI: -93 [da:26:aa:fb:0f:ac]
RSSI: -98 [da:26:ab:ab:11:cc]
RSSI: -94 [da:26:ab:d7:12:4c]
RSSI: -93 [da:26:ab:e4:12:7c]
RSSI: -94 [da:26:ac:03:12:dc]
RSSI: -94 [da:26:ac:30:13:5c]
RSSI: -93 [da:26:ac:5c:13:ec]
RSSI: -87 [da:26:ac:88:14:6c]
RSSI: -90 [da:26:ac:b4:14:fc]
RSSI: -87 [da:26:ac:e0:15:7c]
RSSI: -81 [da:26:ac:ed:15:ac]
RSSI: -80 [da:26:ac:ed:15:ac]
RSSI: -81 [da:26:ac:fd:15:dc]
RSSI: -77 [da:26:ac:fd:15:dc]
RSSI: -80 [da:26:ad:0c:16:0c]
RSSI: -76 [da:26:ad:19:16:2c]
RSSI: -80 [da:26:ad:19:16:2c]
RSSI: -75 [da:26:ad:29:16:5c]
RSSI: -75 [da:26:ad:29:16:5c]
RSSI: -79 [da:26:ad:39:00:0c]
RSSI: -76 [da:26:ad:39:00:0c]
RSSI: -79 [da:26:ad:45:00:2c]
RSSI: -76 [da:26:ad:45:00:2c]
RSSI: -78 [da:26:ad:55:00:5c]
RSSI: -77 [da:26:ad:65:00:8c]
RSSI: -75 [da:26:ad:65:00:8c]
RSSI: -77 [da:26:ad:71:00:ac]
RSSI: -77 [da:26:ad:81:00:dc]
RSSI: -76 [da:26:ad:81:00:dc]
RSSI: -76 [da:26:ad:91:01:0c]
RSSI: -79 [da:26:ad:91:01:0c]
RSSI: -78 [da:26:ad:9e:01:3c]
RSSI: -80 [da:26:ad:ad:01:6c]
RSSI: -80 [da:26:ad:ad:01:6c]
RSSI: -83 [da:26:ad:bd:01:9c]
RSSI: -83 [da:26:ad:bd:01:9c]
RSSI: -83 [da:26:ad:bd:01:9c]
RSSI: -84 [da:26:ad:bd:01:9c]
RSSI: -88 [da:26:ad:ca:01:bc]
RSSI: -93 [da:26:ae:06:02:7c]
RSSI: -92 [da:26:ae:16:02:ac]
RSSI: -96 [da:6d:e4:8d:16:1a]
RSSI: -96 [da:6d:e4:99:00:2a]
RSSI: -94 [da:6d:e4:b9:00:7a]
RSSI: -92 [da:6d:e4:c6:00:aa]
RSSI: -94 [da:6d:e4:d6:00:da]
RSSI: -91 [da:6d:e5:02:01:4a]
RSSI: -92 [da:6d:e5:3e:01:fa]
RSSI: -93 [da:6d:e5:4b:02:2a]
RSSI: -94 [da:26:af:de:08:3c]
RSSI: -94 [da:6d:e5:5b:02:4a]
RSSI: -91 [da:26:af:ee:08:6c]
RSSI: -92 [da:26:af:fe:08:9c]
RSSI: -95 [da:6d:e5:87:02:ca]
RSSI: -91 [da:26:b0:1a:08:fc]
RSSI: -94 [da:26:b0:37:09:4c]
RSSI: -95 [da:26:b0:bc:0a:ec]
RSSI: -94 [da:26:b0:cc:0b:1c]
RSSI: -93 [da:26:b0:f8:0b:ac]
RSSI: -94 [da:26:b4:39:15:cc]
RSSI: -93 [da:26:b4:49:15:fc]
RSSI: -92 [da:26:b4:93:00:5c]
RSSI: -91 [da:26:b4:c0:00:ec]
RSSI: -96 [da:26:b4:d0:01:1c]
