RSSI: -96 [da:27:6f:e1:12:3c]
RSSI: -95 [da:27:6f:f0:12:6c]
RSSI: -92 [da:27:70:0c:12:cc]
RSSI: -91 [da:27:70:2b:13:1c]
RSSI: -94 [da:27:70:37:13:4c]
RSSI: -93 [da:6e:a5:bd:00:9a]
RSSI: -91 [da:6e:a5:dc:00:fa]
RSSI: -90 [da:27:70:71:13:fc]
RSSI: -95 [da:6e:a5:f7:01:4a]
RSSI: -85 [da:27:70:8d:14:4c]
RSSI: -97 [da:6e:a6:07:01:6a]
RSSI: -91 [da:27:70:8d:14:4c]
RSSI: -94 [da:6e:a6:07:01:6a]
RSSI: -89 [da:27:70:9c:14:7c]
RSSI: -84 [da:27:70:9c:14:7c]
RSSI: -85 [da:27:70:9c:14:7c]
RSSI: -92 [da:27:70:ac:14:ac]
RSSI: -96 [da:6e:a6:22:01:ba]
RSSI: -95 [da:6e:a6:32:01:ea]
RSSI: -92 [da:27:70:c8:14:fc]
RSSI: -93 [da:27:70:c8:14:fc]
RSSI: -92 [da:27:70:d7:15:2c]
RSSI: -96 [da:27:70:d7:15:2c]
RSSI: -87 [da:27:70:e3:15:5c]
RSSI: -99 [da:6e:a6:5d:02:6a]
RSSI: -84 [da:27:70:e3:15:5c]
RSSI: -83 [da:27:70:f3:15:7c]
RSSI: -81 [da:27:70:f3:15:7c]
RSSI: -81 [da:27:71:02:15:ac]
RSSI: -78 [da:27:71:0e:15:dc]
RSSI: -78 [da:27:71:0e:15:dc]
RSSI: -76 [da:27:71:1e:16:0c]
RSSI: -79 [da:27:71:2d:16:3c]
RSSI: -75 [da:27:71:39:16:5c]
RSSI: -78 [da:27:71:39:16:5c]
RSSI: -75 [da:27:71:49:00:2c]
RSSI: -75 [da:27:71:49:00:2c]
RSSI: -78 [da:27:71:58:00:5c]
RSSI: -74 [da:27:71:58:00:5c]
RSSI: -78 [da:27:71:65:00:8c]
RSSI: -77 [da:27:71:65:00:8c]
RSSI: -75 [da:27:71:74:00:bc]
RSSI: -78 [da:27:71:74:00:bc]
RSSI: -75 [da:27:71:83:00:ec]
RSSI: -75 [da:27:71:83:00:ec]
RSSI: -78 [da:27:71:90:01:0c]
RSSI: -76 [da:27:71:90:01:0c]
RSSI: -79 [da:27:71:9f:01:3c]
RSSI: -77 [da:27:71:9f:01:3c]
RSSI: -78 [da:27:71:ae:01:6c]
RSSI: -79 [da:27:71:bb:01:8c]
RSSI: -81 [da:27:71:bb:01:8c]
RSSI: -82 [da:27:71:ca:01:bc]
RSSI: -82 [da:27:71:ca:01:bc]
RSSI: -94 [da:27:71:e6:02:1c]
RSSI: -93 [da:27:71:e6:02:1c]
RSSI: -100 [da:27:71:f5:02:3c]
RSSI: -92 [da:27:71:f5:02:3c]
RSSI: -92 [da:27:72:05:02:6c]
RSSI: -85 [da:27:72:21:02:cc]
RSSI: -92 [da:27:72:21:02:cc]
RSSI: -88 [da:27:72:30:02:fc]
RSSI: -87 [da:27:72:30:02:fc]
RSSI: -91 [da:27:72:3c:03:1c]
RSSI: -90 [da:27:72:3c:03:1c]
RSSI: -94 [da:27:72:4c:03:4c]
RSSI: -94 [da:27:73:40:06:3c]
RSSI: -98 [da:27:73:4f:06:6c]
RSSI: -96 [da:27:73:d1:07:fc]
RSSI: -91 [da:27:73:fd:08:8c]
RSSI: -89 [da:27:74:19:08:dc]
RSSI: -93 [da:27:74:28:09:0c]
RSSI: -96 [da:27:74:28:09:0c]
RSSI: -90 [da:27:74:37:09:3c]
RSSI: -95 [da:27:74:37:09:3c]
RSSI: -93 [da:27:74:44:09:6c]
RSSI: -96 [da:27:74:6f:09:ec]
RSSI: -97 [da:27:74:8e:0a:5c]
RSSI: -94 [da:27:74:aa:0a:ac]
RSSI: -92 [da:27:74:ba:0a:dc]
RSSI: -93 [da:27:74:ba:0a:dc]
RSSI: -92 [da:27:74:c6:0b:0c]
RSSI: -89 [da:27:74:e5:0b:6c]
RSSI: -90 [da:27:74:e5:0b:6c]
RSSI: -89 [da:27:74:f2:0b:8c]
RSSI: -89 [da:27:75:01:0b:bc]
RSSI: -88 [da:27:75:01:0b:bc]
RSSI: -91 [da:27:75:11:0b:ec]
RSSI: -89 [da:27:75:2d:0c:4c]
RSSI: -89 [da:27:75:2d:0c:4c]
RSSI: -91 [da:27:75:58:0c:cc]
RSSI: -93 [da:27:75:68:0c:fc]
RSSI: -94 [da:27:75:93:0d:8c]
RSSI: -96 [da:27:75:b4:0d:ec]
RSSI: -93 [da:27:75:d1:0e:3c]
RSSI: -91 [da:27:75:f0:0e:9c]
RSSI: -91 [da:27:75:f0:0e:9c]
RSSI: -97 [da:27:76:0c:0e:fc]
RSSI: -94 [da:27:76:1c:0f:2c]
RSSI: -94 [da:27:76:38:0f:7c]
RSSI: -93 [da:27:76:47:0f:ac]
RSSI: -93 [da:27:76:54:0f:dc]
RSSI: -97 [da:27:76:64:10:0c]
RSSI: -92 [da:27:77:5a:12:fc]
RSSI: -95 [da:27:77:5a:12:fc]
RSSI: -92 [da:27:77:6a:13:2c]
RSSI: -94 [da:27:77:86:13:8c]
RSSI: -94 [da:27:77:a5:13:dc]
RSSI: -94 [da:27:77:b1:14:0c]
RSSI: -90 [da:27:77:b1:14:0c]
RSSI: -89 [da:27:77:c1:14:3c]
RSSI: -91 [da:27:77:c1:14:3c]
RSSI: -88 [da:27:77:d0:14:6c]
RSSI: -86 [da:27:77:d0:14:6c]
RSSI: -95 [da:6e:ad:56:00:5a]
RSSI: -88 [da:27:77:dd:14:8c]
RSSI: -88 [da:27:77:dd:14:8c]
RSSI: -94 [da:6e:ad:62:00:7a]
RSSI: -98 [da:6e:ad:62:00:7a]
RSSI: -90 [da:27:77:ed:14:bc]
RSSI: -86 [da:27:77:fc:14:ec]
RSSI: -93 [da:6e:ad:72:00:aa]
RSSI: -90 [da:27:78:09:15:1c]
RSSI: -95 [da:6e:ad:8e:00:fa]
RSSI: -92 [da:27:78:19:15:4c]
RSSI: -90 [da:27:78:28:15:7c]
RSSI: -94 [da:6e:ad:9e:01:2a]
RSSI: -86 [da:27:78:28:15:7c]
RSSI: -86 [da:27:78:35:15:9c]
RSSI: -94 [da:6e:ad:ad:01:5a]
RSSI: -85 [da:27:78:35:15:9c]
RSSI: -97 [da:6e:ad:ba:01:7a]
RSSI: -82 [da:27:78:44:15:cc]
RSSI: -96 [da:6e:ad:c9:01:aa]
RSSI: -79 [da:27:78:54:15:fc]
RSSI: -95 [da:6e:ad:c9:01:aa]
RSSI: -81 [da:27:78:60:16:1c]
RSSI: -81 [da:27:78:60:16:1c]
RSSI: -96 [da:6e:ad:d9:01:da]
RSSI: -77 [da:27:78:60:16:1c]
RSSI: -95 [da:6e:ad:e6:01:fa]
RSSI: -80 [da:27:78:70:16:4c]
RSSI: -76 [da:27:78:80:16:7c]
RSSI: -74 [da:27:78:8c:00:0c]
RSSI: -97 [da:6e:ae:05:02:5a]
RSSI: -75 [da:27:78:8c:00:0c]
RSSI: -78 [da:27:78:9c:00:2c]
RSSI: -74 [da:27:78:9c:00:2c]
RSSI: -76 [da:27:78:b8:00:8c]
RSSI: -75 [da:27:78:b8:00:8c]
RSSI: -74 [da:27:78:c8:00:bc]
RSSI: -76 [da:27:78:c8:00:bc]
RSSI: -79 [da:27:78:d7:00:ec]
RSSI: -75 [da:27:78:d7:00:ec]
RSSI: -80 [da:27:78:e4:01:0c]
RSSI: -79 [da:27:78:f4:01:3c]
RSSI: -81 [da:27:78:f4:01:3c]
RSSI: -78 [da:27:79:03:01:6c]
RSSI: -81 [da:27:79:03:01:6c]
RSSI: -84 [da:27:79:10:01:9c]
RSSI: -81 [da:27:79:10:01:9c]
RSSI: -86 [da:27:79:20:01:cc]
RSSI: -86 [da:27:79:20:01:cc]
RSSI: -95 [da:27:79:2f:01:fc]
RSSI: -92 [da:27:79:2f:01:fc]
RSSI: -94 [da:27:79:3c:02:1c]
RSSI: -87 [da:27:79:5b:02:7c]
RSSI: -86 [da:27:79:68:02:ac]
RSSI: -92 [da:27:79:68:02:ac]
RSSI: -87 [da:27:79:77:02:dc]
RSSI: -88 [da:27:79:87:03:0c]
RSSI: -95 [da:27:79:94:03:2c]
RSSI: -97 [da:27:79:94:03:2c]
RSSI: -95 [da:27:79:b3:03:8c]
RSSI: -96 [da:27:7a:37:05:1c]
RSSI: -96 [da:27:7a:6f:05:cc]
RSSI: -96 [da:27:7a:7f:06:0c]
RSSI: -95 [da:27:7a:8f:06:3c]
RSSI: -96 [da:27:7a:9b:06:5c]
RSSI: -97 [da:27:7b:03:07:9c]
RSSI: -95 [da:27:7b:13:07:cc]
RSSI: -96 [da:27:7b:2f:08:2c]
RSSI: -96 [da:27:7b:2f:08:2c]
RSSI: -93 [da:27:7b:4b:08:7c]
RSSI: -89 [da:27:7b:6b:08:ec]
RSSI: -89 [da:27:7b:78:09:0c]
RSSI: -92 [da:27:7b:87:09:3c]
RSSI: -95 [da:27:7b:a4:09:9c]
RSSI: -93 [da:27:7b:b4:09:cc]
RSSI: -95 [da:27:7b:e0:0a:5c]
RSSI: -95 [da:27:7b:ef:0a:8c]
RSSI: -92 [da:27:7b:fc:0a:ac]
RSSI: -91 [da:27:7c:0c:0a:dc]
RSSI: -91 [da:27:7c:1b:0b:0c]
RSSI: -91 [da:27:7c:1b:0b:0c]
RSSI: -90 [da:27:7c:28:0b:3c]
RSSI: -90 [da:27:7c:28:0b:3c]
RSSI: -88 [da:27:7c:48:0b:9c]
RSSI: -92 [da:27:7c:54:0b:bc]
RSSI: -93 [da:27:7c:64:0b:ec]
RSSI: -89 [da:27:7c:74:0c:1c]
RSSI: -91 [da:27:7c:80:0c:4c]
RSSI: -90 [da:27:7c:80:0c:4c]
RSSI: -92 [da:27:7c:a0:0c:ac]
RSSI: -94 [da:27:7c:ad:0c:dc]
RSSI: -91 [da:27:7c:ad:0c:dc]
RSSI: -94 [da:27:7c:d9:0d:5c]
RSSI: -98 [da:27:7c:f8:0d:cc]
RSSI: -94 [da:27:7d:05:0d:ec]
RSSI: -92 [da:27:7d:25:0e:4c]
RSSI: -94 [da:27:7d:25:0e:4c]
RSSI: -92 [da:27:7d:31:0e:7c]
RSSI: -92 [da:27:7d:51:0e:dc]
RSSI: -95 [da:27:7d:5e:0e:fc]
RSSI: -95 [da:27:7d:7d:0f:6c]
RSSI: -94 [da:27:7d:7d:0f:6c]
RSSI: -97 [da:27:7e:5b:12:0c]
RSSI: -93 [da:27:7e:b4:13:1c]
RSSI: -93 [da:27:7e:c1:13:3c]
RSSI: -92 [da:27:7e:fd:13:fc]
RSSI: -88 [da:27:7f:0d:14:2c]
RSSI: -86 [da:27:7f:19:14:5c]
RSSI: -87 [da:27:7f:19:14:5c]
RSSI: -86 [da:27:7f:29:14:8c]
RSSI: -91 [da:27:7f:39:14:bc]
RSSI: -92 [da:27:7f:39:14:bc]
RSSI: -93 [da:27:7f:56:15:0c]
RSSI: -89 [da:27:7f:72:15:6c]
RSSI: -88 [da:27:7f:72:15:6c]
RSSI: -83 [da:27:7f:82:15:9c]
RSSI: -84 [da:27:7f:82:15:9c]
RSSI: -79 [da:27:7f:92:15:cc]
RSSI: -94 [da:6e:b5:06:00:5a]
RSSI: -79 [da:27:7f:9f:15:ec]
RSSI: -77 [da:27:7f:9f:15:ec]
RSSI: -79 [da:27:7f:af:16:1c]
RSSI: -77 [da:27:7f:af:16:1c]
RSSI: -76 [da:27:7f:bf:16:4c]
RSSI: -78 [da:27:7f:bf:16:4c]
RSSI: -76 [da:27:7f:cb:16:6c]
RSSI: -78 [da:27:7f:cb:16:6c]
RSSI: -95 [da:6e:b5:4f:01:1a]
RSSI: -75 [da:27:7f:db:00:3c]
RSSI: -77 [da:27:7f:eb:00:6c]
RSSI: -95 [da:6e:b5:5f:01:4a]
RSSI: -75 [da:27:7f:eb:00:6c]
RSSI: -95 [da:6e:b5:5f:01:4a]
RSSI: -75 [da:27:80:08:00:bc]
RSSI: -78 [da:27:80:08:00:bc]
RSSI: -76 [da:27:80:18:00:ec]
RSSI: -76 [da:27:80:18:00:ec]
RSSI: -76 [da:27:80:18:00:ec]
RSSI: -77 [da:27:80:24:01:1c]
RSSI: -79 [da:27:80:34:01:4c]
RSSI: -79 [da:27:80:34:01:4c]
RSSI: -78 [da:27:80:44:01:7c]
RSSI: -81 [da:27:80:44:01:7c]
RSSI: -79 [da:27:80:51:01:9c]
RSSI: -80 [da:27:80:51:01:9c]
RSSI: -84 [da:27:80:51:01:9c]
RSSI: -86 [da:27:80:61:01:cc]
RSSI: -83 [da:27:80:61:01:cc]
RSSI: -89 [da:27:80:71:02:0c]
RSSI: -93 [da:27:80:71:02:0c]
RSSI: -89 [da:27:80:9d:02:8c]
RSSI: -93 [da:27:80:9d:02:8c]
RSSI: -86 [da:27:80:aa:02:ac]
RSSI: -87 [da:27:80:ba:02:dc]
RSSI: -88 [da:27:80:ca:03:0c]
RSSI: -88 [da:27:80:ca:03:0c]
RSSI: -94 [da:27:80:ca:03:0c]
RSSI: -92 [da:27:80:d7:03:3c]
RSSI: -96 [da:27:80:f7:03:9c]
RSSI: -95 [da:27:81RSSI: -80 [da:27:95:7b:16:0c]
RSSI: -86 [da:27:95:7b:16:0c]
RSSI: -82 [da:27:95:88:16:3c]
RSSI: -80 [da:27:95:88:16:3c]
RSSI: -78 [da:27:95:88:16:3c]
RSSI: -80 [da:27:95:95:16:5c]
RSSI: -77 [da:27:95:a3:16:7c]
RSSI: -78 [da:27:95:a3:16:7c]
RSSI: -83 [da:27:95:a3:16:7c]
RSSI: -78 [da:27:95:b0:00:0c]
RSSI: -77 [da:27:95:b0:00:0c]
RSSI: -83 [da:27:95:bd:00:2c]
RSSI: -77 [da:27:95:bd:00:2c]
RSSI: -76 [da:27:95:ca:00:5c]
RSSI: -84 [da:27:95:ca:00:5c]
RSSI: -77 [da:27:95:d8:00:7c]
RSSI: -76 [da:27:95:d8:00:7c]
RSSI: -79 [da:27:95:e5:00:9c]
RSSI: -79 [da:27:95:e5:00:9c]
RSSI: -83 [da:27:95:f2:00:cc]
RSSI: -83 [da:27:95:f2:00:cc]
RSSI: -81 [da:27:96:0c:01:1c]
RSSI: -86 [da:27:96:1a:01:4c]
RSSI: -81 [da:27:96:28:01:6c]
RSSI: -87 [da:27:96:28:01:6c]
RSSI: -88 [da:27:96:34:01:9c]
RSSI: -85 [da:27:96:34:01:9c]
RSSI: -89 [da:27:96:9f:02:ec]
RSSI: -91 [da:27:96:ac:03:0c]
RSSI: -97 [da:27:97:24:04:7c]
RSSI: -93 [da:27:98:2f:07:bc]
RSSI: -94 [da:27:98:4a:08:0c]
RSSI: -94 [da:27:98:80:08:bc]
RSSI: -93 [da:27:98:8c:08:dc]
RSSI: -97 [da:27:98:dc:09:dc]
RSSI: -95 [da:27:98:f8:0a:2c]
RSSI: -96 [da:27:99:2d:0a:cc]
RSSI: -92 [da:27:99:7d:0b:cc]
RSSI: -93 [da:27:99:c1:0c:9c]
RSSI: -93 [da:27:9a:3a:0e:1c]
RSSI: -92 [da:27:9a:3a:0e:1c]
RSSI: -98 [da:27:9a:cd:0f:ec]
RSSI: -97 [da:27:9b:a5:12:7c]
RSSI: -93 [da:27:9b:c0:12:cc]
RSSI: -92 [da:27:9b:ce:12:fc]
RSSI: -90 [da:27:9c:11:13:cc]
RSSI: -89 [da:27:9c:2b:14:1c]
RSSI: -91 [da:27:9c:2b:14:1c]
RSSI: -90 [da:27:9c:39:14:4c]
RSSI: -92 [da:27:9c:54:14:9c]
RSSI: -92 [da:27:9c:98:15:6c]
RSSI: -92 [da:27:9c:b3:15:bc]
RSSI: -87 [da:27:9c:c1:15:dc]
RSSI: -86 [da:27:9c:c1:15:dc]
RSSI: -86 [da:27:9c:ce:16:0c]
RSSI: -86 [da:27:9c:e9:16:5c]
RSSI: -87 [da:27:9d:12:00:5c]
RSSI: -91 [da:27:9d:12:00:5c]
RSSI: -91 [da:27:9d:3b:00:dc]
RSSI: -93 [da:27:9d:47:00:fc]
RSSI: -94 [da:27:9d:8c:01:dc]
RSSI: -95 [da:27:9d:c1:02:7c]
RSSI: -94 [da:27:9e:21:03:9c]
RSSI: -93 [da:27:9e:49:04:1c]
RSSI: -97 [da:6e:d3:c2:15:fa]
RSSI: -93 [da:6e:d4:06:00:7a]
RSSI: -97 [da:27:9e:bb:05:7c]
RSSI: -93 [da:27:9e:cb:05:ac]
RSSI: -94 [da:27:9e:e5:05:fc]
RSSI: -93 [da:27:9f:02:06:4c]
RSSI: -97 [da:27:9f:6e:07:9c]
RSSI: -97 [da:27:9f:7c:07:cc]
RSSI: -95 [da:27:9f:b2:08:7c]
RSSI: -94 [da:27:9f:c0:08:9c]
RSSI: -93 [da:27:9f:da:08:fc]
RSSI: -97 [da:27:a0:55:0a:7c]
RSSI: -92 [da:27:a0:9b:0b:4c]
RSSI: -91 [da:27:a0:a7:0b:7c]
RSSI: -90 [da:27:a0:c3:0b:dc]
RSSI: -93 [da:27:a0:f9:0c:7c]
RSSI: -90 [da:27:a1:4b:0d:7c]
RSSI: -92 [da:27:a1:82:0e:2c]
RSSI: -90 [da:27:a1:91:0e:5c]
RSSI: -89 [da:27:a1:91:0e:5c]
RSSI: -92 [da:27:a1:ba:0e:dc]
RSSI: -93 [da:27:a1:e3:0f:5c]
RSSI: -93 [da:27:a1:e3:0f:5c]
RSSI: -90 [da:27:a1:fe:0f:ac]
RSSI: -91 [da:27:a2:0c:0f:dc]
RSSI: -94 [da:27:a2:41:10:7c]
RSSI: -97 [da:27:a2:94:11:7c]
RSSI: -99 [da:27:a2:b0:11:cc]
RSSI: -93 [da:27:a2:d9:12:4c]
RSSI: -94 [da:27:a2:e6:12:7c]
RSSI: -91 [da:27:a2:f4:12:9c]
RSSI: -90 [da:27:a3:0f:12:fc]
RSSI: -90 [da:27:a3:2c:13:4c]
RSSI: -89 [da:27:a3:2c:13:4c]
RSSI: -90 [da:27:a3:47:13:9c]
RSSI: -91 [da:27:a3:55:13:cc]
RSSI: -88 [da:27:a3:55:13:cc]
RSSI: -88 [da:27:a3:62:13:ec]
RSSI: -86 [da:27:a3:70:14:1c]
RSSI: -85 [da:27:a3:7e:14:4c]
RSSI: -85 [da:27:a3:7e:14:4c]
RSSI: -88 [da:27:a3:8b:14:6c]
RSSI: -88 [da:27:a3:99:14:9c]
RSSI: -94 [da:27:a3:a8:14:bc]
RSSI: -87 [da:27:a3:d1:15:3c]
RSSI: -83 [da:27:a3:dd:15:5c]
RSSI: -81 [da:27:a3:fa:15:bc]
RSSI: -78 [da:27:a4:07:15:dc]
RSSI: -78 [da:27:a4:07:15:dc]
RSSI: -84 [da:27:a4:15:16:0c]
RSSI: -76 [da:27:a4:15:16:0c]
RSSI: -78 [da:27:a4:23:16:3c]
RSSI: -83 [da:27:a4:23:16:3c]
RSSI: -76 [da:27:a4:30:16:5c]
RSSI: -77 [da:27:a4:30:16:5c]
RSSI: -76 [da:27:a4:3e:00:0c]
RSSI: -83 [da:27:a4:4d:00:2c]
RSSI: -76 [da:27:a4:59:00:5c]
RSSI: -76 [da:27:a4:68:00:7c]
RSSI: -77 [da:27:a4:68:00:7c]
RSSI: -84 [da:27:a4:76:00:ac]
RSSI: -76 [da:27:a4:76:00:ac]
RSSI: -77 [da:27:a4:83:00:cc]
RSSI: -84 [da:27:a4:83:00:cc]
RSSI: -77 [da:27:a4:91:00:fc]
RSSI: -78 [da:27:a4:91:00:fc]
RSSI: -79 [da:27:a4:9f:01:2c]
RSSI: -82 [da:27:a4:ba:01:7c]
RSSI: -84 [da:27:a4:ba:01:7c]
RSSI: -87 [da:27:a4:c9:01:ac]
RSSI: -94 [da:27:a4:f2:02:2c]
RSSI: -92 [da:27:a4:ff:02:4c]
RSSI: -91 [da:27:a5:1c:02:9c]
RSSI: -91 [da:27:a5:28:02:cc]
RSSI: -94 [da:27:a5:37:02:fc]
RSSI: -92 [da:27:a5:6e:03:9c]
RSSI: -94 [da:27:a5:7b:03:cc]
RSSI: -97 [da:6e:db:53:15:6a]
RSSI: -95 [da:27:a6:14:05:ac]
RSSI: -94 [da:6e:db:8b:15:fa]
RSSI: -92 [da:6e:db:b4:00:5a]
RSSI: -91 [da:6e:db:c1:00:7a]
RSSI: -95 [da:27:a6:4a:06:4c]
RSSI: -92 [da:6e:db:c1:00:7a]
RSSI: -90 [da:6e:db:f9:01:1a]
RSSI: -98 [da:6e:dc:07:01:3a]
RSSI: -89 [da:6e:dc:22:01:8a]
RSSI: -94 [da:27:a6:c7:07:cc]
RSSI: -95 [da:27:a6:d6:07:fc]
RSSI: -91 [da:6e:dc:4c:01:fa]
RSSI: -93 [da:27:a6:ff:08:7c]
RSSI: -92 [da:27:a7:37:09:2c]
RSSI: -94 [da:27:a7:c1:0a:dc]
RSSI: -91 [da:27:a7:cf:0b:0c]
RSSI: -88 [da:27:a7:de:0b:3c]
RSSI: -87 [da:27:a8:07:0b:bc]
RSSI: -88 [da:27:a8:14:0b:dc]
RSSI: -90 [da:27:a8:31:0c:3c]
RSSI: -91 [da:27:a8:4c:0c:9c]
RSSI: -90 [da:27:a8:85:0d:4c]
RSSI: -91 [da:27:a8:91:0d:6c]
RSSI: -95 [da:27:a8:ae:0d:cc]
RSSI: -92 [da:27:a8:d8:0e:4c]
RSSI: -91 [da:27:a8:e5:0e:7c]
RSSI: -95 [da:27:a8:f3:0e:9c]
RSSI: -94 [da:27:a9:2c:0f:4c]
RSSI: -92 [da:27:a9:38:0f:7c]
RSSI: -90 [da:27:a9:47:0f:ac]
RSSI: -91 [da:27:a9:62:0f:fc]
RSSI: -97 [da:27:a9:9b:10:ac]
RSSI: -90 [da:27:aa:27:12:5c]
RSSI: -93 [da:27:aa:33:12:7c]
RSSI: -90 [da:27:aa:51:12:cc]
RSSI: -92 [da:27:aa:51:12:cc]
RSSI: -88 [da:27:aa:5d:12:fc]
RSSI: -90 [da:27:aa:7b:13:4c]
RSSI: -90 [da:27:aa:7b:13:4c]
RSSI: -90 [da:27:aa:87:13:7c]
RSSI: -88 [da:27:aa:a5:13:cc]
RSSI: -86 [da:27:aa:b1:13:fc]
RSSI: -87 [da:27:aa:c0:14:2c]
RSSI: -88 [da:27:aa:c0:14:2c]
RSSI: -86 [da:27:aa:c0:14:2c]
RSSI: -86 [da:27:aa:cf:14:4c]
RSSI: -88 [da:27:aa:db:14:7c]
RSSI: -87 [da:27:aa:db:14:7c]
RSSI: -87 [da:27:aa:db:14:7c]
RSSI: -95 [da:27:aa:f9:14:cc]
RSSI: -90 [da:27:ab:14:15:2c]
RSSI: -85 [da:27:ab:23:15:4c]
RSSI: -84 [da:27:ab:2f:15:7c]
RSSI: -88 [da:27:ab:2f:15:7c]
RSSI: -81 [da:27:ab:3e:15:ac]
RSSI: -82 [da:27:ab:3e:15:ac]
RSSI: -81 [da:27:ab:3e:15:ac]
RSSI: -79 [da:27:ab:4d:15:cc]
RSSI: -83 [da:27:ab:59:15:fc]
RSSI: -83 [da:27:ab:59:15:fc]
RSSI: -78 [da:27:ab:68:16:2c]
RSSI: -82 [da:27:ab:68:16:2c]
RSSI: -77 [da:27:ab:77:16:4c]
RSSI: -77 [da:27:ab:77:16:4c]
RSSI: -77 [da:27:ab:77:16:4c]
RSSI: -76 [da:27:ab:83:16:7c]
RSSI: -82 [da:27:ab:92:00:2c]
RSSI: -77 [da:27:ab:a1:00:5c]
RSSI: -77 [da:27:ab:ad:00:7c]
RSSI: -83 [da:27:ab:bc:00:ac]
RSSI: -77 [da:27:ab:bc:00:ac]
RSSI: -77 [da:27:ab:bc:00:ac]
RSSI: -78 [da:27:ab:cb:00:dc]
RSSI: -78 [da:27:ab:d7:00:fc]
RSSI: -79 [da:27:ab:d7:00:fc]
RSSI: -79 [da:27:ab:d7:00:fc]
RSSI: -80 [da:27:ab:e6:01:2c]
RSSI: -81 [da:27:ab:e6:01:2c]
RSSI: -92 [da:27:ab:f5:01:5c]
RSSI: -85 [da:27:ac:10:01:ac]
RSSI: -87 [da:27:ac:10:01:ac]
RSSI: -93 [da:27:ac:2c:02:0c]
RSSI: -93 [da:27:ac:a4:03:7c]
RSSI: -91 [da:27:ac:b1:03:9c]
RSSI: -92 [da:27:ac:c0:03:cc]
RSSI: -94 [da:27:ac:ce:03:fc]
RSSI: -95 [da:27:ac:ea:04:4c]
RSSI: -96 [da:27:ac:f8:04:7c]
RSSI: -96 [da:27:ad:2f:05:1c]
RSSI: -93 [da:27:ad:4d:05:7c]
RSSI: -95 [da:27:ad:84:06:2c]
RSSI: -98 [da:6e:e3:06:15:5a]
RSSI: -94 [da:27:ad:93:06:5c]
RSSI: -94 [da:6e:e3:41:15:fa]
RSSI: -95 [da:27:ad:f6:07:8c]
RSSI: -93 [da:6e:e3:6b:00:5a]
RSSI: -95 [da:27:ad:f6:07:8c]
RSSI: -95 [da:6e:e3:a2:00:ea]
RSSI: -95 [da:6e:e3:b1:01:1a]
RSSI: -93 [da:6e:e3:b1:01:1a]
RSSI: -91 [da:6e:e3:db:01:8a]
RSSI: -94 [da:27:ae:66:08:ec]
RSSI: -91 [da:6e:e4:05:02:0a]
RSSI: -94 [da:27:ae:f4:0a:ac]
RSSI: -92 [da:27:af:01:0a:cc]
RSSI: -92 [da:27:af:2b:0b:5c]
RSSI: -90 [da:27:af:3a:0b:8c]
RSSI: -90 [da:27:af:49:0b:bc]
RSSI: -90 [da:27:af:8f:0c:8c]
RSSI: -93 [da:27:af:9e:0c:bc]
RSSI: -93 [da:27:af:aa:0c:ec]
RSSI: -88 [da:27:af:c8:0d:4c]
RSSI: -88 [da:27:af:c8:0d:4c]
RSSI: -89 [da:27:af:ff:0d:ec]
RSSI: -90 [da:27:b0:1d:0e:4c]
RSSI: -91 [da:27:b0:2a:0e:7c]
RSSI: -85 [da:27:b0:39:0e:ac]
RSSI: -92 [da:27:b0:54:0e:fc]
RSSI: -92 [da:27:b0:72:0f:5c]
RSSI: -88 [da:27:b0:72:0f:5c]
RSSI: -89 [da:27:b0:7f:0f:7c]
RSSI: -88 [da:27:b0:8e:0f:ac]
RSSI: -88 [da:27:b0:9d:0f:dc]
RSSI: -92 [da:27:b0:a9:0f:fc]
RSSI: -94 [da:27:b0:c7:10:5c]
RSSI: -99 [da:27:b1:0d:11:3c]
RSSI: -92 [da:27:b1:63:12:3c]
RSSI: -91 [da:27:b1:8d:12:bc]
RSSI: -89 [da:27:b1:8d:12:bc]
RSSI: -88 [da:27:b1:a9:13:1c]
RSSI: -91 [da:27:b1:c7:13:6c]
RSSI: -89 [da:27:b1:d4:13:9c]
RSSI: -88 [da:27:b1:e3:13:cc]
RSSI: -87 [da:27:b1:f2:13:ec]
RSSI: -88 [da:27:b1:fe:14:1c]
RSSI: -86 [da:27:b2:0d:14:4c]
RSSI: -87 [da:27:b2:0d:14:4c]
RSSI: -84 [da:27:b2:1c:14:7c]
RSSI: -87 [da:27:b2:1c:14:7c]
RSSI: -93 [da:27:b2:63:15:4c]
RSSI: -85 [da:27:b2:72:15:7c]
RSSI: -86 [da:27:b2:72:15:7c]
RSSI: -82 [da:27:b2:7e:15:9c]
RSSI: -81 [da:27:b2:7e:15:9c]
RSSI: -82 [da:27:b2:8d:15:cc]
RSSI: -79 [da:27:b2:8d:15:cc]
RSSI: -80 [da:27:b2:9c:15:fc]
RSSI: -81 [da:27:b2:9c:15:fc]
RSSI: -78 [da:27:b2:a9:16:1c]
RSSI: -78 [da:27:b2:a9:16:1c]
RSSI: -77 [da:27:b2:b8:16:4c]
RSSI: -77 [da:27:b2:b8:16:4c]
RSSI: -78 [da:27:b2:b8:16:4c]
RSSI: -78 [da:27:b2:c7:16:7c]
RSSI: -77 [da:27:b2:d4:00:2c]
RSSI: -78 [da:27:b2:d4:00:2c]
RSSI: -77 [da:27:b2:e3:00:5c]
RSSI: -77 [da:27:b2:e3:00:5c]
RSSI: -77 [da:27:b2:f2:00:8c]
RSSI: -78 [da:27:b2:ff:00:ac]
RSSI: -79 [da:27:b3:0e:00:dc]
RSSI: -79 [da:27:b3:0e:00:dc]
RSSI: -78 [da:27:b3:1d:01:0c]
RSSI: -81 [da:27:b3:1d:01:0c]
RSSI: -80 [da:27:b3:29:01:2c]
RSSI: -83 [da:27:b3:39:01:5c]
RSSI: -85 [da:27:b3:48:01:8c]
RSSI: -86 [da:27:b3:54:01:bc]
RSSI: -86 [da:27:b3:54:01:bc]
RSSI: -92 [da:27:b3:72:02:0c]
RSSI: -94 [da:27:b3:7f:02:3c]
RSSI: -93 [da:27:b3:8e:02:6c]
RSSI: -96 [da:27:b3:e4:03:6c]
RSSI: -94 [da:27:b3:f3:03:9c]
RSSI: -92 [da:27:b4:00:03:cc]
RSSI: -95 [da:27:b4:1e:04:1c]
RSSI: -96 [da:27:b4:2a:04:4c]
RSSI: -93 [da:27:b4:90:05:7c]
RSSI: -94 [da:27:b4:ab:05:dc]
RSSI: -94 [da:27:b5:3b:07:9c]
RSSI: -93 [da:27:b5:4b:07:cc]
RSSI: -95 [da:6e:ea:da:15:9a]
RSSI: -92 [da:6e:eb:14:16:3a]
RSSI: -92 [da:6e:eb:20:00:2a]
RSSI: -89 [da:6e:eb:4b:00:9a]
RSSI: -92 [da:6e:eb:5b:00:ca]
RSSI: -91 [da:6e:eb:5b:00:ca]
RSSI: -92 [da:6e:eb:6a:00:fa]
RSSI: -90 [da:6e:eb:86:01:4a]
RSSI: -91 [da:6e:eb:95:01:6a]
RSSI: -93 [da:6e:eb:a1:01:9a]
RSSI: -92 [da:6e:eb:cd:02:0a]
RSSI: -94 [da:27:b6:94:0b:dc]
RSSI: -94 [da:27:b6:bf:0c:5c]
RSSI: -100 [da:27:b7:15:0d:6c]
RSSI: -92 [da:27:b7:31:0d:bc]
RSSI: -91 [da:27:b7:6c:0e:7c]
RSSI: -90 [da:27:b7:7b:0e:ac]
RSSI: -91 [da:27:b7:88:0e:cc]
RSSI: -92 [da:27:b7:b3:0f:5c]
RSSI: -93 [da:27:b7:c2:0f:8c]
RSSI: -91 [da:27:b7:d1:0f:bc]
RSSI: -91 [da:27:b7:d1:0f:bc]
RSSI: -96 [da:27:b8:28:10:cc]
RSSI: -96 [da:27:b8:35:10:ec]
RSSI: -95 [da:27:b8:9b:12:1c]
RSSI: -95 [da:27:b8:aa:12:4c]
RSSI: -94 [da:27:b8:c6:12:ac]
RSSI: -92 [da:27:b8:d5:12:cc]
RSSI: -91 [da:27:b8:e2:12:fc]
RSSI: -91 [da:27:b9:01:13:5c]
RSSI: -91 [da:27:b9:1d:13:ac]
RSSI: -89 [da:27:b9:2c:13:dc]
RSSI: -91 [da:27:b9:39:14:0c]
RSSI: -91 [da:27:b9:39:14:0c]
RSSI: -89 [da:27:b9:48:14:3c]
RSSI: -89 [da:27:b9:57:14:6c]
RSSI: -92 [da:27:b9:73:14:bc]
RSSI: -96 [da:27:b9:8f:15:0c]
RSSI: -88 [da:27:b9:bb:15:9c]
RSSI: -84 [da:27:b9:ca:15:bc]
RSSI: -84 [da:27:b9:ca:15:bc]
RSSI: -84 [da:27:b9:da:15:ec]
RSSI: -85 [da:27:b9:e6:16:1c]
RSSI: -81 [da:27:b9:f6:16:4c]
RSSI: -82 [da:27:ba:05:16:7c]
RSSI: -80 [da:27:ba:05:16:7c]
RSSI: -82 [da:27:ba:12:00:0c]
RSSI: -79 [da:27:ba:12:00:0c]
RSSI: -85 [da:27:ba:21:00:2c]
RSSI: -83 [da:27:ba:21:00:2c]
RSSI: -79 [da:27:ba:31:00:5c]
RSSI: -85 [da:27:ba:31:00:5c]
RSSI: -79 [da:27:ba:3d:00:8c]
RSSI: -79 [da:27:ba:3d:00:8c]
RSSI: -85 [da:27:ba:4d:00:bc]
RSSI: -80 [da:27:ba:4d:00:bc]
RSSI: -88 [da:27:ba:5c:00:ec]
RSSI: -86 [da:27:ba:5c:00:ec]
RSSI: -82 [da:27:ba:69:01:0c]
RSSI: -85 [da:27:ba:78:01:3c]
RSSI: -88 [da:27:ba:88:01:6c]
RSSI: -92 [da:27:ba:b3:01:fc]
RSSI: -95 [da:27:ba:f1:02:bc]
RSSI: -94 [da:27:bb:01:02:ec]
RSSI: -94 [da:27:bb:2c:03:6c]
RSSI: -92 [da:27:bb:3c:03:9c]
RSSI: -93 [da:27:bb:48:03:bc]
RSSI: -92 [da:27:bb:58:03:ec]
RSSI: -94 [da:27:bb:af:04:fc]
RSSI: -92 [da:27:bb:bf:05:2c]
RSSI: -91 [da:27:bb:cb:05:4c]
RSSI: -91 [da:27:bb:ea:05:bc]
RSSI: -91 [da:27:bc:06:06:0c]
RSSI: -88 [da:27:bc:16:06:3c]
RSSI: -89 [da:27:bc:23:06:5c]
RSSI: -89 [da:27:bc:23:06:5c]
RSSI: -91 [da:27:bc:4e:06:ec]
RSSI: -93 [da:27:bc:5e:07:1c]
RSSI: -95 [da:27:bc:6d:07:4c]
RSSI: -95 [da:27:bc:7a:07:6c]
RSSI: -96 [da:6e:f2:f2:00:4a]
RSSI: -97 [da:6e:f3:02:00:7a]
RSSI: -94 [da:6e:f3:2e:00:fa]
RSSI: -93 [da:6e:f3:3d:01:2a]
RSSI: -94 [da:6e:f3:59:01:7a]
RSSI: -97 [da:6e:f3:a1:02:3a]
RSSI: -97 [da:27:be:4f:0d:3c]
RSSI: -95 [da:27:be:7b:0d:bc]
RSSI: -93 [da:27:be:87:0d:ec]
RSSI: -94 [da:27:be:b3:0e:6c]
RSSI: -93 [da:27:be:c3:0e:ac]
RSSI: -91 [da:27:be:df:0e:fc]
RSSI: -93 [da:27:bf:1b:0f:bc]
RSSI: -92 [da:27:bf:1b:0f:bc]
RSSI: -97 [da:27:bf:af:11:7c]
RSSI: -96 [da:27:bf:e7:12:2c]
RSSI: -94 [da:27:bf:f7:12:5c]
RSSI: -93 [da:27:c0:13:12:ac]
RSSI: -90 [da:27:c0:4f:13:6c]
RSSI: -92 [da:27:c0:5f:13:9c]
RSSI: -91 [da:27:c0:7b:13:ec]
RSSI: -90 [da:27:c0:8b:14:1c]
RSSI: -92 [da:27:c0:b7:14:ac]
RSSI: -93 [da:27:c0:c3:14:cc]
RSSI: -94 [da:27:c0:ff:15:7c]
RSSI: -86 [da:27:c1:3b:16:3c]
RSSI: -88 [da:27:c1:48:16:5c]
RSSI: -85 [da:27:c1:48:16:5c]
RSSI: -88 [da:27:c1:58:00:0c]
RSSI: -84 [da:27:c1:58:00:0c]
RSSI: -84 [da:27:c1:84:00:8c]
RSSI: -95 [da:27:c1:b0:01:0c]
RSSI: -90 [da:27:c1:cc:01:6c]
RSSI: -95 [da:27:c2:18:02:4c]
RSSI: -93 [da:27:c2:71:03:5c]
RSSI: -91 [da:27:c2:7d:03:8c]
RSSI: -89 [da:27:c2:8d:03:bc]
RSSI: -90 [da:27:c2:ba:04:4c]
RSSI: -94 [da:27:c2:e6:04:cc]
RSSI: -92 [da:27:c2:f6:04:fc]
RSSI: -90 [da:27:c3:02:05:2c]
RSSI: -89 [da:27:c3:12:05:5c]
RSSI: -88 [da:27:c3:3f:05:dc]
RSSI: -92 [da:27:c3:5b:06:3c]
RSSI: -92 [da:27:c3:7b:06:9c]
RSSI: -94 [da:27:c3:b4:07:4c]
RSSI: -93 [da:27:c3:c4:07:7c]
RSSI: -95 [da:27:c4:2c:08:cc]
RSSI: -94 [da:27:c5:27:0b:dc]
RSSI: -94 [da:27:c5:37:0c:0c]
RSSI: -93 [da:27:c5:ad:0d:7c]
RSSI: -95 [da:27:c5:bd:0d:bc]
RSSI: -91 [da:27:c5:da:0e:0c]
RSSI: -93 [da:27:c5:f6:0e:6c]
RSSI: -91 [da:27:c6:06:0e:9c]
RSSI: -91 [da:27:c6:16:0e:cc]
RSSI: -91 [da:27:c6:43:0f:5c]
RSSI: -93 [da:27:c6:4f:0f:7c]
RSSI: -93 [da:27:c6:5f:0f:bc]
RSSI: -91 [da:27:c6:5f:0f:bc]
RSSI: -93 [da:27:c6:8c:10:3c]
RSSI: -92 [da:27:c6:9c:10:6c]
RSSI: -92 [da:27:c7:7c:13:1c]
RSSI: -95 [da:27:c7:88:13:3c]
RSSI: -94 [da:27:c7:98:13:6c]
RSSI: -93 [da:27:c7:a8:13:9c]
RSSI: -95 [da:27:c7:f2:14:8c]
RSSI: -90 [da:27:c8:02:14:bc]
RSSI: -91 [da:27:c8:0f:14:dc]
RSSI: -89 [da:27:c8:1f:15:0c]
RSSI: -91 [da:27:c8:2f:15:3c]
RSSI: -87 [da:27:c8:2f:15:3c]
RSSI: -85 [da:27:c8:4c:15:9c]
RSSI: -83 [da:27:c8:5c:15:cc]
RSSI: -84 [da:27:c8:68:15:ec]
RSSI: -81 [da:27:c8:68:15:ec]
RSSI: -82 [da:27:c8:78:16:1c]
RSSI: -81 [da:27:c8:78:16:1c]
RSSI: -81 [da:27:c8:88:16:4c]
RSSI: -82 [da:27:c8:88:16:4c]
RSSI: -79 [da:27:c8:95:16:7c]
RSSI: -80 [da:27:c8:95:16:7c]
RSSI: -80 [da:27:c8:95:16:7c]
RSSI: -80 [da:27:c8:a5:00:3c]
RSSI: -81 [da:27:c8:b5:00:6c]
RSSI: -79 [da:27:c8:b5:00:6c]
RSSI: -81 [da:27:c8:c2:00:8c]
RSSI: -80 [da:27:c8:d2:00:bc]
RSSI: -81 [da:27:c8:d2:00:bc]
RSSI: -80 [da:27:c8:e2:00:ec]
RSSI: -82 [da:27:c8:ef:01:1c]
RSSI: -81 [da:27:c8:ff:01:4c]
RSSI: -83 [da:27:c8:ff:01:4c]
RSSI: -83 [da:27:c9:0f:01:7c]
RSSI: -84 [da:27:c9:0f:01:7c]
RSSI: -86 [da:27:c9:1c:01:9c]
RSSI: -92 [da:27:c9:2c:01:cc]
RSSI: -94 [da:27:c9:49:02:2c]
RSSI: -91 [da:27:c9:59:02:5c]
RSSI: -88 [da:27:c9:69:02:8c]
RSSI: -86 [da:27:c9:7e:02:cc]
RSSI: -88 [da:27:c9:8e:02:fc]
RSSI: -89 [da:27:c9:9e:03:3c]
RSSI: -90 [da:27:c9:9e:03:3c]
RSSI: -90 [da:27:c9:ab:03:5c]
RSSI: -91 [da:27:c9:ab:03:5c]
RSSI: -92 [da:27:c9:d8:03:ec]
RSSI: -92 [da:27:c9:e5:04:0c]
RSSI: -89 [da:27:c9:f1:04:2c]
RSSI: -90 [da:27:c9:fe:04:5c]
RSSI: -90 [da:27:ca:0b:04:7c]
RSSI: -94 [da:27:ca:17:04:9c]
RSSI: -92 [da:27:ca:3d:05:1c]
RSSI: -92 [da:27:ca:4a:05:3c]
RSSI: -92 [da:27:ca:4a:05:3c]
RSSI: -90 [da:27:ca:4a:05:3c]
RSSI: -91 [da:27:ca:57:05:6c]
RSSI: -90 [da:27:ca:63:05:8c]
RSSI: -91 [da:27:ca:70:05:bc]
RSSI: -92 [da:27:ca:7d:05:dc]
RSSI: -90 [da:27:ca:89:06:0c]
RSSI: -90 [da:27:ca:89:06:0c]
RSSI: -91 [da:27:ca:96:06:2c]
RSSI: -89 [da:27:ca:a3:06:5c]
RSSI: -92 [da:27:ca:b0:06:7c]
RSSI: -91 [da:27:ca:b0:06:7c]
RSSI: -89 [da:27:ca:c9:06:cc]
RSSI: -98 [da:27:cb:09:07:9c]
RSSI: -95 [da:27:cc:2d:0b:2c]
RSSI: -94 [da:27:cc:6d:0b:fc]
RSSI: -98 [da:27:cc:c7:0d:0c]
RSSI: -91 [da:27:cd:3a:0e:7c]
RSSI: -90 [da:27:cd:60:0e:ec]
RSSI: -91 [da:27:cd:6d:0f:1c]
RSSI: -90 [da:27:cd:ad:0f:dc]
RSSI: -93 [da:27:cd:c7:10:2c]
RSSI: -97 [da:27:cd:fa:10:cc]
RSSI: -97 [da:27:ce:2d:11:6c]
RSSI: -95 [da:27:ce:ae:12:fc]
RSSI: -95 [da:27:ce:ba:13:1c]
RSSI: -93 [da:27:ce:ee:13:bc]
RSSI: -96 [da:27:cf:07:14:0c]
RSSI: -98 [da:27:cf:2e:14:7c]
RSSI: -92 [da:27:cf:62:15:1c]
RSSI: -91 [da:27:cf:62:15:1c]
RSSI: -89 [da:27:cf:7b:15:6c]
RSSI: -88 [da:27:cf:88:15:8c]
RSSI: -88 [da:27:cf:88:15:8c]
RSSI: -86 [da:27:cf:95:15:bc]
RSSI: -86 [da:27:cf:95:15:bc]
RSSI: -85 [da:27:cf:af:16:0c]
RSSI: -85 [da:27:cf:af:16:0c]
RSSI: -81 [da:27:cf:bc:16:2c]
RSSI: -83 [da:27:cf:bc:16:2c]
RSSI: -83 [da:27:cf:c9:16:4c]
RSSI: -84 [da:27:cf:c9:16:4c]
RSSI: -82 [da:27:cf:d6:16:7c]
RSSI: -82 [da:27:cf:d6:16:7c]
RSSI: -80 [da:27:cf:e3:00:2c]
RSSI: -82 [da:27:cf:e3:00:2c]
RSSI: -82 [da:27:cf:ef:00:4c]
RSSI: -79 [da:27:cf:ef:00:4c]
RSSI: -82 [da:27:cf:fc:00:7c]
RSSI: -82 [da:27:cf:fc:00:7c]
RSSI: -79 [da:27:d0:09:00:9c]
RSSI: -82 [da:27:d0:09:00:9c]
RSSI: -82 [da:27:d0:16:00:cc]
RSSI: -79 [da:27:d0:16:00:cc]
RSSI: -82 [da:27:d0:23:00:ec]
RSSI: -82 [da:27:d0:23:00:ec]
RSSI: -80 [da:27:d0:30:01:1c]
RSSI: -82 [da:27:d0:30:01:1c]
RSSI: -84 [da:27:d0:3d:01:3c]
RSSI: -81 [da:27:d0:3d:01:3c]
RSSI: -84 [da:27:d0:4a:01:6c]
RSSI: -83 [da:27:d0:4a:01:6c]
RSSI: -85 [da:27:d0:4a:01:6c]
RSSI: -83 [da:27:d0:57:01:8c]
RSSI: -84 [da:27:d0:57:01:8c]
RSSI: -87 [da:27:d0:70:01:dc]
RSSI: -91 [da:27:d0:7d:02:0c]
RSSI: -89 [da:27:d0:a4:02:7c]
RSSI: -89 [da:27:d0:b1:02:ac]
RSSI: -86 [da:27:d0:b1:02:ac]
RSSI: -88 [da:27:d0:be:02:cc]
RSSI: -88 [da:27:d0:e5:03:4c]
RSSI: -91 [da:27:d0:f2:03:6c]
RSSI: -92 [da:27:d1:25:04:0c]
RSSI: -91 [da:27:d1:32:04:2c]
RSSI: -91 [da:27:d1:4c:04:7c]
RSSI: -93 [da:27:d1:80:05:1c]
RSSI: -91 [da:27:d1:8d:05:4c]
RSSI: -91 [da:27:d1:9a:05:6c]
RSSI: -91 [da:27:d1:b4:05:cc]
RSSI: -91 [da:27:d1:b4:05:cc]
RSSI: -90 [da:27:d1:c1:05:ec]
RSSI: -91 [da:27:d1:db:06:3c]
RSSI: -89 [da:27:d1:e7:06:6c]
RSSI: -92 [da:27:d2:02:06:bc]
RSSI: -95 [da:27:d2:0e:06:dc]
RSSI: -94 [da:27:d2:29:07:3c]
RSSI: -92 [da:27:d3:a1:0b:cc]
RSSI: -92 [da:27:d3:a1:0b:cc]
RSSI: -94 [da:27:d3:c8:0c:4c]
RSSI: -97 [da:27:d4:17:0d:3c]
RSSI: -92 [da:27:d4:4b:0d:ec]
RSSI: -92 [da:27:d4:72:0e:5c]
RSSI: -92 [da:27:d4:7f:0e:8c]
RSSI: -92 [da:27:d4:99:0e:dc]
RSSI: -89 [da:27:d4:a6:0f:0c]
RSSI: -91 [da:27:d4:b3:0f:2c]
RSSI: -90 [da:27:d4:da:0f:ac]
RSSI: -90 [da:27:d4:f4:0f:fc]
RSSI: -92 [da:27:d5:02:10:2c]
RSSI: -92 [da:27:d5:0f:10:4c]
RSSI: -91 [da:27:d5:43:10:ec]
RSSI: -96 [da:27:d5:5d:11:3c]
RSSI: -95 [da:27:d5:ed:12:ec]
RSSI: -93 [da:27:d6:07:13:3c]
RSSI: -92 [da:27:d6:07:13:3c]
RSSI: -92 [da:27:d6:15:13:6c]
RSSI: -91 [da:27:d6:2f:13:bc]
RSSI: -93 [da:27:d6:49:14:0c]
RSSI: -93 [da:27:d6:56:14:3c]
RSSI: -91 [da:27:d6:ad:15:3c]
RSSI: -92 [da:27:d6:ba:15:6c]
RSSI: -86 [da:27:d6:c8:15:8c]
RSSI: -88 [da:27:d6:e2:15:dc]
RSSI: -90 [da:27:d6:e2:15:dc]
RSSI: -81 [da:27:d6:ef:16:0c]
RSSI: -86 [da:27:d6:ef:16:0c]
RSSI: -80 [da:27:d6:fc:16:2c]
RSSI: -85 [da:27:d7:09:16:5c]
RSSI: -85 [da:27:d7:09:16:5c]
RSSI: -79 [da:27:d7:16:16:7c]
RSSI: -84 [da:27:d7:16:16:7c]
RSSI: -87 [da:27:d7:23:00:2c]
RSSI: -78 [da:27:d7:23:00:2c]
RSSI: -84 [da:27:d7:31:00:5c]
RSSI: -86 [da:27:d7:31:00:5c]
RSSI: -78 [da:27:d7:3e:00:7c]
RSSI: -83 [da:27:d7:3e:00:7c]
RSSI: -86 [da:27:d7:4b:00:ac]
RSSI: -79 [da:27:d7:4b:00:ac]
RSSI: -83 [da:27:d7:58:00:cc]
RSSI: -86 [da:27:d7:58:00:cc]
RSSI: -84 [da:27:d7:65:00:fc]
RSSI: -79 [da:27:d7:72:01:1c]
RSSI: -86 [da:27:d7:7f:01:4c]
RSSI: -87 [da:27:d7:8d:01:7c]
RSSI: -83 [da:27:d7:99:01:9c]
RSSI: -89 [da:27:d7:b4:01:ec]
RSSI: -91 [da:27:d7:dc:02:6c]
RSSI: -85 [da:27:d7:f6:02:bc]
RSSI: -89 [da:27:d8:10:03:0c]
RSSI: -91 [da:27:d8:1e:03:2c]
RSSI: -92 [da:27:d8:38:03:7c]
RSSI: -94 [da:27:d8:45:03:ac]
RSSI: -91 [da:27:d8:53:03:cc]
RSSI: -91 [da:27:d8:6d:04:1c]
RSSI: -90 [da:27:d8:7a:04:4c]
RSSI: -91 [da:27:d8:87:04:6c]
RSSI: -91 [da:27:d8:94:04:9c]
RSSI: -94 [da:27:d8:ae:04:ec]
RSSI: -93 [da:27:d8:bc:05:1c]
RSSI: -92 [da:27:d8:d6:05:6c]
RSSI: -89 [da:27:d8:d6:05:6c]
RSSI: -92 [da:27:d8:e4:05:8c]
RSSI: -92 [da:27:d8:f1:05:bc]
RSSI: -92 [da:27:d8:fe:05:dc]
RSSI: -90 [da:27:d9:19:06:3c]
RSSI: -89 [da:27:d9:19:06:3c]
RSSI: -90 [da:27:d9:25:06:5c]
RSSI: -93 [da:27:d9:4d:06:dc]
RSSI: -97 [da:27:d9:ec:08:cc]
RSSI: -96 [da:27:da:99:0a:ec]
RSSI: -93 [da:27:da:c1:0b:6c]
RSSI: -92 [da:27:da:e8:0b:ec]
RSSI: -93 [da:27:da:f6:0c:0c]
RSSI: -92 [da:27:db:95:0e:0c]
RSSI: -93 [da:27:db:a2:0e:2c]
RSSI: -92 [da:27:db:b0:0e:5c]
RSSI: -93 [da:27:db:d8:0e:dc]
RSSI: -91 [da:27:db:e5:0f:0c]
RSSI: -91 [da:27:dc:1a:0f:ac]
RSSI: -90 [da:27:dc:28:0f:cc]
RSSI: -91 [da:27:dc:35:0f:fc]
RSSI: -92 [da:27:dc:78:10:cc]
RSSI: -92 [da:27:dc:78:10:cc]
RSSI: -95 [da:27:dc:a0:11:3c]
RSSI: -94 [da:27:dd:25:12:dc]
RSSI: -95 [da:27:dd:25:12:dc]
RSSI: -92 [da:27:dd:4e:13:5c]
RSSI: -92 [da:27:dd:5a:13:7c]
RSSI: -94 [da:27:dd:b8:14:9c]
RSSI: -92 [da:27:dd:d3:14:ec]
RSSI: -91 [da:27:dd:ee:15:3c]
RSSI: -89 [da:27:dd:fb:15:6c]
RSSI: -88 [da:27:de:16:15:bc]
RSSI: -83 [da:27:de:31:16:0c]
RSSI: -85 [da:27:de:3e:16:3c]
RSSI: -90 [da:27:de:4b:16:5c]
RSSI: -81 [da:27:de:59:00:0c]
RSSI: -84 [da:27:de:67:00:2c]
RSSI: -83 [da:27:de:73:00:5c]
RSSI: -80 [da:27:de:81:00:7c]
RSSI: -83 [da:27:de:8f:00:ac]
RSSI: -88 [da:27:de:9c:00:cc]
RSSI: -83 [da:27:de:9c:00:cc]
RSSI: -81 [da:27:de:a9:00:fc]
RSSI: -88 [da:27:de:a9:00:fc]
RSSI: -84 [da:27:de:b7:01:2c]
RSSI: -81 [da:27:de:b7:01:2c]
RSSI: -88 [da:27:de:c4:01:4c]
RSSI: -86 [da:27:de:c4:01:4c]
RSSI: -84 [da:27:de:df:01:9c]
RSSI: -93 [da:27:de:fa:01:ec]
RSSI: -94 [da:27:df:08:02:1c]
RSSI: -91 [da:27:df:22:02:6c]
RSSI: -89 [da:27:df:30:02:9c]
RSSI: -90 [da:27:df:3d:02:bc]
RSSI: -89 [da:27:df:4a:02:ec]
RSSI: -93 [da:27:df:58:03:0c]
RSSI: -93 [da:27:df:8d:03:bc]
RSSI: -92 [da:27:df:8d:03:bc]
RSSI: -90 [da:27:df:b5:04:2c]
RSSI: -91 [da:27:df:c3:04:5c]
RSSI: -89 [da:27:df:c3:04:5c]
RSSI: -93 [da:27:df:d1:04:8c]
RSSI: -91 [da:27:df:ec:04:dc]
RSSI: -93 [da:27:e0:06:05:2c]
RSSI: -90 [da:27:e0:14:05:5c]
RSSI: -91 [da:27:e0:2f:05:ac]
RSSI: -89 [da:27:e0:3d:05:dc]
RSSI: -91 [da:27:e0:4a:05:fc]
RSSI: -89 [da:27:e0:4a:05:fc]
RSSI: -91 [da:27:e0:57:06:2c]
RSSI: -89 [da:27:e0:73:06:7c]
RSSI: -93 [da:27:e0:7f:06:ac]
RSSI: -95 [da:27:e0:8d:06:cc]
RSSI: -89 [da:27:e0:9b:06:fc]
RSSI: -88 [da:27:e0:9b:06:fc]
RSSI: -90 [da:27:e0:a8:07:2c]
RSSI: -95 [da:27:e0:c4:07:7c]
RSSI: -96 [da:27:e0:d0:07:ac]
RSSI: -95 [da:27:e1:2f:08:cc]
RSSI: -94 [da:27:e2:08:0b:7c]
RSSI: -94 [da:27:e2:30:0b:fc]
RSSI: -93 [da:27:e2:c5:0d:cc]
RSSI: -91 [da:27:e2:e0:0e:1c]
RSSI: -89 [da:27:e3:24:0e:fc]
RSSI: -89 [da:27:e3:31:0f:1c]
RSSI: -90 [da:27:e3:4d:0f:7c]
RSSI: -90 [da:27:e3:68:0f:cc]
RSSI: -91 [da:27:e3:82:10:1c]
RSSI: -91 [da:27:e3:90:10:4c]
RSSI: -91 [da:27:e3:be:10:cc]
RSSI: -94 [da:27:e3:e9:11:4c]
RSSI: -93 [da:27:e3:f7:11:7c]
RSSI: -96 [da:27:e4:56:12:9c]
RSSI: -93 [da:27:e4:7f:13:1c]
RSSI: -93 [da:27:e4:9b:13:6c]
RSSI: -93 [da:27:e4:b6:13:bc]
RSSI: -94 [da:27:e4:c4:13:ec]
RSSI: -96 [da:27:e4:f9:14:8c]
RSSI: -90 [da:27:e5:07:14:bc]
RSSI: -91 [da:27:e5:22:15:0c]
RSSI: -91 [da:27:e5:30:15:3c]
RSSI: -89 [da:27:e5:3e:15:6c]
RSSI: -87 [da:27:e5:4b:15:8c]
RSSI: -88 [da:27:e5:59:15:bc]
RSSI: -86 [da:27:e5:59:15:bc]
RSSI: -83 [da:27:e5:67:15:dc]
RSSI: -85 [da:27:e5:74:16:0c]
RSSI: -86 [da:27:e5:82:16:3c]
RSSI: -86 [da:27:e5:82:16:3c]
RSSI: -83 [da:27:e5:82:16:3c]
RSSI: -79 [da:27:e5:90:16:5c]
RSSI: -85 [da:27:e5:90:16:5c]
RSSI: -82 [da:27:e5:9d:00:0c]
RSSI: -79 [da:27:e5:9d:00:0c]
RSSI: -84 [da:27:e5:ab:00:2c]
RSSI: -82 [da:27:e5:ab:00:2c]
RSSI: -83 [da:27:e5:b9:00:5c]
RSSI: -78 [da:27:e5:c6:00:7c]
RSSI: -84 [da:27:e5:e2:00:dc]
RSSI: -81 [da:27:e5:e2:00:dc]
RSSI: -79 [da:27:e5:ef:00:fc]
RSSI: -84 [da:27:e5:ef:00:fc]
RSSI: -82 [da:27:e5:fd:01:2c]
RSSI: -80 [da:27:e5:fd:01:2c]
RSSI: -85 [da:27:e6:0b:01:4c]
RSSI: -83 [da:27:e6:0b:01:4c]
RSSI: -87 [da:27:e6:18:01:7c]
RSSI: -84 [da:27:e6:26:01:ac]
RSSI: -94 [da:27:e6:4f:02:2c]
RSSI: -95 [da:27:e6:5d:02:4c]
RSSI: -90 [da:27:e6:5d:02:4c]
RSSI: -84 [da:27:e6:86:02:cc]
RSSI: -89 [da:27:e6:93:02:fc]
RSSI: -90 [da:27:e6:af:03:4c]
RSSI: -93 [da:27:e6:ca:03:9c]
RSSI: -91 [da:27:e7:01:04:4c]
RSSI: -90 [da:27:e7:01:04:4c]
RSSI: -93 [da:27:e7:1c:04:9c]
RSSI: -95 [da:27:e7:2a:04:cc]
RSSI: -92 [da:27:e7:60:05:6c]
RSSI: -91 [da:27:e7:60:05:6c]
RSSI: -90 [da:27:e7:7d:05:bc]
RSSI: -90 [da:27:e7:89:05:ec]
RSSI: -92 [da:27:e7:b2:06:6c]
RSSI: -94 [da:27:e7:c1:06:9c]
RSSI: -90 [da:27:e7:cf:06:cc]
RSSI: -97 [da:27:e8:13:07:9c]
RSSI: -92 [da:27:e9:4f:0b:7c]
RSSI: -92 [da:27:e9:5d:0b:ac]
RSSI: -98 [da:27:e9:be:0c:dc]
RSSI: -95 [da:27:ea:11:0d:dc]
RSSI: -94 [da:27:ea:2c:0e:3c]
RSSI: -92 [da:27:ea:3b:0e:5c]
RSSI: -93 [da:27:ea:47:0e:8c]
RSSI: -93 [da:27:ea:7f:0f:3c]
RSSI: -93 [da:27:ea:8e:0f:5c]
RSSI: -93 [da:27:ea:9a:0f:8c]
RSSI: -92 [da:27:ea:b7:0f:dc]
RSSI: -93 [da:27:ea:c4:10:0c]
RSSI: -96 [da:27:ea:fc:10:bc]
RSSI: -93 [da:27:eb:0a:10:ec]
RSSI: -95 [da:27:eb:17:11:0c]
RSSI: -97 [da:27:eb:a2:12:bc]
RSSI: -93 [da:27:eb:b0:12:ec]
RSSI: -94 [da:27:eb:e6:13:8c]
RSSI: -92 [da:27:ec:39:14:8c]
RSSI: -92 [da:27:ec:39:14:8c]
RSSI: -91 [da:27:ec:72:15:3c]
RSSI: -93 [da:27:ec:80:15:6c]
RSSI: -92 [da:27:ec:80:15:6c]
RSSI: -92 [da:27:ec:8d:15:8c]
RSSI: -86 [da:27:ec:9b:15:bc]
RSSI: -84 [da:27:ec:aa:15:dc]
RSSI: -86 [da:27:ec:c5:16:2c]
RSSI: -81 [da:27:ec:d3:16:5c]
RSSI: -86 [da:27:ec:e0:00:0c]
RSSI: -83 [da:27:ec:ef:00:2c]
RSSI: -84 [da:27:ec:ef:00:2c]
RSSI: -86 [da:27:ec:ef:00:2c]
RSSI: -83 [da:27:ec:ef:00:2c]
RSSI: -79 [da:27:ec:fd:00:5c]
RSSI: -83 [da:27:ec:fd:00:5c]
RSSI: -84 [da:27:ed:0a:00:7c]
RSSI: -79 [da:27:ed:0a:00:7c]
RSSI: -84 [da:27:ed:18:00:ac]
RSSI: -83 [da:27:ed:27:00:dc]
RSSI: -79 [da:27:ed:33:00:fc]
RSSI: -83 [da:27:ed:33:00:fc]
RSSI: -84 [da:27:ed:42:01:2c]
RSSI: -80 [da:27:ed:42:01:2c]
RSSI: -84 [da:27:ed:51:01:5c]
RSSI: -84 [da:27:ed:51:01:5c]
RSSI: -85 [da:27:ed:51:01:5c]
RSSI: -85 [da:27:ed:5d:01:7c]
RSSI: -84 [da:27:ed:6c:01:ac]
RSSI: -95 [da:27:ed:87:02:0c]
RSSI: -92 [da:27:ed:a4:02:5c]
RSSI: -89 [da:27:ed:b1:02:8c]
RSSI: -87 [da:27:ed:bf:02:bc]
RSSI: -88 [da:27:ed:bf:02:bc]
RSSI: -87 [da:27:ed:da:03:0c]
RSSI: -91 [da:27:ed:e9:03:3c]
RSSI: -93 [da:27:ee:13:03:ac]
RSSI: -91 [da:27:ee:21:03:dc]
RSSI: -91 [da:27:ee:2e:04:0c]
RSSI: -89 [da:27:ee:3d:04:2c]
RSSI: -91 [da:27:ee:4b:04:5c]
RSSI: -94 [da:27:ee:82:05:0c]
RSSI: -93 [da:27:ee:82:05:0c]
RSSI: -90 [da:27:ee:9f:05:5c]
RSSI: -90 [da:27:ee:9f:05:5c]
RSSI: -91 [da:27:ee:9f:05:5c]
RSSI: -90 [da:27:ee:c9:05:ec]
RSSI: -90 [da:27:ee:d5:06:0c]
RSSI: -88 [da:27:ee:d5:06:0c]
RSSI: -90 [da:27:ee:e4:06:3c]
RSSI: -89 [da:27:ef:0e:06:bc]
RSSI: -91 [da:27:ef:38:07:4c]
RSSI: -92 [da:27:f0:97:0b:8c]
RSSI: -93 [da:27:f0:cd:0c:3c]
RSSI: -100 [da:27:f1:21:0d:4c]
RSSI: -94 [da:27:f1:4c:0d:cc]
RSSI: -91 [da:27:f1:5a:0d:fc]
RSSI: -94 [da:27:f1:76:0e:4c]
RSSI: -90 [da:27:f1:a7:0e:ec]
RSSI: -93 [da:27:f1:b5:0f:1c]
RSSI: -88 [da:27:f1:d1:0f:6c]
RSSI: -89 [da:27:f1:e0:0f:9c]
RSSI: -90 [da:27:f1:ee:0f:cc]
RSSI: -90 [da:27:f1:fb:0f:ec]
RSSI: -91 [da:27:f2:25:10:6c]
RSSI: -91 [da:27:f2:34:10:9c]
RSSI: -94 [da:27:f2:5e:11:1c]
RSSI: -97 [da:27:f2:dd:12:9c]
RSSI: -93 [da:27:f3:16:13:4c]
RSSI: -96 [da:27:f3:23:13:7c]
RSSI: -91 [da:27:f3:6b:14:5c]
RSSI: -93 [da:27:f3:77:14:7c]
RSSI: -89 [da:27:f3:95:14:dc]
RSSI: -95 [da:27:f3:a2:14:fc]
RSSI: -92 [da:27:f3:cc:15:7c]
RSSI: -84 [da:27:f4:05:16:2c]
RSSI: -93 [da:27:f4:21:16:7c]
RSSI: -82 [da:27:f4:3f:00:5c]
RSSI: -93 [da:27:f4:4b:00:8c]
RSSI: -81 [da:27:f4:69:00:dc]
RSSI: -89 [da:27:f4:69:00:dc]
RSSI: -82 [da:27:f4:76:01:0c]
RSSI: -84 [da:27:f4:a0:01:8c]
RSSI: -95 [da:27:f4:af:01:bc]
RSSI: -94 [da:27:f4:be:01:ec]
RSSI: -94 [da:27:f4:e9:02:6c]
RSSI: -93 [da:27:f4:f5:02:9c]
RSSI: -92 [da:27:f5:3e:03:6c]
RSSI: -94 [da:27:f5:4a:03:8c]
RSSI: -90 [da:27:f5:84:04:3c]
RSSI: -91 [da:27:f5:ae:04:cc]
RSSI: -91 [da:27:f5:bd:04:fc]
RSSI: -94 [da:27:f5:ca:05:1c]
RSSI: -91 [da:27:f5:d9:05:4c]
RSSI: -91 [da:27:f5:f4:05:9c]
RSSI: -91 [da:27:f6:03:05:cc]
RSSI: -93 [da:27:f6:2e:06:4c]
RSSI: -94 [da:27:f6:3d:06:7c]
RSSI: -91 [da:27:f6:59:06:dc]
RSSI: -96 [da:27:f6:92:07:8c]
RSSI: -95 [da:27:f7:03:08:ec]
RSSI: -94 [da:27:f7:e8:0b:bc]
RSSI: -93 [da:27:f7:f5:0b:ec]
RSSI: -94 [da:27:f8:3e:0c:cc]
RSSI: -93 [da:27:f8:4a:0c:fc]
RSSI: -96 [da:27:f8:69:0d:5c]
RSSI: -93 [da:27:f8:93:0d:dc]
RSSI: -85 [da:27:f8:be:0e:5c]
RSSI: -88 [da:27:f8:be:0e:5c]
RSSI: -84 [da:27:f8:cb:0e:8c]
RSSI: -85 [da:27:f8:da:0e:bc]
RSSI: -87 [da:27:f8:f6:0f:0c]
RSSI: -86 [da:27:f8:f6:0f:0c]
RSSI: -89 [da:27:f9:14:0f:6c]
RSSI: -87 [da:27:f9:21:0f:9c]
RSSI: -88 [da:27:f9:21:0f:9c]
RSSI: -85 [da:27:f9:30:0f:cc]
RSSI: -85 [da:27:f9:30:0f:cc]
RSSI: -87 [da:27:f9:3f:0f:ec]
RSSI: -89 [da:27:f9:4c:10:1c]
RSSI: -89 [da:27:f9:5b:10:4c]
RSSI: -92 [da:27:f9:6a:10:7c]
RSSI: -92 [da:27:f9:86:10:cc]
RSSI: -99 [da:27:f9:dc:11:cc]
RSSI: -89 [da:27:fa:07:12:5c]
RSSI: -90 [da:27:fa:16:12:8c]
RSSI: -89 [da:27:fa:22:12:ac]
RSSI: -91 [da:27:fa:32:12:dc]
RSSI: -89 [da:27:fa:32:12:dc]
RSSI: -86 [da:27:fa:41:13:0c]
RSSI: -87 [da:27:fa:4d:13:3c]
RSSI: -87 [da:27:fa:5d:13:5c]
RSSI: -86 [da:27:fa:88:13:ec]
RSSI: -90 [da:27:fa:88:13:ec]
RSSI: -86 [da:27:fa:97:14:1c]
RSSI: -83 [da:27:fa:97:14:1c]
RSSI: -86 [da:27:fa:97:14:1c]
RSSI: -85 [da:27:fa:a3:14:3c]
RSSI: -86 [da:27:fa:b3:14:6c]
RSSI: -86 [da:27:fa:b3:14:6c]
RSSI: -86 [da:27:fa:c2:14:9c]
RSSI: -88 [da:27:fa:ce:14:bc]
RSSI: -93 [da:27:fa:fa:15:3c]
RSSI: -91 [da:27:fa:fa:15:3c]
RSSI: -85 [da:27:fb:09:15:6c]
RSSI: -83 [da:27:fb:09:15:6c]
RSSI: -82 [da:27:fb:18:15:9c]
RSSI: -81 [da:27:fb:18:15:9c]
RSSI: -79 [da:27:fb:25:15:bc]
RSSI: -76 [da:27:fb:34:15:ec]
RSSI: -77 [da:27:fb:34:15:ec]
RSSI: -78 [da:27:fb:43:16:1c]
RSSI: -74 [da:27:fb:43:16:1c]
RSSI: -76 [da:27:fb:50:16:3c]
RSSI: -74 [da:27:fb:5f:16:6c]
RSSI: -73 [da:27:fb:5f:16:6c]
RSSI: -73 [da:27:fb:6e:00:0c]
RSSI: -75 [da:27:fb:7b:00:2c]
RSSI: -72 [da:27:fb:7b:00:2c]
RSSI: -72 [da:27:fb:7b:00:2c]
RSSI: -75 [da:27:fb:8a:00:5c]
RSSI: -93 [da:6f:31:07:00:7a]
RSSI: -73 [da:27:fb:99:00:8c]
RSSI: -73 [da:27:fb:a6:00:ac]
RSSI: -75 [da:27:fb:b5:00:dc]
RSSI: -94 [da:6f:31:32:00:fa]
RSSI: -74 [da:27:fb:b5:00:dc]
RSSI: -74 [da:27:fb:c4:01:0c]
RSSI: -76 [da:27:fb:c4:01:0c]
RSSI: -92 [da:6f:31:41:01:1a]
RSSI: -76 [da:27:fb:c4:01:0c]
RSSI: -76 [da:27:fb:d1:01:2c]
RSSI: -78 [da:27:fb:e0:01:5c]
RSSI: -78 [da:27:fb:e0:01:5c]
RSSI: -81 [da:27:fb:f0:01:8c]
RSSI: -94 [da:6f:31:6c:01:9a]
RSSI: -82 [da:27:fb:f0:01:8c]
RSSI: -86 [da:27:fb:fc:01:bc]
RSSI: -94 [da:6f:31:97:02:1a]
RSSI: -90 [da:27:fc:27:02:3c]
RSSI: -86 [da:27:fc:37:02:6c]
RSSI: -81 [da:27:fc:46:02:9c]
RSSI: -86 [da:27:fc:53:02:bc]
RSSI: -87 [da:27:fc:62:02:ec]
RSSI: -88 [da:27:fc:62:02:ec]
RSSI: -86 [da:27:fc:71:03:1c]
RSSI: -90 [da:27:fc:7e:03:3c]
RSSI: -89 [da:27:fc:8d:03:6c]
RSSI: -92 [da:27:fc:9c:03:9c]
RSSI: -91 [da:27:fc:9c:03:9c]
RSSI: -89 [da:27:fc:b8:03:fc]
RSSI: -93 [da:27:fd:0f:05:0c]
RSSI: -96 [da:27:fd:3a:05:8c]
RSSI: -92 [da:27:fd:4a:05:bc]
RSSI: -92 [da:27:fd:56:05:dc]
RSSI: -94 [da:27:fd:66:06:0c]
RSSI: -92 [da:27:fd:a0:06:cc]
RSSI: -97 [da:27:fd:ad:06:ec]
RSSI: -94 [da:27:fd:f7:07:dc]
RSSI: -96 [da:27:fe:3e:08:bc]
RSSI: -94 [da:27:ff:08:0b:2c]
RSSI: -97 [da:27:ff:7e:0c:9c]
RSSI: -92 [da:27:ff:b6:0d:5c]
RSSI: -96 [da:27:ff:e8:0d:ec]
RSSI: -94 [da:28:00:07:0e:4c]
RSSI: -93 [da:28:00:13:0e:7c]
RSSI: -96 [da:28:00:4e:0f:2c]
RSSI: -94 [da:28:00:5e:0f:5c]
RSSI: -99 [da:28:00:a6:10:3c]
RSSI: -95 [da:28:01:0c:11:7c]
RSSI: -93 [da:28:01:38:11:fc]
RSSI: -93 [da:28:01:54:12:5c]
RSSI: -92 [da:28:01:80:12:dc]
RSSI: -93 [da:28:01:80:12:dc]
RSSI: -90 [da:28:01:8f:13:0c]
RSSI: -96 [da:28:01:c8:13:bc]
RSSI: -92 [da:28:01:c8:13:bc]
RSSI: -93 [da:28:01:e7:14:0c]
RSSI: -90 [da:28:02:1f:14:bc]
RSSI: -96 [da:28:02:5b:15:7c]
RSSI: -88 [da:28:02:5b:15:7c]
RSSI: -88 [da:28:02:6a:15:ac]
RSSI: -86 [da:28:02:86:15:fc]
RSSI: -83 [da:28:02:86:15:fc]
RSSI: -81 [da:28:02:96:16:2c]
RSSI: -86 [da:28:02:96:16:2c]
RSSI: -79 [da:28:02:a3:16:4c]
RSSI: -79 [da:28:02:b2:16:7c]
RSSI: -86 [da:28:02:c2:00:2c]
RSSI: -78 [da:28:02:c2:00:2c]
RSSI: -84 [da:28:02:cf:00:5c]
RSSI: -84 [da:28:02:cf:00:5c]
RSSI: -79 [da:28:02:de:00:8c]
RSSI: -77 [da:28:02:ee:00:bc]
RSSI: -83 [da:28:02:fa:00:dc]
RSSI: -77 [da:28:02:fa:00:dc]
RSSI: -77 [da:28:02:fa:00:dc]
RSSI: -83 [da:28:03:0a:01:0c]
RSSI: -82 [da:28:03:1a:01:3c]
RSSI: -79 [da:28:03:26:01:5c]
RSSI: -83 [da:28:03:26:01:5c]
RSSI: -86 [da:28:03:36:01:8c]
RSSI: -81 [da:28:03:36:01:8c]
RSSI: -94 [da:28:03:52:01:ec]
RSSI: -96 [da:28:04:2e:04:8c]
RSSI: -95 [da:28:04:5a:05:0c]
RSSI: -93 [da:28:04:6a:05:3c]
RSSI: -91 [da:28:04:96:05:cc]
RSSI: -94 [da:28:04:b2:06:1c]
RSSI: -91 [da:28:04:c2:06:5c]
RSSI: -96 [da:28:04:ee:06:dc]
RSSI: -96 [da:28:04:ee:06:dc]
RSSI: -93 [da:28:05:8e:08:dc]
RSSI: -93 [da:28:05:9e:09:0c]
RSSI: -94 [da:28:06:3f:0b:0c]
RSSI: -96 [da:28:06:4e:0b:3c]
RSSI: -93 [da:28:06:5e:0b:6c]
RSSI: -93 [da:28:06:7b:0b:bc]
RSSI: -94 [da:28:06:8a:0b:fc]
RSSI: -95 [da:28:06:b6:0c:7c]
RSSI: -93 [da:28:06:c3:0c:ac]
RSSI: -96 [da:28:07:0f:0d:9c]
RSSI: -94 [da:28:07:2b:0d:ec]
RSSI: -90 [da:28:07:2b:0d:ec]
RSSI: -89 [da:28:07:48:0e:4c]
RSSI: -88 [da:28:07:94:0f:2c]
RSSI: -93 [da:28:07:cd:0f:dc]
RSSI: -92 [da:28:07:dd:10:0c]
RSSI: -91 [da:28:07:f9:10:6c]
RSSI: -94 [da:28:08:25:10:fc]
RSSI: -95 [da:28:08:62:11:ac]
RSSI: -91 [da:28:08:7e:12:0c]
RSSI: -95 [da:28:08:8e:12:3c]
RSSI: -91 [da:28:08:ca:12:fc]
RSSI: -91 [da:28:08:e7:13:4c]
RSSI: -91 [da:28:08:e7:13:4c]
RSSI: -86 [da:28:08:f7:13:7c]
RSSI: -87 [da:28:09:03:13:9c]
RSSI: -88 [da:28:09:13:13:cc]
RSSI: -82 [da:28:09:40:14:5c]
RSSI: -86 [da:28:09:4f:14:8c]
RSSI: -86 [da:28:09:4f:14:8c]
RSSI: -90 [da:28:09:5c:14:ac]
RSSI: -86 [da:28:09:5c:14:ac]
RSSI: -84 [da:28:09:7c:15:1c]
RSSI: -93 [da:28:09:89:15:3c]
RSSI: -84 [da:28:09:99:15:6c]
RSSI: -79 [da:28:09:a8:15:9c]
RSSI: -80 [da:28:09:a8:15:9c]
RSSI: -77 [da:28:09:b5:15:bc]
RSSI: -77 [da:28:09:c5:15:ec]
RSSI: -77 [da:28:09:c5:15:ec]
RSSI: -75 [da:28:09:c5:15:ec]
RSSI: -77 [da:28:09:d5:16:1c]
RSSI: -73 [da:28:09:e2:16:4c]
RSSI: -76 [da:28:09:e2:16:4c]
RSSI: -72 [da:28:09:f2:16:7c]
RSSI: -75 [da:28:09:f2:16:7c]
RSSI: -73 [da:28:0a:01:00:2c]
RSSI: -74 [da:28:0a:0e:00:5c]
RSSI: -73 [da:28:0a:0e:00:5c]
RSSI: -73 [da:28:0a:1e:00:8c]
RSSI: -72 [da:28:0a:2e:00:bc]
RSSI: -74 [da:28:0a:2e:00:bc]
RSSI: -74 [da:28:0a:3b:00:dc]
RSSI: -73 [da:28:0a:3b:00:dc]
RSSI: -75 [da:28:0a:4b:01:0c]
RSSI: -75 [da:28:0a:5b:01:4c]
RSSI: -76 [da:28:0a:67:01:6c]
RSSI: -77 [da:28:0a:67:01:6c]
RSSI: -78 [da:28:0a:77:01:9c]
RSSI: -78 [da:28:0a:77:01:9c]
RSSI: -81 [da:28:0a:87:01:cc]
RSSI: -83 [da:28:0a:94:01:fc]
RSSI: -86 [da:28:0a:c0:02:7c]
RSSI: -87 [da:28:0a:c0:02:7c]
RSSI: -83 [da:28:0a:d0:02:bc]
RSSI: -86 [da:28:0a:e0:02:ec]
RSSI: -85 [da:28:0a:ed:03:0c]
RSSI: -85 [da:28:0a:ed:03:0c]
RSSI: -87 [da:28:0a:ed:03:0c]
RSSI: -88 [da:28:0a:fd:03:3c]
RSSI: -94 [da:6f:40:95:00:aa]
RSSI: -93 [da:6f:40:95:00:aa]
RSSI: -93 [da:6f:40:a2:00:ca]
RSSI: -93 [da:6f:40:b2:00:fa]
RSSI: -93 [da:28:0b:3a:03:fc]
RSSI: -90 [da:28:0b:46:04:1c]
RSSI: -88 [da:28:0b:66:04:7c]
RSSI: -92 [da:28:0b:73:04:ac]
RSSI: -89 [da:28:0b:93:05:0c]
RSSI: -87 [da:28:0b:9f:05:2c]
RSSI: -94 [da:6f:41:1b:02:2a]
RSSI: -88 [da:28:0b:9f:05:2c]
RSSI: -93 [da:28:0b:c0:05:9c]
RSSI: -89 [da:28:0b:cc:05:bc]
RSSI: -87 [da:28:0b:dc:05:ec]
RSSI: -88 [da:28:0b:ec:06:2c]
RSSI: -90 [da:28:0b:f9:06:4c]
RSSI: -89 [da:28:0c:19:06:ac]
RSSI: -90 [da:28:0c:19:06:ac]
RSSI: -91 [da:28:0c:26:06:dc]
RSSI: -91 [da:28:0c:36:07:0c]
RSSI: -93 [da:28:0c:7f:07:ec]
RSSI: -94 [da:28:0c:9f:08:5c]
RSSI: -94 [da:28:0c:ac:08:7c]
RSSI: -88 [da:28:0c:ac:08:7c]
RSSI: -91 [da:28:0c:bc:08:ac]
RSSI: -89 [da:28:0c:d9:09:0c]
RSSI: -89 [da:28:0c:f9:09:6c]
RSSI: -92 [da:28:0d:26:09:fc]
RSSI: -92 [da:28:0d:32:0a:2c]
RSSI: -92 [da:28:0d:7f:0b:1c]
RSSI: -89 [da:28:0d:8c:0b:3c]
RSSI: -88 [da:28:0d:8c:0b:3c]
RSSI: -93 [da:28:0d:ac:0b:9c]
RSSI: -88 [da:28:0d:b9:0b:cc]
RSSI: -89 [da:28:0d:c9:0b:fc]
RSSI: -95 [da:28:0d:f6:0c:8c]
RSSI: -91 [da:28:0e:33:0d:4c]
RSSI: -95 [da:28:0e:50:0d:ac]
RSSI: -92 [da:28:0e:96:0e:7c]
RSSI: -90 [da:28:0e:a2:0e:ac]
RSSI: -95 [da:28:0e:cf:0f:3c]
RSSI: -95 [da:28:0f:12:10:0c]
RSSI: -92 [da:28:0f:2b:10:5c]
RSSI: -94 [da:28:0f:77:11:3c]
RSSI: -95 [da:28:0f:84:11:6c]
RSSI: -92 [da:28:0f:84:11:6c]
RSSI: -90 [da:28:0f:91:11:8c]
RSSI: -93 [da:28:0f:b7:11:fc]
RSSI: -94 [da:28:0f:c3:12:1c]
RSSI: -93 [da:28:0f:d0:12:4c]
RSSI: -90 [da:28:0f:e9:12:9c]
RSSI: -91 [da:28:10:03:12:ec]
RSSI: -91 [da:28:10:10:13:0c]
RSSI: -88 [da:28:10:10:13:0c]
RSSI: -90 [da:28:10:1c:13:2c]
RSSI: -86 [da:28:10:29:13:5c]
RSSI: -90 [da:28:10:36:13:7c]
RSSI: -88 [da:28:10:4f:13:cc]
RSSI: -89 [da:28:10:69:14:1c]
RSSI: -85 [da:28:10:75:14:4c]
RSSI: -87 [da:28:10:82:14:6c]
RSSI: -88 [da:28:10:8f:14:9c]
RSSI: -85 [da:28:10:8f:14:9c]
RSSI: -81 [da:28:10:9c:14:bc]
RSSI: -86 [da:28:10:a8:14:dc]
RSSI: -88 [da:28:10:b5:15:0c]
RSSI: -88 [da:28:10:c2:15:2c]
RSSI: -88 [da:28:10:c2:15:2c]
RSSI: -88 [da:28:10:c2:15:2c]
RSSI: -87 [da:28:10:ce:15:5c]
RSSI: -83 [da:28:10:db:15:7c]
RSSI: -83 [da:28:10:db:15:7c]
RSSI: -83 [da:28:10:e8:15:9c]
RSSI: -82 [da:28:10:e8:15:9c]
RSSI: -79 [da:28:10:f5:15:cc]
RSSI: -77 [da:28:11:01:15:ec]
RSSI: -77 [da:28:11:01:15:ec]
RSSI: -75 [da:28:11:0e:16:1c]
RSSI: -75 [da:28:11:1b:16:3c]
RSSI: -75 [da:28:11:28:16:6c]
RSSI: -74 [da:28:11:28:16:6c]
RSSI: -73 [da:28:11:34:00:0c]
RSSI: -73 [da:28:11:41:00:2c]
RSSI: -74 [da:28:11:4e:00:4c]
RSSI: -73 [da:28:11:4e:00:4c]
RSSI: -73 [da:28:11:5b:00:7c]
RSSI: -73 [da:28:11:67:00:9c]
RSSI: -74 [da:28:11:74:00:cc]
RSSI: -73 [da:28:11:74:00:cc]
RSSI: -74 [da:28:11:81:00:ec]
RSSI: -74 [da:28:11:8e:01:1c]
RSSI: -76 [da:28:11:9a:01:3c]
RSSI: -75 [da:28:11:9a:01:3c]
RSSI: -76 [da:28:11:a7:01:6c]
RSSI: -77 [da:28:11:b4:01:8c]
RSSI: -80 [da:28:11:c1:01:bc]
RSSI: -80 [da:28:11:c1:01:bc]
RSSI: -79 [da:28:11:c1:01:bc]
RSSI: -81 [da:28:11:ce:01:dc]
RSSI: -84 [da:28:11:da:02:0c]
RSSI: -91 [da:28:11:e7:02:2c]
RSSI: -91 [da:28:11:e7:02:2c]
RSSI: -92 [da:28:12:01:02:7c]
RSSI: -88 [da:28:12:0d:02:ac]
RSSI: -82 [da:28:12:1a:02:cc]
RSSI: -85 [da:28:12:27:02:ec]
RSSI: -87 [da:28:12:34:03:1c]
RSSI: -86 [da:28:12:34:03:1c]
RSSI: -85 [da:28:12:41:03:3c]
RSSI: -95 [da:28:12:5a:03:8c]
RSSI: -93 [da:28:12:80:03:fc]
RSSI: -93 [da:28:12:80:03:fc]
RSSI: -89 [da:28:12:8d:04:2c]
RSSI: -88 [da:28:12:9a:04:4c]
RSSI: -90 [da:28:12:b4:04:9c]
RSSI: -92 [da:6f:48:4e:00:ba]
RSSI: -88 [da:28:12:da:05:1c]
RSSI: -87 [da:28:12:e7:05:3c]
RSSI: -92 [da:6f:48:67:00:fa]
RSSI: -92 [da:6f:48:74:01:2a]
RSSI: -89 [da:28:13:01:05:8c]
RSSI: -88 [da:28:13:0e:05:bc]
RSSI: -87 [da:28:13:1a:05:dc]
RSSI: -90 [da:6f:48:9a:01:8a]
RSSI: -86 [da:28:13:27:06:0c]
RSSI: -87 [da:28:13:34:06:2c]
RSSI: -88 [da:28:13:41:06:5c]
RSSI: -88 [da:28:13:4e:06:7c]
RSSI: -96 [da:6f:48:da:02:4a]
RSSI: -90 [da:28:13:67:06:cc]
RSSI: -89 [da:28:13:74:06:fc]
RSSI: -89 [da:28:13:8e:07:4c]
RSSI: -90 [da:28:13:e8:08:6c]
RSSI: -87 [da:28:14:0e:08:dc]
RSSI: -91 [da:28:14:1b:09:0c]
RSSI: -91 [da:28:14:5c:09:cc]
RSSI: -92 [da:28:14:82:0a:4c]
RSSI: -91 [da:28:14:b6:0a:ec]
RSSI: -88 [da:28:14:c2:0b:1c]
RSSI: -88 [da:28:14:cf:0b:3c]
RSSI: -88 [da:28:14:dc:0b:6c]
RSSI: -85 [da:28:14:dc:0b:6c]
RSSI: -88 [da:28:14:dc:0b:6c]
RSSI: -90 [da:28:14:e9:0b:8c]
RSSI: -86 [da:28:14:e9:0b:8c]
RSSI: -88 [da:28:14:f6:0b:bc]
RSSI: -86 [da:28:15:03:0b:dc]
RSSI: -90 [da:28:15:03:0b:dc]
RSSI: -87 [da:28:15:10:0c:0c]
RSSI: -93 [da:28:15:1d:0c:2c]
RSSI: -89 [da:28:15:2a:0c:5c]
RSSI: -91 [da:28:15:36:0c:8c]
RSSI: -91 [da:28:15:36:0c:8c]
RSSI: -95 [da:28:15:5d:0c:fc]
RSSI: -92 [da:28:15:9e:0d:cc]
RSSI: -89 [da:28:15:ab:0d:ec]
RSSI: -92 [da:28:15:b8:0e:1c]
RSSI: -88 [da:28:15:c5:0e:4c]
RSSI: -90 [da:28:15:d1:0e:6c]
RSSI: -94 [da:28:15:eb:0e:bc]
RSSI: -92 [da:28:16:1f:0f:5c]
RSSI: -94 [da:28:16:6c:10:4c]
RSSI: -91 [da:28:16:ba:11:3c]
RSSI: -95 [da:28:16:c7:11:6c]
RSSI: -90 [da:28:16:d4:11:8c]
RSSI: -94 [da:28:16:ee:11:dc]
RSSI: -91 [da:28:16:fb:12:0c]
RSSI: -93 [da:28:17:08:12:2c]
RSSI: -92 [da:28:17:15:12:5c]
RSSI: -90 [da:28:17:22:12:7c]
RSSI: -93 [da:28:17:2f:12:ac]
RSSI: -94 [da:28:17:3c:12:cc]
RSSI: -92 [da:28:17:49:12:fc]
RSSI: -91 [da:28:17:56:13:1c]
RSSI: -87 [da:28:17:56:13:1c]
RSSI: -91 [da:28:17:63:13:4c]
RSSI: -91 [da:28:17:63:13:4c]
RSSI: -86 [da:28:17:70:13:7c]
RSSI: -92 [da:28:17:7d:13:9c]
RSSI: -86 [da:28:17:7d:13:9c]
RSSI: -85 [da:28:17:a4:14:0c]
RSSI: -88 [da:28:17:b1:14:3c]
RSSI: -89 [da:28:17:b1:14:3c]
RSSI: -82 [da:28:17:be:14:5c]
RSSI: -87 [da:28:17:be:14:5c]
RSSI: -87 [da:28:17:cb:14:8c]
RSSI: -81 [da:28:17:cb:14:8c]
RSSI: -87 [da:28:17:d8:14:ac]
RSSI: -86 [da:28:17:d8:14:ac]
RSSI: -91 [da:28:17:e5:14:dc]
RSSI: -89 [da:28:17:ff:15:2c]
RSSI: -86 [da:28:18:0c:15:4c]
RSSI: -88 [da:28:18:19:15:6c]
RSSI: -79 [da:28:18:26:15:9c]
RSSI: -82 [da:28:18:26:15:9c]
RSSI: -82 [da:28:18:26:15:9c]
RSSI: -77 [da:28:18:33:15:bc]
RSSI: -76 [da:28:18:40:15:ec]
RSSI: -77 [da:28:18:4d:16:0c]
RSSI: -74 [da:28:18:5a:16:3c]
RSSI: -74 [da:28:18:67:16:5c]
RSSI: -74 [da:28:18:74:00:0c]
RSSI: -72 [da:28:18:81:00:2c]
RSSI: -72 [da:28:18:81:00:2c]
RSSI: -73 [da:28:18:81:00:2c]
RSSI: -73 [da:28:18:8e:00:4c]
RSSI: -73 [da:28:18:9b:00:7c]
RSSI: -72 [da:28:18:a8:00:9c]
RSSI: -73 [da:28:18:a8:00:9c]
RSSI: -73 [da:28:18:b5:00:cc]
RSSI: -73 [da:28:18:b5:00:cc]
RSSI: -73 [da:28:18:c2:00:ec]
RSSI: -74 [da:28:18:cf:01:1c]
RSSI: -75 [da:28:18:cf:01:1c]
RSSI: -74 [da:28:18:dc:01:3c]
RSSI: -75 [da:28:18:dc:01:3c]
RSSI: -76 [da:28:18:e9:01:6c]
RSSI: -76 [da:28:18:e9:01:6c]
RSSI: -78 [da:28:18:f6:01:8c]
RSSI: -79 [da:28:18:f6:01:8c]
RSSI: -78 [da:28:19:03:01:bc]
RSSI: -81 [da:28:19:03:01:bc]
RSSI: -83 [da:28:19:10:01:dc]
RSSI: -85 [da:28:19:10:01:dc]
RSSI: -86 [da:28:19:1d:02:0c]
RSSI: -87 [da:28:19:1d:02:0c]
RSSI: -87 [da:28:19:1d:02:0c]
RSSI: -89 [da:28:19:1d:02:0c]
RSSI: -87 [da:28:19:37:02:5c]
RSSI: -89 [da:28:19:44:02:7c]
RSSI: -86 [da:28:19:5e:02:cc]
RSSI: -83 [da:28:19:5e:02:cc]
RSSI: -88 [da:28:19:6c:02:fc]
RSSI: -87 [da:28:19:6c:02:fc]
RSSI: -90 [da:28:19:78:03:1c]
RSSI: -96 [da:28:19:ad:03:cc]
RSSI: -93 [da:28:19:c7:04:1c]
RSSI: -92 [da:28:19:d4:04:3c]
RSSI: -89 [da:28:19:e1:04:6c]
RSSI: -92 [da:28:19:ee:04:8c]
RSSI: -90 [da:28:1a:15:05:0c]
RSSI: -90 [da:28:1a:22:05:2c]
RSSI: -88 [da:28:1a:30:05:5c]
RSSI: -89 [da:28:1a:3c:05:7c]
RSSI: -91 [da:28:1a:4a:05:ac]
RSSI: -89 [da:28:1a:57:05:dc]
RSSI: -87 [da:28:1a:63:05:fc]
RSSI: -86 [da:28:1a:71:06:2c]
RSSI: -94 [da:6f:4f:f9:00:6a]
RSSI: -88 [da:28:1a:7e:06:4c]
RSSI: -88 [da:28:1a:7e:06:4c]
RSSI: -89 [da:28:1a:8b:06:7c]
RSSI: -92 [da:28:1a:a5:06:cc]
RSSI: -91 [da:28:1a:b2:06:ec]
RSSI: -93 [da:6f:50:2d:01:0a]
RSSI: -93 [da:28:1a:d9:07:6c]
RSSI: -93 [da:6f:50:61:01:9a]
RSSI: -96 [da:28:1b:1b:08:3c]
RSSI: -92 [da:28:1b:35:08:8c]
RSSI: -87 [da:28:1b:43:08:bc]
RSSI: -92 [da:28:1b:5d:09:0c]
RSSI: -89 [da:28:1b:5d:09:0c]
RSSI: -93 [da:28:1b:8c:09:9c]
RSSI: -93 [da:28:1b:b3:0a:1c]
RSSI: -90 [da:28:1c:02:0b:0c]
RSSI: -90 [da:28:1c:10:0b:3c]
RSSI: -90 [da:28:1c:10:0b:3c]
RSSI: -90 [da:28:1c:1c:0b:6c]
RSSI: -90 [da:28:1c:37:0b:bc]
RSSI: -90 [da:28:1c:37:0b:bc]
RSSI: -91 [da:28:1c:44:0b:dc]
RSSI: -93 [da:28:1c:5e:0c:3c]
RSSI: -92 [da:28:1c:e2:0d:dc]
RSSI: -91 [da:28:1c:e2:0d:dc]
RSSI: -90 [da:28:1c:ef:0d:fc]
RSSI: -92 [da:28:1d:09:0e:4c]
RSSI: -95 [da:28:1d:31:0e:cc]
RSSI: -94 [da:28:1d:4c:0f:1c]
RSSI: -97 [da:28:1d:58:0f:4c]
RSSI: -90 [da:28:1d:66:0f:7c]
RSSI: -91 [da:28:1d:8d:0f:ec]
RSSI: -94 [da:28:1d:9b:10:1c]
RSSI: -91 [da:28:1d:9b:10:1c]
RSSI: -91 [da:28:1d:b5:10:6c]
RSSI: -92 [da:28:1d:b5:10:6c]
RSSI: -96 [da:28:1d:dd:10:ec]
RSSI: -93 [da:28:1d:f7:11:3c]
RSSI: -91 [da:28:1e:04:11:5c]
RSSI: -88 [da:28:1e:04:11:5c]
RSSI: -91 [da:28:1e:12:11:8c]
RSSI: -93 [da:28:1e:39:12:0c]
RSSI: -91 [da:28:1e:54:12:5c]
RSSI: -92 [da:28:1e:61:12:7c]
RSSI: -91 [da:28:1e:89:12:fc]
RSSI: -87 [da:28:1e:a3:13:4c]
RSSI: -89 [da:28:1e:b0:13:6c]
RSSI: -86 [da:28:1e:b0:13:6c]
RSSI: -89 [da:28:1e:bd:13:9c]
RSSI: -93 [da:28:1e:d8:13:ec]
RSSI: -87 [da:28:1e:e5:14:0c]
RSSI: -81 [da:28:1f:00:14:6c]
RSSI: -84 [da:28:1f:0d:14:8c]
RSSI: -89 [da:28:1f:1a:14:bc]
RSSI: -85 [da:28:1f:1a:14:bc]
RSSI: -81 [da:28:1f:28:14:dc]
RSSI: -88 [da:28:1f:34:15:0c]
RSSI: -89 [da:28:1f:42:15:2c]
RSSI: -85 [da:28:1f:4f:15:5c]
RSSI: -83 [da:28:1f:5c:15:7c]
RSSI: -80 [da:28:1f:5c:15:7c]
RSSI: -80 [da:28:1f:6a:15:ac]
RSSI: -80 [da:28:1f:6a:15:ac]
RSSI: -76 [da:28:1f:77:15:dc]
RSSI: -78 [da:28:1f:77:15:dc]
RSSI: -77 [da:28:1f:84:15:fc]
RSSI: -73 [da:28:1f:84:15:fc]
RSSI: -76 [da:28:1f:92:16:2c]
RSSI: -75 [da:28:1f:92:16:2c]
RSSI: -75 [da:28:1f:9f:16:4c]
RSSI: -72 [da:28:1f:ac:16:7c]
RSSI: -74 [da:28:1f:b9:00:0c]
RSSI: -74 [da:28:1f:c7:00:2c]
RSSI: -71 [da:28:1f:d3:00:5c]
RSSI: -73 [da:28:1f:e1:00:7c]
RSSI: -75 [da:28:1f:ef:00:ac]
RSSI: -73 [da:28:1f:ef:00:ac]
RSSI: -72 [da:28:1f:fb:00:cc]
RSSI: -75 [da:28:1f:fb:00:cc]
RSSI: -74 [da:28:20:09:00:fc]
RSSI: -73 [da:28:20:09:00:fc]
RSSI: -77 [da:28:20:17:01:1c]
RSSI: -76 [da:28:20:17:01:1c]
RSSI: -76 [da:28:20:17:01:1c]
RSSI: -74 [da:28:20:23:01:4c]
RSSI: -78 [da:28:20:23:01:4c]
RSSI: -78 [da:28:20:31:01:6c]
RSSI: -77 [da:28:20:31:01:6c]
RSSI: -80 [da:28:20:3e:01:9c]
RSSI: -80 [da:28:20:3e:01:9c]
RSSI: -83 [da:28:20:4b:01:bc]
RSSI: -88 [da:28:20:59:01:ec]
RSSI: -91 [da:28:20:66:02:1c]
RSSI: -84 [da:28:20:81:02:6c]
RSSI: -87 [da:28:20:8e:02:9c]
RSSI: -87 [da:28:20:9b:02:bc]
RSSI: -85 [da:28:20:9b:02:bc]
RSSI: -81 [da:28:20:a9:02:ec]
RSSI: -86 [da:28:20:a9:02:ec]
RSSI: -86 [da:28:20:b6:03:0c]
RSSI: -89 [da:28:20:c3:03:3c]
RSSI: -91 [da:28:21:06:03:fc]
RSSI: -89 [da:28:21:13:04:2c]
RSSI: -90 [da:28:21:20:04:4c]
RSSI: -92 [da:28:21:3b:04:9c]
RSSI: -91 [da:28:21:48:04:cc]
RSSI: -89 [da:28:21:56:04:fc]
RSSI: -88 [da:28:21:63:05:1c]
RSSI: -88 [da:28:21:63:05:1c]
RSSI: -88 [da:28:21:70:05:4c]
RSSI: -87 [da:28:21:7e:05:6c]
RSSI: -87 [da:28:21:8b:05:9c]
RSSI: -84 [da:28:21:b3:06:1c]
RSSI: -88 [da:28:21:c0:06:4c]
RSSI: -93 [da:28:21:e8:06:bc]
RSSI: -88 [da:28:21:e8:06:bc]
RSSI: -91 [da:28:21:f6:06:ec]
RSSI: -95 [da:6f:57:bd:00:7a]
RSSI: -97 [da:6f:57:ca:00:9a]
RSSI: -94 [da:6f:57:e5:00:ea]
RSSI: -94 [da:28:22:6e:08:6c]
RSSI: -90 [da:28:22:7b:08:8c]
RSSI: -94 [da:6f:57:ff:01:2a]
RSSI: -88 [da:28:22:89:08:bc]
RSSI: -90 [da:28:22:89:08:bc]
RSSI: -90 [da:28:22:96:08:ec]
RSSI: -90 [da:28:22:96:08:ec]
RSSI: -94 [da:6f:58:35:01:ca]
RSSI: -93 [da:6f:58:42:01:ea]
RSSI: -92 [da:28:22:e7:09:ec]
RSSI: -94 [da:28:23:1b:0a:8c]
RSSI: -93 [da:28:23:29:0a:bc]
RSSI: -90 [da:28:23:44:0b:0c]
RSSI: -94 [da:28:23:51:0b:3c]
RSSI: -88 [da:28:23:51:0b:3c]
RSSI: -88 [da:28:23:6c:0b:8c]
RSSI: -89 [da:28:23:87:0b:dc]
RSSI: -91 [da:28:23:a2:0c:3c]
RSSI: -97 [da:28:23:f2:0d:3c]
RSSI: -92 [da:28:24:35:0e:0c]
RSSI: -95 [da:28:24:43:0e:2c]
RSSI: -93 [da:28:24:93:0f:2c]
RSSI: -97 [da:28:24:ca:0f:cc]
RSSI: -92 [da:28:24:d6:0f:fc]
RSSI: -95 [da:28:24:e4:10:2c]
RSSI: -90 [da:28:24:ff:10:7c]
RSSI: -96 [da:28:25:27:10:fc]
RSSI: -93 [da:28:25:35:11:1c]
RSSI: -92 [da:28:25:43:11:4c]
RSSI: -94 [da:28:25:5d:11:9c]
RSSI: -95 [da:28:25:6b:11:cc]
RSSI: -92 [da:28:25:94:12:4c]
RSSI: -92 [da:28:25:bc:12:cc]
RSSI: -89 [da:28:25:d7:13:1c]
RSSI: -87 [da:28:25:e4:13:3c]
RSSI: -89 [da:28:25:f1:13:6c]
RSSI: -89 [da:28:26:1a:13:ec]
RSSI: -92 [da:28:26:28:14:0c]
RSSI: -86 [da:28:26:28:14:0c]
RSSI: -90 [da:28:26:35:14:3c]
RSSI: -83 [da:28:26:42:14:5c]
RSSI: -81 [da:28:26:42:14:5c]
RSSI: -90 [da:28:26:50:14:8c]
RSSI: -83 [da:28:26:50:14:8c]
RSSI: -81 [da:28:26:5e:14:bc]
RSSI: -83 [da:28:26:6b:14:dc]
RSSI: -84 [da:28:26:6b:14:dc]
RSSI: -90 [da:28:26:79:15:0c]
RSSI: -91 [da:28:26:79:15:0c]
RSSI: -88 [da:28:26:93:15:5c]
RSSI: -82 [da:28:26:a1:15:8c]
RSSI: -81 [da:28:26:af:15:ac]
RSSI: -79 [da:28:26:af:15:ac]
RSSI: -77 [da:28:26:bc:15:dc]
RSSI: -79 [da:28:26:bc:15:dc]
RSSI: -76 [da:28:26:ca:15:fc]
RSSI: -75 [da:28:26:ca:15:fc]
RSSI: -78 [da:28:26:d7:16:2c]
RSSI: -75 [da:28:26:d7:16:2c]
RSSI: -77 [da:28:26:e4:16:5c]
RSSI: -73 [da:28:26:f2:16:7c]
RSSI: -73 [da:28:27:00:00:2c]
RSSI: -73 [da:28:27:00:00:2c]
RSSI: -77 [da:28:27:0d:00:5c]
RSSI: -73 [da:28:27:0d:00:5c]
RSSI: -73 [da:28:27:1b:00:7c]
RSSI: -76 [da:28:27:1b:00:7c]
RSSI: -73 [da:28:27:29:00:ac]
RSSI: -77 [da:28:27:35:00:cc]
RSSI: -77 [da:28:27:35:00:cc]
RSSI: -74 [da:28:27:35:00:cc]
RSSI: -77 [da:28:27:43:00:fc]
RSSI: -78 [da:28:27:43:00:fc]
RSSI: -75 [da:28:27:51:01:2c]
RSSI: -75 [da:28:27:51:01:2c]
RSSI: -79 [da:28:27:5e:01:4c]
RSSI: -76 [da:28:27:5e:01:4c]
RSSI: -81 [da:28:27:6c:01:7c]
RSSI: -80 [da:28:27:7a:01:ac]
RSSI: -82 [da:28:27:86:01:cc]
RSSI: -89 [da:28:27:95:01:fc]
RSSI: -87 [da:28:27:af:02:4c]
RSSI: -87 [da:28:27:bd:02:7c]
RSSI: -87 [da:28:27:cb:02:ac]
RSSI: -87 [da:28:27:cb:02:ac]
RSSI: -81 [da:28:27:d8:02:cc]
RSSI: -86 [da:28:27:e6:02:fc]
RSSI: -88 [da:28:27:f4:03:1c]
RSSI: -92 [da:28:28:00:03:4c]
RSSI: -97 [da:28:28:1c:03:9c]
RSSI: -95 [da:28:28:37:03:ec]
RSSI: -93 [da:28:28:37:03:ec]
RSSI: -89 [da:28:28:45:04:1c]
RSSI: -91 [da:28:28:52:04:3c]
RSSI: -92 [da:28:28:6e:04:9c]
RSSI: -92 [da:28:28:7a:04:bc]
RSSI: -88 [da:28:28:97:05:1c]
RSSI: -87 [da:28:28:a3:05:3c]
RSSI: -91 [da:28:28:b1:05:6c]
RSSI: -86 [da:28:28:d1:05:cc]
RSSI: -86 [da:28:28:d1:05:cc]
RSSI: -87 [da:28:28:e2:06:0c]
RSSI: -84 [da:28:28:e2:06:0c]
RSSI: -87 [da:28:28:f0:06:2c]
RSSI: -89 [da:28:29:0a:06:8c]
RSSI: -91 [da:28:29:18:06:ac]
RSSI: -89 [da:28:29:41:07:2c]
RSSI: -93 [da:28:29:93:08:2c]
RSSI: -93 [da:28:29:9f:08:5c]
RSSI: -90 [da:28:29:ae:08:8c]
RSSI: -88 [da:28:29:c8:08:dc]
RSSI: -87 [da:28:29:c8:08:dc]
RSSI: -89 [da:28:29:d7:09:0c]
RSSI: -87 [da:28:29:d7:09:0c]
RSSI: -90 [da:28:29:e5:09:2c]
RSSI: -96 [da:6f:5f:7d:00:5a]
RSSI: -94 [da:6f:5f:8d:00:8a]
RSSI: -90 [da:28:2a:1a:09:dc]
RSSI: -92 [da:6f:5f:c3:01:1a]
RSSI: -91 [da:28:2a:51:0a:8c]
RSSI: -93 [da:6f:5f:df:01:6a]
RSSI: -92 [da:6f:5f:ec:01:8a]
RSSI: -95 [da:28:2a:6c:0a:dc]
RSSI: -92 [da:28:2a:7a:0b:0c]
RSSI: -91 [da:6f:5f:fa:01:ba]
RSSI: -94 [da:6f:60:08:01:da]
RSSI: -86 [da:28:2a:88:0b:3c]
RSSI: -86 [da:28:2a:95:0b:5c]
RSSI: -87 [da:28:2a:b1:0b:bc]
RSSI: -88 [da:28:2a:be:0b:dc]
RSSI: -92 [da:28:2a:e7:0c:5c]
RSSI: -92 [da:28:2b:47:0d:8c]
RSSI: -90 [da:28:2b:55:0d:bc]
RSSI: -89 [da:28:2b:70:0e:0c]
RSSI: -90 [da:28:2b:d0:0f:3c]
RSSI: -91 [da:28:2b:dd:0f:6c]
RSSI: -94 [da:28:2c:06:0f:ec]
RSSI: -93 [da:28:2c:14:10:1c]
RSSI: -93 [da:28:2c:2f:10:6c]
RSSI: -92 [da:28:2c:58:10:ec]
RSSI: -93 [da:28:2c:75:11:3c]
RSSI: -94 [da:28:2c:90:11:8c]
RSSI: -89 [da:28:2c:90:11:8c]
RSSI: -93 [da:28:2c:c7:12:3c]
RSSI: -94 [da:28:2c:f0:12:ac]
RSSI: -92 [da:28:2c:fd:12:dc]
RSSI: -88 [da:28:2d:19:13:2c]
RSSI: -89 [da:28:2d:26:13:5c]
RSSI: -92 [da:28:2d:34:13:8c]
RSSI: -93 [da:28:2d:5e:14:0c]
RSSI: -88 [da:28:2d:5e:14:0c]
RSSI: -91 [da:28:2d:6c:14:3c]
RSSI: -84 [da:28:2d:87:14:8c]
RSSI: -91 [da:28:2d:95:14:bc]
RSSI: -90 [da:28:2d:b0:15:0c]
RSSI: -90 [da:28:2d:be:15:2c]
RSSI: -86 [da:28:2d:cb:15:5c]
RSSI: -80 [da:28:2d:e8:15:ac]
RSSI: -79 [da:28:2d:f4:15:dc]
RSSI: -77 [da:28:2d:f4:15:dc]
RSSI: -76 [da:28:2e:03:15:fc]
RSSI: -77 [da:28:2e:03:15:fc]
RSSI: -76 [da:28:2e:11:16:2c]
RSSI: -75 [da:28:2e:11:16:2c]
RSSI: -77 [da:28:2e:1d:16:4c]
RSSI: -75 [da:28:2e:1d:16:4c]
RSSI: -76 [da:28:2e:2c:16:7c]
RSSI: -76 [da:28:2e:2c:16:7c]
RSSI: -73 [da:28:2e:3a:00:2c]
RSSI: -73 [da:28:2e:47:00:5c]
RSSI: -76 [da:28:2e:55:00:8c]
RSSI: -76 [da:28:2e:55:00:8c]
RSSI: -73 [da:28:2e:55:00:8c]
RSSI: -74 [da:28:2e:55:00:8c]
RSSI: -74 [da:28:2e:63:00:ac]
RSSI: -76 [da:28:2e:63:00:ac]
RSSI: -74 [da:28:2e:70:00:dc]
RSSI: -74 [da:28:2e:70:00:dc]
RSSI: -75 [da:28:2e:7f:01:0c]
RSSI: -75 [da:28:2e:7f:01:0c]
RSSI: -79 [da:28:2e:8d:01:2c]
RSSI: -77 [da:28:2e:99:01:5c]
RSSI: -77 [da:28:2e:99:01:5c]
RSSI: -78 [da:28:2e:a8:01:8c]
RSSI: -79 [da:28:2e:a8:01:8c]
RSSI: -82 [da:28:2e:b6:01:bc]
RSSI: -81 [da:28:2e:b6:01:bc]
RSSI: -86 [da:28:2e:c3:01:dc]
RSSI: -86 [da:28:2e:c3:01:dc]
RSSI: -90 [da:28:2e:d1:02:0c]
RSSI: -92 [da:28:2e:ec:02:5c]
RSSI: -86 [da:28:2e:fb:02:8c]
RSSI: -90 [da:28:2e:fb:02:8c]
RSSI: -87 [da:28:2f:09:02:ac]
RSSI: -88 [da:28:2f:16:02:dc]
RSSI: -85 [da:28:2f:16:02:dc]
RSSI: -91 [da:28:2f:85:04:2c]
RSSI: -93 [da:28:2f:92:04:4c]
RSSI: -92 [da:28:2f:a0:04:7c]
RSSI: -92 [da:28:2f:ca:04:fc]
RSSI: -92 [da:28:2f:e5:05:4c]
RSSI: -91 [da:28:2f:f3:05:7c]
RSSI: -90 [da:28:2f:f3:05:7c]
RSSI: -91 [da:28:30:0e:05:cc]
RSSI: -89 [da:28:30:2b:06:2c]
RSSI: -86 [da:28:30:2b:06:2c]
RSSI: -88 [da:28:30:38:06:5c]
RSSI: -89 [da:28:30:38:06:5c]
RSSI: -92 [da:28:30:61:06:dc]
RSSI: -91 [da:28:30:7e:07:2c]
RSSI: -97 [da:28:30:8b:07:5c]
RSSI: -96 [da:28:30:99:07:8c]
RSSI: -87 [da:28:30:ec:08:8c]
RSSI: -90 [da:28:30:fb:08:bc]
RSSI: -91 [da:28:31:07:08:dc]
RSSI: -91 [da:28:31:16:09:0c]
RSSI: -92 [da:28:31:16:09:0c]
RSSI: -91 [da:28:31:5b:09:ec]
RSSI: -96 [da:6f:67:1e:00:2a]
RSSI: -95 [da:28:31:ae:0a:ec]
RSSI: -89 [da:28:31:bd:0b:1c]
RSSI: -89 [da:28:31:bd:0b:1c]
RSSI: -92 [da:6f:67:48:00:9a]
RSSI: -89 [da:28:31:e6:0b:9c]
RSSI: -89 [da:28:31:e6:0b:9c]
RSSI: -87 [da:28:31:f5:0b:cc]
RSSI: -91 [da:28:32:01:0b:fc]
RSSI: -89 [da:28:32:01:0b:fc]
RSSI: -91 [da:6f:67:9b:01:8a]
RSSI: -90 [da:28:32:1e:0c:5c]
RSSI: -91 [da:6f:67:a8:01:ba]
RSSI: -94 [da:28:32:55:0c:fc]
RSSI: -93 [da:6f:67:e0:02:5a]
RSSI: -93 [da:6f:67:e0:02:5a]
RSSI: -93 [da:28:32:8d:0d:ac]
RSSI: -94 [da:28:32:9c:0d:dc]
RSSI: -90 [da:28:32:9c:0d:dc]
RSSI: -91 [da:28:32:a8:0e:0c]
RSSI: -92 [da:28:32:c5:0e:5c]
RSSI: -93 [da:28:32:fc:0f:0c]
RSSI: -93 [da:28:33:19:0f:6c]
RSSI: -92 [da:28:33:19:0f:6c]
RSSI: -95 [da:28:33:5e:10:3c]
RSSI: -90 [da:28:33:b2:11:3c]
RSSI: -93 [da:28:33:c0:11:6c]
RSSI: -92 [da:28:33:c0:11:6c]
RSSI: -92 [da:28:34:14:12:7c]
RSSI: -93 [da:28:34:21:12:9c]
RSSI: -94 [da:28:34:21:12:9c]
RSSI: -90 [da:28:34:3e:12:fc]
RSSI: -88 [da:28:34:4a:13:1c]
RSSI: -92 [da:28:34:68:13:7c]
RSSI: -88 [da:28:34:74:13:9c]
RSSI: -89 [da:28:34:83:13:cc]
RSSI: -88 [da:28:34:9e:14:1c]
RSSI: -84 [da:28:34:ad:14:4c]
RSSI: -87 [da:28:34:ad:14:4c]
RSSI: -86 [da:28:34:bc:14:7c]
RSSI: -88 [da:28:34:c8:14:9c]
RSSI: -86 [da:28:34:c8:14:9c]
RSSI: -85 [da:28:34:c8:14:9c]
RSSI: -85 [da:28:34:e6:14:fc]
RSSI: -91 [da:28:34:f2:15:1c]
RSSI: -85 [da:28:35:01:15:4c]
RSSI: -86 [da:28:35:01:15:4c]
RSSI: -87 [da:28:35:10:15:7c]
RSSI: -81 [da:28:35:10:15:7c]
RSSI: -81 [da:28:35:1c:15:9c]
RSSI: -78 [da:28:35:2b:15:cc]
RSSI: -77 [da:28:35:2b:15:cc]
RSSI: -76 [da:28:35:3a:15:fc]
RSSI: -75 [da:28:35:46:16:1c]
RSSI: -75 [da:28:35:46:16:1c]
RSSI: -75 [da:28:35:46:16:1c]
RSSI: -75 [da:28:35:55:16:4c]
RSSI: -75 [da:28:35:55:16:4c]
RSSI: -74 [da:28:35:64:16:7c]
RSSI: -74 [da:28:35:64:16:7c]
RSSI: -74 [da:28:35:64:16:7c]
RSSI: -73 [da:28:35:64:16:7c]
RSSI: -74 [da:28:35:70:00:2c]
RSSI: -73 [da:28:35:7f:00:5c]
RSSI: -73 [da:28:35:8e:00:8c]
RSSI: -74 [da:28:35:9a:00:ac]
RSSI: -73 [da:28:35:9a:00:ac]
RSSI: -74 [da:28:35:a9:00:dc]
RSSI: -75 [da:28:35:a9:00:dc]
RSSI: -74 [da:28:35:b8:01:0c]
RSSI: -74 [da:28:35:c4:01:2c]
RSSI: -75 [da:28:35:c4:01:2c]
RSSI: -77 [da:28:35:d3:01:5c]
RSSI: -76 [da:28:35:d3:01:5c]
RSSI: -77 [da:28:35:e2:01:8c]
RSSI: -77 [da:28:35:e2:01:8c]
RSSI: -78 [da:28:35:ee:01:ac]
RSSI: -79 [da:28:35:ee:01:ac]
RSSI: -81 [da:28:35:fd:01:dc]
RSSI: -82 [da:28:35:fd:01:dc]
RSSI: -95 [da:28:36:27:02:5c]
RSSI: -88 [da:28:36:27:02:5c]
RSSI: -85 [da:28:36:36:02:8c]
RSSI: -87 [da:28:36:43:02:ac]
RSSI: -87 [da:28:36:43:02:ac]
RSSI: -85 [da:28:36:60:03:0c]
RSSI: -86 [da:28:36:60:03:0c]
RSSI: -89 [da:28:36:6d:03:2c]
RSSI: -87 [da:28:36:6d:03:2c]
RSSI: -91 [da:28:36:bb:04:1c]
RSSI: -89 [da:28:36:bb:04:1c]
RSSI: -88 [da:28:36:c8:04:4c]
RSSI: -90 [da:28:36:c8:04:4c]
RSSI: -89 [da:28:36:d7:04:7c]
RSSI: -92 [da:28:36:e5:04:ac]
RSSI: -92 [da:28:36:f2:04:cc]
RSSI: -88 [da:28:37:01:04:fc]
RSSI: -89 [da:28:37:10:05:2c]
RSSI: -89 [da:28:37:10:05:2c]
RSSI: -89 [da:28:37:1c:05:4c]
RSSI: -88 [da:28:37:3a:05:ac]
RSSI: -90 [da:28:37:46:05:cc]
RSSI: -88 [da:28:37:55:05:fc]
RSSI: -88 [da:28:37:aa:07:0c]
RSSI: -88 [da:28:37:aa:07:0c]
RSSI: -89 [da:28:37:b8:07:3c]
RSSI: -93 [da:28:38:0d:08:3c]
RSSI: -93 [da:28:38:29:08:9c]
RSSI: -87 [da:28:38:37:08:cc]
RSSI: -88 [da:28:38:44:08:ec]
RSSI: -93 [da:28:38:6e:09:6c]
RSSI: -93 [da:28:38:7d:09:9c]
RSSI: -93 [da:28:38:b6:0a:5c]
RSSI: -92 [da:28:38:e1:0a:dc]
RSSI: -90 [da:28:38:ed:0a:fc]
RSSI: -88 [da:28:38:fc:0b:2c]
RSSI: -92 [da:28:39:18:0b:8c]
RSSI: -88 [da:28:39:27:0b:bc]
RSSI: -88 [da:28:39:27:0b:bc]
RSSI: -89 [da:28:39:36:0b:ec]
RSSI: -94 [da:28:39:60:0c:6c]
RSSI: -97 [da:6f:6e:da:16:5a]
RSSI: -94 [da:6f:6f:11:00:9a]
RSSI: -92 [da:6f:6f:4a:01:3a]
RSSI: -92 [da:6f:6f:66:01:8a]
RSSI: -92 [da:6f:6f:74:01:ba]
RSSI: -91 [da:28:3a:34:0f:0c]
RSSI: -92 [da:28:3a:5f:0f:8c]
RSSI: -93 [da:28:3a:7b:0f:ec]
RSSI: -92 [da:28:3a:96:10:3c]
RSSI: -93 [da:28:3a:c1:10:cc]
RSSI: -97 [da:28:3a:d0:10:fc]
RSSI: -91 [da:28:3a:fa:11:7c]
RSSI: -94 [da:28:3b:09:11:ac]
RSSI: -95 [da:28:3b:16:11:cc]
RSSI: -93 [da:28:3b:40:12:4c]
RSSI: -96 [da:28:3b:7a:12:fc]
RSSI: -92 [da:28:3b:89:13:2c]
RSSI: -92 [da:28:3b:96:13:4c]
RSSI: -93 [da:28:3b:c0:13:cc]
RSSI: -91 [da:28:3b:cf:13:fc]
RSSI: -89 [da:28:3b:de:14:2c]
RSSI: -86 [da:28:3b:de:14:2c]
RSSI: -86 [da:28:3b:eb:14:5c]
RSSI: -86 [da:28:3b:fa:14:8c]
RSSI: -84 [da:28:3c:09:14:bc]
RSSI: -88 [da:28:3c:16:14:dc]
RSSI: -86 [da:28:3c:16:14:dc]
RSSI: -84 [da:28:3c:40:15:5c]
RSSI: -83 [da:28:3c:4f:15:8c]
RSSI: -83 [da:28:3c:4f:15:8c]
RSSI: -80 [da:28:3c:5e:15:bc]
RSSI: -80 [da:28:3c:5e:15:bc]
RSSI: -77 [da:28:3c:6b:15:ec]
RSSI: -78 [da:28:3c:7a:16:1c]
RSSI: -76 [da:28:3c:7a:16:1c]
RSSI: -76 [da:28:3c:89:16:3c]
RSSI: -76 [da:28:3c:89:16:3c]
RSSI: -77 [da:28:3c:89:16:3c]
RSSI: -75 [da:28:3c:96:16:6c]
RSSI: -75 [da:28:3c:96:16:6c]
RSSI: -74 [da:28:3c:a5:00:0c]
RSSI: -74 [da:28:3c:a5:00:0c]
RSSI: -75 [da:28:3c:b4:00:2c]
RSSI: -73 [da:28:3c:c0:00:5c]
RSSI: -75 [da:28:3c:c0:00:5c]
RSSI: -74 [da:28:3c:d0:00:8c]
RSSI: -74 [da:28:3c:d0:00:8c]
RSSI: -74 [da:28:3c:df:00:bc]
RSSI: -76 [da:28:3c:eb:00:dc]
RSSI: -75 [da:28:3c:fa:01:0c]
RSSI: -76 [da:28:3c:fa:01:0c]
RSSI: -76 [da:28:3d:09:01:3c]
RSSI: -76 [da:28:3d:09:01:3c]
RSSI: -77 [da:28:3d:16:01:5c]
RSSI: -80 [da:28:3d:25:01:8c]
RSSI: -81 [da:28:3d:34:01:bc]
RSSI: -84 [da:28:3d:41:01:dc]
RSSI: -83 [da:28:3d:41:01:dc]
RSSI: -96 [da:28:3d:5f:02:3c]
RSSI: -90 [da:28:3d:6c:02:6c]
RSSI: -87 [da:28:3d:7b:02:9c]
RSSI: -86 [da:28:3d:7b:02:9c]
RSSI: -85 [da:28:3d:7b:02:9c]
RSSI: -84 [da:28:3d:8a:02:cc]
RSSI: -86 [da:28:3d:8a:02:cc]
RSSI: -84 [da:28:3d:96:02:ec]
RSSI: -86 [da:28:3d:a6:03:1c]
RSSI: -90 [da:28:3d:b5:03:4c]
RSSI: -94 [da:28:3d:ec:03:ec]
RSSI: -89 [da:28:3e:0a:04:4c]
RSSI: -90 [da:28:3e:17:04:6c]
RSSI: -91 [da:28:3e:17:04:6c]
RSSI: -92 [da:28:3e:26:04:9c]
RSSI: -92 [da:28:3e:35:04:cc]
RSSI: -88 [da:28:3e:42:04:fc]
RSSI: -88 [da:28:3e:51:05:1c]
RSSI: -89 [da:28:3e:6d:05:7c]
RSSI: -90 [da:28:3e:7c:05:ac]
RSSI: -88 [da:28:3e:7c:05:ac]
RSSI: -89 [da:28:3e:8b:05:dc]
RSSI: -90 [da:28:3e:b6:06:5c]
RSSI: -92 [da:28:3e:c3:06:8c]
RSSI: -91 [da:28:3e:fd:07:3c]
RSSI: -91 [da:28:3f:53:08:4c]
RSSI: -92 [da:28:3f:7e:08:dc]
RSSI: -91 [da:28:3f:d4:09:ec]
RSSI: -96 [da:28:3f:ff:0a:6c]
RSSI: -91 [da:28:40:39:0b:2c]
RSSI: -89 [da:28:40:46:0b:4c]
RSSI: -88 [da:28:40:55:0b:7c]
RSSI: -90 [da:28:40:80:0c:0c]
RSSI: -92 [da:28:40:8f:0c:3c]
RSSI: -93 [da:28:40:e6:0d:4c]
RSSI: -93 [da:28:40:e6:0d:4c]
RSSI: -95 [da:6f:76:94:16:0a]
RSSI: -90 [da:28:41:2d:0e:2c]
RSSI: -94 [da:6f:76:a4:00:2a]
RSSI: -93 [da:6f:76:cf:00:aa]
RSSI: -93 [da:28:41:58:0e:ac]
RSSI: -92 [da:6f:76:de:00:da]
RSSI: -93 [da:6f:77:09:01:4a]
RSSI: -93 [da:6f:77:16:01:7a]
RSSI: -93 [da:6f:77:34:01:ca]
RSSI: -96 [da:6f:77:7c:02:8a]
RSSI: -94 [da:28:42:21:11:1c]
RSSI: -96 [da:28:42:4c:11:9c]
RSSI: -92 [da:28:42:78:12:2c]
RSSI: -90 [da:28:42:b2:12:dc]
RSSI: -92 [da:28:42:b2:12:dc]
RSSI: -90 [da:28:42:fa:13:bc]
RSSI: -92 [da:28:43:18:14:1c]
RSSI: -85 [da:28:43:25:14:3c]
RSSI: -82 [da:28:43:34:14:6c]
RSSI: -86 [da:28:43:60:14:fc]
RSSI: -93 [da:28:43:6f:15:2c]
RSSI: -87 [da:28:43:7c:15:4c]
RSSI: -83 [da:28:43:8b:15:7c]
RSSI: -82 [da:28:43:8b:15:7c]
RSSI: -82 [da:28:43:8b:15:7c]
RSSI: -83 [da:28:43:9a:15:ac]
RSSI: -80 [da:28:43:a7:15:cc]
RSSI: -79 [da:28:43:a7:15:cc]
RSSI: -78 [da:28:43:b7:15:fc]
RSSI: -77 [da:28:43:b7:15:fc]
RSSI: -76 [da:28:43:c6:16:2c]
RSSI: -76 [da:28:43:d3:16:4c]
RSSI: -75 [da:28:43:d3:16:4c]
RSSI: -75 [da:28:43:e2:16:7c]
RSSI: -75 [da:28:43:e2:16:7c]
RSSI: -75 [da:28:43:f1:00:2c]
RSSI: -75 [da:28:43:fe:00:5c]
RSSI: -75 [da:28:43:fe:00:5c]
RSSI: -75 [da:28:44:0d:00:8c]
RSSI: -75 [da:28:44:0d:00:8c]
RSSI: -75 [da:28:44:1d:00:bc]
RSSI: -75 [da:28:44:1d:00:bc]
RSSI: -76 [da:28:44:29:00:dc]
RSSI: -75 [da:28:44:29:00:dc]
RSSI: -76 [da:28:44:39:01:0c]
RSSI: -76 [da:28:44:39:01:0c]
RSSI: -77 [da:28:44:48:01:3c]
RSSI: -78 [da:28:44:48:01:3c]
RSSI: -78 [da:28:44:48:01:3c]
RSSI: -79 [da:28:44:55:01:6c]
RSSI: -80 [da:28:44:55:01:6c]
RSSI: -81 [da:28:44:64:01:9c]
RSSI: -84 [da:28:44:74:01:cc]
RSSI: -90 [da:28:44:80:01:ec]
RSSI: -90 [da:28:44:80:01:ec]
RSSI: -93 [da:28:44:9f:02:4c]
RSSI: -88 [da:28:44:ac:02:7c]
RSSI: -84 [da:28:44:bb:02:ac]
RSSI: -88 [da:28:44:bb:02:ac]
RSSI: -87 [da:28:44:bb:02:ac]
RSSI: -85 [da:28:44:cb:02:dc]
RSSI: -88 [da:28:44:cb:02:dc]
RSSI: -88 [da:28:44:dd:03:0c]
RSSI: -91 [da:28:44:ed:03:3c]
RSSI: -90 [da:28:45:35:04:0c]
RSSI: -93 [da:28:45:44:04:3c]
RSSI: -92 [da:28:45:60:04:9c]
RSSI: -96 [da:28:45:7f:04:fc]
RSSI: -91 [da:28:45:8c:05:1c]
RSSI: -89 [da:28:45:9b:05:5c]
RSSI: -89 [da:28:45:c7:05:dc]
RSSI: -90 [da:28:45:d6:06:0c]
RSSI: -91 [da:28:45:e3:06:3c]
RSSI: -94 [da:28:45:f3:06:6c]
RSSI: -93 [da:28:46:2e:07:1c]
RSSI: -97 [da:28:46:85:08:2c]
RSSI: -89 [da:28:46:b1:08:bc]
RSSI: -90 [da:28:46:be:08:dc]
RSSI: -92 [da:28:46:cd:09:0c]
RSSI: -94 [da:28:46:f9:09:9c]
RSSI: -93 [da:28:47:6d:0b:0c]
RSSI: -93 [da:28:47:7c:0b:3c]
RSSI: -92 [da:28:47:7c:0b:3c]
RSSI: -90 [da:28:47:8c:0b:6c]
RSSI: -90 [da:28:47:99:0b:8c]
RSSI: -93 [da:28:47:c4:0c:1c]
RSSI: -95 [da:28:47:f0:0c:ac]
RSSI: -93 [da:28:48:00:0c:dc]
RSSI: -94 [da:28:48:74:0e:4c]
RSSI: -92 [da:6f:7e:8b:00:7a]
RSSI: -90 [da:6f:7e:b7:00:fa]
RSSI: -90 [da:6f:7e:d3:01:4a]
RSSI: -94 [da:6f:7e:e3:01:6a]
RSSI: -90 [da:6f:7e:ff:01:ba]
RSSI: -93 [da:6f:7f:3b:02:6a]
RSSI: -94 [da:28:49:ff:13:0c]
RSSI: -94 [da:28:4a:1f:13:6c]
RSSI: -89 [da:28:4a:57:14:1c]
RSSI: -90 [da:28:4a:67:14:4c]
RSSI: -87 [da:28:4a:67:14:4c]
RSSI: -90 [da:28:4a:77:14:7c]
RSSI: -89 [da:28:4a:93:14:dc]
RSSI: -90 [da:28:4a:b0:15:2c]
RSSI: -89 [da:28:4a:bf:15:5c]
RSSI: -85 [da:28:4a:bf:15:5c]
RSSI: -86 [da:28:4a:cf:15:8c]
RSSI: -85 [da:28:4a:cf:15:8c]
RSSI: -80 [da:28:4a:dc:15:ac]
RSSI: -82 [da:28:4a:dc:15:ac]
RSSI: -79 [da:28:4a:ec:15:ec]
RSSI: -81 [da:28:4a:fb:16:0c]
RSSI: -77 [da:28:4a:fb:16:0c]
RSSI: -80 [da:28:4b:08:16:3c]
RSSI: -80 [da:28:4b:08:16:3c]
RSSI: -78 [da:28:4b:18:16:6c]
RSSI: -75 [da:28:4b:27:00:2c]
RSSI: -79 [da:28:4b:34:00:5c]
RSSI: -75 [da:28:4b:34:00:5c]
RSSI: -79 [da:28:4b:44:00:8c]
RSSI: -78 [da:28:4b:54:00:bc]
RSSI: -76 [da:28:4b:60:00:ec]
RSSI: -79 [da:28:4b:60:00:ec]
RSSI: -80 [da:28:4b:70:01:1c]
RSSI: -76 [da:28:4b:70:01:1c]
RSSI: -77 [da:28:4b:70:01:1c]
RSSI: -81 [da:28:4b:80:01:4c]
RSSI: -82 [da:28:4b:8c:01:6c]
RSSI: -83 [da:28:4b:8c:01:6c]
RSSI: -84 [da:28:4b:9c:01:9c]
RSSI: -85 [da:28:4b:9c:01:9c]
RSSI: -86 [da:28:4b:ac:01:cc]
RSSI: -83 [da:28:4b:ac:01:cc]
RSSI: -88 [da:28:4b:b9:01:fc]
RSSI: -92 [da:28:4b:e5:02:7c]
RSSI: -88 [da:28:4b:f5:02:ac]
RSSI: -89 [da:28:4c:04:02:dc]
RSSI: -87 [da:28:4c:11:03:0c]
RSSI: -92 [da:28:4c:21:03:3c]
RSSI: -94 [da:28:4c:69:04:0c]
RSSI: -93 [da:28:4c:69:04:0c]
RSSI: -91 [da:28:4c:79:04:3c]
RSSI: -93 [da:28:4c:b5:04:fc]
RSSI: -94 [da:28:4c:d2:05:4c]
RSSI: -93 [da:28:4c:d2:05:4c]
RSSI: -90 [da:28:4c:e2:05:8c]
RSSI: -91 [da:28:4c:ee:05:ac]
RSSI: -89 [da:28:4d:0e:06:0c]
RSSI: -91 [da:28:4d:1b:06:2c]
RSSI: -89 [da:28:4d:1b:06:2c]
RSSI: -91 [da:28:4d:2a:06:6c]
RSSI: -92 [da:28:4d:57:06:ec]
RSSI: -94 [da:28:4d:67:07:1c]
RSSI: -94 [da:28:4d:cc:08:5c]
RSSI: -90 [da:28:4d:dc:08:8c]
RSSI: -91 [da:28:4d:dc:08:8c]
RSSI: -93 [da:28:4e:18:09:4c]
RSSI: -97 [da:28:4e:61:0a:3c]
RSSI: -94 [da:28:4e:9d:0a:ec]
RSSI: -92 [da:28:4e:aa:0b:1c]
RSSI: -91 [da:28:4e:ba:0b:4c]
RSSI: -90 [da:28:4e:ba:0b:4c]
RSSI: -91 [da:28:4e:e7:0b:dc]
RSSI: -95 [da:28:4e:f6:0c:0c]
RSSI: -100 [da:28:4f:40:0c:ec]
RSSI: -92 [da:28:4f:5c:0d:4c]
RSSI: -95 [da:28:4f:b5:0e:5c]
RSSI: -96 [da:28:4f:d5:0e:bc]
RSSI: -96 [da:28:50:1e:0f:ac]
RSSI: -95 [da:28:50:68:10:8c]
RSSI: -95 [da:28:50:a4:11:4c]
RSSI: -93 [da:28:50:b4:11:7c]
RSSI: -93 [da:6f:86:33:00:2a]
RSSI: -97 [da:28:50:c1:11:9c]
RSSI: -90 [da:6f:86:80:00:fa]
RSSI: -90 [da:6f:86:8c:01:2a]
RSSI: -96 [da:28:51:57:13:7c]
RSSI: -94 [da:28:51:94:14:2c]
RSSI: -93 [da:28:51:94:14:2c]
RSSI: -86 [da:28:51:b1:14:8c]
RSSI: -90 [da:28:51:c1:14:bc]
RSSI: -89 [da:28:51:fa:15:6c]
RSSI: -83 [da:28:52:0a:15:9c]
RSSI: -82 [da:28:52:1a:15:cc]
RSSI: -82 [da:28:52:27:15:ec]
RSSI: -80 [da:28:52:27:15:ec]
RSSI: -79 [da:28:52:37:16:1c]
RSSI: -77 [da:28:52:47:16:4c]
RSSI: -77 [da:28:52:54:16:7c]
RSSI: -76 [da:28:52:54:16:7c]
RSSI: -76 [da:28:52:64:00:0c]
RSSI: -76 [da:28:52:64:00:0c]
RSSI: -76 [da:28:52:74:00:3c]
RSSI: -77 [da:28:52:81:00:5c]
RSSI: -76 [da:28:52:a1:00:bc]
RSSI: -77 [da:28:52:ad:00:ec]
RSSI: -77 [da:28:52:ad:00:ec]
RSSI: -79 [da:28:52:be:01:1c]
RSSI: -79 [da:28:52:ce:01:4c]
RSSI: -81 [da:28:52:da:01:6c]
RSSI: -80 [da:28:52:da:01:6c]
RSSI: -84 [da:28:52:ea:01:9c]
RSSI: -84 [da:28:52:ea:01:9c]
RSSI: -85 [da:28:52:ea:01:9c]
RSSI: -87 [da:28:53:34:02:7c]
RSSI: -86 [da:28:53:44:02:ac]
RSSI: -87 [da:28:53:54:02:dc]
RSSI: -89 [da:28:53:61:03:0c]
RSSI: -91 [da:28:53:b7:04:0c]
RSSI: -91 [da:28:53:c3:04:3c]
RSSI: -92 [da:28:53:fd:04:ec]
RSSI: -90 [da:28:54:16:05:3c]
RSSI: -91 [da:28:54:23:05:5c]
RSSI: -92 [da:28:54:3c:05:ac]
RSSI: -91 [da:28:54:3c:05:ac]
RSSI: -91 [da:28:54:62:06:1c]
RSSI: -94 [da:28:54:6f:06:4c]
RSSI: -96 [da:28:54:95:06:bc]
RSSI: -93 [da:28:54:bb:07:3c]
RSSI: -93 [da:28:55:47:08:ec]
RSSI: -98 [da:28:55:ad:0a:2c]
RSSI: -96 [da:28:55:e0:0a:cc]
RSSI: -95 [da:28:55:e0:0a:cc]
RSSI: -90 [da:28:56:06:0b:4c]
RSSI: -90 [da:28:56:06:0b:4c]
RSSI: -96 [da:28:56:92:0c:fc]
RSSI: -92 [da:28:56:ec:0e:1c]
RSSI: -95 [da:28:57:39:0f:0c]
RSSI: -95 [da:28:58:39:12:2c]
RSSI: -97 [da:28:58:46:12:4c]
RSSI: -96 [da:28:58:60:12:9c]
RSSI: -95 [da:6f:8e:02:00:4a]
RSSI: -94 [da:6f:8e:0f:00:6a]
RSSI: -93 [da:6f:8e:1c:00:9a]
RSSI: -93 [da:6f:8e:35:00:da]
RSSI: -92 [da:6f:8e:42:00:fa]
RSSI: -92 [da:6f:8e:5c:01:4a]
RSSI: -90 [da:28:58:ed:14:4c]
RSSI: -87 [da:28:58:fa:14:7c]
RSSI: -92 [da:28:59:07:14:9c]
RSSI: -93 [da:6f:8e:9c:01:fa]
RSSI: -92 [da:28:59:2d:15:1c]
RSSI: -88 [da:28:59:3a:15:3c]
RSSI: -84 [da:28:59:54:15:8c]
RSSI: -81 [da:28:59:61:15:bc]
RSSI: -81 [da:28:59:61:15:bc]
RSSI: -81 [da:28:59:6e:15:dc]
RSSI: -79 [da:28:59:7b:16:0c]
RSSI: -78 [da:28:59:88:16:2c]
RSSI: -78 [da:28:59:88:16:2c]
RSSI: -78 [da:28:59:94:16:5c]
RSSI: -77 [da:28:59:a1:16:7c]
RSSI: -77 [da:28:59:ae:00:2c]
RSSI: -76 [da:28:59:ae:00:2c]
RSSI: -77 [da:28:59:bb:00:4c]
RSSI: -77 [da:28:59:bb:00:4c]
RSSI: -76 [da:28:59:c8:00:7c]
RSSI: -76 [da:28:59:d5:00:9c]
RSSI: -76 [da:28:59:d5:00:9c]
RSSI: -77 [da:28:59:e1:00:cc]
RSSI: -77 [da:28:59:e1:00:cc]
RSSI: -77 [da:28:59:e1:00:cc]
RSSI: -77 [da:28:59:ef:00:ec]
RSSI: -78 [da:28:59:fb:01:1c]
RSSI: -78 [da:28:59:fb:01:1c]
RSSI: -79 [da:28:5a:08:01:3c]
RSSI: -80 [da:28:5a:08:01:3c]
RSSI: -80 [da:28:5a:15:01:6c]
RSSI: -81 [da:28:5a:22:01:8c]
RSSI: -82 [da:28:5a:22:01:8c]
RSSI: -84 [da:28:5a:2f:01:bc]
RSSI: -85 [da:28:5a:2f:01:bc]
RSSI: -86 [da:28:5a:3c:01:dc]
RSSI: -87 [da:28:5a:3c:01:dc]
RSSI: -91 [da:28:5a:63:02:5c]
RSSI: -87 [da:28:5a:7c:02:ac]
RSSI: -87 [da:28:5a:7c:02:ac]
RSSI: -88 [da:28:5a:89:02:cc]
RSSI: -86 [da:28:5a:89:02:cc]
RSSI: -89 [da:28:5a:a3:03:1c]
RSSI: -91 [da:28:5a:b0:03:4c]
RSSI: -93 [da:28:5b:17:04:7c]
RSSI: -93 [da:28:5b:31:04:cc]
RSSI: -91 [da:28:5b:4b:05:1c]
RSSI: -89 [da:28:5b:58:05:3c]
RSSI: -91 [da:28:5b:7f:05:bc]
RSSI: -94 [da:28:5b:8c:05:dc]
RSSI: -96 [da:28:5b:cd:06:ac]
RSSI: -94 [da:28:5b:e7:06:fc]
RSSI: -95 [da:28:5b:f4:07:2c]
RSSI: -95 [da:28:5c:68:08:9c]
RSSI: -91 [da:28:5c:82:08:ec]
RSSI: -93 [da:28:5c:8f:09:0c]
RSSI: -94 [da:28:5c:8f:09:0c]
RSSI: -96 [da:28:5c:dd:0a:0c]
RSSI: -95 [da:28:5d:2b:0a:fc]
RSSI: -92 [da:28:5d:38:0b:2c]
RSSI: -93 [da:28:5d:86:0c:1c]
RSSI: -94 [da:28:5e:09:0d:bc]
RSSI: -94 [da:28:5e:30:0e:2c]
RSSI: -91 [da:28:5e:30:0e:2c]
RSSI: -93 [da:28:5e:49:0e:7c]
RSSI: -96 [da:28:5e:98:0f:7c]
RSSI: -96 [da:28:5e:e7:10:6c]
RSSI: -95 [da:28:5f:29:11:3c]
RSSI: -95 [da:28:5f:77:12:2c]
RSSI: -96 [da:28:5f:77:12:2c]
RSSI: -94 [da:28:5f:91:12:7c]
RSSI: -94 [da:28:5f:c6:13:1c]
RSSI: -96 [da:6f:95:97:15:fa]
RSSI: -91 [da:28:60:21:14:3c]
RSSI: -90 [da:28:60:2e:14:5c]
RSSI: -90 [da:28:60:48:14:ac]
RSSI: -84 [da:28:60:82:15:5c]
RSSI: -85 [da:28:60:92:15:8c]
RSSI: -93 [da:6f:96:1a:01:4a]
RSSI: -84 [da:28:60:9f:15:bc]
RSSI: -80 [da:28:60:ba:16:0c]
RSSI: -80 [da:28:60:c6:16:2c]
RSSI: -78 [da:28:60:e1:16:7c]
RSSI: -73 [da:28:60:e1:16:7c]
RSSI: -94 [da:6f:96:69:02:2a]
RSSI: -78 [da:28:60:ee:00:2c]
RSSI: -78 [da:28:60:ee:00:2c]
RSSI: -77 [da:28:60:ee:00:2c]
RSSI: -73 [da:28:60:fb:00:4c]
RSSI: -74 [da:28:60:fb:00:4c]
RSSI: -77 [da:28:61:09:00:7c]
RSSI: -73 [da:28:61:09:00:7c]
RSSI: -78 [da:28:61:15:00:9c]
RSSI: -77 [da:28:61:15:00:9c]
RSSI: -74 [da:28:61:23:00:cc]
RSSI: -79 [da:28:61:23:00:cc]
RSSI: -77 [da:28:61:30:00:ec]
RSSI: -74 [da:28:61:30:00:ec]
RSSI: -80 [da:28:61:3d:01:1c]
RSSI: -79 [da:28:61:3d:01:1c]
RSSI: -76 [da:28:61:4a:01:4c]
RSSI: -82 [da:28:61:4a:01:4c]
RSSI: -80 [da:28:61:58:01:6c]
RSSI: -77 [da:28:61:58:01:6c]
RSSI: -81 [da:28:61:64:01:9c]
RSSI: -84 [da:28:61:7f:01:ec]
RSSI: -86 [da:28:61:7f:01:ec]
RSSI: -91 [da:28:61:8c:02:0c]
RSSI: -91 [da:28:61:b3:02:8c]
RSSI: -91 [da:28:61:b3:02:8c]
RSSI: -85 [da:28:61:ce:02:dc]
RSSI: -91 [da:28:61:e8:03:2c]
RSSI: -91 [da:28:61:f6:03:5c]
RSSI: -96 [da:28:62:02:03:7c]
RSSI: -93 [da:28:62:2a:03:ec]
RSSI: -94 [da:28:62:37:04:1c]
RSSI: -90 [da:28:62:45:04:4c]
RSSI: -92 [da:28:62:51:04:6c]
RSSI: -93 [da:28:62:79:04:ec]
RSSI: -93 [da:28:62:94:05:3c]
RSSI: -90 [da:28:62:a0:05:5c]
RSSI: -93 [da:28:62:ae:05:8c]
RSSI: -92 [da:28:62:c8:05:dc]
RSSI: -90 [da:28:62:e3:06:2c]
RSSI: -90 [da:28:62:f0:06:5c]
RSSI: -92 [da:28:62:fd:06:8c]
RSSI: -93 [da:28:63:17:06:dc]
RSSI: -94 [da:28:63:25:06:fc]
RSSI: -97 [da:28:63:4d:07:7c]
RSSI: -96 [da:28:63:9c:08:6c]
RSSI: -92 [da:28:63:a9:08:9c]
RSSI: -92 [da:28:63:c4:08:ec]
RSSI: -97 [da:28:64:13:09:ec]
RSSI: -94 [da:28:64:70:0b:0c]
RSSI: -91 [da:28:64:7d:0b:3c]
RSSI: -91 [da:28:64:a5:0b:bc]
RSSI: -96 [da:28:64:da:0c:5c]
RSSI: -95 [da:28:65:44:0d:ac]
RSSI: -91 [da:28:65:7a:0e:5c]
RSSI: -97 [da:28:65:f1:0f:cc]
RSSI: -98 [da:28:66:69:11:4c]
RSSI: -96 [da:28:67:09:13:2c]
RSSI: -96 [da:28:67:17:13:5c]
RSSI: -96 [da:28:67:4c:13:fc]
RSSI: -89 [da:28:67:74:14:7c]
RSSI: -90 [da:28:67:82:14:9c]
RSSI: -90 [da:28:67:82:14:9c]
RSSI: -93 [da:28:67:8f:14:cc]
RSSI: -90 [da:28:67:b7:15:4c]
RSSI: -87 [da:28:67:b7:15:4c]
RSSI: -88 [da:28:67:d2:15:9c]
RSSI: -81 [da:28:67:e0:15:bc]
RSSI: -80 [da:28:67:e0:15:bc]
RSSI: -79 [da:28:67:ec:15:ec]
RSSI: -81 [da:28:67:fa:16:0c]
RSSI: -77 [da:28:68:08:16:3c]
RSSI: -77 [da:28:68:14:16:5c]
RSSI: -76 [da:28:68:14:16:5c]
RSSI: -79 [da:28:68:22:00:0c]
RSSI: -76 [da:28:68:22:00:0c]
RSSI: -75 [da:28:68:30:00:2c]
RSSI: -79 [da:28:68:30:00:2c]
RSSI: -76 [da:28:68:3d:00:5c]
RSSI: -75 [da:28:68:3d:00:5c]
RSSI: -94 [da:6f:9d:bb:00:ba]
RSSI: -77 [da:28:68:4a:00:7c]
RSSI: -75 [da:28:68:58:00:ac]
RSSI: -79 [da:28:68:58:00:ac]
RSSI: -77 [da:28:68:65:00:cc]
RSSI: -76 [da:28:68:65:00:cc]
RSSI: -78 [da:28:68:73:00:fc]
RSSI: -81 [da:28:68:80:01:2c]
RSSI: -78 [da:28:68:8d:01:4c]
RSSI: -80 [da:28:68:9b:01:7c]
RSSI: -80 [da:28:68:9b:01:7c]
RSSI: -85 [da:28:68:a9:01:ac]
RSSI: -83 [da:28:68:a9:01:ac]
RSSI: -84 [da:28:68:b5:01:cc]
RSSI: -89 [da:28:68:b5:01:cc]
RSSI: -94 [da:28:68:d1:02:1c]
RSSI: -94 [da:28:68:eb:02:6c]
RSSI: -91 [da:28:68:eb:02:6c]
RSSI: -89 [da:28:68:f9:02:9c]
RSSI: -88 [da:28:69:06:02:bc]
RSSI: -87 [da:28:69:14:02:ec]
RSSI: -88 [da:28:69:21:03:1c]
RSSI: -91 [da:28:69:2e:03:3c]
RSSI: -93 [da:28:69:72:04:0c]
RSSI: -92 [da:28:69:7e:04:2c]
RSSI: -93 [da:28:69:c3:04:fc]
RSSI: -92 [da:28:69:c3:04:fc]
RSSI: -90 [da:28:69:cf:05:2c]
RSSI: -90 [da:28:6a:20:06:2c]
RSSI: -90 [da:28:6a:2e:06:4c]
RSSI: -92 [da:28:6a:2e:06:4c]
RSSI: -95 [da:28:6a:48:06:9c]
RSSI: -93 [da:28:6a:71:07:1c]
RSSI: -95 [da:28:6a:dd:08:7c]
RSSI: -95 [da:28:6a:f8:08:cc]
RSSI: -93 [da:28:6b:06:08:fc]
RSSI: -96 [da:28:6b:9a:0a:cc]
RSSI: -93 [da:28:6b:b4:0b:1c]
RSSI: -92 [da:28:6b:b4:0b:1c]
RSSI: -90 [da:28:6b:c3:0b:4c]
RSSI: -90 [da:28:6b:dd:0b:9c]
RSSI: -90 [da:28:6c:a8:0e:1c]
RSSI: -92 [da:28:6c:c4:0e:6c]
RSSI: -93 [da:28:6c:f9:0f:1c]
RSSI: -96 [da:28:6d:59:10:3c]
RSSI: -95 [da:28:6d:aa:11:3c]
RSSI: -99 [da:28:6d:c5:11:8c]
RSSI: -94 [da:28:6d:f5:12:2c]
RSSI: -95 [da:28:6e:3a:12:fc]
RSSI: -93 [da:28:6e:47:13:2c]
RSSI: -94 [da:28:6e:47:13:2c]
RSSI: -93 [da:28:6e:47:13:2c]
RSSI: -91 [da:28:6e:55:13:4c]
RSSI: -91 [da:28:6e:70:13:ac]
RSSI: -93 [da:28:6e:7e:13:cc]
RSSI: -94 [da:28:6e:7e:13:cc]
RSSI: -87 [da:28:6e:a7:14:4c]
RSSI: -89 [da:28:6e:b5:14:7c]
RSSI: -90 [da:28:6e:c1:14:9c]
RSSI: -91 [da:28:6f:06:15:6c]
RSSI: -87 [da:28:6f:13:15:8c]
RSSI: -81 [da:28:6f:21:15:bc]
RSSI: -85 [da:28:6f:21:15:bc]
RSSI: -81 [da:28:6f:2f:15:ec]
RSSI: -80 [da:28:6f:2f:15:ec]
RSSI: -83 [da:28:6f:3c:16:0c]
RSSI: -79 [da:28:6f:3c:16:0c]
RSSI: -78 [da:28:6f:4a:16:3c]
RSSI: -81 [da:28:6f:4a:16:3c]
RSSI: -76 [da:28:6f:58:16:6c]
RSSI: -77 [da:28:6f:65:00:0c]
RSSI: -79 [da:28:6f:73:00:2c]
RSSI: -76 [da:28:6f:81:00:5c]
RSSI: -78 [da:28:6f:81:00:5c]
RSSI: -77 [da:28:6f:8e:00:7c]
RSSI: -75 [da:28:6f:8e:00:7c]
RSSI: -78 [da:28:6f:9c:00:ac]
RSSI: -77 [da:28:6f:9c:00:ac]
RSSI: -76 [da:28:6f:aa:00:dc]
RSSI: -78 [da:28:6f:aa:00:dc]
RSSI: -78 [da:28:6f:aa:00:dc]
RSSI: -76 [da:28:6f:b7:00:fc]
RSSI: -78 [da:28:6f:d3:01:5c]
RSSI: -79 [da:28:6f:d3:01:5c]
RSSI: -80 [da:28:6f:d3:01:5c]
RSSI: -80 [da:28:6f:e0:01:7c]
RSSI: -81 [da:28:6f:e0:01:7c]
RSSI: -83 [da:28:6f:ee:01:ac]
RSSI: -82 [da:28:6f:ee:01:ac]
RSSI: -85 [da:28:6f:fc:01:cc]
RSSI: -86 [da:28:6f:fc:01:cc]
RSSI: -87 [da:28:70:09:01:fc]
RSSI: -93 [da:28:70:09:01:fc]
RSSI: -89 [da:28:70:25:02:4c]
RSSI: -90 [da:28:70:32:02:7c]
RSSI: -88 [da:28:70:32:02:7c]
RSSI: -87 [da:28:70:40:02:9c]
RSSI: -87 [da:28:70:40:02:9c]
RSSI: -86 [da:28:70:4e:02:cc]
RSSI: -88 [da:28:70:5b:02:fc]
RSSI: -90 [da:28:70:69:03:1c]
RSSI: -92 [da:28:70:77:03:4c]
RSSI: -91 [da:28:70:bb:04:1c]
RSSI: -93 [da:28:70:f2:04:cc]
RSSI: -93 [da:28:70:ff:04:ec]
RSSI: -92 [da:28:71:0d:05:1c]
RSSI: -89 [da:28:71:1b:05:4c]
RSSI: -92 [da:28:71:36:05:9c]
RSSI: -94 [da:28:71:36:05:9c]
RSSI: -91 [da:28:71:51:05:ec]
RSSI: -91 [da:28:71:51:05:ec]
RSSI: -89 [da:28:71:5f:06:1c]
RSSI: -90 [da:28:71:5f:06:1c]
RSSI: -92 [da:28:71:7a:06:6c]
RSSI: -94 [da:28:71:89:06:9c]
RSSI: -93 [da:28:71:a3:06:ec]
RSSI: -93 [da:28:71:b2:07:1c]
RSSI: -91 [da:28:71:b2:07:1c]
RSSI: -91 [da:28:72:2d:08:9c]
RSSI: -91 [da:28:72:2d:08:9c]
RSSI: -92 [da:28:72:48:08:fc]
RSSI: -92 [da:28:72:57:09:1c]
RSSI: -95 [da:28:72:ed:0a:fc]
RSSI: -93 [da:28:72:fc:0b:2c]
RSSI: -94 [da:28:72:fc:0b:2c]
RSSI: -92 [da:28:73:16:0b:7c]
RSSI: -96 [da:28:73:25:0b:ac]
RSSI: -91 [da:28:73:33:0b:dc]
RSSI: -97 [da:28:73:5c:0c:5c]
RSSI: -95 [da:28:73:af:0d:5c]
RSSI: -95 [da:28:73:f4:0e:3c]
RSSI: -94 [da:28:74:02:0e:6c]
RSSI: -95 [da:28:74:46:0f:3c]
RSSI: -97 [da:28:74:99:10:3c]
RSSI: -94 [da:28:75:07:11:8c]
RSSI: -98 [da:28:75:16:11:bc]
RSSI: -97 [da:28:75:4e:12:6c]
RSSI: -93 [da:28:75:84:13:0c]
RSSI: -91 [da:28:75:a1:13:6c]
RSSI: -88 [da:28:75:d7:14:0c]
RSSI: -89 [da:28:75:e5:14:3c]
RSSI: -85 [da:28:76:00:14:8c]
RSSI: -86 [da:28:76:0f:14:bc]
RSSI: -92 [da:28:76:2a:15:0c]
RSSI: -87 [da:28:76:47:15:6c]
RSSI: -83 [da:28:76:54:15:8c]
RSSI: -82 [da:28:76:54:15:8c]
RSSI: -83 [da:28:76:62:15:bc]
RSSI: -82 [da:28:76:62:15:bc]
RSSI: -80 [da:28:76:71:15:ec]
RSSI: -81 [da:28:76:71:15:ec]
RSSI: -80 [da:28:76:7d:16:0c]
RSSI: -78 [da:28:76:7d:16:0c]
RSSI: -79 [da:28:76:8c:16:3c]
RSSI: -79 [da:28:76:8c:16:3c]
RSSI: -78 [da:28:76:9a:16:6c]
RSSI: -75 [da:28:76:a7:00:0c]
RSSI: -78 [da:28:76:b5:00:2c]
RSSI: -75 [da:28:76:b5:00:2c]
RSSI: -78 [da:28:76:c4:00:5c]
RSSI: -78 [da:28:76:c4:00:5c]
RSSI: -79 [da:28:76:d1:00:7c]
RSSI: -79 [da:28:76:d1:00:7c]
RSSI: -76 [da:28:76:df:00:ac]
RSSI: -79 [da:28:76:ee:00:dc]
RSSI: -79 [da:28:76:ee:00:dc]
RSSI: -80 [da:28:76:fa:00:fc]
RSSI: -80 [da:28:76:fa:00:fc]
RSSI: -78 [da:28:77:09:01:2c]
RSSI: -82 [da:28:77:09:01:2c]
RSSI: -81 [da:28:77:17:01:5c]
RSSI: -79 [da:28:77:17:01:5c]
RSSI: -84 [da:28:77:24:01:7c]
RSSI: -87 [da:28:77:32:01:ac]
RSSI: -87 [da:28:77:41:01:dc]
RSSI: -91 [da:28:77:6b:02:5c]
RSSI: -88 [da:28:77:77:02:8c]
RSSI: -96 [da:6f:ac:fd:16:4a]
RSSI: -88 [da:28:77:86:02:ac]
RSSI: -88 [da:28:77:a1:03:0c]
RSSI: -93 [da:28:77:b0:03:2c]
RSSI: -93 [da:28:77:b0:03:2c]
RSSI: -94 [da:6f:ad:6b:01:3a]
RSSI: -93 [da:28:78:3c:04:dc]
RSSI: -92 [da:28:78:72:05:7c]
RSSI: -90 [da:28:78:9c:06:0c]
RSSI: -94 [da:28:78:e3:06:ec]
RSSI: -90 [da:28:79:7c:08:cc]
RSSI: -95 [da:28:7a:15:0a:ac]
RSSI: -91 [da:28:7a:3f:0b:2c]
RSSI: -90 [da:28:7a:4e:0b:5c]
RSSI: -95 [da:28:7a:5d:0b:8c]
RSSI: -90 [da:28:7a:69:0b:ac]
RSSI: -90 [da:28:7a:78:0b:dc]
RSSI: -94 [da:28:7a:a2:0c:6c]
RSSI: -93 [da:28:7b:11:0d:cc]
RSSI: -91 [da:28:7b:20:0d:ec]
RSSI: -93 [da:28:7b:3c:0e:4c]
RSSI: -96 [da:28:7b:4a:0e:7c]
RSSI: -95 [da:28:7b:eb:10:5c]
RSSI: -94 [da:28:7c:33:11:3c]
RSSI: -96 [da:28:7c:3f:11:6c]
RSSI: -95 [da:28:7c:94:12:6c]
RSSI: -96 [da:28:7c:b1:12:cc]
RSSI: -93 [da:28:7c:be:12:ec]
RSSI: -91 [da:28:7c:e8:13:7c]
RSSI: -93 [da:28:7d:13:13:fc]
RSSI: -89 [da:28:7d:21:14:1c]
RSSI: -92 [da:28:7d:21:14:1c]
RSSI: -89 [da:28:7d:30:14:4c]
RSSI: -87 [da:28:7d:30:14:4c]
RSSI: -89 [da:28:7d:3d:14:7c]
RSSI: -88 [da:28:7d:3d:14:7c]
RSSI: -89 [da:28:7d:5b:14:cc]
RSSI: -90 [da:28:7d:76:15:2c]
RSSI: -88 [da:28:7d:92:15:7c]
RSSI: -82 [da:28:7d:a0:15:ac]
RSSI: -81 [da:28:7d:a0:15:ac]
RSSI: -80 [da:28:7d:af:15:dc]
RSSI: -79 [da:28:7d:af:15:dc]
RSSI: -81 [da:28:7d:bc:15:fc]
RSSI: -78 [da:28:7d:bc:15:fc]
RSSI: -79 [da:28:7d:bc:15:fc]
RSSI: -80 [da:28:7d:cb:16:2c]
RSSI: -76 [da:28:7d:da:16:5c]
RSSI: -76 [da:28:7d:da:16:5c]
RSSI: -76 [da:28:7d:e6:16:7c]
RSSI: -75 [da:28:7d:e6:16:7c]
RSSI: -79 [da:28:7d:f5:00:2c]
RSSI: -75 [da:28:7e:04:00:5c]
RSSI: -78 [da:28:7e:04:00:5c]
RSSI: -76 [da:28:7e:11:00:8c]
RSSI: -75 [da:28:7e:11:00:8c]
RSSI: -76 [da:28:7e:20:00:ac]
RSSI: -76 [da:28:7e:20:00:ac]
RSSI: -79 [da:28:7e:2e:00:dc]
RSSI: -79 [da:28:7e:2e:00:dc]
RSSI: -77 [da:28:7e:3b:01:0c]
RSSI: -80 [da:28:7e:3b:01:0c]
RSSI: -78 [da:28:7e:4a:01:3c]
RSSI: -78 [da:28:7e:4a:01:3c]
RSSI: -80 [da:28:7e:59:01:5c]
RSSI: -85 [da:28:7e:65:01:8c]
RSSI: -84 [da:28:7e:74:01:bc]
RSSI: -86 [da:28:7e:83:01:ec]
RSSI: -90 [da:28:7e:83:01:ec]
RSSI: -96 [da:28:7e:9f:02:3c]
RSSI: -89 [da:28:7e:ae:02:6c]
RSSI: -90 [da:28:7e:ba:02:9c]
RSSI: -86 [da:28:7e:ba:02:9c]
RSSI: -87 [da:28:7e:c9:02:bc]
RSSI: -87 [da:28:7e:d8:02:ec]
RSSI: -89 [da:28:7e:e5:03:1c]
RSSI: -93 [da:28:7f:3a:04:1c]
RSSI: -94 [da:28:7f:58:04:7c]
RSSI: -92 [da:28:7f:82:04:fc]
RSSI: -97 [da:6f:b5:11:00:ca]
RSSI: -90 [da:28:7f:8f:05:1c]
RSSI: -94 [da:28:7f:b9:05:ac]
RSSI: -92 [da:28:7f:c8:05:dc]
RSSI: -90 [da:28:7f:e4:06:2c]
RSSI: -95 [da:6f:b5:73:01:ea]
RSSI: -92 [da:28:7f:f3:06:5c]
RSSI: -91 [da:28:80:2d:07:0c]
RSSI: -95 [da:28:80:9d:08:6c]
RSSI: -91 [da:28:80:c8:08:fc]
RSSI: -93 [da:28:80:d7:09:1c]
RSSI: -96 [da:28:80:e4:09:4c]
RSSI: -96 [da:28:81:48:0a:8c]
RSSI: -90 [da:28:81:73:0b:0c]
RSSI: -89 [da:28:81:82:0b:3c]
RSSI: -89 [da:28:81:ad:0b:bc]
RSSI: -90 [da:28:81:b9:0b:ec]
RSSI: -92 [da:28:81:d7:0c:4c]
RSSI: -94 [da:28:81:e4:0c:6c]
RSSI: -96 [da:28:81:f3:0c:9c]
RSSI: -93 [da:28:82:49:0d:ac]
RSSI: -92 [da:28:82:58:0d:dc]
RSSI: -96 [da:28:82:83:0e:6c]
RSSI: -96 [da:28:82:c9:0f:3c]
RSSI: -94 [da:28:82:e5:0f:9c]
RSSI: -98 [da:28:82:f4:0f:cc]
RSSI: -96 [da:28:84:05:13:0c]
RSSI: -93 [da:28:84:30:13:8c]
RSSI: -98 [da:28:84:4c:13:ec]
RSSI: -96 [da:28:84:5b:14:1c]
RSSI: -93 [da:28:84:dc:15:ac]
RSSI: -96 [da:28:84:e9:15:cc]
RSSI: -94 [da:28:84:f8:15:fc]
RSSI: -93 [da:28:85:23:16:7c]
RSSI: -95 [da:28:85:23:16:7c]
RSSI: -83 [da:28:85:3f:00:5c]
RSSI: -81 [da:28:85:5d:00:bc]
RSSI: -86 [da:28:85:6a:00:dc]
RSSI: -85 [da:28:85:79:01:0c]
RSSI: -88 [da:28:85:89:01:3c]
RSSI: -86 [da:28:85:89:01:3c]
RSSI: -84 [da:28:85:95:01:6c]
RSSI: -89 [da:28:85:95:01:6c]
RSSI: -92 [da:28:85:eb:02:6c]
RSSI: -90 [da:28:86:0a:02:cc]
RSSI: -91 [da:28:86:17:02:fc]
RSSI: -100 [da:28:86:26:03:2c]
RSSI: -96 [da:28:87:ab:07:dc]
RSSI: -94 [da:28:87:e6:08:8c]
RSSI: -92 [da:28:87:f2:08:bc]
RSSI: -95 [da:28:88:93:0a:bc]
RSSI: -95 [da:28:88:93:0a:bc]
RSSI: -92 [da:28:88:bf:0b:3c]
RSSI: -88 [da:28:88:cb:0b:6c]
RSSI: -87 [da:28:88:db:0b:9c]
RSSI: -88 [da:28:88:db:0b:9c]
RSSI: -89 [da:28:89:06:0c:1c]
RSSI: -89 [da:28:89:06:0c:1c]
RSSI: -91 [da:28:89:16:0c:4c]
RSSI: -91 [da:28:89:41:0c:dc]
RSSI: -95 [da:28:89:89:0d:bc]
RSSI: -91 [da:28:89:b4:0e:3c]
RSSI: -93 [da:28:89:c4:0e:6c]
RSSI: -91 [da:28:89:c4:0e:6c]
RSSI: -96 [da:28:89:e5:0e:dc]
RSSI: -95 [da:28:8a:11:0f:5c]
RSSI: -94 [da:28:8a:fb:12:2c]
RSSI: -93 [da:28:8b:43:13:0c]
RSSI: -95 [da:28:8b:5f:13:6c]
RSSI: -96 [da:28:8b:6e:13:9c]
RSSI: -94 [da:28:8b:7e:13:cc]
RSSI: -89 [da:28:8b:9a:14:1c]
RSSI: -88 [da:28:8b:aa:14:4c]
RSSI: -87 [da:28:8b:aa:14:4c]
RSSI: -89 [da:28:8b:d5:14:dc]
RSSI: -89 [da:28:8b:f2:15:2c]
RSSI: -87 [da:28:8c:01:15:5c]
RSSI: -86 [da:28:8c:01:15:5c]
RSSI: -84 [da:28:8c:01:15:5c]
RSSI: -87 [da:28:8c:0e:15:7c]
RSSI: -82 [da:28:8c:0e:15:7c]
RSSI: -81 [da:28:8c:1d:15:ac]
RSSI: -77 [da:28:8c:2d:15:dc]
RSSI: -77 [da:28:8c:2d:15:dc]
RSSI: -77 [da:28:8c:39:16:0c]
RSSI: -75 [da:28:8c:39:16:0c]
RSSI: -76 [da:28:8c:49:16:3c]
RSSI: -74 [da:28:8c:59:16:6c]
RSSI: -76 [da:28:8c:59:16:6c]
RSSI: -76 [da:28:8c:59:16:6c]
RSSI: -73 [da:28:8c:65:00:0c]
RSSI: -75 [da:28:8c:75:00:3c]
RSSI: -73 [da:28:8c:75:00:3c]
RSSI: -75 [da:28:8c:84:00:6c]
RSSI: -76 [da:28:8c:84:00:6c]
RSSI: -75 [da:28:8c:91:00:8c]
RSSI: -74 [da:28:8c:a1:00:bc]
RSSI: -75 [da:28:8c:a1:00:bc]
RSSI: -76 [da:28:8c:b0:00:ec]
RSSI: -76 [da:28:8c:b0:00:ec]
RSSI: -74 [da:28:8c:b0:00:ec]
RSSI: -77 [da:28:8c:bd:01:0c]
RSSI: -78 [da:28:8c:cc:01:3c]
RSSI: -78 [da:28:8c:cc:01:3c]
RSSI: -78 [da:28:8c:dc:01:6c]
RSSI: -81 [da:28:8c:e9:01:9c]
RSSI: -81 [da:28:8c:e9:01:9c]
RSSI: -85 [da:28:8c:f8:01:cc]
RSSI: -87 [da:28:8c:f8:01:cc]
RSSI: -91 [da:28:8d:14:02:1c]
RSSI: -90 [da:28:8d:24:02:4c]
RSSI: -85 [da:28:8d:40:02:ac]
RSSI: -87 [da:28:8d:40:02:ac]
RSSI: -87 [da:28:8d:50:02:dc]
RSSI: -88 [da:28:8d:60:03:0c]
RSSI: -91 [da:28:8d:6c:03:2c]
RSSI: -95 [da:28:8d:f0:04:cc]
RSSI: -93 [da:28:8e:00:04:fc]
