RSSI: -95 [da:28:9c:80:05:1c]
RSSI: -96 [da:28:9c:e6:06:5c]
RSSI: -95 [da:28:9d:33:07:4c]
RSSI: -95 [da:28:9d:33:07:4c]
RSSI: -100 [da:28:9d:80:08:3c]
RSSI: -93 [da:28:9d:b3:08:dc]
RSSI: -92 [da:28:9d:c0:08:fc]
RSSI: -90 [da:28:9d:cd:09:2c]
RSSI: -95 [da:28:9e:34:0a:6c]
RSSI: -92 [da:28:9e:5a:0a:ec]
RSSI: -93 [da:28:9e:67:0b:0c]
RSSI: -96 [da:6f:d3:fa:00:2a]
RSSI: -91 [da:28:9e:74:0b:3c]
RSSI: -89 [da:28:9e:8e:0b:8c]
RSSI: -89 [da:28:9e:9b:0b:ac]
RSSI: -92 [da:28:9e:a8:0b:dc]
RSSI: -94 [da:6f:d4:2d:00:ba]
RSSI: -90 [da:28:9e:b4:0b:fc]
RSSI: -90 [da:28:9e:c1:0c:2c]
RSSI: -96 [da:28:9e:ce:0c:4c]
RSSI: -91 [da:28:9e:db:0c:7c]
RSSI: -93 [da:28:9e:e8:0c:ac]
RSSI: -96 [da:28:9e:f5:0c:cc]
RSSI: -95 [da:28:9e:f5:0c:cc]
RSSI: -96 [da:28:9f:1c:0d:4c]
RSSI: -94 [da:28:9f:1c:0d:4c]
RSSI: -96 [da:28:9f:4f:0d:ec]
RSSI: -95 [da:28:9f:4f:0d:ec]
RSSI: -92 [da:28:9f:76:0e:6c]
RSSI: -92 [da:28:9f:76:0e:6c]
RSSI: -96 [da:28:9f:76:0e:6c]
RSSI: -94 [da:28:9f:90:0e:bc]
RSSI: -93 [da:28:9f:9c:0e:dc]
RSSI: -96 [da:28:9f:b6:0f:2c]
RSSI: -96 [da:28:9f:c3:0f:5c]
RSSI: -97 [da:28:9f:d0:0f:7c]
RSSI: -96 [da:28:9f:d0:0f:7c]
RSSI: -95 [da:28:9f:d0:0f:7c]
RSSI: -95 [da:28:a0:b9:12:4c]
RSSI: -97 [da:28:a0:d3:12:9c]
RSSI: -95 [da:28:a0:e0:12:bc]
RSSI: -96 [da:28:a0:e0:12:bc]
RSSI: -93 [da:28:a0:ed:12:ec]
RSSI: -94 [da:28:a1:07:13:3c]
RSSI: -96 [da:28:a1:14:13:6c]
RSSI: -93 [da:28:a1:3b:13:dc]
RSSI: -93 [da:28:a1:54:14:2c]
RSSI: -92 [da:28:a1:62:14:5c]
RSSI: -89 [da:28:a1:6e:14:7c]
RSSI: -88 [da:28:a1:6e:14:7c]
RSSI: -92 [da:28:a1:6e:14:7c]
RSSI: -95 [da:28:a1:7b:14:ac]
RSSI: -96 [da:28:a1:88:14:cc]
RSSI: -91 [da:28:a1:95:14:fc]
RSSI: -96 [da:28:a1:a2:15:1c]
RSSI: -92 [da:28:a1:af:15:4c]
RSSI: -90 [da:28:a1:af:15:4c]
RSSI: -91 [da:28:a1:bc:15:6c]
RSSI: -86 [da:28:a1:bc:15:6c]
RSSI: -86 [da:28:a1:c9:15:9c]
RSSI: -85 [da:28:a1:c9:15:9c]
RSSI: -82 [da:28:a1:d6:15:bc]
RSSI: -83 [da:28:a1:d6:15:bc]
RSSI: -81 [da:28:a1:e3:15:ec]
RSSI: -80 [da:28:a1:e3:15:ec]
RSSI: -81 [da:28:a1:f0:16:0c]
RSSI: -79 [da:28:a1:f0:16:0c]
RSSI: -79 [da:28:a1:fd:16:3c]
RSSI: -78 [da:28:a1:fd:16:3c]
RSSI: -80 [da:28:a1:fd:16:3c]
RSSI: -80 [da:28:a1:fd:16:3c]
RSSI: -77 [da:28:a2:0a:16:5c]
RSSI: -78 [da:28:a2:0a:16:5c]
RSSI: -78 [da:28:a2:17:00:0c]
RSSI: -76 [da:28:a2:17:00:0c]
RSSI: -77 [da:28:a2:24:00:2c]
RSSI: -78 [da:28:a2:24:00:2c]
RSSI: -77 [da:28:a2:31:00:4c]
RSSI: -77 [da:28:a2:31:00:4c]
RSSI: -77 [da:28:a2:3e:00:7c]
RSSI: -76 [da:28:a2:3e:00:7c]
RSSI: -77 [da:28:a2:4b:00:ac]
RSSI: -78 [da:28:a2:4b:00:ac]
RSSI: -78 [da:28:a2:58:00:cc]
RSSI: -76 [da:28:a2:65:00:fc]
RSSI: -77 [da:28:a2:65:00:fc]
RSSI: -78 [da:28:a2:72:01:1c]
RSSI: -79 [da:28:a2:72:01:1c]
RSSI: -79 [da:28:a2:7f:01:4c]
RSSI: -80 [da:28:a2:8c:01:6c]
RSSI: -81 [da:28:a2:99:01:9c]
RSSI: -83 [da:28:a2:99:01:9c]
RSSI: -84 [da:28:a2:a6:01:bc]
RSSI: -89 [da:28:a2:b3:01:ec]
RSSI: -93 [da:28:a2:e8:02:8c]
RSSI: -91 [da:28:a2:f4:02:bc]
RSSI: -90 [da:28:a2:f4:02:bc]
RSSI: -86 [da:28:a3:02:02:dc]
RSSI: -89 [da:28:a3:02:02:dc]
RSSI: -91 [da:28:a3:1b:03:2c]
RSSI: -93 [da:28:a3:29:03:5c]
RSSI: -95 [da:28:a3:5d:03:fc]
RSSI: -96 [da:28:a4:a3:07:ec]
RSSI: -96 [da:28:a4:b1:08:1c]
RSSI: -95 [da:28:a4:d8:08:9c]
RSSI: -92 [da:28:a4:f2:08:ec]
RSSI: -91 [da:28:a4:f2:08:ec]
RSSI: -93 [da:28:a4:ff:09:0c]
RSSI: -95 [da:28:a5:b2:0b:4c]
RSSI: -95 [da:28:a5:be:0b:6c]
RSSI: -96 [da:28:a5:d9:0b:bc]
RSSI: -93 [da:28:a5:e6:0b:ec]
RSSI: -95 [da:28:a6:0d:0c:6c]
RSSI: -94 [da:28:a6:1b:0c:8c]
RSSI: -97 [da:28:a6:28:0c:bc]
RSSI: -94 [da:28:a6:4f:0d:3c]
RSSI: -95 [da:28:a6:91:0e:0c]
RSSI: -94 [da:28:a6:b9:0e:7c]
RSSI: -93 [da:28:a6:b9:0e:7c]
RSSI: -93 [da:28:a6:d3:0e:cc]
RSSI: -96 [da:28:a7:08:0f:6c]
RSSI: -98 [da:28:a7:e7:12:2c]
RSSI: -95 [da:28:a7:f5:12:4c]
RSSI: -96 [da:28:a8:03:12:7c]
RSSI: -93 [da:28:a8:1d:12:cc]
RSSI: -95 [da:28:a8:2a:12:fc]
RSSI: -92 [da:28:a8:37:13:1c]
RSSI: -94 [da:28:a8:37:13:1c]
RSSI: -92 [da:28:a8:44:13:4c]
RSSI: -95 [da:28:a8:52:13:7c]
RSSI: -94 [da:28:a8:5e:13:9c]
RSSI: -93 [da:28:a8:6c:13:cc]
RSSI: -89 [da:28:a8:94:14:3c]
RSSI: -89 [da:28:a8:94:14:3c]
RSSI: -91 [da:28:a8:a1:14:6c]
RSSI: -90 [da:28:a8:ae:14:8c]
RSSI: -94 [da:28:a8:bb:14:bc]
RSSI: -90 [da:28:a8:c9:14:dc]
RSSI: -96 [da:28:a8:d5:15:0c]
RSSI: -90 [da:28:a8:e3:15:2c]
RSSI: -86 [da:28:a8:f1:15:5c]
RSSI: -86 [da:28:a8:fd:15:7c]
RSSI: -91 [da:28:a8:fd:15:7c]
RSSI: -83 [da:28:a9:0b:15:ac]
RSSI: -82 [da:28:a9:0b:15:ac]
RSSI: -80 [da:28:a9:18:15:cc]
RSSI: -83 [da:28:a9:25:15:fc]
RSSI: -77 [da:28:a9:33:16:1c]
RSSI: -77 [da:28:a9:33:16:1c]
RSSI: -77 [da:28:a9:40:16:4c]
RSSI: -79 [da:28:a9:4d:16:6c]
RSSI: -75 [da:28:a9:5a:00:0c]
RSSI: -76 [da:28:a9:68:00:2c]
RSSI: -75 [da:28:a9:68:00:2c]
RSSI: -78 [da:28:a9:74:00:5c]
RSSI: -75 [da:28:a9:74:00:5c]
RSSI: -75 [da:28:a9:82:00:7c]
RSSI: -78 [da:28:a9:82:00:7c]
RSSI: -75 [da:28:a9:90:00:ac]
RSSI: -75 [da:28:a9:90:00:ac]
RSSI: -79 [da:28:a9:9c:00:cc]
RSSI: -76 [da:28:a9:9c:00:cc]
RSSI: -76 [da:28:a9:aa:00:fc]
RSSI: -80 [da:28:a9:aa:00:fc]
RSSI: -77 [da:28:a9:b7:01:1c]
RSSI: -76 [da:28:a9:b7:01:1c]
RSSI: -79 [da:28:a9:c4:01:4c]
RSSI: -84 [da:28:a9:d2:01:6c]
RSSI: -81 [da:28:a9:df:01:9c]
RSSI: -82 [da:28:a9:df:01:9c]
RSSI: -85 [da:28:a9:ec:01:bc]
RSSI: -91 [da:28:aa:14:02:3c]
RSSI: -90 [da:28:aa:21:02:6c]
RSSI: -87 [da:28:aa:2f:02:8c]
RSSI: -88 [da:28:aa:3b:02:bc]
RSSI: -87 [da:28:aa:3b:02:bc]
RSSI: -90 [da:28:aa:49:02:dc]
RSSI: -94 [da:28:aa:57:03:0c]
RSSI: -92 [da:28:aa:63:03:2c]
RSSI: -95 [da:28:aa:63:03:2c]
RSSI: -99 [da:28:aa:7f:03:8c]
RSSI: -99 [da:28:aa:e9:04:cc]
RSSI: -96 [da:28:aa:f6:04:fc]
RSSI: -95 [da:28:ab:96:06:ec]
RSSI: -91 [da:28:ab:e6:07:ec]
RSSI: -94 [da:28:ab:e6:07:ec]
RSSI: -92 [da:28:ab:f3:08:0c]
RSSI: -96 [da:28:ac:1b:08:8c]
RSSI: -94 [da:28:ac:1b:08:8c]
RSSI: -89 [da:28:ac:36:08:ec]
RSSI: -91 [da:28:ac:43:09:0c]
RSSI: -89 [da:28:ac:43:09:0c]
RSSI: -93 [da:28:ac:51:09:3c]
RSSI: -92 [da:28:ac:5e:09:5c]
RSSI: -95 [da:28:ac:c9:0a:ac]
RSSI: -95 [da:28:ac:f1:0b:2c]
RSSI: -88 [da:28:ad:19:0b:ac]
RSSI: -89 [da:28:ad:42:0c:2c]
RSSI: -89 [da:28:ad:42:0c:2c]
RSSI: -90 [da:28:ad:4f:0c:5c]
RSSI: -91 [da:28:ad:6a:0c:ac]
RSSI: -92 [da:28:ad:77:0c:dc]
RSSI: -97 [da:28:ad:c8:0d:cc]
RSSI: -91 [da:28:ad:d4:0d:fc]
RSSI: -92 [da:28:ad:e2:0e:2c]
RSSI: -93 [da:28:ad:fd:0e:7c]
RSSI: -89 [da:28:ad:fd:0e:7c]
RSSI: -92 [da:28:ae:18:0e:cc]
RSSI: -92 [da:28:ae:18:0e:cc]
RSSI: -96 [da:28:ae:25:0e:fc]
RSSI: -92 [da:28:ae:4d:0f:7c]
RSSI: -90 [da:28:ae:5b:0f:9c]
RSSI: -93 [da:28:ae:69:0f:cc]
RSSI: -97 [da:28:ae:69:0f:cc]
RSSI: -94 [da:28:ae:ac:10:9c]
RSSI: -94 [da:28:ae:ac:10:9c]
RSSI: -97 [da:28:ae:b9:10:cc]
RSSI: -94 [da:28:af:33:12:3c]
RSSI: -94 [da:28:af:3f:12:5c]
RSSI: -95 [da:28:af:4d:12:8c]
RSSI: -92 [da:28:af:5b:12:ac]
RSSI: -92 [da:28:af:68:12:dc]
RSSI: -90 [da:28:af:68:12:dc]
RSSI: -89 [da:28:af:75:13:0c]
RSSI: -88 [da:28:af:83:13:2c]
RSSI: -90 [da:28:af:90:13:5c]
RSSI: -91 [da:28:af:90:13:5c]
RSSI: -97 [da:28:af:ac:13:ac]
RSSI: -90 [da:28:af:b8:13:cc]
RSSI: -89 [da:28:af:b8:13:cc]
RSSI: -88 [da:28:af:c6:13:fc]
RSSI: -88 [da:28:af:c6:13:fc]
RSSI: -87 [da:28:af:c6:13:fc]
RSSI: -90 [da:28:af:d4:14:2c]
RSSI: -86 [da:28:af:e1:14:4c]
RSSI: -89 [da:28:af:ef:14:7c]
RSSI: -87 [da:28:af:ef:14:7c]
RSSI: -88 [da:28:af:fd:14:9c]
RSSI: -93 [da:28:af:fd:14:9c]
RSSI: -91 [da:28:b0:09:14:cc]
RSSI: -90 [da:28:b0:09:14:cc]
RSSI: -94 [da:28:b0:17:14:fc]
RSSI: -82 [da:28:b0:40:15:6c]
RSSI: -81 [da:28:b0:4e:15:9c]
RSSI: -83 [da:28:b0:5a:15:cc]
RSSI: -83 [da:28:b0:5a:15:cc]
RSSI: -78 [da:28:b0:5a:15:cc]
RSSI: -77 [da:28:b0:68:15:ec]
RSSI: -81 [da:28:b0:68:15:ec]
RSSI: -77 [da:28:b0:76:16:1c]
RSSI: -75 [da:28:b0:76:16:1c]
RSSI: -79 [da:28:b0:83:16:3c]
RSSI: -76 [da:28:b0:83:16:3c]
RSSI: -74 [da:28:b0:91:16:6c]
RSSI: -78 [da:28:b0:91:16:6c]
RSSI: -75 [da:28:b0:9f:00:0c]
RSSI: -73 [da:28:b0:9f:00:0c]
RSSI: -75 [da:28:b0:ab:00:2c]
RSSI: -77 [da:28:b0:b9:00:5c]
RSSI: -72 [da:28:b0:c7:00:7c]
RSSI: -75 [da:28:b0:d4:00:ac]
RSSI: -73 [da:28:b0:d4:00:ac]
RSSI: -78 [da:28:b0:e2:00:cc]
RSSI: -76 [da:28:b0:e2:00:cc]
RSSI: -74 [da:28:b0:f0:00:fc]
RSSI: -74 [da:28:b0:f0:00:fc]
RSSI: -79 [da:28:b0:f0:00:fc]
RSSI: -77 [da:28:b0:fc:01:1c]
RSSI: -75 [da:28:b0:fc:01:1c]
RSSI: -76 [da:28:b0:fc:01:1c]
RSSI: -78 [da:28:b1:0a:01:4c]
RSSI: -78 [da:28:b1:18:01:7c]
RSSI: -85 [da:28:b1:18:01:7c]
RSSI: -81 [daRSSI: -92 [da:28:c9:fb:0b:5c]
RSSI: -94 [da:28:ca:26:0b:ec]
RSSI: -91 [da:28:ca:5d:0c:9c]
RSSI: -93 [da:28:ca:6d:0c:cc]
RSSI: -96 [da:28:ca:b4:0d:ac]
RSSI: -92 [da:28:ca:df:0e:2c]
RSSI: -93 [da:28:ca:ee:0e:5c]
RSSI: -96 [da:28:cb:19:0e:ec]
RSSI: -93 [da:28:cb:28:0f:1c]
RSSI: -97 [da:28:cc:2c:12:3c]
RSSI: -94 [da:28:cd:30:15:5c]
RSSI: -96 [da:28:cd:30:15:5c]
RSSI: -88 [da:28:cd:68:15:fc]
RSSI: -87 [da:28:cd:68:15:fc]
RSSI: -81 [da:28:cd:86:16:5c]
RSSI: -91 [da:28:cd:a2:00:5c]
RSSI: -88 [da:28:cd:a2:00:5c]
RSSI: -81 [da:28:cd:be:00:ac]
RSSI: -87 [da:28:cd:ce:00:dc]
RSSI: -83 [da:28:cd:ce:00:dc]
RSSI: -86 [da:28:cd:dd:01:0c]
RSSI: -88 [da:28:ce:09:01:9c]
RSSI: -93 [da:28:ce:15:01:bc]
RSSI: -98 [da:28:cf:b2:06:bc]
RSSI: -99 [da:28:d0:45:08:8c]
RSSI: -93 [da:28:d0:51:08:ac]
RSSI: -91 [da:28:d0:70:09:0c]
RSSI: -95 [da:28:d0:7d:09:3c]
RSSI: -95 [da:28:d0:a9:09:cc]
RSSI: -97 [da:28:d0:e4:0a:7c]
RSSI: -95 [da:28:d1:00:0a:dc]
RSSI: -94 [da:28:d1:58:0b:ec]
RSSI: -93 [da:28:d1:67:0c:1c]
RSSI: -93 [da:28:d1:93:0c:ac]
RSSI: -95 [da:28:d2:07:0e:0c]
RSSI: -94 [da:28:d2:17:0e:3c]
RSSI: -90 [da:28:d2:33:0e:9c]
RSSI: -93 [da:28:d2:52:0e:fc]
RSSI: -92 [da:28:d2:7e:0f:7c]
RSSI: -91 [da:28:d2:8a:0f:ac]
RSSI: -94 [da:28:d2:9a:0f:dc]
RSSI: -92 [da:28:d2:d6:10:9c]
RSSI: -98 [da:28:d3:1e:11:7c]
RSSI: -96 [da:28:d3:66:12:5c]
RSSI: -94 [da:28:d3:a2:13:0c]
RSSI: -94 [da:28:d3:b1:13:3c]
RSSI: -91 [da:28:d3:ea:13:ec]
RSSI: -89 [da:28:d3:fa:14:1c]
RSSI: -90 [da:28:d4:16:14:7c]
RSSI: -91 [da:28:d4:26:14:ac]
RSSI: -89 [da:28:d4:62:15:5c]
RSSI: -88 [da:28:d4:62:15:5c]
RSSI: -85 [da:28:d4:6e:15:8c]
RSSI: -85 [da:28:d4:6e:15:8c]
RSSI: -85 [da:28:d4:6e:15:8c]
RSSI: -82 [da:28:d4:7e:15:bc]
RSSI: -80 [da:28:d4:8e:15:ec]
RSSI: -80 [da:28:d4:9a:16:0c]
RSSI: -79 [da:28:d4:9a:16:0c]
RSSI: -78 [da:28:d4:9a:16:0c]
RSSI: -79 [da:28:d4:aa:16:3c]
RSSI: -76 [da:28:d4:ba:16:6c]
RSSI: -76 [da:28:d4:c6:00:0c]
RSSI: -76 [da:28:d4:c6:00:0c]
RSSI: -78 [da:28:d4:d6:00:2c]
RSSI: -75 [da:28:d4:d6:00:2c]
RSSI: -77 [da:28:d4:e6:00:5c]
RSSI: -76 [da:28:d4:f2:00:8c]
RSSI: -78 [da:28:d4:f2:00:8c]
RSSI: -75 [da:28:d5:02:00:bc]
RSSI: -76 [da:28:d5:02:00:bc]
RSSI: -79 [da:28:d5:12:00:ec]
RSSI: -75 [da:28:d5:12:00:ec]
RSSI: -80 [da:28:d5:1f:01:0c]
RSSI: -77 [da:28:d5:1f:01:0c]
RSSI: -79 [da:28:d5:2e:01:3c]
RSSI: -81 [da:28:d5:2e:01:3c]
RSSI: -81 [da:28:d5:2e:01:3c]
RSSI: -79 [da:28:d5:3e:01:6c]
RSSI: -81 [da:28:d5:3e:01:6c]
RSSI: -81 [da:28:d5:4b:01:9c]
RSSI: -87 [da:28:d5:5a:01:cc]
RSSI: -89 [da:28:d5:5a:01:cc]
RSSI: -89 [da:28:d5:87:02:5c]
RSSI: -87 [da:28:d5:96:02:8c]
RSSI: -87 [da:28:d5:b3:02:dc]
RSSI: -88 [da:28:d5:c3:03:0c]
RSSI: -88 [da:28:d5:c3:03:0c]
RSSI: -97 [da:28:d5:ef:03:9c]
RSSI: -96 [da:28:d6:54:04:cc]
RSSI: -94 [da:28:d6:bc:06:1c]
RSSI: -95 [da:28:d6:f8:06:cc]
RSSI: -95 [da:28:d7:15:07:2c]
RSSI: -94 [da:28:d7:7d:08:6c]
RSSI: -96 [da:28:d7:c6:09:5c]
RSSI: -96 [da:28:d7:f3:09:dc]
RSSI: -92 [da:28:d8:5b:0b:2c]
RSSI: -91 [da:28:d8:94:0b:dc]
RSSI: -91 [da:28:d8:a4:0c:0c]
RSSI: -94 [da:28:d8:c1:0c:6c]
RSSI: -96 [da:28:d8:d1:0c:9c]
RSSI: -94 [da:28:d8:fd:0d:2c]
RSSI: -93 [da:28:d9:46:0e:0c]
RSSI: -91 [da:28:d9:56:0e:3c]
RSSI: -95 [da:28:d9:9f:0f:2c]
RSSI: -93 [da:28:d9:bf:0f:8c]
RSSI: -94 [da:28:da:18:10:9c]
RSSI: -97 [da:28:da:62:11:7c]
RSSI: -95 [da:28:da:9e:12:3c]
RSSI: -95 [da:28:da:ab:12:5c]
RSSI: -97 [da:28:db:24:13:cc]
RSSI: -93 [da:28:db:51:14:5c]
RSSI: -90 [da:28:db:51:14:5c]
RSSI: -91 [da:28:db:7d:14:ec]
RSSI: -92 [da:28:db:9a:15:3c]
RSSI: -86 [da:28:db:aa:15:6c]
RSSI: -86 [da:28:db:b7:15:9c]
RSSI: -82 [da:28:db:c7:15:cc]
RSSI: -83 [da:28:db:c7:15:cc]
RSSI: -79 [da:28:db:d7:15:fc]
RSSI: -80 [da:28:db:d7:15:fc]
RSSI: -78 [da:28:db:e4:16:1c]
RSSI: -76 [da:28:db:f4:16:4c]
RSSI: -76 [da:28:db:f4:16:4c]
RSSI: -77 [da:28:dc:04:16:7c]
RSSI: -79 [da:28:dc:04:16:7c]
RSSI: -77 [da:28:dc:10:00:2c]
RSSI: -75 [da:28:dc:20:00:5c]
RSSI: -77 [da:28:dc:20:00:5c]
RSSI: -79 [da:28:dc:30:00:8c]
RSSI: -80 [da:28:dc:30:00:8c]
RSSI: -75 [da:28:dc:30:00:8c]
RSSI: -79 [da:28:dc:3d:00:bc]
RSSI: -77 [da:28:dc:4d:00:ec]
RSSI: -80 [da:28:dc:4d:00:ec]
RSSI: -77 [da:28:dc:5d:01:1c]
RSSI: -78 [da:28:dc:5d:01:1c]
RSSI: -78 [da:28:dc:6a:01:3c]
RSSI: -81 [da:28:dc:7a:01:7c]
RSSI: -80 [da:28:dc:7a:01:7c]
RSSI: -80 [da:28:dc:7a:01:7c]
RSSI: -83 [da:28:dc:8a:01:ac]
RSSI: -87 [da:28:dc:97:01:cc]
RSSI: -89 [da:28:dc:a7:01:fc]
RSSI: -88 [da:28:dc:d4:02:8c]
RSSI: -87 [da:28:dc:e4:02:bc]
RSSI: -87 [da:28:dc:e4:02:bc]
RSSI: -87 [da:28:dc:f0:02:dc]
RSSI: -89 [da:28:dd:00:03:1c]
RSSI: -90 [da:28:dd:00:03:1c]
RSSI: -95 [da:28:dd:2d:03:9c]
RSSI: -94 [da:28:de:06:06:3c]
RSSI: -96 [da:28:de:2c:06:bc]
RSSI: -97 [da:28:de:78:07:9c]
RSSI: -95 [da:28:de:c5:08:8c]
RSSI: -95 [da:28:de:f7:09:2c]
RSSI: -98 [da:28:df:50:0a:4c]
RSSI: -96 [da:28:df:83:0a:ec]
RSSI: -93 [da:28:df:c3:0b:ac]
RSSI: -91 [da:28:df:d0:0b:dc]
RSSI: -92 [da:28:df:dc:0b:fc]
RSSI: -92 [da:28:df:f6:0c:5c]
RSSI: -92 [da:28:df:f6:0c:5c]
RSSI: -91 [da:28:e0:35:0d:1c]
RSSI: -94 [da:28:e0:5c:0d:8c]
RSSI: -96 [da:28:e0:82:0e:0c]
RSSI: -92 [da:28:e0:8f:0e:2c]
RSSI: -90 [da:28:e0:9c:0e:5c]
RSSI: -91 [da:28:e0:b5:0e:ac]
RSSI: -94 [da:28:e0:c2:0e:cc]
RSSI: -95 [da:28:e0:f5:0f:6c]
RSSI: -93 [da:28:e1:02:0f:9c]
RSSI: -94 [da:28:e1:1b:0f:ec]
RSSI: -95 [da:28:e1:1b:0f:ec]
RSSI: -95 [da:28:e1:4e:10:7c]
RSSI: -95 [da:28:e1:5b:10:ac]
RSSI: -97 [da:28:e1:ce:12:0c]
RSSI: -96 [da:28:e1:e8:12:5c]
RSSI: -93 [da:28:e2:82:14:3c]
RSSI: -95 [da:28:e2:b5:14:dc]
RSSI: -90 [da:28:e2:dc:15:4c]
RSSI: -90 [da:28:e2:e9:15:6c]
RSSI: -89 [da:28:e2:e9:15:6c]
RSSI: -85 [da:28:e2:f6:15:9c]
RSSI: -84 [da:28:e2:f6:15:9c]
RSSI: -80 [da:28:e3:03:15:bc]
RSSI: -80 [da:28:e3:0f:15:dc]
RSSI: -83 [da:28:e3:0f:15:dc]
RSSI: -79 [da:28:e3:1c:16:0c]
RSSI: -79 [da:28:e3:1c:16:0c]
RSSI: -79 [da:28:e3:1c:16:0c]
RSSI: -82 [da:28:e3:29:16:2c]
RSSI: -77 [da:28:e3:29:16:2c]
RSSI: -77 [da:28:e3:36:16:5c]
RSSI: -81 [da:28:e3:36:16:5c]
RSSI: -77 [da:28:e3:43:16:7c]
RSSI: -76 [da:28:e3:43:16:7c]
RSSI: -81 [da:28:e3:50:00:0c]
RSSI: -75 [da:28:e3:50:00:0c]
RSSI: -76 [da:28:e3:5c:00:2c]
RSSI: -80 [da:28:e3:5c:00:2c]
RSSI: -75 [da:28:e3:69:00:4c]
RSSI: -76 [da:28:e3:69:00:4c]
RSSI: -80 [da:28:e3:76:00:7c]
RSSI: -75 [da:28:e3:76:00:7c]
RSSI: -76 [da:28:e3:83:00:9c]
RSSI: -81 [da:28:e3:83:00:9c]
RSSI: -76 [da:28:e3:90:00:cc]
RSSI: -77 [da:28:e3:90:00:cc]
RSSI: -81 [da:28:e3:9d:00:ec]
RSSI: -77 [da:28:e3:9d:00:ec]
RSSI: -78 [da:28:e3:aa:01:1c]
RSSI: -83 [da:28:e3:aa:01:1c]
RSSI: -78 [da:28:e3:b7:01:3c]
RSSI: -80 [da:28:e3:b7:01:3c]
RSSI: -83 [da:28:e3:c4:01:6c]
RSSI: -84 [da:28:e3:c4:01:6c]
RSSI: -81 [da:28:e3:c4:01:6c]
RSSI: -83 [da:28:e3:d0:01:8c]
RSSI: -88 [da:28:e3:d0:01:8c]
RSSI: -85 [da:28:e3:dd:01:bc]
RSSI: -89 [da:28:e3:dd:01:bc]
RSSI: -93 [da:28:e3:ea:01:dc]
RSSI: -89 [da:28:e4:11:02:4c]
RSSI: -87 [da:28:e4:1d:02:7c]
RSSI: -87 [da:28:e4:2b:02:9c]
RSSI: -87 [da:28:e4:38:02:cc]
RSSI: -92 [da:28:e4:51:03:1c]
RSSI: -96 [da:28:e4:85:03:bc]
RSSI: -97 [da:28:e4:f9:05:2c]
RSSI: -95 [da:28:e5:3a:05:ec]
RSSI: -93 [da:28:e5:87:06:dc]
RSSI: -96 [da:28:e5:94:07:0c]
RSSI: -96 [da:28:e5:d5:07:dc]
RSSI: -95 [da:28:e5:fc:08:4c]
RSSI: -94 [da:28:e6:09:08:7c]
RSSI: -93 [da:28:e6:30:08:ec]
RSSI: -94 [da:28:e6:71:09:bc]
RSSI: -96 [da:28:e6:cc:0a:dc]
RSSI: -91 [da:28:e6:f2:0b:4c]
RSSI: -91 [da:28:e6:ff:0b:7c]
RSSI: -93 [da:28:e7:19:0b:cc]
RSSI: -90 [da:28:e7:26:0b:ec]
RSSI: -97 [da:28:e7:4d:0c:6c]
RSSI: -93 [da:28:e7:8f:0d:3c]
RSSI: -93 [da:28:e7:8f:0d:3c]
RSSI: -97 [da:28:e7:b6:0d:bc]
RSSI: -93 [da:28:e7:cf:0e:0c]
RSSI: -91 [da:28:e7:e9:0e:5c]
RSSI: -93 [da:28:e7:f7:0e:7c]
RSSI: -95 [da:28:e8:37:0f:4c]
RSSI: -94 [da:28:e8:45:0f:7c]
RSSI: -94 [da:28:e8:5f:0f:cc]
RSSI: -96 [da:28:e8:ad:10:bc]
RSSI: -97 [da:28:e9:30:12:4c]
RSSI: -91 [da:28:e9:cd:14:2c]
RSSI: -92 [da:28:e9:da:14:4c]
RSSI: -89 [da:28:e9:f4:14:9c]
RSSI: -95 [da:28:ea:0e:14:ec]
RSSI: -88 [da:28:ea:29:15:3c]
RSSI: -89 [da:28:ea:35:15:6c]
RSSI: -84 [da:28:ea:35:15:6c]
RSSI: -83 [da:28:ea:43:15:8c]
RSSI: -86 [da:28:ea:43:15:8c]
RSSI: -81 [da:28:ea:50:15:bc]
RSSI: -79 [da:28:ea:50:15:bc]
RSSI: -84 [da:28:ea:5c:15:dc]
RSSI: -79 [da:28:ea:5c:15:dc]
RSSI: -79 [da:28:ea:5c:15:dc]
RSSI: -78 [da:28:ea:6a:16:0c]
RSSI: -82 [da:28:ea:6a:16:0c]
RSSI: -77 [da:28:ea:77:16:2c]
RSSI: -77 [da:28:ea:77:16:2c]
RSSI: -76 [da:28:ea:84:16:5c]
RSSI: -76 [da:28:ea:84:16:5c]
RSSI: -75 [da:28:ea:96:00:3c]
RSSI: -82 [da:28:ea:a7:00:6c]
RSSI: -76 [da:28:ea:b3:00:8c]
RSSI: -75 [da:28:ea:c1:00:bc]
RSSI: -81 [da:28:ea:ce:00:ec]
RSSI: -76 [da:28:ea:ce:00:ec]
RSSI: -77 [da:28:ea:db:01:0c]
RSSI: -76 [da:28:ea:db:01:0c]
RSSI: -84 [da:28:ea:db:01:0c]
RSSI: -77 [da:28:ea:e8:01:3c]
RSSI: -83 [da:28:ea:f5:01:5c]
RSSI: -78 [da:28:ea:f5:01:5c]
RSSI: -80 [da:28:eb:02:01:8c]
RSSI: -84 [da:28:eb:02:01:8c]
RSSI: -81 [da:28:eb:0f:01:ac]
RSSI: -83 [da:28:eb:0f:01:ac]
RSSI: -89 [da:28:eb:1d:01:dc]
RSSI: -86 [da:28:eb:1d:01:dc]
RSSI: -87 [da:28:eb:5e:02:9c]
RSSI: -93 [da:28:eb:6c:02:cc]
RSSI: -88 [da:28:eb:86:03:1c]
RSSI: -92 [da:28:eb:93:03:4c]
RSSI: -94 [da:28:eb:d5:04:0c]
RSSI: -97 [da:28:ec:16:04:cc]
RSSI: -95 [da:28:ec:80:06:1c]
RSSI: -94 [da:28:ec:d0:07:0c]
RSSI: -95 [da:28:ed:04:07:bc]
RSSI: -99 [da:28:ed:39:08:5c]
RSSI: -91 [da:28:ed:7b:09:2c]
RSSI: -97 [da:28:ed:88:09:5c]
RSSI: -96 [da:28:ed:88:09:5c]
RSSI: -93 [da:28:ed:b0:09:cc]
RSSI: -91 [da:28:ee:27:0b:4c]
RSSI: -91 [da:28:ee:35:0b:6c]
RSSI: -91 [da:28:ee:41:0b:9c]
RSSI: -91 [da:28:ee:5c:0b:ec]
RSSI: -91 [da:28:ee:5c:0b:ec]
RSSI: -91 [da:28:ee:69:0c:1c]
RSSI: -93 [da:28:ee:84:0c:6c]
RSSI: -96 [da:28:ee:91:0c:9c]
RSSI: -90 [da:28:ee:ac:0c:ec]
RSSI: -91 [da:28:ee:ac:0c:ec]
RSSI: -93 [da:28:ee:d4:0d:6c]
RSSI: -95 [da:28:ef:08:0e:0c]
RSSI: -91 [da:28:ef:30:0e:8c]
RSSI: -95 [da:28:ef:8d:0f:9c]
RSSI: -95 [da:28:ef:dd:10:9c]
RSSI: -98 [da:28:f0:63:12:3c]
RSSI: -93 [da:28:f1:0f:14:4c]
RSSI: -91 [da:28:f1:1d:14:7c]
RSSI: -89 [da:28:f1:38:14:cc]
RSSI: -89 [da:28:f1:38:14:cc]
RSSI: -95 [da:28:f1:45:14:ec]
RSSI: -90 [da:28:f1:6d:15:6c]
RSSI: -89 [da:28:f1:7b:15:9c]
RSSI: -85 [da:28:f1:7b:15:9c]
RSSI: -83 [da:28:f1:88:15:bc]
RSSI: -81 [da:28:f1:95:15:ec]
RSSI: -80 [da:28:f1:95:15:ec]
RSSI: -83 [da:28:f1:a3:16:0c]
RSSI: -78 [da:28:f1:a3:16:0c]
RSSI: -77 [da:28:f1:b0:16:2c]
RSSI: -82 [da:28:f1:b0:16:2c]
RSSI: -77 [da:28:f1:be:16:5c]
RSSI: -77 [da:28:f1:be:16:5c]
RSSI: -81 [da:28:f1:cb:00:0c]
RSSI: -76 [da:28:f1:cb:00:0c]
RSSI: -80 [da:28:f1:d8:00:2c]
RSSI: -75 [da:28:f1:f3:00:5c]
RSSI: -75 [da:28:f1:f3:00:5c]
RSSI: -80 [da:28:f2:00:00:7c]
RSSI: -75 [da:28:f2:00:00:7c]
RSSI: -76 [da:28:f2:0e:00:ac]
RSSI: -80 [da:28:f2:0e:00:ac]
RSSI: -76 [da:28:f2:1c:00:cc]
RSSI: -81 [da:28:f2:28:00:fc]
RSSI: -77 [da:28:f2:28:00:fc]
RSSI: -78 [da:28:f2:36:01:1c]
RSSI: -82 [da:28:f2:36:01:1c]
RSSI: -78 [da:28:f2:44:01:4c]
RSSI: -80 [da:28:f2:44:01:4c]
RSSI: -84 [da:28:f2:50:01:7c]
RSSI: -81 [da:28:f2:50:01:7c]
RSSI: -88 [da:28:f2:5e:01:9c]
RSSI: -86 [da:28:f2:6c:01:cc]
RSSI: -92 [da:28:f2:6c:01:cc]
RSSI: -88 [da:28:f2:a1:02:6c]
RSSI: -86 [da:28:f2:af:02:9c]
RSSI: -85 [da:28:f2:bc:02:cc]
RSSI: -88 [da:28:f2:c9:02:ec]
RSSI: -89 [da:28:f2:c9:02:ec]
RSSI: -95 [da:28:f2:f1:03:6c]
RSSI: -98 [da:28:f3:5d:04:ac]
RSSI: -98 [da:28:f3:5d:04:ac]
RSSI: -93 [da:28:f3:c8:05:fc]
RSSI: -94 [da:28:f3:ff:06:ac]
RSSI: -93 [da:28:f4:34:07:5c]
RSSI: -94 [da:28:f4:84:08:4c]
RSSI: -94 [da:28:f4:84:08:4c]
RSSI: -89 [da:28:f4:ad:08:cc]
RSSI: -96 [da:28:f4:d5:09:4c]
RSSI: -96 [da:28:f5:0b:09:fc]
RSSI: -95 [da:28:f5:42:0a:9c]
RSSI: -93 [da:28:f5:5c:0a:ec]
RSSI: -92 [da:28:f5:6a:0b:1c]
RSSI: -91 [da:28:f5:93:0b:9c]
RSSI: -91 [da:28:f5:9f:0b:bc]
RSSI: -91 [da:28:f5:ad:0b:ec]
RSSI: -94 [da:28:f5:c8:0c:3c]
RSSI: -90 [da:28:f5:f0:0c:bc]
RSSI: -93 [da:28:f6:19:0d:3c]
RSSI: -91 [da:28:f6:5e:0e:1c]
RSSI: -92 [da:28:f6:5e:0e:1c]
RSSI: -92 [da:28:f6:78:0e:6c]
RSSI: -92 [da:28:f6:86:0e:9c]
RSSI: -94 [da:28:f6:bb:0f:3c]
RSSI: -94 [da:28:f6:d7:0f:9c]
RSSI: -97 [da:28:f7:1b:10:6c]
RSSI: -95 [da:28:f7:35:10:bc]
RSSI: -98 [da:28:f7:af:12:2c]
RSSI: -94 [da:28:f8:4d:14:0c]
RSSI: -91 [da:28:f8:5a:14:3c]
RSSI: -89 [da:28:f8:5a:14:3c]
RSSI: -90 [da:28:f8:83:14:bc]
RSSI: -96 [da:28:f8:91:14:dc]
RSSI: -87 [da:28:f8:ba:15:5c]
RSSI: -84 [da:28:f8:c8:15:8c]
RSSI: -84 [da:28:f8:d4:15:ac]
RSSI: -81 [da:28:f8:d4:15:ac]
RSSI: -80 [da:28:f8:e3:15:dc]
RSSI: -82 [da:28:f8:e3:15:dc]
RSSI: -78 [da:28:f8:f1:15:fc]
RSSI: -78 [da:28:f8:f1:15:fc]
RSSI: -81 [da:28:f8:fd:16:2c]
RSSI: -77 [da:28:f8:fd:16:2c]
RSSI: -81 [da:28:f9:0b:16:5c]
RSSI: -76 [da:28:f9:1a:16:7c]
RSSI: -75 [da:28:f9:26:00:2c]
RSSI: -80 [da:28:f9:34:00:5c]
RSSI: -75 [da:28:f9:34:00:5c]
RSSI: -76 [da:28:f9:42:00:7c]
RSSI: -79 [da:28:f9:42:00:7c]
RSSI: -76 [da:28:f9:4f:00:ac]
RSSI: -76 [da:28:f9:4f:00:ac]
RSSI: -80 [da:28:f9:5d:00:dc]
RSSI: -76 [da:28:f9:5d:00:dc]
RSSI: -81 [da:28:f9:6b:00:fc]
RSSI: -78 [da:28:f9:78:01:2c]
RSSI: -79 [da:28:f9:86:01:5c]
RSSI: -84 [da:28:f9:94:01:7c]
RSSI: -84 [da:28:f9:94:01:7c]
RSSI: -81 [da:28:f9:94:01:7c]
RSSI: -84 [da:28:f9:a1:01:ac]
RSSI: -86 [da:28:f9:af:01:dc]
RSSI: -89 [da:28:f9:d8:02:4c]
RSSI: -88 [da:28:f9:e6:02:7c]
RSSI: -87 [da:28:f9:f3:02:ac]
RSSI: -86 [da:28:fa:01:02:cc]
RSSI: -94 [da:28:fa:1c:03:1c]
RSSI: -93 [da:28:fa:38:03:7c]
RSSI: -98 [da:28:fa:ce:05:4c]
RSSI: -97 [da:28:fa:f7:05:cc]
RSSI: -93 [da:28:fb:49:06:cc]
RSSI: -95 [da:28:fb:57:06:ec]
RSSI: -93 [da:28:fb:ee:08:cc]
RSSI: -92 [da:28:fb:ee:08:cc]
RSSI: -92 [da:28:fc:09:09:1c]
RSSI: -97 [da:28:fc:84:0a:9c]
RSSI: -93 [da:28:fc:bc:0b:4c]
RSSI: -92 [da:28:fc:bc:0b:4c]
RSSI: -92 [da:28:fc:d7:0b:ac]
RSSI: -93 [da:28:fd:00:0c:2c]
RSSI: -92 [da:28:fd:0e:0c:5c]
RSSI: -90 [da:28:fd:29:0c:ac]
RSSI: -90 [da:28:fd:38:0c:dc]
RSSI: -92 [da:28:fd:61:0d:5c]
RSSI: -93 [da:28:fd:99:0d:fc]
RSSI: -90 [da:28:fd:c2:0e:7c]
RSSI: -90 [da:28:fd:c2:0e:7c]
RSSI: -94 [da:28:fd:cf:0e:ac]
RSSI: -96 [da:28:fd:dd:0e:dc]
RSSI: -96 [da:28:fe:06:0f:5c]
RSSI: -95 [da:28:fe:15:0f:7c]
RSSI: -97 [da:28:fe:f1:12:2c]
RSSI: -98 [da:28:fe:f1:12:2c]
RSSI: -97 [da:28:ff:37:12:fc]
RSSI: -95 [da:28:ff:7c:13:dc]
RSSI: -94 [da:28:ff:8a:13:fc]
RSSI: -92 [da:28:ff:97:14:2c]
RSSI: -88 [da:28:ff:b3:14:7c]
RSSI: -96 [da:28:ff:cf:14:cc]
RSSI: -95 [da:28:ff:ea:15:1c]
RSSI: -88 [da:28:ff:f8:15:4c]
RSSI: -88 [da:29:00:07:15:7c]
RSSI: -83 [da:29:00:13:15:9c]
RSSI: -82 [da:29:00:13:15:9c]
RSSI: -86 [da:29:00:13:15:9c]
RSSI: -81 [da:29:00:22:15:cc]
RSSI: -79 [da:29:00:22:15:cc]
RSSI: -83 [da:29:00:30:15:fc]
RSSI: -79 [da:29:00:30:15:fc]
RSSI: -82 [da:29:00:3d:16:1c]
RSSI: -76 [da:29:00:4b:16:4c]
RSSI: -76 [da:29:00:5a:16:7c]
RSSI: -76 [da:29:00:5a:16:7c]
RSSI: -81 [da:29:00:66:00:2c]
RSSI: -75 [da:29:00:66:00:2c]
RSSI: -76 [da:29:00:75:00:5c]
RSSI: -80 [da:29:00:75:00:5c]
RSSI: -75 [da:29:00:83:00:8c]
RSSI: -76 [da:29:00:83:00:8c]
RSSI: -81 [da:29:00:90:00:ac]
RSSI: -75 [da:29:00:90:00:ac]
RSSI: -81 [da:29:00:9f:00:dc]
RSSI: -77 [da:29:00:ad:00:fc]
RSSI: -77 [da:29:00:ba:01:2c]
RSSI: -83 [da:29:00:c8:01:5c]
RSSI: -83 [da:29:00:c8:01:5c]
RSSI: -78 [da:29:00:c8:01:5c]
RSSI: -81 [da:29:00:d7:01:7c]
RSSI: -86 [da:29:00:d7:01:7c]
RSSI: -81 [da:29:00:e3:01:ac]
RSSI: -85 [da:29:00:e3:01:ac]
RSSI: -94 [da:29:01:1c:02:4c]
RSSI: -87 [da:29:01:2a:02:7c]
RSSI: -94 [da:29:01:60:03:2c]
RSSI: -96 [da:29:01:7d:03:7c]
RSSI: -97 [da:29:01:b4:04:2c]
RSSI: -95 [da:29:02:ae:07:3c]
RSSI: -97 [da:29:02:bd:07:6c]
RSSI: -93 [da:29:03:11:08:6c]
RSSI: -94 [da:29:03:1f:08:9c]
RSSI: -92 [da:29:03:2c:08:bc]
RSSI: -91 [da:29:03:49:09:1c]
RSSI: -93 [da:29:03:9d:0a:1c]
RSSI: -92 [da:29:03:e2:0a:fc]
RSSI: -93 [da:29:03:f1:0b:2c]
RSSI: -92 [da:29:04:1b:0b:ac]
RSSI: -94 [da:29:04:52:0c:5c]
RSSI: -91 [da:29:04:6f:0c:ac]
RSSI: -91 [da:29:04:7c:0c:dc]
RSSI: -96 [da:29:04:b5:0d:8c]
RSSI: -94 [da:29:04:df:0e:0c]
RSSI: -91 [da:29:04:fa:0e:6c]
RSSI: -91 [da:29:05:09:0e:9c]
RSSI: -91 [da:29:05:17:0e:bc]
RSSI: -97 [da:29:06:36:12:2c]
RSSI: -94 [da:29:06:d0:14:0c]
RSSI: -92 [da:29:06:df:14:3c]
RSSI: -90 [da:29:06:ee:14:5c]
RSSI: -93 [da:29:07:0a:14:bc]
RSSI: -96 [da:29:07:25:15:0c]
RSSI: -91 [da:29:07:34:15:3c]
RSSI: -87 [da:29:07:43:15:6c]
RSSI: -86 [da:29:07:4f:15:8c]
RSSI: -83 [da:29:07:4f:15:8c]
RSSI: -84 [da:29:07:5e:15:bc]
RSSI: -79 [da:29:07:6d:15:ec]
RSSI: -78 [da:29:07:7a:16:0c]
RSSI: -82 [da:29:07:88:16:3c]
RSSI: -77 [da:29:07:88:16:3c]
RSSI: -81 [da:29:07:97:16:6c]
RSSI: -76 [da:29:07:a4:00:0c]
RSSI: -75 [da:29:07:b3:00:2c]
RSSI: -80 [da:29:07:c2:00:5c]
RSSI: -75 [da:29:07:c2:00:5c]
RSSI: -76 [da:29:07:ce:00:8c]
RSSI: -80 [da:29:07:ce:00:8c]
RSSI: -76 [da:29:07:dd:00:ac]
RSSI: -76 [da:29:07:dd:00:ac]
RSSI: -81 [da:29:07:ec:00:dc]
RSSI: -76 [da:29:07:ec:00:dc]
RSSI: -76 [da:29:07:f9:01:0c]
RSSI: -79 [da:29:08:08:01:3c]
RSSI: -78 [da:29:08:16:01:5c]
RSSI: -81 [da:29:08:16:01:5c]
RSSI: -85 [da:29:08:23:01:8c]
RSSI: -82 [da:29:08:23:01:8c]
RSSI: -90 [da:29:08:32:01:bc]
RSSI: -94 [da:29:08:5c:02:3c]
RSSI: -94 [da:29:08:6b:02:6c]
RSSI: -85 [da:29:08:78:02:8c]
RSSI: -87 [da:29:08:87:02:bc]
RSSI: -86 [da:29:08:87:02:bc]
RSSI: -88 [da:29:08:96:02:ec]
RSSI: -90 [da:29:08:a2:03:0c]
RSSI: -95 [da:29:08:b1:03:3c]
RSSI: -97 [da:29:08:ea:03:ec]
RSSI: -96 [da:29:09:86:05:cc]
RSSI: -94 [da:29:09:f6:07:2c]
RSSI: -91 [da:29:0a:69:08:9c]
RSSI: -89 [da:29:0a:69:08:9c]
RSSI: -95 [da:29:0a:da:09:fc]
RSSI: -95 [da:29:0b:3f:0b:3c]
RSSI: -93 [da:29:0b:4b:0b:5c]
RSSI: -92 [da:29:0b:85:0c:0c]
RSSI: -92 [da:29:0b:a1:0c:6c]
RSSI: -90 [da:29:0b:b0:0c:9c]
RSSI: -94 [da:29:0b:e9:0d:4c]
RSSI: -95 [da:29:0c:14:0d:cc]
RSSI: -94 [da:29:0c:21:0d:fc]
RSSI: -93 [da:29:0c:5b:0e:ac]
RSSI: -93 [da:29:0c:5b:0e:ac]
RSSI: -95 [da:29:0c:6a:0e:dc]
RSSI: -94 [da:29:0c:95:0f:5c]
RSSI: -99 [da:29:0d:40:11:6c]
RSSI: -97 [da:29:0d:87:12:4c]
RSSI: -96 [da:29:0e:17:13:fc]
RSSI: -92 [da:29:0e:23:14:2c]
RSSI: -91 [da:29:0e:32:14:5c]
RSSI: -87 [da:29:0e:42:14:8c]
RSSI: -92 [da:29:0e:4e:14:ac]
RSSI: -96 [da:29:0e:5d:14:dc]
RSSI: -91 [da:29:0e:79:15:2c]
RSSI: -87 [da:29:0e:88:15:5c]
RSSI: -88 [da:29:0e:98:15:8c]
RSSI: -84 [da:29:0e:98:15:8c]
RSSI: -84 [da:29:0e:a4:15:bc]
RSSI: -79 [da:29:0e:b3:15:ec]
RSSI: -82 [da:29:0e:b3:15:ec]
RSSI: -79 [da:29:0e:c3:16:0c]
RSSI: -79 [da:29:0e:c3:16:0c]
RSSI: -81 [da:29:0e:cf:16:3c]
RSSI: -77 [da:29:0e:cf:16:3c]
RSSI: -80 [da:29:0e:de:16:6c]
RSSI: -80 [da:29:0e:de:16:6c]
RSSI: -76 [da:29:0e:ee:00:0c]
RSSI: -75 [da:29:0e:fa:00:2c]
RSSI: -76 [da:29:0e:fa:00:2c]
RSSI: -80 [da:29:0f:09:00:5c]
RSSI: -75 [da:29:0f:09:00:5c]
RSSI: -80 [da:29:0f:19:00:8c]
RSSI: -76 [da:29:0f:25:00:ac]
RSSI: -76 [da:29:0f:35:00:dc]
RSSI: -77 [da:29:0f:35:00:dc]
RSSI: -81 [da:29:0f:44:01:0c]
RSSI: -81 [da:29:0f:44:01:0c]
RSSI: -77 [da:29:0f:44:01:0c]
RSSI: -78 [da:29:0f:44:01:0c]
RSSI: -83 [da:29:0f:50:01:2c]
RSSI: -81 [da:29:0f:60:01:5c]
RSSI: -84 [da:29:0f:60:01:5c]
RSSI: -83 [da:29:0f:6f:01:8c]
RSSI: -89 [da:29:0f:7b:01:bc]
RSSI: -88 [da:29:0f:a7:02:3c]
RSSI: -87 [da:29:0f:b6:02:6c]
RSSI: -91 [da:29:0f:c5:02:9c]
RSSI: -87 [da:29:0f:d2:02:cc]
RSSI: -88 [da:29:0f:e1:02:fc]
RSSI: -95 [da:29:0f:f0:03:2c]
RSSI: -98 [da:29:10:1b:03:ac]
RSSI: -95 [da:29:10:28:03:cc]
RSSI: -95 [da:29:10:8e:05:0c]
RSSI: -98 [da:29:10:d5:05:ec]
RSSI: -93 [da:29:11:3b:07:2c]
RSSI: -96 [da:29:11:4a:07:5c]
RSSI: -98 [da:29:11:82:08:0c]
RSSI: -91 [da:29:11:a1:08:6c]
RSSI: -89 [da:29:11:ad:08:8c]
RSSI: -94 [da:29:12:13:09:cc]
RSSI: -97 [da:29:12:5a:0a:ac]
RSSI: -95 [da:29:12:6a:0a:dc]
RSSI: -93 [da:29:12:95:0b:6c]
RSSI: -94 [da:29:12:c1:0b:ec]
RSSI: -91 [da:29:12:d0:0c:1c]
RSSI: -94 [da:29:12:dd:0c:4c]
RSSI: -91 [da:29:12:fb:0c:ac]
RSSI: -95 [da:29:13:43:0d:8c]
RSSI: -97 [da:29:13:43:0d:8c]
RSSI: -94 [da:29:13:6f:0e:0c]
RSSI: -93 [da:29:13:7e:0e:3c]
RSSI: -92 [da:29:13:8b:0e:6c]
RSSI: -94 [da:29:13:9a:0e:9c]
RSSI: -93 [da:29:13:d5:0f:5c]
RSSI: -98 [da:29:14:a5:11:cc]
RSSI: -97 [da:29:14:c1:12:2c]
RSSI: -94 [da:29:15:54:13:ec]
RSSI: -90 [da:29:15:80:14:6c]
RSSI: -93 [da:29:15:8f:14:9c]
RSSI: -88 [da:29:15:c7:15:4c]
RSSI: -85 [da:29:15:c7:15:4c]
RSSI: -85 [da:29:15:c7:15:4c]
RSSI: -86 [da:29:15:d7:15:7c]
RSSI: -81 [da:29:15:e6:15:ac]
RSSI: -80 [da:29:15:f3:15:cc]
RSSI: -79 [da:29:15:f3:15:cc]
RSSI: -79 [da:29:15:f3:15:cc]
RSSI: -82 [da:29:16:03:15:fc]
RSSI: -77 [da:29:16:03:15:fc]
RSSI: -81 [da:29:16:12:16:2c]
RSSI: -77 [da:29:16:1f:16:5c]
RSSI: -77 [da:29:16:1f:16:5c]
RSSI: -75 [da:29:16:2e:00:2c]
RSSI: -76 [da:29:16:2e:00:2c]
RSSI: -80 [da:29:16:3e:00:6c]
RSSI: -75 [da:29:16:3e:00:6c]
RSSI: -80 [da:29:16:4b:00:8c]
RSSI: -77 [da:29:16:5a:00:bc]
RSSI: -80 [da:29:16:5a:00:bc]
RSSI: -76 [da:29:16:6a:00:ec]
RSSI: -77 [da:29:16:6a:00:ec]
RSSI: -81 [da:29:16:76:01:1c]
RSSI: -76 [da:29:16:76:01:1c]
RSSI: -81 [da:29:16:86:01:4c]
RSSI: -77 [da:29:16:86:01:4c]
RSSI: -80 [da:29:16:95:01:7c]
RSSI: -83 [da:29:16:95:01:7c]
RSSI: -80 [da:29:16:a2:01:9c]
RSSI: -83 [da:29:16:a2:01:9c]
RSSI: -83 [da:29:16:b2:01:cc]
RSSI: -89 [da:29:16:c1:01:fc]
RSSI: -94 [da:29:16:de:02:5c]
RSSI: -87 [da:29:16:fa:02:ac]
RSSI: -88 [da:29:17:19:03:0c]
RSSI: -88 [da:29:17:19:03:0c]
RSSI: -95 [da:29:17:35:03:5c]
RSSI: -96 [da:29:17:71:04:1c]
RSSI: -96 [da:29:17:b9:04:fc]
RSSI: -94 [da:29:18:11:06:0c]
RSSI: -95 [da:29:18:4c:06:bc]
RSSI: -95 [da:29:18:4c:06:bc]
RSSI: -95 [da:29:18:69:07:1c]
RSSI: -93 [da:29:18:d0:08:5c]
RSSI: -93 [da:29:18:dd:08:8c]
RSSI: -92 [da:29:18:ec:08:bc]
RSSI: -89 [da:29:18:fc:08:ec]
RSSI: -95 [da:29:19:19:09:3c]
RSSI: -94 [da:29:19:45:09:cc]
RSSI: -91 [da:29:19:c9:0b:6c]
RSSI: -92 [da:29:1a:05:0c:2c]
RSSI: -95 [da:29:1a:79:0d:9c]
RSSI: -93 [da:29:1a:b5:0e:4c]
RSSI: -91 [da:29:1a:c2:0e:7c]
RSSI: -92 [da:29:1a:d2:0e:ac]
RSSI: -95 [da:29:1a:e1:0e:dc]
RSSI: -95 [da:29:1b:3a:0f:ec]
RSSI: -98 [da:29:1b:82:10:cc]
RSSI: -98 [da:29:1b:be:11:8c]
RSSI: -96 [da:29:1c:07:12:6c]
RSSI: -95 [da:29:1c:9c:14:3c]
RSSI: -93 [da:29:1c:d5:14:dc]
RSSI: -90 [da:29:1d:01:15:6c]
RSSI: -85 [da:29:1d:11:15:9c]
RSSI: -86 [da:29:1d:21:15:cc]
RSSI: -82 [da:29:1d:21:15:cc]
RSSI: -80 [da:29:1d:2e:15:ec]
RSSI: -82 [da:29:1d:2e:15:ec]
RSSI: -78 [da:29:1d:3e:16:1c]
RSSI: -77 [da:29:1d:4d:16:4c]
RSSI: -81 [da:29:1d:5a:16:7c]
RSSI: -76 [da:29:1d:5a:16:7c]
RSSI: -77 [da:29:1d:5a:16:7c]
RSSI: -80 [da:29:1d:6a:00:0c]
RSSI: -76 [da:29:1d:7a:00:3c]
RSSI: -75 [da:29:1d:87:00:5c]
RSSI: -76 [da:29:1d:87:00:5c]
RSSI: -75 [da:29:1d:97:00:8c]
RSSI: -75 [da:29:1d:97:00:8c]
RSSI: -80 [da:29:1d:a6:00:bc]
RSSI: -77 [da:29:1d:b3:00:ec]
RSSI: -81 [da:29:1d:b3:00:ec]
RSSI: -79 [da:29:1d:c3:01:1c]
RSSI: -81 [da:29:1d:d3:01:4c]
RSSI: -78 [da:29:1d:d3:01:4c]
RSSI: -87 [da:29:1d:ef:01:9c]
RSSI: -90 [da:29:1d:ff:01:cc]
RSSI: -92 [da:29:1d:ff:01:cc]
RSSI: -96 [da:29:1e:2c:02:5c]
RSSI: -87 [da:29:1e:38:02:7c]
RSSI: -87 [da:29:1e:48:02:ac]
RSSI: -88 [da:29:1e:58:02:dc]
RSSI: -92 [da:29:1e:65:03:0c]
RSSI: -98 [da:29:1f:0b:05:0c]
RSSI: -93 [da:29:1f:ad:06:fc]
RSSI: -94 [da:29:20:16:08:4c]
RSSI: -93 [da:29:20:23:08:7c]
RSSI: -95 [da:29:20:60:09:2c]
RSSI: -93 [da:29:20:8c:09:bc]
RSSI: -95 [da:29:20:9c:09:ec]
RSSI: -95 [da:29:20:e6:0a:dc]
RSSI: -92 [da:29:21:13:0b:5c]
RSSI: -93 [da:29:21:3f:0b:ec]
RSSI: -93 [da:29:21:5c:0c:4c]
RSSI: -92 [da:29:21:99:0d:0c]
RSSI: -95 [da:29:21:e3:0d:ec]
RSSI: -92 [da:29:21:f3:0e:2c]
RSSI: -91 [da:29:22:03:0e:5c]
RSSI: -96 [da:29:22:3c:0f:0c]
RSSI: -93 [da:29:22:5c:0f:6c]
RSSI: -96 [da:29:22:79:0f:cc]
RSSI: -97 [da:29:23:55:12:6c]
RSSI: -94 [da:29:23:e0:14:1c]
RSSI: -90 [da:29:23:ed:14:3c]
RSSI: -90 [da:29:23:fa:14:6c]
RSSI: -94 [da:29:24:39:15:2c]
RSSI: -87 [da:29:24:46:15:4c]
RSSI: -86 [da:29:24:53:15:7c]
RSSI: -82 [da:29:24:5f:15:9c]
RSSI: -82 [da:29:24:5f:15:9c]
RSSI: -84 [da:29:24:6c:15:cc]
RSSI: -80 [da:29:24:6c:15:cc]
RSSI: -83 [da:29:24:79:15:ec]
RSSI: -78 [da:29:24:85:16:1c]
RSSI: -78 [da:29:24:85:16:1c]
RSSI: -77 [da:29:24:85:16:1c]
RSSI: -81 [da:29:24:92:16:3c]
RSSI: -77 [da:29:24:92:16:3c]
RSSI: -80 [da:29:24:9f:16:6c]
RSSI: -76 [da:29:24:ac:00:0c]
RSSI: -76 [da:29:24:ac:00:0c]
RSSI: -80 [da:29:24:b8:00:2c]
RSSI: -75 [da:29:24:b8:00:2c]
RSSI: -80 [da:29:24:c5:00:4c]
RSSI: -76 [da:29:24:d2:00:7c]
RSSI: -76 [da:29:24:d2:00:7c]
RSSI: -80 [da:29:24:de:00:9c]
RSSI: -75 [da:29:24:de:00:9c]
RSSI: -80 [da:29:24:eb:00:cc]
RSSI: -76 [da:29:24:f8:00:ec]
RSSI: -78 [da:29:24:f8:00:ec]
RSSI: -82 [da:29:25:05:01:1c]
RSSI: -77 [da:29:25:05:01:1c]
RSSI: -82 [da:29:25:12:01:3c]
RSSI: -83 [da:29:25:12:01:3c]
RSSI: -79 [da:29:25:1e:01:5c]
RSSI: -82 [da:29:25:1e:01:5c]
RSSI: -85 [da:29:25:2b:01:8c]
RSSI: -89 [da:29:25:38:01:ac]
RSSI: -89 [da:29:25:38:01:ac]
RSSI: -87 [da:29:25:45:01:dc]
RSSI: -93 [da:29:25:6b:02:4c]
RSSI: -89 [da:29:25:6b:02:4c]
RSSI: -89 [da:29:25:77:02:7c]
RSSI: -86 [da:29:25:84:02:9c]
RSSI: -92 [da:29:25:84:02:9c]
RSSI: -87 [da:29:25:91:02:cc]
RSSI: -87 [da:29:25:91:02:cc]
RSSI: -88 [da:29:25:9e:02:ec]
RSSI: -91 [da:29:25:ab:03:1c]
RSSI: -96 [da:29:25:d1:03:8c]
RSSI: -95 [da:29:26:04:04:2c]
RSSI: -95 [da:29:26:91:05:dc]
RSSI: -93 [da:29:26:9d:05:fc]
RSSI: -96 [da:29:26:b7:06:4c]
RSSI: -95 [da:29:27:11:07:6c]
RSSI: -95 [da:29:27:51:08:3c]
RSSI: -89 [da:29:27:5e:08:5c]
RSSI: -92 [da:29:27:6a:08:8c]
RSSI: -89 [da:29:27:77:08:ac]
RSSI: -94 [da:29:27:91:08:fc]
RSSI: -93 [da:29:27:9e:09:2c]
RSSI: -94 [da:29:27:ab:09:4c]
RSSI: -94 [da:29:27:c4:09:9c]
RSSI: -93 [da:29:27:d1:09:cc]
RSSI: -92 [da:29:28:1e:0a:bc]
RSSI: -96 [da:29:28:2b:0a:dc]
RSSI: -89 [da:29:28:45:0b:3c]
RSSI: -89 [da:29:28:6b:0b:ac]
RSSI: -90 [da:29:28:78:0b:dc]
RSSI: -91 [da:29:28:92:0c:2c]
RSSI: -91 [da:29:28:9f:0c:4c]
RSSI: -93 [da:29:28:b9:0c:9c]
RSSI: -88 [da:29:28:b9:0c:9c]
RSSI: -88 [da:29:28:df:0d:1c]
RSSI: -89 [da:29:28:df:0d:1c]
RSSI: -93 [da:29:29:06:0d:9c]
RSSI: -90 [da:29:29:2d:0e:0c]
RSSI: -91 [da:29:29:39:0e:2c]
RSSI: -92 [da:29:29:39:0e:2c]
RSSI: -87 [da:29:29:53:0e:8c]
RSSI: -93 [da:29:29:60:0e:ac]
RSSI: -90 [da:29:29:a1:0f:6c]
RSSI: -96 [da:29:29:ad:0f:9c]
RSSI: -99 [da:29:29:ee:10:5c]
RSSI: -95 [da:29:2a:6f:11:fc]
RSSI: -95 [da:29:2a:6f:11:fc]
RSSI: -94 [da:29:2a:96:12:6c]
RSSI: -95 [da:29:2a:ca:13:0c]
RSSI: -93 [da:29:2a:e4:13:5c]
RSSI: -92 [da:29:2b:18:13:fc]
RSSI: -90 [da:29:2b:18:13:fc]
RSSI: -87 [da:29:2b:25:14:1c]
RSSI: -88 [da:29:2b:31:14:4c]
RSSI: -85 [da:29:2b:31:14:4c]
RSSI: -93 [da:29:2b:3e:14:6c]
RSSI: -87 [da:29:2b:3e:14:6c]
RSSI: -88 [da:29:2b:58:14:bc]
RSSI: -87 [da:29:2b:58:14:bc]
RSSI: -92 [da:29:2b:65:14:ec]
RSSI: -92 [da:29:2b:7f:15:3c]
RSSI: -86 [da:29:2b:8c:15:5c]
RSSI: -84 [da:29:2b:8c:15:5c]
RSSI: -83 [da:29:2b:8c:15:5c]
RSSI: -84 [da:29:2b:99:15:8c]
RSSI: -79 [da:29:2b:a6:15:ac]
RSSI: -77 [da:29:2b:b3:15:dc]
RSSI: -80 [da:29:2b:c0:15:fc]
RSSI: -75 [da:29:2b:cd:16:2c]
RSSI: -75 [da:29:2b:da:16:4c]
RSSI: -78 [da:29:2b:e7:16:7c]
RSSI: -77 [da:29:2b:e7:16:7c]
RSSI: -74 [da:29:2b:f4:00:2c]
RSSI: -74 [da:29:2c:01:00:4c]
RSSI: -77 [da:29:2c:0e:00:7c]
RSSI: -74 [da:29:2c:0e:00:7c]
RSSI: -75 [da:29:2c:1b:00:9c]
RSSI: -75 [da:29:2c:28:00:cc]
RSSI: -78 [da:29:2c:35:00:ec]
RSSI: -76 [da:29:2c:35:00:ec]
RSSI: -77 [da:29:2c:42:01:1c]
RSSI: -80 [da:29:2c:42:01:1c]
RSSI: -77 [da:29:2c:4f:01:3c]
RSSI: -77 [da:29:2c:4f:01:3c]
RSSI: -81 [da:29:2c:5c:01:6c]
RSSI: -80 [da:29:2c:5c:01:6c]
RSSI: -82 [da:29:2c:69:01:8c]
RSSI: -84 [da:29:2c:69:01:8c]
RSSI: -83 [da:29:2c:76:01:bc]
RSSI: -89 [da:29:2c:76:01:bc]
RSSI: -89 [da:29:2c:83:01:ec]
RSSI: -91 [da:29:2c:9d:02:3c]
RSSI: -92 [da:29:2c:aa:02:5c]
RSSI: -90 [da:29:2c:aa:02:5c]
RSSI: -86 [da:29:2c:b7:02:8c]
RSSI: -87 [da:29:2c:c4:02:ac]
RSSI: -86 [da:29:2c:c4:02:ac]
RSSI: -90 [da:29:2c:d1:02:dc]
RSSI: -87 [da:29:2c:d1:02:dc]
RSSI: -90 [da:29:2c:eb:03:2c]
RSSI: -94 [da:29:2d:47:04:3c]
RSSI: -96 [da:29:2d:a1:05:5c]
RSSI: -96 [da:29:2d:c9:05:dc]
RSSI: -95 [da:29:2d:e3:06:2c]
RSSI: -95 [da:29:2e:a7:08:8c]
RSSI: -97 [da:29:2f:dd:0c:4c]
RSSI: -95 [da:29:30:04:0c:cc]
RSSI: -98 [da:29:30:7a:0e:4c]
RSSI: -95 [da:29:30:88:0e:6c]
RSSI: -96 [da:29:30:e3:0f:8c]
RSSI: -92 [da:29:32:7d:14:7c]
RSSI: -92 [da:29:32:8a:14:ac]
RSSI: -95 [da:29:32:b2:15:1c]
RSSI: -86 [da:29:32:da:15:9c]
RSSI: -91 [da:29:32:e6:15:bc]
RSSI: -89 [da:29:32:f4:15:ec]
RSSI: -87 [da:29:32:f4:15:ec]
RSSI: -79 [da:29:33:01:16:0c]
RSSI: -84 [da:29:33:0e:16:3c]
RSSI: -87 [da:29:33:1c:16:5c]
RSSI: -81 [da:29:33:1c:16:5c]
RSSI: -77 [da:29:33:29:00:0c]
RSSI: -86 [da:29:33:29:00:0c]
RSSI: -80 [da:29:33:36:00:2c]
RSSI: -77 [da:29:33:36:00:2c]
RSSI: -84 [da:29:33:43:00:5c]
RSSI: -79 [da:29:33:43:00:5c]
RSSI: -77 [da:29:33:51:00:7c]
RSSI: -83 [da:29:33:51:00:7c]
RSSI: -79 [da:29:33:5d:00:ac]
RSSI: -77 [da:29:33:5d:00:ac]
RSSI: -83 [da:29:33:6b:00:cc]
RSSI: -79 [da:29:33:6b:00:cc]
RSSI: -84 [da:29:33:79:00:fc]
RSSI: -79 [da:29:33:85:01:1c]
RSSI: -81 [da:29:33:93:01:4c]
RSSI: -87 [da:29:33:a0:01:7c]
RSSI: -84 [da:29:33:ad:01:9c]
RSSI: -86 [da:29:33:bb:01:cc]
RSSI: -95 [da:29:33:c8:01:fc]
RSSI: -92 [da:29:33:e2:02:4c]
RSSI: -89 [da:29:34:0a:02:bc]
RSSI: -87 [da:29:34:0a:02:bc]
RSSI: -88 [da:29:34:18:02:ec]
RSSI: -96 [da:29:34:5a:03:ac]
RSSI: -95 [da:29:34:82:04:2c]
RSSI: -94 [da:29:34:8f:04:5c]
RSSI: -93 [da:29:34:8f:04:5c]
RSSI: -95 [da:29:34:b7:04:cc]
RSSI: -93 [da:29:34:c4:04:fc]
RSSI: -92 [da:29:35:07:05:cc]
RSSI: -92 [da:29:35:14:05:ec]
RSSI: -93 [da:29:35:2f:06:4c]
RSSI: -97 [da:29:35:57:06:cc]
RSSI: -94 [da:29:35:64:06:ec]
RSSI: -96 [da:29:35:f7:08:bc]
RSSI: -97 [da:29:36:97:0a:bc]
RSSI: -95 [da:29:36:cc:0b:5c]
RSSI: -94 [da:29:36:cc:0b:5c]
RSSI: -91 [da:29:36:f4:0b:dc]
RSSI: -93 [da:29:37:02:0c:0c]
RSSI: -93 [da:29:37:1c:0c:5c]
RSSI: -96 [da:29:37:88:0d:ac]
RSSI: -93 [da:29:37:a3:0d:fc]
RSSI: -91 [da:29:37:b0:0e:2c]
RSSI: -93 [da:29:38:01:0f:2c]
RSSI: -92 [da:29:38:0d:0f:4c]
RSSI: -93 [da:29:38:29:0f:9c]
RSSI: -93 [da:29:38:29:0f:9c]
RSSI: -94 [da:29:39:af:14:5c]
RSSI: -97 [da:29:39:e5:14:fc]
RSSI: -89 [da:29:3a:0d:15:7c]
RSSI: -88 [da:29:3a:28:15:cc]
RSSI: -87 [da:29:3a:28:15:cc]
RSSI: -83 [da:29:3a:36:15:ec]
RSSI: -87 [da:29:3a:36:15:ec]
RSSI: -85 [da:29:3a:42:16:1c]
RSSI: -81 [da:29:3a:42:16:1c]
RSSI: -85 [da:29:3a:50:16:4c]
RSSI: -83 [da:29:3a:50:16:4c]
RSSI: -79 [da:29:3a:5e:16:6c]
RSSI: -85 [da:29:3a:5e:16:6c]
RSSI: -85 [da:29:3a:5e:16:6c]
RSSI: -79 [da:29:3a:6b:00:0c]
RSSI: -79 [da:29:3a:6b:00:0c]
RSSI: -81 [da:29:3a:79:00:2c]
RSSI: -83 [da:29:3a:87:00:5c]
RSSI: -79 [da:29:3a:93:00:7c]
RSSI: -81 [da:29:3a:a1:00:ac]
RSSI: -85 [da:29:3a:af:00:dc]
RSSI: -82 [da:29:3a:af:00:dc]
RSSI: -80 [da:29:3a:bc:00:fc]
RSSI: -86 [da:29:3a:bc:00:fc]
RSSI: -82 [da:29:3a:ca:01:2c]
RSSI: -82 [da:29:3a:ca:01:2c]
RSSI: -86 [da:29:3a:d8:01:4c]
RSSI: -86 [da:29:3a:d8:01:4c]
RSSI: -90 [da:29:3a:e4:01:7c]
RSSI: -87 [da:29:3a:f2:01:ac]
RSSI: -96 [da:29:3b:1b:02:1c]
RSSI: -90 [da:29:3b:35:02:6c]
RSSI: -89 [da:29:3b:51:02:cc]
RSSI: -88 [da:29:3b:51:02:cc]
RSSI: -96 [da:29:3b:a3:03:cc]
RSSI: -96 [da:29:3b:af:03:ec]
RSSI: -97 [da:29:3b:e6:04:9c]
RSSI: -93 [da:29:3c:1c:05:3c]
RSSI: -95 [da:29:3c:37:05:8c]
RSSI: -95 [da:29:3c:89:06:8c]
RSSI: -95 [da:29:3d:33:08:ac]
RSSI: -95 [da:29:3d:93:09:cc]
RSSI: -95 [da:29:3d:e4:0a:cc]
RSSI: -93 [da:29:3d:f1:0a:fc]
RSSI: -93 [da:29:3d:f1:0a:fc]
RSSI: -92 [da:29:3e:1a:0b:7c]
RSSI: -93 [da:29:3e:1a:0b:7c]
RSSI: -94 [da:29:3e:36:0b:dc]
RSSI: -93 [da:29:3e:7a:0c:ac]
RSSI: -95 [da:29:3e:a3:0d:2c]
RSSI: -96 [da:29:3e:b1:0d:5c]
RSSI: -92 [da:29:3e:e6:0d:fc]
RSSI: -91 [da:29:3f:0f:0e:7c]
RSSI: -93 [da:29:3f:47:0f:2c]
RSSI: -92 [da:29:3f:55:0f:5c]
RSSI: -95 [da:29:3f:70:0f:ac]
RSSI: -100 [da:29:3f:7e:0f:dc]
RSSI: -94 [da:29:3f:c2:10:ac]
RSSI: -94 [da:29:41:19:14:cc]
RSSI: -94 [da:29:41:25:14:ec]
RSSI: -92 [da:29:41:34:15:1c]
RSSI: -88 [da:29:41:4f:15:6c]
RSSI: -87 [da:29:41:5d:15:9c]
RSSI: -84 [da:29:41:5d:15:9c]
RSSI: -83 [da:29:41:6b:15:cc]
RSSI: -85 [da:29:41:6b:15:cc]
RSSI: -79 [da:29:41:78:15:ec]
RSSI: -80 [da:29:41:86:16:1c]
RSSI: -83 [da:29:41:94:16:4c]
RSSI: -82 [da:29:41:94:16:4c]
RSSI: -79 [da:29:41:94:16:4c]
RSSI: -77 [da:29:41:a1:16:6c]
RSSI: -81 [da:29:41:a1:16:6c]
RSSI: -79 [da:29:41:af:00:2c]
RSSI: -77 [da:29:41:af:00:2c]
RSSI: -81 [da:29:41:be:00:5c]
RSSI: -78 [da:29:41:be:00:5c]
RSSI: -78 [da:29:41:be:00:5c]
RSSI: -81 [da:29:41:ca:00:7c]
RSSI: -77 [da:29:41:d9:00:ac]
RSSI: -79 [da:29:41:e7:00:dc]
RSSI: -83 [da:29:41:f3:00:fc]
RSSI: -80 [da:29:41:f3:00:fc]
RSSI: -78 [da:29:42:02:01:2c]
RSSI: -85 [da:29:42:02:01:2c]
RSSI: -81 [da:29:42:10:01:5c]
RSSI: -80 [da:29:42:10:01:5c]
RSSI: -85 [da:29:42:1d:01:7c]
RSSI: -84 [da:29:42:1d:01:7c]
RSSI: -88 [da:29:42:39:01:dc]
RSSI: -97 [da:29:42:46:01:fc]
RSSI: -96 [da:29:42:54:02:2c]
RSSI: -91 [da:29:42:6f:02:7c]
RSSI: -86 [da:29:42:6f:02:7c]
RSSI: -89 [da:29:42:7e:02:ac]
RSSI: -95 [da:29:42:c2:03:7c]
RSSI: -94 [da:29:42:d0:03:ac]
RSSI: -95 [da:29:42:fa:04:2c]
RSSI: -93 [da:29:43:08:04:4c]
RSSI: -95 [da:29:43:15:04:7c]
RSSI: -94 [da:29:43:4c:05:1c]
RSSI: -94 [da:29:43:67:05:7c]
RSSI: -93 [da:29:43:84:05:cc]
RSSI: -90 [da:29:43:91:05:fc]
RSSI: -93 [da:29:44:7d:08:dc]
RSSI: -96 [da:29:44:8a:09:0c]
RSSI: -96 [da:29:44:eb:0a:3c]
RSSI: -93 [da:29:45:23:0a:ec]
RSSI: -91 [da:29:45:4d:0b:6c]
RSSI: -94 [da:29:45:83:0c:1c]
RSSI: -92 [da:29:45:ad:0c:9c]
RSSI: -92 [da:29:45:ad:0c:9c]
RSSI: -95 [da:29:45:e5:0d:4c]
RSSI: -94 [da:29:46:53:0e:ac]
RSSI: -92 [da:29:46:70:0e:fc]
RSSI: -94 [da:29:46:7d:0f:2c]
RSSI: -99 [da:29:46:fa:10:ac]
RSSI: -99 [da:29:47:f5:13:ac]
RSSI: -90 [da:29:48:3c:14:8c]
RSSI: -95 [da:29:48:49:14:bc]
RSSI: -95 [da:29:48:57:14:dc]
RSSI: -86 [da:29:48:90:15:8c]
RSSI: -86 [da:29:48:9c:15:bc]
RSSI: -80 [da:29:48:ab:15:dc]
RSSI: -82 [da:29:48:ba:16:0c]
RSSI: -81 [da:29:48:ba:16:0c]
RSSI: -83 [da:29:48:c6:16:2c]
RSSI: -80 [da:29:48:c6:16:2c]
RSSI: -77 [da:29:48:d5:16:5c]
RSSI: -82 [da:29:48:d5:16:5c]
RSSI: -79 [da:29:48:e4:00:0c]
RSSI: -77 [da:29:48:e4:00:0c]
RSSI: -81 [da:29:48:f0:00:2c]
RSSI: -78 [da:29:48:f0:00:2c]
RSSI: -81 [da:29:48:ff:00:5c]
RSSI: -82 [da:29:48:ff:00:5c]
RSSI: -77 [da:29:48:ff:00:5c]
RSSI: -76 [da:29:49:0e:00:7c]
RSSI: -78 [da:29:49:1a:00:ac]
RSSI: -77 [da:29:49:1a:00:ac]
RSSI: -77 [da:29:49:1a:00:ac]
RSSI: -82 [da:29:49:29:00:dc]
RSSI: -78 [da:29:49:29:00:dc]
RSSI: -77 [da:29:49:38:00:fc]
RSSI: -83 [da:29:49:38:00:fc]
RSSI: -78 [da:29:49:44:01:2c]
RSSI: -81 [da:29:49:53:01:5c]
RSSI: -86 [da:29:49:62:01:8c]
RSSI: -83 [da:29:49:62:01:8c]
RSSI: -85 [da:29:49:6e:01:ac]
RSSI: -90 [da:29:49:6e:01:ac]
RSSI: -88 [da:29:49:a7:02:5c]
RSSI: -88 [da:29:49:b6:02:8c]
RSSI: -87 [da:29:49:c2:02:ac]
RSSI: -95 [da:29:49:fb:03:5c]
RSSI: -93 [da:29:4a:16:03:ac]
RSSI: -94 [da:29:4a:4f:04:5c]
RSSI: -95 [da:29:4a:79:04:ec]
RSSI: -92 [da:29:4a:c4:05:cc]
RSSI: -92 [da:29:4a:d4:05:fc]
RSSI: -93 [da:29:4a:e3:06:2c]
RSSI: -95 [da:29:4b:29:07:0c]
RSSI: -96 [da:29:4b:37:07:3c]
RSSI: -96 [da:29:4b:a7:08:9c]
RSSI: -93 [da:29:4c:6c:0a:fc]
RSSI: -94 [da:29:4c:7b:0b:2c]
RSSI: -95 [da:29:4c:de:0c:6c]
RSSI: -96 [da:29:4d:09:0c:ec]
RSSI: -96 [da:29:4d:4e:0d:cc]
RSSI: -94 [da:29:4d:79:0e:4c]
RSSI: -96 [da:29:4d:b2:0e:fc]
RSSI: -98 [da:29:4e:23:10:5c]
RSSI: -98 [da:29:4e:87:11:8c]
RSSI: -93 [da:29:4f:68:14:3c]
RSSI: -97 [da:29:4f:77:14:6c]
RSSI: -91 [da:29:4f:93:14:bc]
RSSI: -89 [da:29:4f:cc:15:6c]
RSSI: -88 [da:29:4f:cc:15:6c]
RSSI: -97 [da:29:4f:e8:15:cc]
RSSI: -80 [da:29:50:06:16:1c]
RSSI: -89 [da:29:50:12:16:4c]
RSSI: -89 [da:29:50:22:16:7c]
RSSI: -88 [da:29:50:22:16:7c]
RSSI: -79 [da:29:50:31:00:2c]
RSSI: -78 [da:29:50:3d:00:5c]
RSSI: -87 [da:29:50:4c:00:8c]
RSSI: -88 [da:29:50:5b:00:bc]
RSSI: -79 [da:29:50:68:00:dc]
RSSI: -79 [da:29:50:77:01:0c]
RSSI: -89 [da:29:50:86:01:3c]
RSSI: -90 [da:29:50:93:01:5c]
RSSI: -83 [da:29:50:a2:01:8c]
RSSI: -86 [da:29:50:b1:01:bc]
RSSI: -93 [da:29:50:bd:01:ec]
RSSI: -95 [da:29:51:22:03:1c]
RSSI: -90 [da:29:51:22:03:1c]
RSSI: -96 [da:29:51:dc:05:5c]
RSSI: -97 [da:29:52:07:05:dc]
RSSI: -94 [da:29:52:32:06:5c]
RSSI: -95 [da:29:52:5d:06:dc]
RSSI: -96 [da:29:52:dd:08:7c]
RSSI: -94 [da:29:53:08:08:fc]
RSSI: -94 [da:29:53:b4:0b:1c]
RSSI: -94 [da:29:53:ec:0b:cc]
RSSI: -96 [da:29:54:d3:0e:9c]
RSSI: -96 [da:29:54:d3:0e:9c]
RSSI: -96 [da:29:55:1a:0f:7c]
RSSI: -97 [da:29:55:1a:0f:7c]
RSSI: -98 [da:29:56:48:13:1c]
RSSI: -97 [da:29:56:ae:14:4c]
RSSI: -96 [da:29:56:bd:14:7c]
RSSI: -93 [da:29:57:05:15:5c]
RSSI: -91 [da:29:57:14:15:7c]
RSSI: -87 [da:29:57:21:15:ac]
RSSI: -89 [da:29:57:3f:16:0c]
RSSI: -82 [da:29:57:4c:16:2c]
RSSI: -82 [da:29:57:4c:16:2c]
RSSI: -80 [da:29:57:5b:16:5c]
RSSI: -88 [da:29:57:6b:00:0c]
RSSI: -88 [da:29:57:77:00:2c]
RSSI: -80 [da:29:57:87:00:5c]
RSSI: -88 [da:29:57:87:00:5c]
RSSI: -80 [da:29:57:96:00:8c]
RSSI: -89 [da:29:57:b2:00:dc]
RSSI: -80 [da:29:57:c1:01:0c]
RSSI: -81 [da:29:57:ce:01:2c]
RSSI: -87 [da:29:57:f9:01:bc]
RSSI: -95 [da:29:58:09:01:ec]
RSSI: -97 [da:29:58:18:02:1c]
RSSI: -88 [da:29:58:44:02:9c]
RSSI: -97 [da:29:58:a7:03:cc]
RSSI: -94 [da:29:59:7a:06:5c]
RSSI: -93 [da:29:5a:35:08:ac]
RSSI: -97 [da:29:5b:4b:0c:0c]
RSSI: -94 [da:29:5b:67:0c:5c]
RSSI: -93 [da:29:5c:0a:0e:5c]
RSSI: -93 [da:29:5c:17:0e:8c]
RSSI: -96 [da:29:5c:8e:0f:fc]
RSSI: -90 [da:29:5e:09:14:7c]
RSSI: -95 [da:29:5e:19:14:ac]
RSSI: -91 [da:29:5e:52:15:5c]
RSSI: -87 [da:29:5e:61:15:8c]
RSSI: -83 [da:29:5e:71:15:bc]
RSSI: -80 [da:29:5e:7e:15:ec]
RSSI: -83 [da:29:5e:8e:16:1c]
RSSI: -78 [da:29:5e:8e:16:1c]
RSSI: -87 [da:29:5e:9d:16:4c]
RSSI: -87 [da:29:5e:9d:16:4c]
RSSI: -81 [da:29:5e:9d:16:4c]
RSSI: -86 [da:29:5e:aa:16:6c]
RSSI: -76 [da:29:5e:ba:00:0c]
RSSI: -86 [da:29:5e:ba:00:0c]
RSSI: -80 [da:29:5e:c9:00:2c]
RSSI: -80 [da:29:5e:c9:00:2c]
RSSI: -76 [da:29:5e:c9:00:2c]
RSSI: -85 [da:29:5e:d6:00:5c]
RSSI: -79 [da:29:5e:d6:00:5c]
RSSI: -84 [da:29:5e:e6:00:8c]
RSSI: -79 [da:29:5e:e6:00:8c]
RSSI: -76 [da:29:5e:f5:00:bc]
RSSI: -84 [da:29:5e:f5:00:bc]
RSSI: -80 [da:29:5f:02:00:dc]
RSSI: -77 [da:29:5f:02:00:dc]
RSSI: -80 [da:29:5f:12:01:0c]
RSSI: -87 [da:29:5f:21:01:3c]
RSSI: -82 [da:29:5f:21:01:3c]
RSSI: -80 [da:29:5f:2e:01:6c]
RSSI: -84 [da:29:5f:3e:01:9c]
RSSI: -88 [da:29:5f:4e:01:cc]
RSSI: -96 [da:29:5f:5a:01:ec]
RSSI: -86 [da:29:5f:86:02:7c]
RSSI: -88 [da:29:5f:96:02:ac]
RSSI: -87 [da:29:5f:b2:02:fc]
RSSI: -92 [da:29:5f:c2:03:2c]
RSSI: -95 [da:29:60:0b:04:0c]
RSSI: -96 [da:29:60:47:04:bc]
RSSI: -94 [da:29:60:57:04:ec]
RSSI: -94 [da:29:60:83:05:7c]
RSSI: -93 [da:29:60:bc:06:2c]
RSSI: -95 [da:29:60:f8:06:dc]
RSSI: -94 [da:29:61:7d:08:8c]
RSSI: -96 [da:29:61:f2:09:ec]
RSSI: -96 [da:29:61:f2:09:ec]
RSSI: -95 [da:29:62:3e:0a:dc]
RSSI: -93 [da:29:62:6a:0b:6c]
RSSI: -93 [da:29:62:87:0b:cc]
RSSI: -94 [da:29:62:97:0b:fc]
RSSI: -95 [da:29:62:b3:0c:4c]
RSSI: -94 [da:29:62:c3:0c:7c]
RSSI: -94 [da:29:62:fc:0d:3c]
RSSI: -96 [da:29:63:39:0d:ec]
RSSI: -94 [da:29:63:49:0e:1c]
RSSI: -92 [da:29:63:56:0e:4c]
RSSI: -93 [da:29:63:66:0e:7c]
RSSI: -95 [da:29:63:a2:0f:3c]
RSSI: -93 [da:29:63:bf:0f:8c]
RSSI: -93 [da:29:63:bf:0f:8c]
RSSI: -91 [da:29:65:50:14:5c]
RSSI: -95 [da:29:65:60:14:8c]
RSSI: -92 [da:29:65:9a:15:3c]
RSSI: -92 [da:29:65:aa:15:6c]
RSSI: -90 [da:29:65:aa:15:6c]
RSSI: -89 [da:29:65:ba:15:9c]
RSSI: -83 [da:29:65:c6:15:cc]
RSSI: -87 [da:29:65:c6:15:cc]
RSSI: -80 [da:29:65:d6:15:fc]
RSSI: -85 [da:29:65:e6:16:2c]
RSSI: -83 [da:29:65:e6:16:2c]
RSSI: -82 [da:29:65:e6:16:2c]
RSSI: -84 [da:29:65:f3:16:4c]
RSSI: -81 [da:29:65:f3:16:4c]
RSSI: -83 [da:29:66:03:16:7c]
RSSI: -78 [da:29:66:13:00:2c]
RSSI: -80 [da:29:66:20:00:5c]
RSSI: -78 [da:29:66:20:00:5c]
RSSI: -79 [da:29:66:30:00:8c]
RSSI: -83 [da:29:66:40:00:bc]
RSSI: -78 [da:29:66:4d:00:dc]
RSSI: -84 [da:29:66:4d:00:dc]
RSSI: -80 [da:29:66:5d:01:0c]
RSSI: -85 [da:29:66:6d:01:3c]
RSSI: -82 [da:29:66:6d:01:3c]
RSSI: -87 [da:29:66:79:01:6c]
RSSI: -85 [da:29:66:79:01:6c]
RSSI: -90 [da:29:66:89:01:9c]
RSSI: -88 [da:29:66:d3:02:7c]
RSSI: -87 [da:29:66:e3:02:ac]
RSSI: -90 [da:29:66:f3:02:dc]
RSSI: -89 [da:29:66:f3:02:dc]
RSSI: -93 [da:29:67:00:03:0c]
RSSI: -98 [da:29:67:3d:03:bc]
RSSI: -95 [da:29:67:a7:05:0c]
RSSI: -96 [da:29:67:f9:06:0c]
RSSI: -95 [da:29:68:05:06:2c]
RSSI: -95 [da:29:68:16:06:5c]
RSSI: -95 [da:29:68:c7:08:8c]
RSSI: -95 [da:29:69:39:09:ec]
RSSI: -95 [da:29:69:86:0a:dc]
RSSI: -93 [da:29:69:ac:0b:4c]
RSSI: -93 [da:29:69:ac:0b:4c]
RSSI: -93 [da:29:69:d2:0b:cc]
RSSI: -92 [da:29:69:d2:0b:cc]
RSSI: -93 [da:29:6a:1f:0c:bc]
RSSI: -98 [da:29:6a:91:0e:2c]
RSSI: -95 [da:29:6a:9e:0e:4c]
RSSI: -96 [da:29:6a:b8:0e:9c]
RSSI: -95 [da:29:6a:eb:0f:3c]
RSSI: -93 [da:29:6b:04:0f:8c]
RSSI: -93 [da:29:6b:1e:0f:dc]
RSSI: -99 [da:29:6b:51:10:7c]
RSSI: -98 [da:29:6b:ab:11:8c]
RSSI: -95 [da:29:6c:85:14:2c]
RSSI: -91 [da:29:6c:ab:14:9c]
RSSI: -92 [da:29:6c:eb:15:5c]
RSSI: -86 [da:29:6c:f8:15:8c]
RSSI: -88 [da:29:6d:05:15:ac]
RSSI: -85 [da:29:6d:1f:15:fc]
RSSI: -80 [da:29:6d:1f:15:fc]
RSSI: -80 [da:29:6d:1f:15:fc]
RSSI: -87 [da:29:6d:2c:16:1c]
RSSI: -83 [da:29:6d:2c:16:1c]
RSSI: -87 [da:29:6d:39:16:4c]
RSSI: -78 [da:29:6d:45:16:6c]
RSSI: -78 [da:29:6d:45:16:6c]
RSSI: -85 [da:29:6d:52:00:0c]
RSSI: -80 [da:29:6d:52:00:0c]
RSSI: -85 [da:29:6d:5f:00:2c]
RSSI: -78 [da:29:6d:6c:00:4c]
RSSI: -85 [da:29:6d:79:00:7c]
RSSI: -80 [da:29:6d:79:00:7c]
RSSI: -85 [da:29:6d:86:00:9c]
RSSI: -78 [da:29:6d:92:00:cc]
RSSI: -86 [da:29:6d:9f:00:fc]
RSSI: -80 [da:29:6d:9f:00:fc]
RSSI: -86 [da:29:6d:ac:01:1c]
RSSI: -81 [da:29:6d:b9:01:3c]
RSSI: -88 [da:29:6d:c6:01:6c]
RSSI: -84 [da:29:6d:c6:01:6c]
RSSI: -83 [da:29:6d:c6:01:6c]
RSSI: -91 [da:29:6d:ed:01:ec]
RSSI: -94 [da:29:6e:13:02:5c]
RSSI: -89 [da:29:6e:3a:02:cc]
RSSI: -94 [da:29:6e:61:03:4c]
RSSI: -94 [da:29:6e:94:03:dc]
RSSI: -94 [da:29:6e:ae:04:2c]
RSSI: -92 [da:29:6f:09:05:4c]
RSSI: -93 [da:29:6f:49:06:0c]
RSSI: -94 [da:29:6f:56:06:3c]
RSSI: -94 [da:29:70:0c:08:6c]
RSSI: -95 [da:29:70:32:08:ec]
RSSI: -95 [da:29:70:ce:0a:dc]
RSSI: -95 [da:29:70:ce:0a:dc]
RSSI: -92 [da:29:70:f5:0b:4c]
RSSI: -94 [da:29:71:29:0b:fc]
RSSI: -98 [da:29:71:36:0c:1c]
RSSI: -94 [da:29:71:6a:0c:cc]
RSSI: -98 [da:29:71:9e:0d:6c]
RSSI: -94 [da:29:71:d2:0e:0c]
RSSI: -94 [da:29:71:f9:0e:7c]
RSSI: -95 [da:29:72:3b:0f:4c]
RSSI: -94 [da:29:72:47:0f:7c]
RSSI: -95 [da:29:72:62:0f:cc]
RSSI: -97 [da:29:72:95:10:6c]
RSSI: -92 [da:29:73:f7:14:ac]
RSSI: -96 [da:29:74:04:14:cc]
RSSI: -92 [da:29:74:39:15:6c]
RSSI: -83 [da:29:74:53:15:bc]
RSSI: -87 [da:29:74:60:15:dc]
RSSI: -83 [da:29:74:60:15:dc]
RSSI: -86 [da:29:74:6c:16:0c]
RSSI: -80 [da:29:74:7a:16:2c]
RSSI: -81 [da:29:74:87:16:5c]
RSSI: -80 [da:29:74:94:16:7c]
RSSI: -80 [da:29:74:94:16:7c]
RSSI: -84 [da:29:74:a6:00:3c]
RSSI: -83 [da:29:74:a6:00:3c]
RSSI: -80 [da:29:74:a6:00:3c]
RSSI: -79 [da:29:74:a6:00:3c]
RSSI: -78 [da:29:74:b7:00:6c]
RSSI: -85 [da:29:74:b7:00:6c]
RSSI: -80 [da:29:74:c3:00:8c]
RSSI: -79 [da:29:74:c3:00:8c]
RSSI: -85 [da:29:74:d1:00:bc]
RSSI: -79 [da:29:74:de:00:ec]
RSSI: -86 [da:29:74:de:00:ec]
RSSI: -81 [da:29:74:eb:01:0c]
RSSI: -80 [da:29:74:eb:01:0c]
RSSI: -87 [da:29:74:f8:01:2c]
RSSI: -83 [da:29:74:f8:01:2c]
RSSI: -89 [da:29:75:06:01:5c]
RSSI: -85 [da:29:75:12:01:7c]
RSSI: -89 [da:29:75:20:01:ac]
RSSI: -94 [da:29:75:54:02:4c]
RSSI: -89 [da:29:75:61:02:6c]
RSSI: -90 [da:29:75:6e:02:9c]
RSSI: -89 [da:29:75:7c:02:cc]
RSSI: -91 [da:29:75:96:03:1c]
RSSI: -94 [da:29:75:bd:03:8c]
RSSI: -95 [da:29:75:f2:04:3c]
RSSI: -97 [da:29:76:1a:04:ac]
RSSI: -96 [da:29:76:9d:06:4c]
RSSI: -94 [da:29:77:63:08:ac]
RSSI: -95 [da:29:77:7e:09:0c]
RSSI: -94 [da:29:78:10:0a:cc]
RSSI: -93 [da:29:78:2a:0b:1c]
RSSI: -91 [da:29:78:37:0b:4c]
RSSI: -93 [da:29:78:5f:0b:cc]
RSSI: -97 [da:29:78:6d:0b:ec]
RSSI: -94 [da:29:78:af:0c:bc]
RSSI: -97 [da:29:79:0c:0d:ec]
RSSI: -95 [da:29:79:19:0e:0c]
RSSI: -95 [da:29:79:19:0e:0c]
RSSI: -94 [da:29:79:5c:0e:dc]
RSSI: -97 [da:29:79:68:0f:0c]
RSSI: -94 [da:29:7b:13:14:1c]
RSSI: -91 [da:29:7b:3b:14:9c]
RSSI: -90 [da:29:7b:3b:14:9c]
RSSI: -95 [da:29:7b:56:14:ec]
RSSI: -95 [da:29:7b:7e:15:6c]
RSSI: -83 [da:29:7b:98:15:bc]
RSSI: -92 [da:29:7b:b4:16:0c]
RSSI: -80 [da:29:7b:c0:16:3c]
RSSI: -86 [da:29:7b:ce:16:5c]
RSSI: -85 [da:29:7b:dc:00:0c]
RSSI: -79 [da:29:7b:e8:00:2c]
RSSI: -84 [da:29:7b:f6:00:5c]
RSSI: -78 [da:29:7b:f6:00:5c]
RSSI: -85 [da:29:7c:04:00:7c]
RSSI: -84 [da:29:7c:04:00:7c]
RSSI: -80 [da:29:7c:1e:00:cc]
RSSI: -79 [da:29:7c:1e:00:cc]
RSSI: -85 [da:29:7c:2c:00:fc]
RSSI: -82 [da:29:7c:47:01:4c]
RSSI: -88 [da:29:7c:54:01:6c]
RSSI: -89 [da:29:7c:61:01:9c]
RSSI: -89 [da:29:7c:6f:01:bc]
RSSI: -89 [da:29:7c:a5:02:6c]
RSSI: -94 [da:29:7c:b1:02:8c]
RSSI: -88 [da:29:7c:cd:02:ec]
RSSI: -97 [da:29:7c:f5:03:5c]
RSSI: -96 [da:29:7d:02:03:8c]
RSSI: -95 [da:29:7d:1d:03:dc]
RSSI: -95 [da:29:7d:38:04:2c]
RSSI: -95 [da:29:7d:88:05:1c]
RSSI: -94 [da:29:7d:be:05:cc]
RSSI: -94 [da:29:7d:e7:06:4c]
RSSI: -94 [da:29:7e:1c:06:ec]
RSSI: -95 [da:29:7e:bd:08:ec]
RSSI: -96 [da:29:7f:0e:09:ec]
RSSI: -92 [da:29:7f:6d:0b:0c]
RSSI: -95 [da:29:7f:a3:0b:bc]
RSSI: -95 [da:29:7f:b0:0b:ec]
RSSI: -92 [da:29:7f:f4:0c:bc]
RSSI: -93 [da:29:80:1d:0d:3c]
RSSI: -93 [da:29:80:6e:0e:3c]
RSSI: -98 [da:29:80:b1:0f:0c]
RSSI: -93 [da:29:80:bf:0f:2c]
RSSI: -98 [da:29:81:11:10:2c]
RSSI: -98 [da:29:81:1d:10:5c]
RSSI: -96 [da:29:82:42:13:dc]
RSSI: -94 [da:29:82:50:14:0c]
RSSI: -96 [da:29:82:93:14:dc]
RSSI: -99 [da:29:82:b0:15:2c]
RSSI: -90 [da:29:82:bc:15:4c]
RSSI: -85 [da:29:82:d9:15:ac]
RSSI: -83 [da:29:82:e5:15:cc]
RSSI: -81 [da:29:83:02:16:1c]
RSSI: -83 [da:29:83:0e:16:4c]
RSSI: -82 [da:29:83:0e:16:4c]
RSSI: -84 [da:29:83:1c:16:6c]
RSSI: -84 [da:29:83:2a:00:2c]
RSSI: -87 [da:29:83:37:00:4c]
RSSI: -90 [da:29:83:45:00:7c]
RSSI: -86 [da:29:83:60:00:cc]
RSSI: -85 [da:29:83:6e:00:fc]
RSSI: -92 [da:29:83:7c:01:2c]
RSSI: -87 [da:29:83:89:01:4c]
RSSI: -93 [da:29:83:e9:02:7c]
RSSI: -94 [da:29:83:f7:02:9c]
RSSI: -91 [da:29:84:04:02:cc]
RSSI: -95 [da:29:84:df:05:6c]
RSSI: -93 [da:29:85:08:05:ec]
RSSI: -92 [da:29:85:31:06:6c]
RSSI: -94 [da:29:85:75:07:3c]
RSSI: -99 [da:29:85:91:07:9c]
RSSI: -92 [da:29:85:ac:07:ec]
RSSI: -96 [da:29:85:d6:08:6c]
RSSI: -89 [da:29:85:e4:08:9c]
RSSI: -91 [da:29:85:f0:08:bc]
RSSI: -94 [da:29:86:1a:09:3c]
RSSI: -93 [da:29:86:1a:09:3c]
RSSI: -96 [da:29:86:7a:0a:6c]
RSSI: -96 [da:29:86:89:0a:9c]
RSSI: -94 [da:29:86:95:0a:bc]
RSSI: -94 [da:29:86:be:0b:4c]
RSSI: -94 [da:29:86:be:0b:4c]
RSSI: -93 [da:29:86:f6:0b:ec]
RSSI: -90 [da:29:87:3a:0c:cc]
RSSI: -90 [da:29:87:49:0c:fc]
RSSI: -97 [da:29:87:9c:0d:fc]
RSSI: -92 [da:29:87:aa:0e:2c]
RSSI: -94 [da:29:88:09:0f:4c]
RSSI: -95 [da:29:88:f5:12:1c]
RSSI: -92 [da:29:89:02:12:4c]
RSSI: -92 [da:29:89:55:13:3c]
RSSI: -94 [da:29:89:9b:14:1c]
RSSI: -89 [da:29:89:c5:14:9c]
RSSI: -84 [da:29:89:c5:14:9c]
RSSI: -93 [da:29:89:e0:14:ec]
RSSI: -89 [da:29:89:ef:15:1c]
RSSI: -87 [da:29:8a:0a:15:6c]
RSSI: -93 [da:29:8a:0a:15:6c]
RSSI: -84 [da:29:8a:18:15:9c]
RSSI: -84 [da:29:8a:18:15:9c]
RSSI: -80 [da:29:8a:25:15:bc]
RSSI: -82 [da:29:8a:33:15:ec]
RSSI: -80 [da:29:8a:42:16:0c]
RSSI: -80 [da:29:8a:42:16:0c]
RSSI: -76 [da:29:8a:4e:16:3c]
RSSI: -79 [da:29:8a:4e:16:3c]
RSSI: -79 [da:29:8a:5d:16:6c]
RSSI: -78 [da:29:8a:6b:00:0c]
RSSI: -78 [da:29:8a:6b:00:0c]
RSSI: -77 [da:29:8a:78:00:2c]
RSSI: -73 [da:29:8a:87:00:5c]
RSSI: -73 [da:29:8a:87:00:5c]
RSSI: -77 [da:29:8a:95:00:8c]
RSSI: -78 [da:29:8a:a2:00:ac]
RSSI: -78 [da:29:8a:a2:00:ac]
RSSI: -78 [da:29:8a:a2:00:ac]
RSSI: -79 [da:29:8a:bf:01:0c]
RSSI: -75 [da:29:8a:bf:01:0c]
RSSI: -79 [da:29:8a:cb:01:2c]
RSSI: -81 [da:29:8a:da:01:5c]
RSSI: -81 [da:29:8a:da:01:5c]
RSSI: -79 [da:29:8a:e8:01:8c]
RSSI: -79 [da:29:8a:e8:01:8c]
RSSI: -84 [da:29:8a:f5:01:ac]
RSSI: -83 [da:29:8a:f5:01:ac]
RSSI: -86 [da:29:8b:03:01:dc]
RSSI: -90 [da:29:8b:03:01:dc]
RSSI: -84 [da:29:8b:48:02:ac]
RSSI: -90 [da:29:8b:48:02:ac]
RSSI: -84 [da:29:8b:57:02:dc]
RSSI: -84 [da:29:8b:57:02:dc]
RSSI: -93 [da:29:8b:81:03:5c]
RSSI: -96 [da:29:8b:b9:03:fc]
RSSI: -92 [da:29:8c:19:05:2c]
RSSI: -96 [da:29:8c:b4:07:0c]
RSSI: -98 [da:29:8c:ea:07:ac]
